{"phase": "format", "step": "prepare", "raw_status": 0, "elapsed_seconds": 1.1545899198390543}
{"phase": "format", "step": "launch", "raw_status": 0, "elapsed_seconds": 7.613783804001287}
{"phase": "list-lib", "step": "prepare", "raw_status": 0, "elapsed_seconds": 0.3747111221309751}
{"phase": "list-lib", "step": "launch", "raw_status": 0, "elapsed_seconds": 6.113639885094017}
{"phase": "list-static", "step": "prepare", "raw_status": 0, "elapsed_seconds": 0.4291230619419366}
{"phase": "list-static", "step": "launch", "raw_status": 0, "elapsed_seconds": 6.291438113199547}
{"phase": "list-vmcall", "step": "prepare", "raw_status": 0, "elapsed_seconds": 0.3446372728794813}
{"phase": "list-vmcall", "step": "launch", "raw_status": 0, "elapsed_seconds": 5.684150929097086}
{"phase": "list-read-clock", "step": "prepare", "raw_status": 0, "elapsed_seconds": 0.35539440205320716}
{"phase": "list-read-clock", "step": "launch", "raw_status": 0, "elapsed_seconds": 5.79259019298479}
{"phase": "control-01", "step": "prepare", "raw_status": 0, "elapsed_seconds": 0.37844042596407235}
{"phase": "control-01", "step": "launch", "raw_status": 0, "elapsed_seconds": 6.630406444892287}
{"phase": "control-02", "step": "prepare", "raw_status": 0, "elapsed_seconds": 0.38220221316441894}
{"phase": "control-02", "step": "launch", "raw_status": 0, "elapsed_seconds": 6.187977467197925}
{"phase": "control-03", "step": "prepare", "raw_status": 0, "elapsed_seconds": 0.37923854403197765}
{"phase": "control-03", "step": "launch", "raw_status": 0, "elapsed_seconds": 5.846828768961132}
{"phase": "control-04", "step": "prepare", "raw_status": 0, "elapsed_seconds": 0.37806002399884164}
{"phase": "control-04", "step": "launch", "raw_status": 0, "elapsed_seconds": 6.160040545975789}
{"phase": "control-05", "step": "prepare", "raw_status": 0, "elapsed_seconds": 0.37701932806521654}
{"phase": "control-05", "step": "launch", "raw_status": 0, "elapsed_seconds": 5.700520389014855}
{"phase": "control-06", "step": "prepare", "raw_status": 0, "elapsed_seconds": 0.37468317802995443}
{"phase": "control-06", "step": "launch", "raw_status": 0, "elapsed_seconds": 6.1009480860084295}
{"phase": "control-07", "step": "prepare", "raw_status": 0, "elapsed_seconds": 0.4272100580856204}
{"phase": "control-07", "step": "launch", "raw_status": 0, "elapsed_seconds": 6.44185823504813}
{"phase": "control-08", "step": "prepare", "raw_status": 0, "elapsed_seconds": 0.43020863202400506}
{"phase": "control-08", "step": "launch", "raw_status": 0, "elapsed_seconds": 6.0545530379749835}
{"phase": "control-09", "step": "prepare", "raw_status": 0, "elapsed_seconds": 0.43682527099736035}
{"phase": "control-09", "step": "launch", "raw_status": 0, "elapsed_seconds": 6.38153216894716}
{"phase": "control-10", "step": "prepare", "raw_status": 0, "elapsed_seconds": 0.43118866602890193}
{"phase": "control-10", "step": "launch", "raw_status": 0, "elapsed_seconds": 6.14804984186776}
{"phase": "control-11", "step": "prepare", "raw_status": 0, "elapsed_seconds": 0.42684998107142746}
{"phase": "control-11", "step": "launch", "raw_status": 0, "elapsed_seconds": 5.933815146097913}
{"phase": "control-12", "step": "prepare", "raw_status": 0, "elapsed_seconds": 0.4356761339586228}
{"phase": "control-12", "step": "launch", "raw_status": 0, "elapsed_seconds": 6.004240883979946}
{"phase": "control-13", "step": "prepare", "raw_status": 0, "elapsed_seconds": 0.42794951307587326}
{"phase": "control-13", "step": "launch", "raw_status": 0, "elapsed_seconds": 6.470678178127855}
{"phase": "control-14", "step": "prepare", "raw_status": 0, "elapsed_seconds": 0.4285191469825804}
{"phase": "control-14", "step": "launch", "raw_status": 0, "elapsed_seconds": 6.695034743985161}
{"phase": "control-15", "step": "prepare", "raw_status": 0, "elapsed_seconds": 0.4233077229000628}
{"phase": "control-15", "step": "launch", "raw_status": 0, "elapsed_seconds": 5.93612343701534}
{"phase": "control-16", "step": "prepare", "raw_status": 0, "elapsed_seconds": 0.3813625117763877}
{"phase": "control-16", "step": "launch", "raw_status": 0, "elapsed_seconds": 5.6303232638165355}
{"phase": "control-17", "step": "prepare", "raw_status": 0, "elapsed_seconds": 0.37622331315651536}
{"phase": "control-17", "step": "launch", "raw_status": 0, "elapsed_seconds": 5.976435169111937}
{"phase": "control-18", "step": "prepare", "raw_status": 0, "elapsed_seconds": 0.37664933293126523}
{"phase": "control-18", "step": "launch", "raw_status": 0, "elapsed_seconds": 5.704292465932667}
{"phase": "control-19", "step": "prepare", "raw_status": 0, "elapsed_seconds": 0.3792920920532197}
{"phase": "control-19", "step": "launch", "raw_status": 0, "elapsed_seconds": 5.681877056835219}
{"phase": "control-20", "step": "prepare", "raw_status": 0, "elapsed_seconds": 0.37317527597770095}
{"phase": "control-20", "step": "launch", "raw_status": 0, "elapsed_seconds": 5.8214959991164505}
{"phase": "control-21", "step": "prepare", "raw_status": 0, "elapsed_seconds": 0.38752402807585895}
{"phase": "control-21", "step": "launch", "raw_status": 0, "elapsed_seconds": 6.289706217125058}
{"phase": "control-22", "step": "prepare", "raw_status": 0, "elapsed_seconds": 0.4285474349744618}
{"phase": "control-22", "step": "launch", "raw_status": 0, "elapsed_seconds": 5.88524173409678}
{"phase": "control-23", "step": "prepare", "raw_status": 0, "elapsed_seconds": 0.42695143702439964}
{"phase": "control-23", "step": "launch", "raw_status": 0, "elapsed_seconds": 6.338950261007994}
{"phase": "control-24", "step": "prepare", "raw_status": 0, "elapsed_seconds": 0.426399429095909}
{"phase": "control-24", "step": "launch", "raw_status": 0, "elapsed_seconds": 5.900133471004665}
{"phase": "control-25", "step": "prepare", "raw_status": 0, "elapsed_seconds": 0.43408149713650346}
{"phase": "control-25", "step": "launch", "raw_status": 0, "elapsed_seconds": 6.349670783150941}
{"phase": "control-26", "step": "prepare", "raw_status": 0, "elapsed_seconds": 0.43063089391216636}
{"phase": "control-26", "step": "launch", "raw_status": 0, "elapsed_seconds": 6.113071592990309}
{"phase": "control-27", "step": "prepare", "raw_status": 0, "elapsed_seconds": 0.43131133611314}
{"phase": "control-27", "step": "launch", "raw_status": 0, "elapsed_seconds": 6.462404627120122}
{"phase": "control-28", "step": "prepare", "raw_status": 0, "elapsed_seconds": 0.42754759290255606}
{"phase": "control-28", "step": "launch", "raw_status": 0, "elapsed_seconds": 6.584225652040914}
{"phase": "control-29", "step": "prepare", "raw_status": 0, "elapsed_seconds": 0.4277826559264213}
{"phase": "control-29", "step": "launch", "raw_status": 0, "elapsed_seconds": 5.901020041899756}
{"phase": "control-30", "step": "prepare", "raw_status": 0, "elapsed_seconds": 0.4297541899140924}
{"phase": "control-30", "step": "launch", "raw_status": 0, "elapsed_seconds": 7.229568606941029}
{"phase": "control-31", "step": "prepare", "raw_status": 0, "elapsed_seconds": 0.42700319713912904}
{"phase": "control-31", "step": "launch", "raw_status": 0, "elapsed_seconds": 5.9950958848930895}
{"phase": "control-32", "step": "prepare", "raw_status": 0, "elapsed_seconds": 0.42285291315056384}
{"phase": "control-32", "step": "launch", "raw_status": 0, "elapsed_seconds": 5.918482769047841}
{"phase": "control-33", "step": "prepare", "raw_status": 0, "elapsed_seconds": 0.4234016169793904}
{"phase": "control-33", "step": "launch", "raw_status": 0, "elapsed_seconds": 5.95158098381944}
{"phase": "control-34", "step": "prepare", "raw_status": 0, "elapsed_seconds": 0.42213191115297377}
{"phase": "control-34", "step": "launch", "raw_status": 0, "elapsed_seconds": 6.298415923956782}
{"phase": "control-35", "step": "prepare", "raw_status": 0, "elapsed_seconds": 0.43539733602665365}
{"phase": "control-35", "step": "launch", "raw_status": 0, "elapsed_seconds": 6.360447058919817}
{"phase": "control-36", "step": "prepare", "raw_status": 0, "elapsed_seconds": 0.4249245550017804}
{"phase": "control-36", "step": "launch", "raw_status": 0, "elapsed_seconds": 6.498234881088138}
{"phase": "control-37", "step": "prepare", "raw_status": 0, "elapsed_seconds": 0.42201756895519793}
{"phase": "control-37", "step": "launch", "raw_status": 0, "elapsed_seconds": 7.043873314047232}
{"phase": "control-38", "step": "prepare", "raw_status": 0, "elapsed_seconds": 0.4275056319311261}
{"phase": "control-38", "step": "launch", "raw_status": 0, "elapsed_seconds": 6.130636672955006}
{"phase": "control-39", "step": "prepare", "raw_status": 0, "elapsed_seconds": 0.42234042286872864}
{"phase": "control-39", "step": "launch", "raw_status": 0, "elapsed_seconds": 5.914613611996174}
{"phase": "control-40", "step": "prepare", "raw_status": 0, "elapsed_seconds": 0.34631615900434554}
{"phase": "control-40", "step": "launch", "raw_status": 0, "elapsed_seconds": 5.602920617908239}
{"phase": "control-41", "step": "prepare", "raw_status": 0, "elapsed_seconds": 0.3442039240617305}
{"phase": "control-41", "step": "launch", "raw_status": 0, "elapsed_seconds": 6.056675514904782}
{"phase": "control-42", "step": "prepare", "raw_status": 0, "elapsed_seconds": 0.35018271091394126}
{"phase": "control-42", "step": "launch", "raw_status": 0, "elapsed_seconds": 6.4453165079467}
{"phase": "control-43", "step": "prepare", "raw_status": 0, "elapsed_seconds": 0.3490362272132188}
{"phase": "control-43", "step": "launch", "raw_status": 0, "elapsed_seconds": 6.257025087950751}
{"phase": "control-44", "step": "prepare", "raw_status": 0, "elapsed_seconds": 0.34831159794703126}
{"phase": "control-44", "step": "launch", "raw_status": 0, "elapsed_seconds": 5.851461000042036}
{"phase": "control-45", "step": "prepare", "raw_status": 0, "elapsed_seconds": 0.3540778949391097}
{"phase": "control-45", "step": "launch", "raw_status": 0, "elapsed_seconds": 5.860858513973653}
{"phase": "control-46", "step": "prepare", "raw_status": 0, "elapsed_seconds": 0.42901455610990524}
{"phase": "control-46", "step": "launch", "raw_status": 0, "elapsed_seconds": 6.5724196780938655}
{"phase": "control-47", "step": "prepare", "raw_status": 0, "elapsed_seconds": 0.42708031088113785}
{"phase": "control-47", "step": "launch", "raw_status": 0, "elapsed_seconds": 6.649836145108566}
{"phase": "control-48", "step": "prepare", "raw_status": 0, "elapsed_seconds": 0.4242286279331893}
{"phase": "control-48", "step": "launch", "raw_status": 0, "elapsed_seconds": 6.923043946037069}
{"phase": "control-49", "step": "prepare", "raw_status": 0, "elapsed_seconds": 0.4273026909213513}
{"phase": "control-49", "step": "launch", "raw_status": 0, "elapsed_seconds": 6.367133892141283}
{"phase": "control-50", "step": "prepare", "raw_status": 0, "elapsed_seconds": 0.39105920889414847}
{"phase": "control-50", "step": "launch", "raw_status": 0, "elapsed_seconds": 6.373710293089971}
{"phase": "control-51", "step": "prepare", "raw_status": 0, "elapsed_seconds": 0.3793935209978372}
{"phase": "control-51", "step": "launch", "raw_status": 0, "elapsed_seconds": 5.747192341834307}
{"phase": "control-52", "step": "prepare", "raw_status": 0, "elapsed_seconds": 0.3738414770923555}
{"phase": "control-52", "step": "launch", "raw_status": 0, "elapsed_seconds": 6.209461150923744}
{"phase": "control-53", "step": "prepare", "raw_status": 0, "elapsed_seconds": 0.37360322987660766}
{"phase": "control-53", "step": "launch", "raw_status": 0, "elapsed_seconds": 5.743127773981541}
{"phase": "control-54", "step": "prepare", "raw_status": 0, "elapsed_seconds": 0.3734276860486716}
{"phase": "control-54", "step": "launch", "raw_status": 0, "elapsed_seconds": 5.794010931858793}
{"phase": "control-55", "step": "prepare", "raw_status": 0, "elapsed_seconds": 0.4199662050232291}
{"phase": "control-55", "step": "launch", "raw_status": 0, "elapsed_seconds": 5.8876783098094165}
{"phase": "control-56", "step": "prepare", "raw_status": 0, "elapsed_seconds": 0.3740254179574549}
{"phase": "control-56", "step": "launch", "raw_status": 0, "elapsed_seconds": 6.090787254972383}
{"phase": "control-57", "step": "prepare", "raw_status": 0, "elapsed_seconds": 0.3811992050614208}
{"phase": "control-57", "step": "launch", "raw_status": 0, "elapsed_seconds": 5.847070913063362}
{"phase": "control-58", "step": "prepare", "raw_status": 0, "elapsed_seconds": 0.3740152530372143}
{"phase": "control-58", "step": "launch", "raw_status": 0, "elapsed_seconds": 5.700630705105141}
{"phase": "control-59", "step": "prepare", "raw_status": 0, "elapsed_seconds": 0.37278354284353554}
{"phase": "control-59", "step": "launch", "raw_status": 0, "elapsed_seconds": 5.673483177088201}
{"phase": "control-60", "step": "prepare", "raw_status": 0, "elapsed_seconds": 0.37731848494149745}
{"phase": "control-60", "step": "launch", "raw_status": 0, "elapsed_seconds": 6.225703170057386}
{"phase": "control-61", "step": "prepare", "raw_status": 0, "elapsed_seconds": 0.42644789116457105}
{"phase": "control-61", "step": "launch", "raw_status": 0, "elapsed_seconds": 5.942860102979466}
{"phase": "control-62", "step": "prepare", "raw_status": 0, "elapsed_seconds": 0.3798804539255798}
{"phase": "control-62", "step": "launch", "raw_status": 0, "elapsed_seconds": 5.941298936959356}
{"phase": "control-63", "step": "prepare", "raw_status": 0, "elapsed_seconds": 0.37315379711799324}
{"phase": "control-63", "step": "launch", "raw_status": 0, "elapsed_seconds": 5.673293652944267}
{"phase": "control-64", "step": "prepare", "raw_status": 0, "elapsed_seconds": 0.3729826509952545}
{"phase": "control-64", "step": "launch", "raw_status": 0, "elapsed_seconds": 10.06232988089323}
{"phase": "control-65", "step": "prepare", "raw_status": 0, "elapsed_seconds": 0.37715792399831116}
{"phase": "control-65", "step": "launch", "raw_status": 0, "elapsed_seconds": 5.757532351883128}
{"phase": "control-66", "step": "prepare", "raw_status": 0, "elapsed_seconds": 0.3770443128887564}
{"phase": "control-66", "step": "launch", "raw_status": 0, "elapsed_seconds": 5.655103639001027}
{"phase": "control-67", "step": "prepare", "raw_status": 0, "elapsed_seconds": 0.37366037792526186}
{"phase": "control-67", "step": "launch", "raw_status": 0, "elapsed_seconds": 5.730598666938022}
{"phase": "control-68", "step": "prepare", "raw_status": 0, "elapsed_seconds": 0.3760121518280357}
{"phase": "control-68", "step": "launch", "raw_status": 0, "elapsed_seconds": 5.740940930088982}
{"phase": "control-69", "step": "prepare", "raw_status": 0, "elapsed_seconds": 0.371467974036932}
{"phase": "control-69", "step": "launch", "raw_status": 0, "elapsed_seconds": 6.231459709117189}
{"phase": "control-70", "step": "prepare", "raw_status": 0, "elapsed_seconds": 0.3775412680115551}
{"phase": "control-70", "step": "launch", "raw_status": 0, "elapsed_seconds": 5.70486803795211}
{"phase": "control-71", "step": "prepare", "raw_status": 0, "elapsed_seconds": 0.3750274018384516}
{"phase": "control-71", "step": "launch", "raw_status": 0, "elapsed_seconds": 5.75602587708272}
{"phase": "control-72", "step": "prepare", "raw_status": 0, "elapsed_seconds": 0.37481706496328115}
{"phase": "control-72", "step": "launch", "raw_status": 0, "elapsed_seconds": 5.747752567986026}
{"phase": "control-73", "step": "prepare", "raw_status": 0, "elapsed_seconds": 0.3816462659742683}
{"phase": "control-73", "step": "launch", "raw_status": 0, "elapsed_seconds": 5.7173426791559905}
{"phase": "control-74", "step": "prepare", "raw_status": 0, "elapsed_seconds": 0.37686083605512977}
{"phase": "control-74", "step": "launch", "raw_status": 0, "elapsed_seconds": 5.708203578134999}
{"phase": "control-75", "step": "prepare", "raw_status": 0, "elapsed_seconds": 0.3786831139586866}
{"phase": "control-75", "step": "launch", "raw_status": 0, "elapsed_seconds": 5.715011246968061}
{"phase": "control-76", "step": "prepare", "raw_status": 0, "elapsed_seconds": 0.3777837429661304}
{"phase": "control-76", "step": "launch", "raw_status": 0, "elapsed_seconds": 5.760609043063596}
{"phase": "control-77", "step": "prepare", "raw_status": 0, "elapsed_seconds": 0.37292933906428516}
{"phase": "control-77", "step": "launch", "raw_status": 0, "elapsed_seconds": 5.71676043397747}
{"phase": "control-78", "step": "prepare", "raw_status": 0, "elapsed_seconds": 0.3818636129144579}
{"phase": "control-78", "step": "launch", "raw_status": 0, "elapsed_seconds": 5.772289255168289}
{"phase": "control-79", "step": "prepare", "raw_status": 0, "elapsed_seconds": 0.3739902079105377}
{"phase": "control-79", "step": "launch", "raw_status": 0, "elapsed_seconds": 5.707198838004842}
{"phase": "control-80", "step": "prepare", "raw_status": 0, "elapsed_seconds": 0.3825088068842888}
{"phase": "control-80", "step": "launch", "raw_status": 0, "elapsed_seconds": 5.725465603172779}
{"phase": "control-81", "step": "prepare", "raw_status": 0, "elapsed_seconds": 0.3734093839302659}
{"phase": "control-81", "step": "launch", "raw_status": 0, "elapsed_seconds": 5.741874146973714}
{"phase": "control-82", "step": "prepare", "raw_status": 0, "elapsed_seconds": 0.3694814220070839}
{"phase": "control-82", "step": "launch", "raw_status": 0, "elapsed_seconds": 5.741524853045121}
{"phase": "control-83", "step": "prepare", "raw_status": 0, "elapsed_seconds": 0.42832510895095766}
{"phase": "control-83", "step": "launch", "raw_status": 0, "elapsed_seconds": 6.199212950188667}
{"phase": "core-check", "step": "prepare", "raw_status": 0, "elapsed_seconds": 0.6817792619112879}
{"phase": "core-check", "step": "launch", "raw_status": 0, "elapsed_seconds": 34.3218848479446}
{"phase": "clippy", "step": "prepare", "raw_status": 0, "elapsed_seconds": 0.6882845270447433}
{"phase": "clippy", "step": "launch", "raw_status": 0, "elapsed_seconds": 18.58814786700532}
