    Updating crates.io index
    Updating git repository `https://github.com/rrnewton/liteinst2`
     Locking 263 packages to latest compatible versions
      Adding addr2line v0.26.1 (available: v0.27.1)
      Adding atomic v0.5.3 (available: v0.6.1)
      Adding bincode v1.3.3 (available: v3.0.0)
      Adding bincode v2.0.1 (available: v3.0.0)
      Adding clap v3.2.25 (available: v4.6.7)
      Adding colored v2.2.0 (available: v3.1.1)
      Adding darling v0.14.4 (available: v0.24.1)
      Adding derive_more v1.0.0 (available: v2.1.1)
      Adding dirs v2.0.2 (available: v7.0.0)
      Adding generic-array v0.14.7 (available: v0.14.9)
      Adding heapless v0.8.0 (available: v0.9.3)
      Adding heck v0.3.3 (available: v0.5.0)
      Adding nix v0.30.1 (available: v0.31.3)
      Adding object v0.36.7 (available: v0.40.0)
      Adding perf-event-open-sys v5.0.0 (available: v7.0.0)
      Adding raw-cpuid v10.7.0 (available: v11.6.0)
      Adding sha2 v0.10.9 (available: v0.11.0)
      Adding syn v1.0.109 (available: v3.0.6)
      Adding syscalls v0.6.18 (available: v0.8.1)
   Compiling proc-macro2 v1.0.107
   Compiling quote v1.0.47
   Compiling unicode-ident v1.0.26
   Compiling libc v0.2.189
    Checking cfg-if v1.0.5
   Compiling serde_core v1.0.229
   Compiling autocfg v1.5.1
   Compiling serde v1.0.229
    Checking memchr v2.8.3
   Compiling crc32fast v1.5.2
    Checking simd-adler32 v0.3.10
    Checking adler2 v2.0.1
    Checking pin-project-lite v0.2.17
   Compiling cfg_aliases v0.2.2
    Checking futures-sink v0.3.34
   Compiling parking_lot_core v0.9.12
    Checking futures-core v0.3.34
    Checking smallvec v1.16.1
   Compiling syscalls v0.6.18
    Checking futures v0.1.31
   Compiling unicode-segmentation v1.13.3
    Checking futures-io v0.3.34
    Checking futures-task v0.3.34
    Checking bitflags v1.3.2
    Checking scopeguard v1.2.0
    Checking slab v0.4.12
    Checking iana-time-zone v0.1.65
   Compiling unicode-xid v0.2.6
   Compiling paste v1.0.15
   Compiling thiserror v2.0.20
   Compiling object v0.39.1
    Checking static_assertions v1.1.0
   Compiling rustix v1.1.5
   Compiling virtue v0.0.18
   Compiling cpp_demangle v0.5.1
    Checking twox-hash v2.1.4
    Checking lazy_static v1.5.0
   Compiling object v0.36.7
    Checking linux-raw-sys v0.12.1
   Compiling procfs v0.18.0
   Compiling anyhow v1.0.104
    Checking hex v0.4.3
    Checking hashbrown v0.17.1
    Checking equivalent v1.0.2
    Checking unty v0.0.4
    Checking bytes v1.12.1
    Checking foldhash v0.1.5
    Checking gimli v0.33.0
    Checking fallible-iterator v0.3.0
   Compiling kvm-ioctls v0.25.0
    Checking rustc-demangle v0.1.28
    Checking typed-arena v2.0.2
    Checking plain v0.2.3
    Checking log v0.4.34
    Checking never-say-never v6.6.666
    Checking byteorder v1.5.0
   Compiling nix v0.30.1
    Checking miniz_oxide v0.9.1
    Checking raw-cpuid v10.7.0
    Checking ruzstd v0.8.3
    Checking hashbrown v0.15.5
   Compiling memoffset v0.9.1
   Compiling num-traits v0.2.19
    Checking lock_api v0.4.14
    Checking twox-hash v1.6.3
    Checking futures-channel v0.3.34
    Checking flate2 v1.1.10
    Checking ruzstd v0.7.3
   Compiling convert_case v0.6.0
    Checking colored v2.2.0
    Checking indexmap v2.14.2
   Compiling syn v3.0.6
   Compiling syn v2.0.119
    Checking chrono v0.4.45
   Compiling bincode_derive v2.0.1
    Checking errno v0.3.14
    Checking socket2 v0.6.5
    Checking mio v1.2.3
    Checking memmap2 v0.9.11
    Checking vmm-sys-util v0.15.0
    Checking perf-event-open-sys v5.0.0
    Checking signal-hook-registry v1.4.8
    Checking parking_lot v0.12.5
    Checking kvm-bindings v0.14.1
    Checking bitflags v2.13.2
    Checking procfs-core v0.18.0
   Compiling derive_more-impl v1.0.0
   Compiling serde_derive v1.0.229
   Compiling serde_repr v0.1.21
   Compiling futures-macro v0.3.34
   Compiling tokio-macros v2.7.2
   Compiling thiserror-impl v2.0.20
   Compiling scroll_derive v0.13.2
   Compiling async-trait v0.1.92
    Checking addr2line v0.26.1
    Checking tokio v1.53.1
    Checking futures-util v0.3.34
    Checking scroll v0.13.0
    Checking goblin v0.10.7
    Checking derive_more v1.0.0
    Checking bincode v2.0.1
    Checking linked-hash-map v0.5.6
    Checking futures-executor v0.3.34
    Checking futures v0.3.34
    Checking reverie-memory v0.2.0 (/home/newton/work/dev-hermit/worktrees/slots/kvm-proc-carrier-auth-20260921/reverie-memory)
    Checking reverie-syscalls v0.2.0 (/home/newton/work/dev-hermit/worktrees/slots/kvm-proc-carrier-auth-20260921/reverie-syscalls)
    Checking reverie-process v0.2.0 (/home/newton/work/dev-hermit/worktrees/slots/kvm-proc-carrier-auth-20260921/reverie-process)
    Checking reverie-core v0.2.0 (/home/newton/work/dev-hermit/worktrees/slots/kvm-proc-carrier-auth-20260921/reverie)
    Checking reverie-kvm v0.2.0 (/home/newton/work/dev-hermit/worktrees/slots/kvm-proc-carrier-auth-20260921/reverie-kvm)
    Finished `dev` profile [unoptimized + debuginfo] target(s) in 16.17s
