    Finished `test` profile [unoptimized + debuginfo] target(s) in 0.07s
     Running unittests src/lib.rs (target/debug/deps/reverie_kvm-6ae5e35517e53716)

running 22 tests
test proc_carrier::tests::candidate_classification_is_fail_closed_on_inspection_errors ... ok
test proc_carrier::tests::exact_positioned_read_checks_eof_without_moving_offset ... ok
test proc_carrier::tests::handle_sizes_are_exact_bounded_aligned_and_four_byte_multiples ... ok
test proc_carrier::tests::injected_mount_modes_are_monotonic_and_never_mixed ... ok
test proc_carrier::tests::authority_debug_redacts_secret ... ok
test proc_carrier::tests::seal_profiles_are_exact ... ok
test proc_carrier::tests::startup_failures_remain_typed ... ok
test proc_carrier::tests::timestamp_encoding_covers_the_exact_range ... ok
test proc_carrier::tests::rejection_sampling_uses_lower_rejection_floor_and_big_endian_counter ... ok
test proc_carrier::tests::statx_masks_padding_blocks_and_timestamps_are_excluded ... ok
test proc_carrier::tests::minted_bytes_and_seal_set_cannot_be_mutated ... ok
test proc_carrier::tests::malformed_reserved_name_and_stable_field_mutation_are_ebadmsg ... ok
test proc_carrier::tests::metadata_race_after_content_read_is_rejected ... ok
test proc_carrier::tests::transcript_tlvs_have_unambiguous_big_endian_splits ... ok
test proc_carrier::tests::batch_budget_is_cumulative_but_cache_can_be_reset_per_message ... ok
test proc_carrier::tests::nonreserved_same_content_is_ordinary_and_reserved_tamper_fails ... ok
test proc_carrier::tests::reserved_name_round_trip_and_prefix_are_exact ... ok
test proc_carrier::tests::transcript_is_canonical_and_binds_every_included_field ... ok
test proc_carrier::tests::live_fresh_objects_replay_and_new_authority_rejection ... ok
test proc_carrier::tests::live_mint_authenticate_preserves_readable_and_opath_offsets ... ok
test executor::tests::memfd_create_rejects_reserved_proc_carrier_prefix_before_allocation ... ok
test elf::tests::proc_carrier_authority_is_fresh_per_root_and_shared_by_fork_exec_and_shebang ... ok

test result: ok. 22 passed; 0 failed; 0 ignored; 0 measured; 828 filtered out; finished in 0.02s

