kernel=7.1.3-0_fbk0_rc18_0_gd373cd4b8dbf euid=212630 O_TMPFILE=0x410000
path=/proc/uptime case=rd_tmp flags=0x410000 errno=22(EINVAL)
path=/proc/uptime case=rd_tmp_nofollow flags=0x430000 errno=22(EINVAL)
path=/proc/uptime case=rd_tmp_trunc flags=0x410200 errno=22(EINVAL)
path=/proc/uptime case=rd_tmp_direct flags=0x414000 errno=22(EINVAL)
path=/proc/uptime case=rd_tmp_excl flags=0x410080 errno=22(EINVAL)
path=/proc/uptime case=rd_tmp_all flags=0x434280 errno=22(EINVAL)
path=/proc/uptime case=wr_tmp flags=0x410001 errno=20(ENOTDIR)
path=/proc/uptime case=rw_tmp flags=0x410002 errno=20(ENOTDIR)
path=/proc/uptime case=path_tmp flags=0x610000 errno=20(ENOTDIR)
path=/proc/uptime case=path_tmp_all flags=0x634280 errno=20(ENOTDIR)
path=/proc/mounts case=rd_tmp flags=0x410000 errno=22(EINVAL)
path=/proc/mounts case=rd_tmp_nofollow flags=0x430000 errno=22(EINVAL)
path=/proc/mounts case=rd_tmp_trunc flags=0x410200 errno=22(EINVAL)
path=/proc/mounts case=rd_tmp_direct flags=0x414000 errno=22(EINVAL)
path=/proc/mounts case=rd_tmp_excl flags=0x410080 errno=22(EINVAL)
path=/proc/mounts case=rd_tmp_all flags=0x434280 errno=22(EINVAL)
path=/proc/mounts case=wr_tmp flags=0x410001 errno=20(ENOTDIR)
path=/proc/mounts case=rw_tmp flags=0x410002 errno=20(ENOTDIR)
path=/proc/mounts case=path_tmp flags=0x610000 errno=20(ENOTDIR)
path=/proc/mounts case=path_tmp_all flags=0x634280 errno=20(ENOTDIR)
path=/proc/self/status case=rd_tmp flags=0x410000 errno=22(EINVAL)
path=/proc/self/status case=rd_tmp_nofollow flags=0x430000 errno=22(EINVAL)
path=/proc/self/status case=rd_tmp_trunc flags=0x410200 errno=22(EINVAL)
path=/proc/self/status case=rd_tmp_direct flags=0x414000 errno=22(EINVAL)
path=/proc/self/status case=rd_tmp_excl flags=0x410080 errno=22(EINVAL)
path=/proc/self/status case=rd_tmp_all flags=0x434280 errno=22(EINVAL)
path=/proc/self/status case=wr_tmp flags=0x410001 errno=20(ENOTDIR)
path=/proc/self/status case=rw_tmp flags=0x410002 errno=20(ENOTDIR)
path=/proc/self/status case=path_tmp flags=0x610000 errno=20(ENOTDIR)
path=/proc/self/status case=path_tmp_all flags=0x634280 errno=20(ENOTDIR)
path=/proc/self/fd/3 case=rd_tmp flags=0x410000 errno=22(EINVAL)
path=/proc/self/fd/3 case=rd_tmp_nofollow flags=0x430000 errno=22(EINVAL)
path=/proc/self/fd/3 case=rd_tmp_trunc flags=0x410200 errno=22(EINVAL)
path=/proc/self/fd/3 case=rd_tmp_direct flags=0x414000 errno=22(EINVAL)
path=/proc/self/fd/3 case=rd_tmp_excl flags=0x410080 errno=22(EINVAL)
path=/proc/self/fd/3 case=rd_tmp_all flags=0x434280 errno=22(EINVAL)
path=/proc/self/fd/3 case=wr_tmp flags=0x410001 errno=20(ENOTDIR)
path=/proc/self/fd/3 case=rw_tmp flags=0x410002 errno=20(ENOTDIR)
path=/proc/self/fd/3 case=path_tmp flags=0x610000 errno=20(ENOTDIR)
path=/proc/self/fd/3 case=path_tmp_all flags=0x634280 errno=20(ENOTDIR)
path=/proc/self/fdinfo/3 case=rd_tmp flags=0x410000 errno=22(EINVAL)
path=/proc/self/fdinfo/3 case=rd_tmp_nofollow flags=0x430000 errno=22(EINVAL)
path=/proc/self/fdinfo/3 case=rd_tmp_trunc flags=0x410200 errno=22(EINVAL)
path=/proc/self/fdinfo/3 case=rd_tmp_direct flags=0x414000 errno=22(EINVAL)
path=/proc/self/fdinfo/3 case=rd_tmp_excl flags=0x410080 errno=22(EINVAL)
path=/proc/self/fdinfo/3 case=rd_tmp_all flags=0x434280 errno=22(EINVAL)
path=/proc/self/fdinfo/3 case=wr_tmp flags=0x410001 errno=20(ENOTDIR)
path=/proc/self/fdinfo/3 case=rw_tmp flags=0x410002 errno=20(ENOTDIR)
path=/proc/self/fdinfo/3 case=path_tmp flags=0x610000 errno=20(ENOTDIR)
path=/proc/self/fdinfo/3 case=path_tmp_all flags=0x634280 errno=20(ENOTDIR)
