
running 12 tests
test tracer::tests::ordinary_nonleader_exec_displaced_hook_failure_fences_replacement ... ok
test tracer::tests::ordinary_nonleader_exec_transfers_state_and_consumes_old_leader_once ... ok
test tracer::tests::ordinary_nonleader_injected_exec_echild_awaits_leader_exec_edge ... ok
test tracer::tests::ordinary_nonleader_success_preserves_exit_callbacks ... ok
test tracer::tests::ordinary_nonleader_tool_failure_cancels_pending_newborn_start ... ok

running 1 test
test tracer::tests::ordinary_nonleader_tool_failure_reaps_fork_descendants ... 
running 1 test
test tracer::tests::ordinary_nonleader_tool_failure_reaps_fork_descendants ... fatal control raises original error in live tid 31425 (mode 1)
ordinary cleanup control: root=31421, descendant=31423, fail=true, fork=true, newborn=false, timeout=false, root_absent=true, descendant_absent=false, post_syscall=0, sentinel_untouched=true
fatal physical identity: tid=31421, initial=TraceeSnapshot { tgid: Pid(31421), ppid: Pid(31417), tracer_pid: Pid(31419), start_time: 13373688 }, proc_inode=2989270996, same_process=false, stat=Err(Os { code: 3, kind: Uncategorized, message: "No such process" }), status=Err(Os { code: 3, kind: Uncategorized, message: "No such process" }), pidfd_poll=1, pidfd_revents=17, pidfd_signal0=Err(ESRCH)
fatal physical identity: tid=31423, initial=TraceeSnapshot { tgid: Pid(31423), ppid: Pid(31421), tracer_pid: Pid(31419), start_time: 13373689 }, proc_inode=2989271004, same_process=true, stat=Ok("31423 (tracer::tests::) Z 31415 31276 30393 0 -1 4228172 22 0 0 0 0 0 0 0 30 10 1 0 13373689 0 0 18446744073709551615 0 0 0 0 0 0 0 3149824 1088 1 0 0 17 40 0 0 0 0 0 0 0 0 0 0 0 0 9\n"), status=Ok("State:\tZ (zombie); Tgid:\t31423; Pid:\t31423; PPid:\t31415; TracerPid:\t0"), pidfd_poll=1, pidfd_revents=1, pidfd_signal0=Ok(())
fatal original notifier: tid=31421, terminal=Ok(Some(Signaled(SIGKILL, false))), retired=true, held_stop=false
fatal original notifier: tid=31423, terminal=Ok(Some(Signaled(SIGKILL, false))), retired=true, held_stop=false
fatal original notifier: tid=31425, terminal=Ok(Some(Signaled(SIGKILL, false))), retired=true, held_stop=false
fatal chronology: Some((["RootStopLease step before: tid=31421, siginfo=Ok((19, -6)), terminal=Ok(None)", "RootStopLease step result: Ok(Running(Pid(31421), TraceeToken { event: EventHandle(EventGeneration { event: Event { exit_waiters: ExitWaiters { waiters: Mutex { data: [] } }, exit_publication: Mutex { data: () }, status_waker: WakerSlot { waker: Mutex { data: Some(Waker { data: 0x7f70ec00b900, vtable: 0x55e1988acb68 }) }, data: 0x7f70ec00b900, vtable: 0x55e1988acb68 }, status: Mutex { data: StatusState { pending: [], terminal: -1 } }, status_changed: Condvar { .. }, exit_status: 0, exit_capability: 0, exit_epoch: 0, registration_error: Mutex { data: None }, worker_state: 2, worker_done_lock: Mutex { data: () }, worker_done_changed: Condvar { .. }, cleanup_cancel_requested: false, cleanup_claim_waiters: 0, wait_owner: 2, wait_owner_lock: Mutex { data: () }, wait_owner_changed: Condvar { .. } }, identity: OnceLock(WorkerIdentity { pid: Pid(31421), snapshot: WorkerProcSnapshot { tgid: Pid(31421), tracer_pid: Pid(31419), start_time: 13373688 }, pidfd: OwnedFd { fd: 13 }, proc_dir: OwnedFd { fd: 15 }, proc_inode: 2989270996 }), authoritative: OnceLock(<uninit>) }) }))", "RootStopLease step before: tid=31421, siginfo=Ok((5, 1)), terminal=Ok(None)", "RootStopLease step result: Ok(Running(Pid(31421), TraceeToken { event: EventHandle(EventGeneration { event: Event { exit_waiters: ExitWaiters { waiters: Mutex { data: [] } }, exit_publication: Mutex { data: () }, status_waker: WakerSlot { waker: Mutex { data: Some(Waker { data: 0x7f70ec00b900, vtable: 0x55e1988acb68 }) }, data: 0x7f70ec00b900, vtable: 0x55e1988acb68 }, status: Mutex { data: StatusState { pending: [], terminal: -1 } }, status_changed: Condvar { .. }, exit_status: 0, exit_capability: 0, exit_epoch: 0, registration_error: Mutex { data: None }, worker_state: 2, worker_done_lock: Mutex { data: () }, worker_done_changed: Condvar { .. }, cleanup_cancel_requested: false, cleanup_claim_waiters: 0, wait_owner: 2, wait_owner_lock: Mutex { data: () }, wait_owner_changed: Condvar { .. } }, identity: OnceLock(WorkerIdentity { pid: Pid(31421), snapshot: WorkerProcSnapshot { tgid: Pid(31421), tracer_pid: Pid(31419), start_time: 13373688 }, pidfd: OwnedFd { fd: 13 }, proc_dir: OwnedFd { fd: 15 }, proc_inode: 2989270996 }), authoritative: OnceLock(<uninit>) }) }))", "RootStopLease step before: tid=31421, siginfo=Ok((5, 261)), terminal=Ok(None)", "RootStopLease step result: Ok(Running(Pid(31421), TraceeToken { event: EventHandle(EventGeneration { event: Event { exit_waiters: ExitWaiters { waiters: Mutex { data: [(Weak)] } }, exit_publication: Mutex { data: () }, status_waker: WakerSlot { waker: Mutex { data: Some(Waker { data: 0x7f70ec00b900, vtable: 0x55e1988acb68 }) }, data: 0x7f70ec00b900, vtable: 0x55e1988acb68 }, status: Mutex { data: StatusState { pending: [], terminal: -1 } }, status_changed: Condvar { .. }, exit_status: 0, exit_capability: 0, exit_epoch: 0, registration_error: Mutex { data: None }, worker_state: 2, worker_done_lock: Mutex { data: () }, worker_done_changed: Condvar { .. }, cleanup_cancel_requested: false, cleanup_claim_waiters: 0, wait_owner: 2, wait_owner_lock: Mutex { data: () }, wait_owner_changed: Condvar { .. } }, identity: OnceLock(WorkerIdentity { pid: Pid(31421), snapshot: WorkerProcSnapshot { tgid: Pid(31421), tracer_pid: Pid(31419), start_time: 13373688 }, pidfd: OwnedFd { fd: 13 }, proc_dir: OwnedFd { fd: 15 }, proc_inode: 2989270996 }), authoritative: OnceLock(<uninit>) }) }))", "RootStopLease step before: tid=31421, siginfo=Ok((5, 773)), terminal=Ok(None)", "RootStopLease step result: Ok(Running(Pid(31421), TraceeToken { event: EventHandle(EventGeneration { event: Event { exit_waiters: ExitWaiters { waiters: Mutex { data: [(Weak)] } }, exit_publication: Mutex { data: () }, status_waker: WakerSlot { waker: Mutex { data: Some(Waker { data: 0x7f70ec00b900, vtable: 0x55e1988acb68 }) }, data: 0x7f70ec00b900, vtable: 0x55e1988acb68 }, status: Mutex { data: StatusState { pending: [], terminal: -1 } }, status_changed: Condvar { .. }, exit_status: 0, exit_capability: 0, exit_epoch: 0, registration_error: Mutex { data: None }, worker_state: 2, worker_done_lock: Mutex { data: () }, worker_done_changed: Condvar { .. }, cleanup_cancel_requested: false, cleanup_claim_waiters: 0, wait_owner: 2, wait_owner_lock: Mutex { data: () }, wait_owner_changed: Condvar { .. } }, identity: OnceLock(WorkerIdentity { pid: Pid(31421), snapshot: WorkerProcSnapshot { tgid: Pid(31421), tracer_pid: Pid(31419), start_time: 13373688 }, pidfd: OwnedFd { fd: 13 }, proc_dir: OwnedFd { fd: 15 }, proc_inode: 2989270996 }), authoritative: OnceLock(<uninit>) }) }))", "finish_ordinary_terminal entered: Ok(Stopped(Pid(31421), TraceeToken { event: EventHandle(EventGeneration { event: Event { exit_waiters: ExitWaiters { waiters: Mutex { data: [(Weak)] } }, exit_publication: Mutex { data: () }, status_waker: WakerSlot { waker: Mutex { data: Some(Waker { data: 0x7f70ec00b900, vtable: 0x55e1988acb68 }) }, data: 0x7f70ec00b900, vtable: 0x55e1988acb68 }, status: Mutex { data: StatusState { pending: [], terminal: -1 } }, status_changed: Condvar { .. }, exit_status: 1, exit_capability: 2, exit_epoch: 0, registration_error: Mutex { data: None }, worker_state: 2, worker_done_lock: Mutex { data: () }, worker_done_changed: Condvar { .. }, cleanup_cancel_requested: false, cleanup_claim_waiters: 0, wait_owner: 2, wait_owner_lock: Mutex { data: () }, wait_owner_changed: Condvar { .. } }, identity: OnceLock(WorkerIdentity { pid: Pid(31421), snapshot: WorkerProcSnapshot { tgid: Pid(31421), tracer_pid: Pid(31419), start_time: 13373688 }, pidfd: OwnedFd { fd: 13 }, proc_dir: OwnedFd { fd: 15 }, proc_inode: 2989270996 }), authoritative: OnceLock(<uninit>) }) }))", "finish getevent: tid=31421, result=Ok(9), terminal=Ok(None), retired=false", "finish_ordinary_terminal entered: Ok(Stopped(Pid(31423), TraceeToken { event: EventHandle(EventGeneration { event: Event { exit_waiters: ExitWaiters { waiters: Mutex { data: [(Weak)] } }, exit_publication: Mutex { data: () }, status_waker: WakerSlot { waker: Mutex { data: Some(Waker { data: 0x7f70ec032f80, vtable: 0x55e1988ad010 }) }, data: 0x7f70ec032f80, vtable: 0x55e1988ad010 }, status: Mutex { data: StatusState { pending: [], terminal: -1 } }, status_changed: Condvar { .. }, exit_status: 1, exit_capability: 2, exit_epoch: 0, registration_error: Mutex { data: None }, worker_state: 2, worker_done_lock: Mutex { data: () }, worker_done_changed: Condvar { .. }, cleanup_cancel_requested: false, cleanup_claim_waiters: 0, wait_owner: 2, wait_owner_lock: Mutex { data: () }, wait_owner_changed: Condvar { .. } }, identity: OnceLock(WorkerIdentity { pid: Pid(31423), snapshot: WorkerProcSnapshot { tgid: Pid(31423), tracer_pid: Pid(31419), start_time: 13373689 }, pidfd: OwnedFd { fd: 32 }, proc_dir: OwnedFd { fd: 33 }, proc_inode: 2989271004 }), authoritative: OnceLock(<uninit>) }) }))", "finish getevent: tid=31423, result=Ok(9), terminal=Ok(None), retired=false", "finish_ordinary_terminal entered: Ok(Stopped(Pid(31425), TraceeToken { event: EventHandle(EventGeneration { event: Event { exit_waiters: ExitWaiters { waiters: Mutex { data: [(Weak)] } }, exit_publication: Mutex { data: () }, status_waker: WakerSlot { waker: Mutex { data: Some(Waker { data: 0x7f70ec044180, vtable: 0x55e1988ad010 }) }, data: 0x7f70ec044180, vtable: 0x55e1988ad010 }, status: Mutex { data: StatusState { pending: [], terminal: -1 } }, status_changed: Condvar { .. }, exit_status: 1, exit_capability: 2, exit_epoch: 0, registration_error: Mutex { data: None }, worker_state: 2, worker_done_lock: Mutex { data: () }, worker_done_changed: Condvar { .. }, cleanup_cancel_requested: false, cleanup_claim_waiters: 0, wait_owner: 2, wait_owner_lock: Mutex { data: () }, wait_owner_changed: Condvar { .. } }, identity: OnceLock(WorkerIdentity { pid: Pid(31425), snapshot: WorkerProcSnapshot { tgid: Pid(31421), tracer_pid: Pid(31419), start_time: 13373689 }, pidfd: OwnedFd { fd: 42 }, proc_dir: OwnedFd { fd: 43 }, proc_inode: 2989271009 }), authoritative: OnceLock(<uninit>) }) }))", "finish getevent: tid=31425, result=Ok(9), terminal=Ok(None), retired=false"], 0))
fatal legacy result: error(Tool(ordinary nonleader failure control)), original_nonleader=true; consuming hooks: Some([(Pid(31421), None), (Pid(31423), None), (Pid(31425), None), (Pid(31423), Some(Signaled(SIGKILL, false))), (Pid(31425), Some(Signaled(SIGKILL, false))), (Pid(31421), Some(Signaled(SIGKILL, false)))])
natural-reaper product predicate: opponent=false, ready=true, root=31421, child=31423, start=13373689, inode=2989271004, backend_sigkill=1, terminal_ack=1, original_error=1, post_syscall=0, callbacks_valid=1, zombie=true, tracer=0
owned held zombie: child=31423, status=SIGKILL, WNOWAIT=true, proc_present=true
actual natural wait: child=31423, status=SIGKILL, root_absent=true, child_absent=true, remaining_ns=2986907963
ok

test result: ok. 1 passed; 0 failed; 0 ignored; 0 measured; 364 filtered out; finished in 0.01s

ok

test result: ok. 1 passed; 0 failed; 0 ignored; 0 measured; 364 filtered out; finished in 0.01s

test tracer::tests::ordinary_nonleader_tool_failure_reaps_fork_descendants ... ok
test tracer::tests::ordinary_nonleader_exec_postexec_timer_survives_internal_step ... ok
test tracer::tests::ordinary_nonleader_exec_run_loop_echild_awaits_leader_exec_edge ... ok
test tracer::tests::ordinary_nonleader_exec_real_signal_cancels_postexec_timer ... ok

running 1 test
test tracer::tests::ordinary_nonleader_tool_failure_reaps_unhanded_fork_child ... 
running 1 test
test tracer::tests::ordinary_nonleader_tool_failure_reaps_unhanded_vfork_child ... test tracer::tests::ordinary_nonleader_tool_failure_reaps_threads_without_resuming ... ok

running 1 test
test tracer::tests::ordinary_nonleader_tool_failure_reaps_unhanded_fork_child ... 
running 1 test
test tracer::tests::ordinary_nonleader_tool_failure_reaps_unhanded_vfork_child ... fatal control raises original error in live tid 31455 (mode 3)
fatal control raises original error in live tid 31456 (mode 3)
unhanded real child edges: [(Pid(31451), Clone, Pid(31455)), (Pid(31451), Vfork, Pid(31459))]; child_body=0
unhanded original generation resource retention: groups/vfork/unconfirmed=(0, 0, 0), opponent=false
unhanded real child edges: [(Pid(31452), Clone, Pid(31456)), (Pidnatural-reaper product predicate: opponent=(false31452, ready=)true, root=, 31451Fork, child=, 31459Pid, start=(1337369131460, inode=)2989682366), backend_sigkill=]1; child_body=, terminal_ack=01
, original_error=unhanded original generation resource retention: groups/vfork/unconfirmed=1(, post_syscall=00, , callbacks_valid=01, , zombie=0true), tracer=, opponent=0false

owned held zombie: child=31459, status=SIGKILL, WNOWAIT=true, proc_present=true
actual natural wait: child=31459, status=SIGKILL, root_absent=true, child_absent=true, remaining_ns=2996521147
ok

test result: ok. 1 passed; 0 failed; 0 ignored; 0 measured; 364 filtered out; finished in 0.01s

natural-reaper product predicate: opponent=false, ready=true, root=31452, child=31460, start=13373691, inode=2989630399, backend_sigkill=1, terminal_ack=1, original_error=1, post_syscall=0, callbacks_valid=1, zombie=true, tracer=0
owned held zombie: child=31460, status=SIGKILL, WNOWAIT=true, proc_present=true
actual natural wait: child=31460, status=SIGKILL, root_absent=true, child_absent=true, remaining_ns=2996388698
ok

test result: ok. 1 passed; 0 failed; 0 ignored; 0 measured; 364 filtered out; finished in 0.01s

ok

test result: ok. 1 passed; 0 failed; 0 ignored; 0 measured; 364 filtered out; finished in 0.01s

ok

test result: ok. 1 passed; 0 failed; 0 ignored; 0 measured; 364 filtered out; finished in 0.01s

test tracer::tests::ordinary_nonleader_tool_failure_reaps_unhanded_vfork_child ... ok
test tracer::tests::ordinary_nonleader_tool_failure_reaps_unhanded_fork_child ... ok

successes:

---- tracer::tests::ordinary_nonleader_exec_displaced_hook_failure_fences_replacement stdout ----
exec timer payload: /tmp/reverie-fatal-exec-timer-31286
PROBE[exec-edge-ok] t=133736855646642 (dt=2627us) caller=31354 target=31348 what=WAITID(P_PIDFD) thread=Some("guest-31348") result=Ok(Some("0x137f")) rc=0 site=safeptrace/src/notifier.rs:1858
PROBE[exec-edge-ok] t=133736855929015 (dt=2345us) caller=31296 target=31348 what=PTRACE_SINGLESTEP(None) rc=0 site=reverie-ptrace/src/task.rs:2719
PROBE[exec-edge-ok] t=133736855980332 (dt=2293us) caller=31354 target=31348 what=WAITID(P_PIDFD) thread=Some("guest-31348") result=Ok(Some("0x57f")) rc=0 site=safeptrace/src/notifier.rs:1858
PROBE[exec-edge-ok] t=133736856098480 (dt=2175us) caller=31296 target=31348 what=PTRACE_SINGLESTEP(None) rc=0 site=reverie-ptrace/src/task.rs:5455
PROBE[exec-edge-ok] t=133736856114764 (dt=2159us) caller=31354 target=31348 what=WAITID(P_PIDFD) thread=Some("guest-31348") result=Ok(Some("0x57f")) rc=0 site=safeptrace/src/notifier.rs:1858
PROBE[exec-edge-ok] t=133736856323398 (dt=1950us) caller=31296 target=31348 what=PTRACE_CONT(resume,None) rc=0 site=reverie-ptrace/src/task.rs:5444
PROBE[exec-edge-ok] t=133736856512722 (dt=1761us) caller=31354 target=31348 what=WAITID(P_PIDFD) thread=Some("guest-31348") result=Ok(Some("0x3057f")) rc=0 site=safeptrace/src/notifier.rs:1858
PROBE[exec-edge-ok] t=133736856529156 (dt=1744us) caller=31296 target=31348 what=GETEVENTMSG-before rc=0 site=safeptrace/src/lib.rs:234
PROBE[exec-edge-ok] t=133736856532521 (dt=1741us) caller=31296 target=31348 what=GETEVENTMSG-after rc=31357 site=safeptrace/src/lib.rs:234
PROBE[exec-edge-ok] t=133736856999583 (dt=1274us) caller=31358 target=31357 what=WAITID(P_PIDFD) thread=Some("guest-31357") result=Ok(Some("0x137f")) rc=0 site=safeptrace/src/notifier.rs:1858
PROBE[exec-edge-ok] t=133736857229598 (dt=1044us) caller=31296 target=31348 what=PTRACE_SINGLESTEP(None) rc=0 site=reverie-ptrace/src/task.rs:5455
PROBE[exec-edge-ok] t=133736857259252 (dt=1014us) caller=31354 target=31348 what=WAITID(P_PIDFD) thread=Some("guest-31348") result=Ok(Some("0x57f")) rc=0 site=safeptrace/src/notifier.rs:1858
PROBE[exec-edge-ok] t=133736857294946 (dt=979us) caller=31296 target=31357 what=PTRACE_CONT(resume,None) rc=0 site=reverie-ptrace/src/task.rs:5444
PROBE[exec-edge-ok] t=133736857342297 (dt=931us) caller=31296 target=31348 what=PTRACE_CONT(resume,None) rc=0 site=reverie-ptrace/src/task.rs:5444
PROBE[exec-edge-ok] t=133736857551431 (dt=722us) caller=31354 target=31348 what=WAITID(P_PIDFD) thread=Some("guest-31348") result=Ok(Some("0x6057f")) rc=0 site=safeptrace/src/notifier.rs:1858
PROBE[exec-edge-ok] t=133736857582608 (dt=691us) caller=31296 target=31348 what=drive_ordinary: ExitFuture resolved ok=true main=true rc=0 site=reverie-ptrace/src/task.rs:6946
PROBE[exec-edge-ok] t=133736857588387 (dt=685us) caller=31296 target=31348 what=finish_ordinary_terminal entered with Ok(Stopped) rc=0 site=reverie-ptrace/src/tracer.rs:543
PROBE[exec-edge-ok] t=133736857590280 (dt=683us) caller=31296 target=31348 what=GETEVENTMSG-before rc=0 site=reverie-ptrace/src/tracer.rs:556
PROBE[exec-edge-ok] t=133736857592372 (dt=681us) caller=31296 target=31348 what=GETEVENTMSG-after rc=0 site=reverie-ptrace/src/tracer.rs:556
PROBE[exec-edge-ok] t=133736857599884 (dt=674us) caller=31296 target=31348 what=PTRACE_CONT(resume_retaining,None) rc=0 site=reverie-ptrace/src/tracer.rs:613
PROBE[exec-edge-ok] t=133736857669228 (dt=604us) caller=31358 target=31357 what=WAITID(P_PIDFD) thread=Some("guest-31357") result=Err(ECHILD) rc=0 site=safeptrace/src/notifier.rs:1858
PROBE[exec-edge-ok] t=133736857750169 (dt=523us) caller=31296 target=31357 what=drive_ordinary: ExitFuture resolved ok=false main=false rc=0 site=reverie-ptrace/src/task.rs:6946
PROBE[exec-edge-ok] t=133736858114597 (dt=159us) caller=31354 target=31348 what=WAITID(P_PIDFD) thread=Some("guest-31348") result=Ok(Some("0x4057f")) rc=0 site=safeptrace/src/notifier.rs:1858
PROBE[exec-edge-ok] t=133736858128347 (dt=145us) caller=31296 target=31348 what=GETEVENTMSG-before rc=0 site=safeptrace/src/lib.rs:246
PROBE[exec-edge-ok] t=133736858130220 (dt=143us) caller=31296 target=31348 what=GETEVENTMSG-after rc=31357 site=safeptrace/src/lib.rs:246
PROBE[exec-edge-ok] t=133736858273505 (dt=0us) caller=31296 target=31348 what=EXEC-EDGE observed former=31357 exit_status=Some(Exited(0)) esrch=None snapshot: [task 31348: State: t (tracing stop) | Pid: 31348 | TracerPid: 31296 | SigPnd: 0000000000000000 | ShdPnd: 0000000000000000 | stat.state=t stat.exit_code=0 | wchan=ptrace_stop] rc=0 site=reverie-ptrace/src/tracer.rs:675
actual delivered marker observations: tracer=31286, rows=[]
exec owner before rescue: fail=true, timer_mode=0, root_absent=true, events=[(0, Pid(31348), 31348, None), (0, Pid(31357), 31357, None), (2, Pid(31348), 31348, Some(Exited(0))), (2, Pid(31348), 31357, Some(Signaled(SIGKILL, false))), (3, Pid(31348), 0, Some(Signaled(SIGKILL, false)))], elapsed=39.159884ms, outcome=Complete(Err(PtraceRunFailure { primary: Tool(ordinary nonleader failure control), origin: BackendFailure { pid: Pid(31348), tid: Pid(31348), phase: "ptrace replaced leader on_exit_thread" }, secondary: [], captured_prefix: Some(CapturedPrefix { stdout: [], stderr: [] }) }))
actual perf exec handoff: ExecTimerTransfer { displaced: Some(ExecTimerIdentity { clock_fd: 38, timer_fd: 37, clock_event_id: 6843032, timer_event_id: 6843031, artificial_pending: false, artificial_signal_sent: false, cancelled: true, guest_pid: Pid(31348), guest_tid: Pid(31348), kernel_owner_tid: Pid(31348) }), before: Some(ExecTimerIdentity { clock_fd: 61, timer_fd: 60, clock_event_id: 6843034, timer_event_id: 6843033, artificial_pending: false, artificial_signal_sent: false, cancelled: true, guest_pid: Pid(31348), guest_tid: Pid(31357), kernel_owner_tid: Pid(0) }), after: Some(ExecTimerIdentity { clock_fd: 61, timer_fd: 60, clock_event_id: 6843034, timer_event_id: 6843033, artificial_pending: false, artificial_signal_sent: false, cancelled: true, guest_pid: Pid(31348), guest_tid: Pid(31348), kernel_owner_tid: Pid(31348) }), displaced_fds_closed: true }

---- tracer::tests::ordinary_nonleader_exec_transfers_state_and_consumes_old_leader_once stdout ----
PROBE[exec-edge-ok] t=133736859870243 (dt=2569us) caller=31362 target=31361 what=WAITID(P_PIDFD) thread=Some("guest-31361") result=Ok(Some("0x137f")) rc=0 site=safeptrace/src/notifier.rs:1858
PROBE[exec-edge-ok] t=133736860224194 (dt=2215us) caller=31360 target=31361 what=PTRACE_SINGLESTEP(None) rc=0 site=reverie-ptrace/src/task.rs:2719
PROBE[exec-edge-ok] t=133736860264464 (dt=2174us) caller=31362 target=31361 what=WAITID(P_PIDFD) thread=Some("guest-31361") result=Ok(Some("0x57f")) rc=0 site=safeptrace/src/notifier.rs:1858
PROBE[exec-edge-ok] t=133736860428301 (dt=2011us) caller=31360 target=31361 what=PTRACE_SINGLESTEP(None) rc=0 site=reverie-ptrace/src/task.rs:5455
PROBE[exec-edge-ok] t=133736860440779 (dt=1998us) caller=31362 target=31361 what=WAITID(P_PIDFD) thread=Some("guest-31361") result=Ok(Some("0x57f")) rc=0 site=safeptrace/src/notifier.rs:1858
PROBE[exec-edge-ok] t=133736860747009 (dt=1692us) caller=31360 target=31361 what=PTRACE_CONT(resume,None) rc=0 site=reverie-ptrace/src/task.rs:5444
PROBE[exec-edge-ok] t=133736860901471 (dt=1537us) caller=31362 target=31361 what=WAITID(P_PIDFD) thread=Some("guest-31361") result=Ok(Some("0x3057f")) rc=0 site=safeptrace/src/notifier.rs:1858
PROBE[exec-edge-ok] t=133736860915582 (dt=1523us) caller=31360 target=31361 what=GETEVENTMSG-before rc=0 site=safeptrace/src/lib.rs:234
PROBE[exec-edge-ok] t=133736860919478 (dt=1519us) caller=31360 target=31361 what=GETEVENTMSG-after rc=31363 site=safeptrace/src/lib.rs:234
PROBE[exec-edge-ok] t=133736861309513 (dt=1129us) caller=31364 target=31363 what=WAITID(P_PIDFD) thread=Some("guest-31363") result=Ok(Some("0x137f")) rc=0 site=safeptrace/src/notifier.rs:1858
PROBE[exec-edge-ok] t=133736861634061 (dt=805us) caller=31360 target=31361 what=PTRACE_SINGLESTEP(None) rc=0 site=reverie-ptrace/src/task.rs:5455
PROBE[exec-edge-ok] t=133736861646860 (dt=792us) caller=31362 target=31361 what=WAITID(P_PIDFD) thread=Some("guest-31361") result=Ok(Some("0x57f")) rc=0 site=safeptrace/src/notifier.rs:1858
PROBE[exec-edge-ok] t=133736861706610 (dt=732us) caller=31360 target=31363 what=PTRACE_CONT(resume,None) rc=0 site=reverie-ptrace/src/task.rs:5444
PROBE[exec-edge-ok] t=133736861759729 (dt=679us) caller=31360 target=31361 what=PTRACE_CONT(resume,None) rc=0 site=reverie-ptrace/src/task.rs:5444
PROBE[exec-edge-ok] t=133736861896915 (dt=542us) caller=31362 target=31361 what=WAITID(P_PIDFD) thread=Some("guest-31361") result=Ok(Some("0x6057f")) rc=0 site=safeptrace/src/notifier.rs:1858
PROBE[exec-edge-ok] t=133736861923195 (dt=516us) caller=31360 target=31361 what=drive_ordinary: ExitFuture resolved ok=true main=true rc=0 site=reverie-ptrace/src/task.rs:6946
PROBE[exec-edge-ok] t=133736861930196 (dt=509us) caller=31360 target=31361 what=finish_ordinary_terminal entered with Ok(Stopped) rc=0 site=reverie-ptrace/src/tracer.rs:543
PROBE[exec-edge-ok] t=133736861933040 (dt=506us) caller=31360 target=31361 what=GETEVENTMSG-before rc=0 site=reverie-ptrace/src/tracer.rs:556
PROBE[exec-edge-ok] t=133736861935233 (dt=504us) caller=31360 target=31361 what=GETEVENTMSG-after rc=0 site=reverie-ptrace/src/tracer.rs:556
PROBE[exec-edge-ok] t=133736861939229 (dt=500us) caller=31360 target=31361 what=PTRACE_CONT(resume_retaining,None) rc=0 site=reverie-ptrace/src/tracer.rs:613
PROBE[exec-edge-ok] t=133736861970886 (dt=468us) caller=31364 target=31363 what=WAITID(P_PIDFD) thread=Some("guest-31363") result=Err(ECHILD) rc=0 site=safeptrace/src/notifier.rs:1858
PROBE[exec-edge-ok] t=133736862007011 (dt=432us) caller=31360 target=31363 what=drive_ordinary: ExitFuture resolved ok=false main=false rc=0 site=reverie-ptrace/src/task.rs:6946
PROBE[exec-edge-ok] t=133736862286010 (dt=153us) caller=31362 target=31361 what=WAITID(P_PIDFD) thread=Some("guest-31361") result=Ok(Some("0x4057f")) rc=0 site=safeptrace/src/notifier.rs:1858
PROBE[exec-edge-ok] t=133736862293461 (dt=145us) caller=31360 target=31361 what=GETEVENTMSG-before rc=0 site=safeptrace/src/lib.rs:246
PROBE[exec-edge-ok] t=133736862294873 (dt=144us) caller=31360 target=31361 what=GETEVENTMSG-after rc=31363 site=safeptrace/src/lib.rs:246
PROBE[exec-edge-ok] t=133736862438759 (dt=0us) caller=31360 target=31361 what=EXEC-EDGE observed former=31363 exit_status=Some(Exited(0)) esrch=None snapshot: [task 31361: State: t (tracing stop) | Pid: 31361 | TracerPid: 31360 | SigPnd: 0000000000000000 | ShdPnd: 0000000000000000 | stat.state=t stat.exit_code=0 | wchan=ptrace_stop] rc=0 site=reverie-ptrace/src/tracer.rs:675
actual delivered marker observations: tracer=31286, rows=[(31361, 16, 1, 65, 150511, false, false)]
exec owner before rescue: fail=false, timer_mode=0, root_absent=true, events=[(0, Pid(31361), 31361, None), (0, Pid(31363), 31363, None), (2, Pid(31361), 31361, Some(Exited(0))), (1, Pid(31361), 31363, None), (5, Pid(31361), 50450, None), (9, Pid(31361), 150511, None), (4, Pid(31361), 31363, None), (6, Pid(31361), 1050695, None), (2, Pid(31361), 31363, Some(Exited(0))), (3, Pid(31361), 0, Some(Exited(0)))], elapsed=4.682029ms, outcome=Complete(Ok(Output { status: Exited(0), stdout: "survived", stderr: "" }))
actual perf exec handoff: ExecTimerTransfer { displaced: Some(ExecTimerIdentity { clock_fd: 38, timer_fd: 37, clock_event_id: 6843036, timer_event_id: 6843035, artificial_pending: false, artificial_signal_sent: false, cancelled: true, guest_pid: Pid(31361), guest_tid: Pid(31361), kernel_owner_tid: Pid(31361) }), before: Some(ExecTimerIdentity { clock_fd: 61, timer_fd: 60, clock_event_id: 6843038, timer_event_id: 6843037, artificial_pending: false, artificial_signal_sent: false, cancelled: true, guest_pid: Pid(31361), guest_tid: Pid(31363), kernel_owner_tid: Pid(0) }), after: Some(ExecTimerIdentity { clock_fd: 61, timer_fd: 60, clock_event_id: 6843038, timer_event_id: 6843037, artificial_pending: false, artificial_signal_sent: false, cancelled: true, guest_pid: Pid(31361), guest_tid: Pid(31361), kernel_owner_tid: Pid(31361) }), displaced_fds_closed: true }

---- tracer::tests::ordinary_nonleader_injected_exec_echild_awaits_leader_exec_edge stdout ----
PROBE[exec-edge-ok] t=133736865447206 (dt=2911us) caller=31367 target=31366 what=WAITID(P_PIDFD) thread=Some("guest-31366") result=Ok(Some("0x137f")) rc=0 site=safeptrace/src/notifier.rs:1858
PROBE[exec-edge-ok] t=133736865913656 (dt=2445us) caller=31365 target=31366 what=PTRACE_SINGLESTEP(None) rc=0 site=reverie-ptrace/src/task.rs:2719
PROBE[exec-edge-ok] t=133736865962049 (dt=2396us) caller=31367 target=31366 what=WAITID(P_PIDFD) thread=Some("guest-31366") result=Ok(Some("0x57f")) rc=0 site=safeptrace/src/notifier.rs:1858
PROBE[exec-edge-ok] t=133736866115529 (dt=2243us) caller=31365 target=31366 what=PTRACE_SINGLESTEP(None) rc=0 site=reverie-ptrace/src/task.rs:5455
PROBE[exec-edge-ok] t=133736866133917 (dt=2225us) caller=31367 target=31366 what=WAITID(P_PIDFD) thread=Some("guest-31366") result=Ok(Some("0x57f")) rc=0 site=safeptrace/src/notifier.rs:1858
PROBE[exec-edge-ok] t=133736866387998 (dt=1970us) caller=31365 target=31366 what=PTRACE_CONT(resume,None) rc=0 site=reverie-ptrace/src/task.rs:5444
PROBE[exec-edge-ok] t=133736866572365 (dt=1786us) caller=31367 target=31366 what=WAITID(P_PIDFD) thread=Some("guest-31366") result=Ok(Some("0x3057f")) rc=0 site=safeptrace/src/notifier.rs:1858
PROBE[exec-edge-ok] t=133736866588299 (dt=1770us) caller=31365 target=31366 what=GETEVENTMSG-before rc=0 site=safeptrace/src/lib.rs:234
PROBE[exec-edge-ok] t=133736866592816 (dt=1766us) caller=31365 target=31366 what=GETEVENTMSG-after rc=31368 site=safeptrace/src/lib.rs:234
PROBE[exec-edge-ok] t=133736867013257 (dt=1345us) caller=31369 target=31368 what=WAITID(P_PIDFD) thread=Some("guest-31368") result=Ok(Some("0x137f")) rc=0 site=safeptrace/src/notifier.rs:1858
PROBE[exec-edge-ok] t=133736867311465 (dt=1047us) caller=31365 target=31366 what=PTRACE_SINGLESTEP(None) rc=0 site=reverie-ptrace/src/task.rs:5455
PROBE[exec-edge-ok] t=133736867328380 (dt=1030us) caller=31367 target=31366 what=WAITID(P_PIDFD) thread=Some("guest-31366") result=Ok(Some("0x57f")) rc=0 site=safeptrace/src/notifier.rs:1858
PROBE[exec-edge-ok] t=133736867374289 (dt=984us) caller=31365 target=31368 what=PTRACE_CONT(resume,None) rc=0 site=reverie-ptrace/src/task.rs:5444
PROBE[exec-edge-ok] t=133736867428020 (dt=930us) caller=31365 target=31366 what=PTRACE_CONT(resume,None) rc=0 site=reverie-ptrace/src/task.rs:5444
PROBE[exec-edge-ok] t=133736867460769 (dt=898us) caller=31369 target=31368 what=WAITID(P_PIDFD) thread=Some("guest-31368") result=Ok(Some("0x7057f")) rc=0 site=safeptrace/src/notifier.rs:1858
PROBE[exec-edge-ok] t=133736867542491 (dt=816us) caller=31365 target=31368 what=PTRACE_SYSCALL(None) rc=0 site=reverie-ptrace/src/task.rs:5466
PROBE[exec-edge-ok] t=133736867671856 (dt=687us) caller=31367 target=31366 what=WAITID(P_PIDFD) thread=Some("guest-31366") result=Ok(Some("0x6057f")) rc=0 site=safeptrace/src/notifier.rs:1858
PROBE[exec-edge-ok] t=133736867700799 (dt=658us) caller=31365 target=31366 what=drive_ordinary: ExitFuture resolved ok=true main=true rc=0 site=reverie-ptrace/src/task.rs:6946
PROBE[exec-edge-ok] t=133736867708691 (dt=650us) caller=31365 target=31366 what=finish_ordinary_terminal entered with Ok(Stopped) rc=0 site=reverie-ptrace/src/tracer.rs:543
PROBE[exec-edge-ok] t=133736867711195 (dt=647us) caller=31365 target=31366 what=GETEVENTMSG-before rc=0 site=reverie-ptrace/src/tracer.rs:556
PROBE[exec-edge-ok] t=133736867713478 (dt=645us) caller=31365 target=31366 what=GETEVENTMSG-after rc=0 site=reverie-ptrace/src/tracer.rs:556
PROBE[exec-edge-ok] t=133736867717505 (dt=641us) caller=31365 target=31366 what=PTRACE_CONT(resume_retaining,None) rc=0 site=reverie-ptrace/src/tracer.rs:613
PROBE[exec-edge-ok] t=133736867757565 (dt=601us) caller=31369 target=31368 what=WAITID(P_PIDFD) thread=Some("guest-31368") result=Err(ECHILD) rc=0 site=safeptrace/src/notifier.rs:1858
PROBE[exec-edge-ok] t=133736868186078 (dt=172us) caller=31367 target=31366 what=WAITID(P_PIDFD) thread=Some("guest-31366") result=Ok(Some("0x4057f")) rc=0 site=safeptrace/src/notifier.rs:1858
PROBE[exec-edge-ok] t=133736868204075 (dt=154us) caller=31365 target=31366 what=GETEVENTMSG-before rc=0 site=safeptrace/src/lib.rs:246
PROBE[exec-edge-ok] t=133736868206739 (dt=152us) caller=31365 target=31366 what=GETEVENTMSG-after rc=31368 site=safeptrace/src/lib.rs:246
PROBE[exec-edge-ok] t=133736868358336 (dt=0us) caller=31365 target=31366 what=EXEC-EDGE observed former=31368 exit_status=Some(Exited(0)) esrch=None snapshot: [task 31366: State: t (tracing stop) | Pid: 31366 | TracerPid: 31365 | SigPnd: 0000000000000000 | ShdPnd: 0000000000000000 | stat.state=t stat.exit_code=0 | wchan=ptrace_stop] rc=0 site=reverie-ptrace/src/tracer.rs:675

---- tracer::tests::ordinary_nonleader_success_preserves_exit_callbacks stdout ----
ordinary cleanup control: root=31392, descendant=0, fail=false, fork=false, newborn=false, timeout=false, root_absent=true, descendant_absent=true, post_syscall=1, sentinel_untouched=true
fatal physical identity: tid=31392, initial=TraceeSnapshot { tgid: Pid(31392), ppid: Pid(31286), tracer_pid: Pid(31382), start_time: 13373687 }, proc_inode=2989485157, same_process=false, stat=Err(Os { code: 3, kind: Uncategorized, message: "No such process" }), status=Err(Os { code: 3, kind: Uncategorized, message: "No such process" }), pidfd_poll=1, pidfd_revents=17, pidfd_signal0=Err(ESRCH)
fatal original notifier: tid=31392, terminal=Ok(Some(Exited(0))), retired=true, held_stop=false
fatal original notifier: tid=31396, terminal=Ok(Some(Exited(0))), retired=true, held_stop=false
fatal chronology: Some((["RootStopLease step before: tid=31392, siginfo=Ok((19, -6)), terminal=Ok(None)", "RootStopLease step result: Ok(Running(Pid(31392), TraceeToken { event: EventHandle(EventGeneration { event: Event { exit_waiters: ExitWaiters { waiters: Mutex { data: [] } }, exit_publication: Mutex { data: () }, status_waker: WakerSlot { waker: Mutex { data: Some(Waker { data: 0x7f94a8015100, vtable: 0x55dda360fb68 }) }, data: 0x7f94a8015100, vtable: 0x55dda360fb68 }, status: Mutex { data: StatusState { pending: [], terminal: -1 } }, status_changed: Condvar { .. }, exit_status: 0, exit_capability: 0, exit_epoch: 0, registration_error: Mutex { data: None }, worker_state: 2, worker_done_lock: Mutex { data: () }, worker_done_changed: Condvar { .. }, cleanup_cancel_requested: false, cleanup_claim_waiters: 0, wait_owner: 2, wait_owner_lock: Mutex { data: () }, wait_owner_changed: Condvar { .. } }, identity: OnceLock(WorkerIdentity { pid: Pid(31392), snapshot: WorkerProcSnapshot { tgid: Pid(31392), tracer_pid: Pid(31382), start_time: 13373687 }, pidfd: OwnedFd { fd: 36 }, proc_dir: OwnedFd { fd: 38 }, proc_inode: 2989485157 }), authoritative: OnceLock(<uninit>) }) }))", "RootStopLease step before: tid=31392, siginfo=Ok((5, 1)), terminal=Ok(None)", "RootStopLease step result: Ok(Running(Pid(31392), TraceeToken { event: EventHandle(EventGeneration { event: Event { exit_waiters: ExitWaiters { waiters: Mutex { data: [] } }, exit_publication: Mutex { data: () }, status_waker: WakerSlot { waker: Mutex { data: Some(Waker { data: 0x7f94a8015100, vtable: 0x55dda360fb68 }) }, data: 0x7f94a8015100, vtable: 0x55dda360fb68 }, status: Mutex { data: StatusState { pending: [], terminal: -1 } }, status_changed: Condvar { .. }, exit_status: 0, exit_capability: 0, exit_epoch: 0, registration_error: Mutex { data: None }, worker_state: 2, worker_done_lock: Mutex { data: () }, worker_done_changed: Condvar { .. }, cleanup_cancel_requested: false, cleanup_claim_waiters: 0, wait_owner: 2, wait_owner_lock: Mutex { data: () }, wait_owner_changed: Condvar { .. } }, identity: OnceLock(WorkerIdentity { pid: Pid(31392), snapshot: WorkerProcSnapshot { tgid: Pid(31392), tracer_pid: Pid(31382), start_time: 13373687 }, pidfd: OwnedFd { fd: 36 }, proc_dir: OwnedFd { fd: 38 }, proc_inode: 2989485157 }), authoritative: OnceLock(<uninit>) }) }))", "RootStopLease step before: tid=31392, siginfo=Ok((5, 773)), terminal=Ok(None)", "RootStopLease step result: Ok(Running(Pid(31392), TraceeToken { event: EventHandle(EventGeneration { event: Event { exit_waiters: ExitWaiters { waiters: Mutex { data: [(Weak)] } }, exit_publication: Mutex { data: () }, status_waker: WakerSlot { waker: Mutex { data: Some(Waker { data: 0x7f94a8015100, vtable: 0x55dda360fb68 }) }, data: 0x7f94a8015100, vtable: 0x55dda360fb68 }, status: Mutex { data: StatusState { pending: [], terminal: -1 } }, status_changed: Condvar { .. }, exit_status: 0, exit_capability: 0, exit_epoch: 0, registration_error: Mutex { data: None }, worker_state: 2, worker_done_lock: Mutex { data: () }, worker_done_changed: Condvar { .. }, cleanup_cancel_requested: false, cleanup_claim_waiters: 0, wait_owner: 2, wait_owner_lock: Mutex { data: () }, wait_owner_changed: Condvar { .. } }, identity: OnceLock(WorkerIdentity { pid: Pid(31392), snapshot: WorkerProcSnapshot { tgid: Pid(31392), tracer_pid: Pid(31382), start_time: 13373687 }, pidfd: OwnedFd { fd: 36 }, proc_dir: OwnedFd { fd: 38 }, proc_inode: 2989485157 }), authoritative: OnceLock(<uninit>) }) }))", "finish_ordinary_terminal entered: Ok(Stopped(Pid(31396), TraceeToken { event: EventHandle(EventGeneration { event: Event { exit_waiters: ExitWaiters { waiters: Mutex { data: [(Weak)] } }, exit_publication: Mutex { data: () }, status_waker: WakerSlot { waker: Mutex { data: Some(Waker { data: 0x7f94a8013e00, vtable: 0x55dda3610010 }) }, data: 0x7f94a8013e00, vtable: 0x55dda3610010 }, status: Mutex { data: StatusState { pending: [], terminal: -1 } }, status_changed: Condvar { .. }, exit_status: 1, exit_capability: 2, exit_epoch: 0, registration_error: Mutex { data: None }, worker_state: 2, worker_done_lock: Mutex { data: () }, worker_done_changed: Condvar { .. }, cleanup_cancel_requested: false, cleanup_claim_waiters: 0, wait_owner: 2, wait_owner_lock: Mutex { data: () }, wait_owner_changed: Condvar { .. } }, identity: OnceLock(WorkerIdentity { pid: Pid(31396), snapshot: WorkerProcSnapshot { tgid: Pid(31392), tracer_pid: Pid(31382), start_time: 13373687 }, pidfd: OwnedFd { fd: 61 }, proc_dir: OwnedFd { fd: 62 }, proc_inode: 2989485162 }), authoritative: OnceLock(<uninit>) }) }))", "finish getevent: tid=31396, result=Ok(0), terminal=Ok(None), retired=false", "finish_ordinary_terminal entered: Ok(Stopped(Pid(31392), TraceeToken { event: EventHandle(EventGeneration { event: Event { exit_waiters: ExitWaiters { waiters: Mutex { data: [(Weak)] } }, exit_publication: Mutex { data: () }, status_waker: WakerSlot { waker: Mutex { data: Some(Waker { data: 0x7f94a8015100, vtable: 0x55dda360fb68 }) }, data: 0x7f94a8015100, vtable: 0x55dda360fb68 }, status: Mutex { data: StatusState { pending: [], terminal: -1 } }, status_changed: Condvar { .. }, exit_status: 1, exit_capability: 2, exit_epoch: 0, registration_error: Mutex { data: None }, worker_state: 2, worker_done_lock: Mutex { data: () }, worker_done_changed: Condvar { .. }, cleanup_cancel_requested: false, cleanup_claim_waiters: 0, wait_owner: 2, wait_owner_lock: Mutex { data: () }, wait_owner_changed: Condvar { .. } }, identity: OnceLock(WorkerIdentity { pid: Pid(31392), snapshot: WorkerProcSnapshot { tgid: Pid(31392), tracer_pid: Pid(31382), start_time: 13373687 }, pidfd: OwnedFd { fd: 36 }, proc_dir: OwnedFd { fd: 38 }, proc_inode: 2989485157 }), authoritative: OnceLock(<uninit>) }) }))", "finish getevent: tid=31392, result=Ok(0), terminal=Ok(None), retired=false"], 0))
fatal legacy result: success(Exited(0)); consuming hooks: None

---- tracer::tests::ordinary_nonleader_tool_failure_cancels_pending_newborn_start stdout ----
fatal control raises original error in live tid 31404 (mode 2)
ordinary cleanup control: root=31400, descendant=0, fail=true, fork=false, newborn=true, timeout=false, root_absent=true, descendant_absent=true, post_syscall=0, sentinel_untouched=true
fatal physical identity: tid=31400, initial=TraceeSnapshot { tgid: Pid(31400), ppid: Pid(31286), tracer_pid: Pid(31398), start_time: 13373687 }, proc_inode=2989129094, same_process=false, stat=Err(Os { code: 3, kind: Uncategorized, message: "No such process" }), status=Err(Os { code: 3, kind: Uncategorized, message: "No such process" }), pidfd_poll=1, pidfd_revents=17, pidfd_signal0=Err(ESRCH)
fatal original notifier: tid=31400, terminal=Ok(Some(Signaled(SIGKILL, false))), retired=true, held_stop=false
fatal original notifier: tid=31402, terminal=Ok(Some(Signaled(SIGKILL, false))), retired=true, held_stop=false
fatal original notifier: tid=31404, terminal=Ok(Some(Signaled(SIGKILL, false))), retired=true, held_stop=false
fatal chronology: Some((["RootStopLease step before: tid=31400, siginfo=Ok((19, -6)), terminal=Ok(None)", "RootStopLease step result: Ok(Running(Pid(31400), TraceeToken { event: EventHandle(EventGeneration { event: Event { exit_waiters: ExitWaiters { waiters: Mutex { data: [] } }, exit_publication: Mutex { data: () }, status_waker: WakerSlot { waker: Mutex { data: Some(Waker { data: 0x7f94a8023d80, vtable: 0x55dda360fb68 }) }, data: 0x7f94a8023d80, vtable: 0x55dda360fb68 }, status: Mutex { data: StatusState { pending: [], terminal: -1 } }, status_changed: Condvar { .. }, exit_status: 0, exit_capability: 0, exit_epoch: 0, registration_error: Mutex { data: None }, worker_state: 2, worker_done_lock: Mutex { data: () }, worker_done_changed: Condvar { .. }, cleanup_cancel_requested: false, cleanup_claim_waiters: 0, wait_owner: 2, wait_owner_lock: Mutex { data: () }, wait_owner_changed: Condvar { .. } }, identity: OnceLock(WorkerIdentity { pid: Pid(31400), snapshot: WorkerProcSnapshot { tgid: Pid(31400), tracer_pid: Pid(31398), start_time: 13373687 }, pidfd: OwnedFd { fd: 36 }, proc_dir: OwnedFd { fd: 38 }, proc_inode: 2989129094 }), authoritative: OnceLock(<uninit>) }) }))", "RootStopLease step before: tid=31400, siginfo=Ok((5, 1)), terminal=Ok(None)", "RootStopLease step result: Ok(Running(Pid(31400), TraceeToken { event: EventHandle(EventGeneration { event: Event { exit_waiters: ExitWaiters { waiters: Mutex { data: [] } }, exit_publication: Mutex { data: () }, status_waker: WakerSlot { waker: Mutex { data: Some(Waker { data: 0x7f94a8023d80, vtable: 0x55dda360fb68 }) }, data: 0x7f94a8023d80, vtable: 0x55dda360fb68 }, status: Mutex { data: StatusState { pending: [], terminal: -1 } }, status_changed: Condvar { .. }, exit_status: 0, exit_capability: 0, exit_epoch: 0, registration_error: Mutex { data: None }, worker_state: 2, worker_done_lock: Mutex { data: () }, worker_done_changed: Condvar { .. }, cleanup_cancel_requested: false, cleanup_claim_waiters: 0, wait_owner: 2, wait_owner_lock: Mutex { data: () }, wait_owner_changed: Condvar { .. } }, identity: OnceLock(WorkerIdentity { pid: Pid(31400), snapshot: WorkerProcSnapshot { tgid: Pid(31400), tracer_pid: Pid(31398), start_time: 13373687 }, pidfd: OwnedFd { fd: 36 }, proc_dir: OwnedFd { fd: 38 }, proc_inode: 2989129094 }), authoritative: OnceLock(<uninit>) }) }))", "RootStopLease step before: tid=31400, siginfo=Ok((5, 773)), terminal=Ok(None)", "RootStopLease step result: Ok(Running(Pid(31400), TraceeToken { event: EventHandle(EventGeneration { event: Event { exit_waiters: ExitWaiters { waiters: Mutex { data: [(Weak)] } }, exit_publication: Mutex { data: () }, status_waker: WakerSlot { waker: Mutex { data: Some(Waker { data: 0x7f94a8023d80, vtable: 0x55dda360fb68 }) }, data: 0x7f94a8023d80, vtable: 0x55dda360fb68 }, status: Mutex { data: StatusState { pending: [], terminal: -1 } }, status_changed: Condvar { .. }, exit_status: 0, exit_capability: 0, exit_epoch: 0, registration_error: Mutex { data: None }, worker_state: 2, worker_done_lock: Mutex { data: () }, worker_done_changed: Condvar { .. }, cleanup_cancel_requested: false, cleanup_claim_waiters: 0, wait_owner: 2, wait_owner_lock: Mutex { data: () }, wait_owner_changed: Condvar { .. } }, identity: OnceLock(WorkerIdentity { pid: Pid(31400), snapshot: WorkerProcSnapshot { tgid: Pid(31400), tracer_pid: Pid(31398), start_time: 13373687 }, pidfd: OwnedFd { fd: 36 }, proc_dir: OwnedFd { fd: 38 }, proc_inode: 2989129094 }), authoritative: OnceLock(<uninit>) }) }))", "RootStopLease step before: tid=31400, siginfo=Ok((5, 773)), terminal=Ok(None)", "RootStopLease step result: Ok(Running(Pid(31400), TraceeToken { event: EventHandle(EventGeneration { event: Event { exit_waiters: ExitWaiters { waiters: Mutex { data: [(Weak)] } }, exit_publication: Mutex { data: () }, status_waker: WakerSlot { waker: Mutex { data: Some(Waker { data: 0x7f94a8023d80, vtable: 0x55dda360fb68 }) }, data: 0x7f94a8023d80, vtable: 0x55dda360fb68 }, status: Mutex { data: StatusState { pending: [], terminal: -1 } }, status_changed: Condvar { .. }, exit_status: 0, exit_capability: 0, exit_epoch: 0, registration_error: Mutex { data: None }, worker_state: 2, worker_done_lock: Mutex { data: () }, worker_done_changed: Condvar { .. }, cleanup_cancel_requested: false, cleanup_claim_waiters: 0, wait_owner: 2, wait_owner_lock: Mutex { data: () }, wait_owner_changed: Condvar { .. } }, identity: OnceLock(WorkerIdentity { pid: Pid(31400), snapshot: WorkerProcSnapshot { tgid: Pid(31400), tracer_pid: Pid(31398), start_time: 13373687 }, pidfd: OwnedFd { fd: 36 }, proc_dir: OwnedFd { fd: 38 }, proc_inode: 2989129094 }), authoritative: OnceLock(<uninit>) }) }))", "finish_ordinary_terminal entered: Ok(Stopped(Pid(31404), TraceeToken { event: EventHandle(EventGeneration { event: Event { exit_waiters: ExitWaiters { waiters: Mutex { data: [(Weak)] } }, exit_publication: Mutex { data: () }, status_waker: WakerSlot { waker: Mutex { data: Some(Waker { data: 0x7f94a8021f80, vtable: 0x55dda3610010 }) }, data: 0x7f94a8021f80, vtable: 0x55dda3610010 }, status: Mutex { data: StatusState { pending: [], terminal: -1 } }, status_changed: Condvar { .. }, exit_status: 1, exit_capability: 2, exit_epoch: 0, registration_error: Mutex { data: None }, worker_state: 2, worker_done_lock: Mutex { data: () }, worker_done_changed: Condvar { .. }, cleanup_cancel_requested: false, cleanup_claim_waiters: 0, wait_owner: 2, wait_owner_lock: Mutex { data: () }, wait_owner_changed: Condvar { .. } }, identity: OnceLock(WorkerIdentity { pid: Pid(31404), snapshot: WorkerProcSnapshot { tgid: Pid(31400), tracer_pid: Pid(31398), start_time: 13373688 }, pidfd: OwnedFd { fd: 74 }, proc_dir: OwnedFd { fd: 75 }, proc_inode: 2989129101 }), authoritative: OnceLock(<uninit>) }) }))", "finish getevent: tid=31404, result=Ok(9), terminal=Ok(None), retired=false", "finish_ordinary_terminal entered: Ok(Stopped(Pid(31402), TraceeToken { event: EventHandle(EventGeneration { event: Event { exit_waiters: ExitWaiters { waiters: Mutex { data: [(Weak)] } }, exit_publication: Mutex { data: () }, status_waker: WakerSlot { waker: Mutex { data: Some(Waker { data: 0x7f94a802a000, vtable: 0x55dda3610010 }) }, data: 0x7f94a802a000, vtable: 0x55dda3610010 }, status: Mutex { data: StatusState { pending: [], terminal: -1 } }, status_changed: Condvar { .. }, exit_status: 1, exit_capability: 2, exit_epoch: 0, registration_error: Mutex { data: None }, worker_state: 2, worker_done_lock: Mutex { data: () }, worker_done_changed: Condvar { .. }, cleanup_cancel_requested: false, cleanup_claim_waiters: 0, wait_owner: 2, wait_owner_lock: Mutex { data: () }, wait_owner_changed: Condvar { .. } }, identity: OnceLock(WorkerIdentity { pid: Pid(31402), snapshot: WorkerProcSnapshot { tgid: Pid(31400), tracer_pid: Pid(31398), start_time: 13373688 }, pidfd: OwnedFd { fd: 61 }, proc_dir: OwnedFd { fd: 62 }, proc_inode: 2989129098 }), authoritative: OnceLock(<uninit>) }) }))", "finish getevent: tid=31402, result=Ok(9), terminal=Ok(None), retired=false", "finish_ordinary_terminal entered: Ok(Stopped(Pid(31400), TraceeToken { event: EventHandle(EventGeneration { event: Event { exit_waiters: ExitWaiters { waiters: Mutex { data: [(Weak)] } }, exit_publication: Mutex { data: () }, status_waker: WakerSlot { waker: Mutex { data: Some(Waker { data: 0x7f94a8023d80, vtable: 0x55dda360fb68 }) }, data: 0x7f94a8023d80, vtable: 0x55dda360fb68 }, status: Mutex { data: StatusState { pending: [], terminal: -1 } }, status_changed: Condvar { .. }, exit_status: 1, exit_capability: 2, exit_epoch: 0, registration_error: Mutex { data: None }, worker_state: 2, worker_done_lock: Mutex { data: () }, worker_done_changed: Condvar { .. }, cleanup_cancel_requested: false, cleanup_claim_waiters: 0, wait_owner: 2, wait_owner_lock: Mutex { data: () }, wait_owner_changed: Condvar { .. } }, identity: OnceLock(WorkerIdentity { pid: Pid(31400), snapshot: WorkerProcSnapshot { tgid: Pid(31400), tracer_pid: Pid(31398), start_time: 13373687 }, pidfd: OwnedFd { fd: 36 }, proc_dir: OwnedFd { fd: 38 }, proc_inode: 2989129094 }), authoritative: OnceLock(<uninit>) }) }))", "finish getevent: tid=31400, result=Ok(9), terminal=Ok(None), retired=false"], 0))
fatal legacy result: error(Tool(ordinary nonleader failure control)), original_nonleader=true; consuming hooks: Some([(Pid(31400), None), (Pid(31402), None), (Pid(31404), None), (Pid(31404), Some(Signaled(SIGKILL, false))), (Pid(31402), Some(Signaled(SIGKILL, false))), (Pid(31400), Some(Signaled(SIGKILL, false)))])

---- tracer::tests::ordinary_nonleader_exec_postexec_timer_survives_internal_step stdout ----
PROBE[exec-edge-ok] t=133736820671220 (dt=28307us) caller=31312 target=31304 what=WAITID(P_PIDFD) thread=Some("guest-31304") result=Ok(Some("0x137f")) rc=0 site=safeptrace/src/notifier.rs:1858
PROBE[exec-edge-ok] t=133736821311361 (dt=27667us) caller=31297 target=31304 what=PTRACE_SINGLESTEP(None) rc=0 site=reverie-ptrace/src/task.rs:2719
PROBE[exec-edge-ok] t=133736821345282 (dt=27633us) caller=31312 target=31304 what=WAITID(P_PIDFD) thread=Some("guest-31304") result=Ok(Some("0x57f")) rc=0 site=safeptrace/src/notifier.rs:1858
PROBE[exec-edge-ok] t=133736821920535 (dt=27057us) caller=31297 target=31304 what=PTRACE_SINGLESTEP(None) rc=0 site=reverie-ptrace/src/task.rs:5455
PROBE[exec-edge-ok] t=133736821941017 (dt=27037us) caller=31312 target=31304 what=WAITID(P_PIDFD) thread=Some("guest-31304") result=Ok(Some("0x57f")) rc=0 site=safeptrace/src/notifier.rs:1858
PROBE[exec-edge-ok] t=133736822306635 (dt=26671us) caller=31297 target=31304 what=PTRACE_CONT(resume,None) rc=0 site=reverie-ptrace/src/task.rs:5444
PROBE[exec-edge-ok] t=133736822473516 (dt=26504us) caller=31312 target=31304 what=WAITID(P_PIDFD) thread=Some("guest-31304") result=Ok(Some("0x3057f")) rc=0 site=safeptrace/src/notifier.rs:1858
PROBE[exec-edge-ok] t=133736822492364 (dt=26486us) caller=31297 target=31304 what=GETEVENTMSG-before rc=0 site=safeptrace/src/lib.rs:234
PROBE[exec-edge-ok] t=133736822496370 (dt=26482us) caller=31297 target=31304 what=GETEVENTMSG-after rc=31320 site=safeptrace/src/lib.rs:234
PROBE[exec-edge-ok] t=133736847416274 (dt=1562us) caller=31344 target=31320 what=WAITID(P_PIDFD) thread=Some("guest-31320") result=Ok(Some("0x137f")) rc=0 site=safeptrace/src/notifier.rs:1858
PROBE[exec-edge-ok] t=133736847825940 (dt=1152us) caller=31297 target=31304 what=PTRACE_SINGLESTEP(None) rc=0 site=reverie-ptrace/src/task.rs:5455
PROBE[exec-edge-ok] t=133736847861783 (dt=1116us) caller=31312 target=31304 what=WAITID(P_PIDFD) thread=Some("guest-31304") result=Ok(Some("0x57f")) rc=0 site=safeptrace/src/notifier.rs:1858
PROBE[exec-edge-ok] t=133736848015184 (dt=963us) caller=31297 target=31320 what=PTRACE_CONT(resume,None) rc=0 site=reverie-ptrace/src/task.rs:5444
PROBE[exec-edge-ok] t=133736848117477 (dt=860us) caller=31297 target=31304 what=PTRACE_CONT(resume,None) rc=0 site=reverie-ptrace/src/task.rs:5444
PROBE[exec-edge-ok] t=133736848295334 (dt=683us) caller=31312 target=31304 what=WAITID(P_PIDFD) thread=Some("guest-31304") result=Ok(Some("0x6057f")) rc=0 site=safeptrace/src/notifier.rs:1858
PROBE[exec-edge-ok] t=133736848331328 (dt=647us) caller=31297 target=31304 what=drive_ordinary: ExitFuture resolved ok=true main=true rc=0 site=reverie-ptrace/src/task.rs:6946
PROBE[exec-edge-ok] t=133736848339921 (dt=638us) caller=31297 target=31304 what=finish_ordinary_terminal entered with Ok(Stopped) rc=0 site=reverie-ptrace/src/tracer.rs:543
PROBE[exec-edge-ok] t=133736848342535 (dt=635us) caller=31297 target=31304 what=GETEVENTMSG-before rc=0 site=reverie-ptrace/src/tracer.rs:556
PROBE[exec-edge-ok] t=133736848346371 (dt=632us) caller=31297 target=31304 what=GETEVENTMSG-after rc=0 site=reverie-ptrace/src/tracer.rs:556
PROBE[exec-edge-ok] t=133736848350087 (dt=628us) caller=31297 target=31304 what=PTRACE_CONT(resume_retaining,None) rc=0 site=reverie-ptrace/src/tracer.rs:613
PROBE[exec-edge-ok] t=133736848402094 (dt=576us) caller=31344 target=31320 what=WAITID(P_PIDFD) thread=Some("guest-31320") result=Err(ECHILD) rc=0 site=safeptrace/src/notifier.rs:1858
PROBE[exec-edge-ok] t=133736848473732 (dt=504us) caller=31297 target=31320 what=drive_ordinary: ExitFuture resolved ok=false main=false rc=0 site=reverie-ptrace/src/task.rs:6946
PROBE[exec-edge-ok] t=133736848798049 (dt=180us) caller=31312 target=31304 what=WAITID(P_PIDFD) thread=Some("guest-31304") result=Ok(Some("0x4057f")) rc=0 site=safeptrace/src/notifier.rs:1858
PROBE[exec-edge-ok] t=133736848813192 (dt=165us) caller=31297 target=31304 what=GETEVENTMSG-before rc=0 site=safeptrace/src/lib.rs:246
PROBE[exec-edge-ok] t=133736848815395 (dt=163us) caller=31297 target=31304 what=GETEVENTMSG-after rc=31320 site=safeptrace/src/lib.rs:246
PROBE[exec-edge-ok] t=133736848977709 (dt=0us) caller=31297 target=31304 what=EXEC-EDGE observed former=31320 exit_status=Some(Exited(0)) esrch=None snapshot: [task 31304: State: t (tracing stop) | Pid: 31304 | TracerPid: 31297 | SigPnd: 0000000000000000 | ShdPnd: 0000000000000000 | stat.state=t stat.exit_code=0 | wchan=ptrace_stop] rc=0 site=reverie-ptrace/src/tracer.rs:675
actual delivered marker observations: tracer=31286, rows=[(31304, 16, 1, 65, 100562, false, false)]
exec owner before rescue: fail=false, timer_mode=1, root_absent=true, events=[(0, Pid(31304), 31304, None), (0, Pid(31320), 31320, None), (2, Pid(31304), 31304, Some(Exited(0))), (1, Pid(31304), 31320, None), (9, Pid(31304), 100562, None), (4, Pid(31304), 31320, None), (2, Pid(31304), 31320, Some(Exited(0))), (3, Pid(31304), 0, Some(Exited(0)))], elapsed=82.9896ms, outcome=Complete(Ok(Output { status: Exited(0), stdout: "survived", stderr: "" }))
actual perf exec handoff: ExecTimerTransfer { displaced: Some(ExecTimerIdentity { clock_fd: 36, timer_fd: 30, clock_event_id: 6843022, timer_event_id: 6843019, artificial_pending: false, artificial_signal_sent: false, cancelled: true, guest_pid: Pid(31304), guest_tid: Pid(31304), kernel_owner_tid: Pid(31304) }), before: Some(ExecTimerIdentity { clock_fd: 71, timer_fd: 69, clock_event_id: 6843030, timer_event_id: 6843029, artificial_pending: false, artificial_signal_sent: false, cancelled: true, guest_pid: Pid(31304), guest_tid: Pid(31320), kernel_owner_tid: Pid(0) }), after: Some(ExecTimerIdentity { clock_fd: 71, timer_fd: 69, clock_event_id: 6843030, timer_event_id: 6843029, artificial_pending: false, artificial_signal_sent: false, cancelled: true, guest_pid: Pid(31304), guest_tid: Pid(31304), kernel_owner_tid: Pid(31304) }), displaced_fds_closed: true }

---- tracer::tests::ordinary_nonleader_exec_run_loop_echild_awaits_leader_exec_edge stdout ----
PROBE[exec-edge-ok] t=133736820781986 (dt=27847us) caller=31313 target=31306 what=WAITID(P_PIDFD) thread=Some("guest-31306") result=Ok(Some("0x137f")) rc=0 site=safeptrace/src/notifier.rs:1858
PROBE[exec-edge-ok] t=133736821319473 (dt=27309us) caller=31299 target=31306 what=PTRACE_SINGLESTEP(None) rc=0 site=reverie-ptrace/src/task.rs:2719
PROBE[exec-edge-ok] t=133736821395227 (dt=27233us) caller=31313 target=31306 what=WAITID(P_PIDFD) thread=Some("guest-31306") result=Ok(Some("0x57f")) rc=0 site=safeptrace/src/notifier.rs:1858
PROBE[exec-edge-ok] t=133736821915007 (dt=26714us) caller=31299 target=31306 what=PTRACE_SINGLESTEP(None) rc=0 site=reverie-ptrace/src/task.rs:5455
PROBE[exec-edge-ok] t=133736821942338 (dt=26686us) caller=31313 target=31306 what=WAITID(P_PIDFD) thread=Some("guest-31306") result=Ok(Some("0x57f")) rc=0 site=safeptrace/src/notifier.rs:1858
PROBE[exec-edge-ok] t=133736822309600 (dt=26319us) caller=31299 target=31306 what=PTRACE_CONT(resume,None) rc=0 site=reverie-ptrace/src/task.rs:5444
PROBE[exec-edge-ok] t=133736822513145 (dt=26115us) caller=31313 target=31306 what=WAITID(P_PIDFD) thread=Some("guest-31306") result=Ok(Some("0x3057f")) rc=0 site=safeptrace/src/notifier.rs:1858
PROBE[exec-edge-ok] t=133736822528849 (dt=26100us) caller=31299 target=31306 what=GETEVENTMSG-before rc=0 site=safeptrace/src/lib.rs:234
PROBE[exec-edge-ok] t=133736822533155 (dt=26095us) caller=31299 target=31306 what=GETEVENTMSG-after rc=31322 site=safeptrace/src/lib.rs:234
PROBE[exec-edge-ok] t=133736822991914 (dt=25637us) caller=31325 target=31322 what=WAITID(P_PIDFD) thread=Some("guest-31322") result=Ok(Some("0x137f")) rc=0 site=safeptrace/src/notifier.rs:1858
PROBE[exec-edge-ok] t=133736847428973 (dt=1200us) caller=31299 target=31306 what=PTRACE_SINGLESTEP(None) rc=0 site=reverie-ptrace/src/task.rs:5455
PROBE[exec-edge-ok] t=133736847473741 (dt=1155us) caller=31313 target=31306 what=WAITID(P_PIDFD) thread=Some("guest-31306") result=Ok(Some("0x57f")) rc=0 site=safeptrace/src/notifier.rs:1858
PROBE[exec-edge-ok] t=133736847605529 (dt=1023us) caller=31299 target=31322 what=PTRACE_CONT(resume,None) rc=0 site=reverie-ptrace/src/task.rs:5444
PROBE[exec-edge-ok] t=133736847698218 (dt=930us) caller=31299 target=31306 what=PTRACE_CONT(resume,None) rc=0 site=reverie-ptrace/src/task.rs:5444
PROBE[exec-edge-ok] t=133736847916856 (dt=712us) caller=31313 target=31306 what=WAITID(P_PIDFD) thread=Some("guest-31306") result=Ok(Some("0x6057f")) rc=0 site=safeptrace/src/notifier.rs:1858
PROBE[exec-edge-ok] t=133736847941763 (dt=687us) caller=31299 target=31306 what=drive_ordinary: ExitFuture resolved ok=true main=true rc=0 site=reverie-ptrace/src/task.rs:6946
PROBE[exec-edge-ok] t=133736847947973 (dt=681us) caller=31299 target=31306 what=finish_ordinary_terminal entered with Ok(Stopped) rc=0 site=reverie-ptrace/src/tracer.rs:543
PROBE[exec-edge-ok] t=133736847950136 (dt=678us) caller=31299 target=31306 what=GETEVENTMSG-before rc=0 site=reverie-ptrace/src/tracer.rs:556
PROBE[exec-edge-ok] t=133736847952810 (dt=676us) caller=31299 target=31306 what=GETEVENTMSG-after rc=0 site=reverie-ptrace/src/tracer.rs:556
PROBE[exec-edge-ok] t=133736847955884 (dt=673us) caller=31299 target=31306 what=PTRACE_CONT(resume_retaining,None) rc=0 site=reverie-ptrace/src/tracer.rs:613
PROBE[exec-edge-ok] t=133736848035684 (dt=593us) caller=31325 target=31322 what=WAITID(P_PIDFD) thread=Some("guest-31322") result=Err(ECHILD) rc=0 site=safeptrace/src/notifier.rs:1858
PROBE[exec-edge-ok] t=133736848464047 (dt=165us) caller=31313 target=31306 what=WAITID(P_PIDFD) thread=Some("guest-31306") result=Ok(Some("0x4057f")) rc=0 site=safeptrace/src/notifier.rs:1858
PROBE[exec-edge-ok] t=133736848479170 (dt=149us) caller=31299 target=31306 what=GETEVENTMSG-before rc=0 site=safeptrace/src/lib.rs:246
PROBE[exec-edge-ok] t=133736848482475 (dt=146us) caller=31299 target=31306 what=GETEVENTMSG-after rc=31322 site=safeptrace/src/lib.rs:246
PROBE[exec-edge-ok] t=133736848628384 (dt=0us) caller=31299 target=31306 what=EXEC-EDGE observed former=31322 exit_status=Some(Exited(0)) esrch=None snapshot: [task 31306: State: t (tracing stop) | Pid: 31306 | TracerPid: 31299 | SigPnd: 0000000000000000 | ShdPnd: 0000000000000000 | stat.state=t stat.exit_code=0 | wchan=ptrace_stop] rc=0 site=reverie-ptrace/src/tracer.rs:675
actual delivered marker observations: tracer=31286, rows=[(31306, 16, 1, 65, 100546, false, false)]
exec owner before rescue: fail=false, timer_mode=1, root_absent=true, events=[(0, Pid(31306), 31306, None), (0, Pid(31322), 31322, None), (2, Pid(31306), 31306, Some(Exited(0))), (1, Pid(31306), 31322, None), (9, Pid(31306), 100546, None), (4, Pid(31306), 31322, None), (2, Pid(31306), 31322, Some(Exited(0))), (3, Pid(31306), 0, Some(Exited(0)))], elapsed=83.006004ms, outcome=Complete(Ok(Output { status: Exited(0), stdout: "survived", stderr: "" }))
actual perf exec handoff: ExecTimerTransfer { displaced: Some(ExecTimerIdentity { clock_fd: 37, timer_fd: 34, clock_event_id: 6843024, timer_event_id: 6843020, artificial_pending: false, artificial_signal_sent: false, cancelled: true, guest_pid: Pid(31306), guest_tid: Pid(31306), kernel_owner_tid: Pid(31306) }), before: Some(ExecTimerIdentity { clock_fd: 66, timer_fd: 65, clock_event_id: 6843026, timer_event_id: 6843025, artificial_pending: false, artificial_signal_sent: false, cancelled: true, guest_pid: Pid(31306), guest_tid: Pid(31322), kernel_owner_tid: Pid(0) }), after: Some(ExecTimerIdentity { clock_fd: 66, timer_fd: 65, clock_event_id: 6843026, timer_event_id: 6843025, artificial_pending: false, artificial_signal_sent: false, cancelled: true, guest_pid: Pid(31306), guest_tid: Pid(31306), kernel_owner_tid: Pid(31306) }), displaced_fds_closed: true }
nonleader run loop stayed pending on: ["wait after initial tracee resume"]

---- tracer::tests::ordinary_nonleader_exec_real_signal_cancels_postexec_timer stdout ----
PROBE[exec-edge-ok] t=133736820834175 (dt=27689us) caller=31315 target=31309 what=WAITID(P_PIDFD) thread=Some("guest-31309") result=Ok(Some("0x137f")) rc=0 site=safeptrace/src/notifier.rs:1858
PROBE[exec-edge-ok] t=133736821319473 (dt=27204us) caller=31298 target=31309 what=PTRACE_SINGLESTEP(None) rc=0 site=reverie-ptrace/src/task.rs:2719
PROBE[exec-edge-ok] t=133736821394977 (dt=27128us) caller=31315 target=31309 what=WAITID(P_PIDFD) thread=Some("guest-31309") result=Ok(Some("0x57f")) rc=0 site=safeptrace/src/notifier.rs:1858
PROBE[exec-edge-ok] t=133736821936029 (dt=26587us) caller=31298 target=31309 what=PTRACE_SINGLESTEP(None) rc=0 site=reverie-ptrace/src/task.rs:5455
PROBE[exec-edge-ok] t=133736821982619 (dt=26541us) caller=31315 target=31309 what=WAITID(P_PIDFD) thread=Some("guest-31309") result=Ok(Some("0x57f")) rc=0 site=safeptrace/src/notifier.rs:1858
PROBE[exec-edge-ok] t=133736822309239 (dt=26214us) caller=31298 target=31309 what=PTRACE_CONT(resume,None) rc=0 site=reverie-ptrace/src/task.rs:5444
PROBE[exec-edge-ok] t=133736822513376 (dt=26010us) caller=31315 target=31309 what=WAITID(P_PIDFD) thread=Some("guest-31309") result=Ok(Some("0x3057f")) rc=0 site=safeptrace/src/notifier.rs:1858
PROBE[exec-edge-ok] t=133736822531653 (dt=25992us) caller=31298 target=31309 what=GETEVENTMSG-before rc=0 site=safeptrace/src/lib.rs:234
PROBE[exec-edge-ok] t=133736822534978 (dt=25988us) caller=31298 target=31309 what=GETEVENTMSG-after rc=31321 site=safeptrace/src/lib.rs:234
PROBE[exec-edge-ok] t=133736847390005 (dt=1133us) caller=31343 target=31321 what=WAITID(P_PIDFD) thread=Some("guest-31321") result=Ok(Some("0x137f")) rc=0 site=safeptrace/src/notifier.rs:1858
PROBE[exec-edge-ok] t=133736847562834 (dt=961us) caller=31298 target=31309 what=PTRACE_SINGLESTEP(None) rc=0 site=reverie-ptrace/src/task.rs:5455
PROBE[exec-edge-ok] t=133736847598588 (dt=925us) caller=31315 target=31309 what=WAITID(P_PIDFD) thread=Some("guest-31309") result=Ok(Some("0x57f")) rc=0 site=safeptrace/src/notifier.rs:1858
PROBE[exec-edge-ok] t=133736847657306 (dt=866us) caller=31298 target=31321 what=PTRACE_CONT(resume,None) rc=0 site=reverie-ptrace/src/task.rs:5444
PROBE[exec-edge-ok] t=133736847719510 (dt=804us) caller=31298 target=31309 what=PTRACE_CONT(resume,None) rc=0 site=reverie-ptrace/src/task.rs:5444
PROBE[exec-edge-ok] t=133736847876696 (dt=647us) caller=31315 target=31309 what=WAITID(P_PIDFD) thread=Some("guest-31309") result=Ok(Some("0x6057f")) rc=0 site=safeptrace/src/notifier.rs:1858
PROBE[exec-edge-ok] t=133736847912119 (dt=611us) caller=31298 target=31309 what=drive_ordinary: ExitFuture resolved ok=true main=true rc=0 site=reverie-ptrace/src/task.rs:6946
PROBE[exec-edge-ok] t=133736847920822 (dt=603us) caller=31298 target=31309 what=finish_ordinary_terminal entered with Ok(Stopped) rc=0 site=reverie-ptrace/src/tracer.rs:543
PROBE[exec-edge-ok] t=133736847923967 (dt=599us) caller=31298 target=31309 what=GETEVENTMSG-before rc=0 site=reverie-ptrace/src/tracer.rs:556
PROBE[exec-edge-ok] t=133736847927172 (dt=596us) caller=31298 target=31309 what=GETEVENTMSG-after rc=0 site=reverie-ptrace/src/tracer.rs:556
PROBE[exec-edge-ok] t=133736847930817 (dt=593us) caller=31298 target=31309 what=PTRACE_CONT(resume_retaining,None) rc=0 site=reverie-ptrace/src/tracer.rs:613
PROBE[exec-edge-ok] t=133736847970737 (dt=553us) caller=31343 target=31321 what=WAITID(P_PIDFD) thread=Some("guest-31321") result=Err(ECHILD) rc=0 site=safeptrace/src/notifier.rs:1858
PROBE[exec-edge-ok] t=133736848084308 (dt=439us) caller=31298 target=31321 what=drive_ordinary: ExitFuture resolved ok=false main=false rc=0 site=reverie-ptrace/src/task.rs:6946
PROBE[exec-edge-ok] t=133736848335264 (dt=188us) caller=31315 target=31309 what=WAITID(P_PIDFD) thread=Some("guest-31309") result=Ok(Some("0x4057f")) rc=0 site=safeptrace/src/notifier.rs:1858
PROBE[exec-edge-ok] t=133736848346551 (dt=177us) caller=31298 target=31309 what=GETEVENTMSG-before rc=0 site=safeptrace/src/lib.rs:246
PROBE[exec-edge-ok] t=133736848350808 (dt=173us) caller=31298 target=31309 what=GETEVENTMSG-after rc=31321 site=safeptrace/src/lib.rs:246
PROBE[exec-edge-ok] t=133736848523156 (dt=0us) caller=31298 target=31309 what=EXEC-EDGE observed former=31321 exit_status=Some(Exited(0)) esrch=None snapshot: [task 31309: State: t (tracing stop) | Pid: 31309 | TracerPid: 31298 | SigPnd: 0000000000000000 | ShdPnd: 0000000000000000 | stat.state=t stat.exit_code=0 | wchan=ptrace_stop] rc=0 site=reverie-ptrace/src/tracer.rs:675
actual delivered marker observations: tracer=31286, rows=[(31309, 16, 1, 65, 100541, true, false)]
exec owner before rescue: fail=false, timer_mode=2, root_absent=true, events=[(0, Pid(31309), 31309, None), (0, Pid(31321), 31321, None), (2, Pid(31309), 31309, Some(Exited(0))), (1, Pid(31309), 31321, None), (7, Pid(31309), 10, None), (2, Pid(31309), 31321, Some(Exited(0))), (3, Pid(31309), 0, Some(Exited(0)))], elapsed=85.090093ms, outcome=Complete(Ok(Output { status: Exited(0), stdout: "survived", stderr: "" }))
actual perf exec handoff: ExecTimerTransfer { displaced: Some(ExecTimerIdentity { clock_fd: 38, timer_fd: 35, clock_event_id: 6843023, timer_event_id: 6843021, artificial_pending: false, artificial_signal_sent: false, cancelled: true, guest_pid: Pid(31309), guest_tid: Pid(31309), kernel_owner_tid: Pid(31309) }), before: Some(ExecTimerIdentity { clock_fd: 70, timer_fd: 67, clock_event_id: 6843028, timer_event_id: 6843027, artificial_pending: false, artificial_signal_sent: false, cancelled: true, guest_pid: Pid(31309), guest_tid: Pid(31321), kernel_owner_tid: Pid(0) }), after: Some(ExecTimerIdentity { clock_fd: 70, timer_fd: 67, clock_event_id: 6843028, timer_event_id: 6843027, artificial_pending: false, artificial_signal_sent: false, cancelled: true, guest_pid: Pid(31309), guest_tid: Pid(31309), kernel_owner_tid: Pid(31309) }), displaced_fds_closed: true }

---- tracer::tests::ordinary_nonleader_tool_failure_reaps_threads_without_resuming stdout ----
fatal control raises original error in live tid 31435 (mode 1)
ordinary cleanup control: root=31433, descendant=0, fail=true, fork=false, newborn=false, timeout=false, root_absent=true, descendant_absent=true, post_syscall=0, sentinel_untouched=true
fatal physical identity: tid=31433, initial=TraceeSnapshot { tgid: Pid(31433), ppid: Pid(31286), tracer_pid: Pid(31430), start_time: 13373690 }, proc_inode=2989874034, same_process=false, stat=Err(Os { code: 3, kind: Uncategorized, message: "No such process" }), status=Err(Os { code: 3, kind: Uncategorized, message: "No such process" }), pidfd_poll=1, pidfd_revents=17, pidfd_signal0=Err(ESRCH)
fatal original notifier: tid=31433, terminal=Ok(Some(Signaled(SIGKILL, false))), retired=true, held_stop=false
fatal original notifier: tid=31435, terminal=Ok(Some(Signaled(SIGKILL, false))), retired=true, held_stop=false
fatal chronology: Some((["RootStopLease step before: tid=31433, siginfo=Ok((19, -6)), terminal=Ok(None)", "RootStopLease step result: Ok(Running(Pid(31433), TraceeToken { event: EventHandle(EventGeneration { event: Event { exit_waiters: ExitWaiters { waiters: Mutex { data: [] } }, exit_publication: Mutex { data: () }, status_waker: WakerSlot { waker: Mutex { data: Some(Waker { data: 0x7f94a801ff00, vtable: 0x55dda360fb68 }) }, data: 0x7f94a801ff00, vtable: 0x55dda360fb68 }, status: Mutex { data: StatusState { pending: [], terminal: -1 } }, status_changed: Condvar { .. }, exit_status: 0, exit_capability: 0, exit_epoch: 0, registration_error: Mutex { data: None }, worker_state: 2, worker_done_lock: Mutex { data: () }, worker_done_changed: Condvar { .. }, cleanup_cancel_requested: false, cleanup_claim_waiters: 0, wait_owner: 2, wait_owner_lock: Mutex { data: () }, wait_owner_changed: Condvar { .. } }, identity: OnceLock(WorkerIdentity { pid: Pid(31433), snapshot: WorkerProcSnapshot { tgid: Pid(31433), tracer_pid: Pid(31430), start_time: 13373690 }, pidfd: OwnedFd { fd: 36 }, proc_dir: OwnedFd { fd: 38 }, proc_inode: 2989874034 }), authoritative: OnceLock(<uninit>) }) }))", "RootStopLease step before: tid=31433, siginfo=Ok((5, 1)), terminal=Ok(None)", "RootStopLease step result: Ok(Running(Pid(31433), TraceeToken { event: EventHandle(EventGeneration { event: Event { exit_waiters: ExitWaiters { waiters: Mutex { data: [] } }, exit_publication: Mutex { data: () }, status_waker: WakerSlot { waker: Mutex { data: Some(Waker { data: 0x7f94a801ff00, vtable: 0x55dda360fb68 }) }, data: 0x7f94a801ff00, vtable: 0x55dda360fb68 }, status: Mutex { data: StatusState { pending: [], terminal: -1 } }, status_changed: Condvar { .. }, exit_status: 0, exit_capability: 0, exit_epoch: 0, registration_error: Mutex { data: None }, worker_state: 2, worker_done_lock: Mutex { data: () }, worker_done_changed: Condvar { .. }, cleanup_cancel_requested: false, cleanup_claim_waiters: 0, wait_owner: 2, wait_owner_lock: Mutex { data: () }, wait_owner_changed: Condvar { .. } }, identity: OnceLock(WorkerIdentity { pid: Pid(31433), snapshot: WorkerProcSnapshot { tgid: Pid(31433), tracer_pid: Pid(31430), start_time: 13373690 }, pidfd: OwnedFd { fd: 36 }, proc_dir: OwnedFd { fd: 38 }, proc_inode: 2989874034 }), authoritative: OnceLock(<uninit>) }) }))", "RootStopLease step before: tid=31433, siginfo=Ok((5, 773)), terminal=Ok(None)", "RootStopLease step result: Ok(Running(Pid(31433), TraceeToken { event: EventHandle(EventGeneration { event: Event { exit_waiters: ExitWaiters { waiters: Mutex { data: [(Weak)] } }, exit_publication: Mutex { data: () }, status_waker: WakerSlot { waker: Mutex { data: Some(Waker { data: 0x7f94a801ff00, vtable: 0x55dda360fb68 }) }, data: 0x7f94a801ff00, vtable: 0x55dda360fb68 }, status: Mutex { data: StatusState { pending: [], terminal: -1 } }, status_changed: Condvar { .. }, exit_status: 0, exit_capability: 0, exit_epoch: 0, registration_error: Mutex { data: None }, worker_state: 2, worker_done_lock: Mutex { data: () }, worker_done_changed: Condvar { .. }, cleanup_cancel_requested: false, cleanup_claim_waiters: 0, wait_owner: 2, wait_owner_lock: Mutex { data: () }, wait_owner_changed: Condvar { .. } }, identity: OnceLock(WorkerIdentity { pid: Pid(31433), snapshot: WorkerProcSnapshot { tgid: Pid(31433), tracer_pid: Pid(31430), start_time: 13373690 }, pidfd: OwnedFd { fd: 36 }, proc_dir: OwnedFd { fd: 38 }, proc_inode: 2989874034 }), authoritative: OnceLock(<uninit>) }) }))", "finish_ordinary_terminal entered: Ok(Stopped(Pid(31433), TraceeToken { event: EventHandle(EventGeneration { event: Event { exit_waiters: ExitWaiters { waiters: Mutex { data: [(Weak)] } }, exit_publication: Mutex { data: () }, status_waker: WakerSlot { waker: Mutex { data: Some(Waker { data: 0x7f94a801ff00, vtable: 0x55dda360fb68 }) }, data: 0x7f94a801ff00, vtable: 0x55dda360fb68 }, status: Mutex { data: StatusState { pending: [], terminal: -1 } }, status_changed: Condvar { .. }, exit_status: 1, exit_capability: 2, exit_epoch: 0, registration_error: Mutex { data: None }, worker_state: 2, worker_done_lock: Mutex { data: () }, worker_done_changed: Condvar { .. }, cleanup_cancel_requested: false, cleanup_claim_waiters: 0, wait_owner: 2, wait_owner_lock: Mutex { data: () }, wait_owner_changed: Condvar { .. } }, identity: OnceLock(WorkerIdentity { pid: Pid(31433), snapshot: WorkerProcSnapshot { tgid: Pid(31433), tracer_pid: Pid(31430), start_time: 13373690 }, pidfd: OwnedFd { fd: 36 }, proc_dir: OwnedFd { fd: 38 }, proc_inode: 2989874034 }), authoritative: OnceLock(<uninit>) }) }))", "finish getevent: tid=31433, result=Ok(9), terminal=Ok(None), retired=false", "finish_ordinary_terminal entered: Ok(Stopped(Pid(31435), TraceeToken { event: EventHandle(EventGeneration { event: Event { exit_waiters: ExitWaiters { waiters: Mutex { data: [(Weak)] } }, exit_publication: Mutex { data: () }, status_waker: WakerSlot { waker: Mutex { data: Some(Waker { data: 0x7f94a800cf00, vtable: 0x55dda3610010 }) }, data: 0x7f94a800cf00, vtable: 0x55dda3610010 }, status: Mutex { data: StatusState { pending: [], terminal: -1 } }, status_changed: Condvar { .. }, exit_status: 1, exit_capability: 2, exit_epoch: 0, registration_error: Mutex { data: None }, worker_state: 2, worker_done_lock: Mutex { data: () }, worker_done_changed: Condvar { .. }, cleanup_cancel_requested: false, cleanup_claim_waiters: 0, wait_owner: 2, wait_owner_lock: Mutex { data: () }, wait_owner_changed: Condvar { .. } }, identity: OnceLock(WorkerIdentity { pid: Pid(31435), snapshot: WorkerProcSnapshot { tgid: Pid(31433), tracer_pid: Pid(31430), start_time: 13373690 }, pidfd: OwnedFd { fd: 3 }, proc_dir: OwnedFd { fd: 5 }, proc_inode: 2989874038 }), authoritative: OnceLock(<uninit>) }) }))", "finish getevent: tid=31435, result=Ok(9), terminal=Ok(None), retired=false"], 0))
fatal legacy result: error(Tool(ordinary nonleader failure control)), original_nonleader=true; consuming hooks: Some([(Pid(31433), None), (Pid(31435), None), (Pid(31435), Some(Signaled(SIGKILL, false))), (Pid(31433), Some(Signaled(SIGKILL, false)))])


successes:
    tracer::tests::ordinary_nonleader_exec_displaced_hook_failure_fences_replacement
    tracer::tests::ordinary_nonleader_exec_postexec_timer_survives_internal_step
    tracer::tests::ordinary_nonleader_exec_real_signal_cancels_postexec_timer
    tracer::tests::ordinary_nonleader_exec_run_loop_echild_awaits_leader_exec_edge
    tracer::tests::ordinary_nonleader_exec_transfers_state_and_consumes_old_leader_once
    tracer::tests::ordinary_nonleader_injected_exec_echild_awaits_leader_exec_edge
    tracer::tests::ordinary_nonleader_success_preserves_exit_callbacks
    tracer::tests::ordinary_nonleader_tool_failure_cancels_pending_newborn_start
    tracer::tests::ordinary_nonleader_tool_failure_reaps_fork_descendants
    tracer::tests::ordinary_nonleader_tool_failure_reaps_threads_without_resuming
    tracer::tests::ordinary_nonleader_tool_failure_reaps_unhanded_fork_child
    tracer::tests::ordinary_nonleader_tool_failure_reaps_unhanded_vfork_child

test result: ok. 12 passed; 0 failed; 0 ignored; 0 measured; 353 filtered out; finished in 0.10s

