
running 12 tests
test tracer::tests::ordinary_nonleader_exec_displaced_hook_failure_fences_replacement ... ok
test tracer::tests::ordinary_nonleader_exec_transfers_state_and_consumes_old_leader_once ... ok
test tracer::tests::ordinary_nonleader_injected_exec_echild_awaits_leader_exec_edge ... ok
test tracer::tests::ordinary_nonleader_success_preserves_exit_callbacks ... ok
test tracer::tests::ordinary_nonleader_tool_failure_cancels_pending_newborn_start ... ok

running 1 test
test tracer::tests::ordinary_nonleader_tool_failure_reaps_fork_descendants ... 
running 1 test
test tracer::tests::ordinary_nonleader_tool_failure_reaps_fork_descendants ... fatal control raises original error in live tid 31152 (mode 1)
ordinary cleanup control: root=31147, descendant=31149, fail=true, fork=true, newborn=false, timeout=false, root_absent=true, descendant_absent=false, post_syscall=0, sentinel_untouched=true
fatal physical identity: tid=31147, initial=TraceeSnapshot { tgid: Pid(31147), ppid: Pid(31144), tracer_pid: Pid(31145), start_time: 13373677 }, proc_inode=2989252054, same_process=false, stat=Err(Os { code: 3, kind: Uncategorized, message: "No such process" }), status=Err(Os { code: 3, kind: Uncategorized, message: "No such process" }), pidfd_poll=1, pidfd_revents=17, pidfd_signal0=Err(ESRCH)
fatal physical identity: tid=31149, initial=TraceeSnapshot { tgid: Pid(31149), ppid: Pid(31147), tracer_pid: Pid(31145), start_time: 13373678 }, proc_inode=2989500051, same_process=true, stat=Ok("31149 (tracer::tests::) Z 31140 31038 30393 0 -1 4228172 21 0 0 0 0 0 0 0 30 10 1 0 13373678 0 0 18446744073709551615 0 0 0 0 0 0 0 3149824 1088 1 0 0 17 5 0 0 0 0 0 0 0 0 0 0 0 0 9\n"), status=Ok("State:\tZ (zombie); Tgid:\t31149; Pid:\t31149; PPid:\t31140; TracerPid:\t0"), pidfd_poll=1, pidfd_revents=1, pidfd_signal0=Ok(())
fatal original notifier: tid=31147, terminal=Ok(Some(Signaled(SIGKILL, false))), retired=true, held_stop=false
fatal original notifier: tid=31149, terminal=Ok(Some(Signaled(SIGKILL, false))), retired=true, held_stop=false
fatal original notifier: tid=31152, terminal=Ok(Some(Signaled(SIGKILL, false))), retired=true, held_stop=false
fatal chronology: Some((["RootStopLease step before: tid=31147, siginfo=Ok((19, -6)), terminal=Ok(None)", "RootStopLease step result: Ok(Running(Pid(31147), TraceeToken { event: EventHandle(EventGeneration { event: Event { exit_waiters: ExitWaiters { waiters: Mutex { data: [] } }, exit_publication: Mutex { data: () }, status_waker: WakerSlot { waker: Mutex { data: Some(Waker { data: 0x7f18d800b900, vtable: 0x55b68b423b68 }) }, data: 0x7f18d800b900, vtable: 0x55b68b423b68 }, status: Mutex { data: StatusState { pending: [], terminal: -1 } }, status_changed: Condvar { .. }, exit_status: 0, exit_capability: 0, exit_epoch: 0, registration_error: Mutex { data: None }, worker_state: 2, worker_done_lock: Mutex { data: () }, worker_done_changed: Condvar { .. }, cleanup_cancel_requested: false, cleanup_claim_waiters: 0, wait_owner: 2, wait_owner_lock: Mutex { data: () }, wait_owner_changed: Condvar { .. } }, identity: OnceLock(WorkerIdentity { pid: Pid(31147), snapshot: WorkerProcSnapshot { tgid: Pid(31147), tracer_pid: Pid(31145), start_time: 13373677 }, pidfd: OwnedFd { fd: 13 }, proc_dir: OwnedFd { fd: 15 }, proc_inode: 2989252054 }), authoritative: OnceLock(<uninit>) }) }))", "RootStopLease step before: tid=31147, siginfo=Ok((5, 1)), terminal=Ok(None)", "RootStopLease step result: Ok(Running(Pid(31147), TraceeToken { event: EventHandle(EventGeneration { event: Event { exit_waiters: ExitWaiters { waiters: Mutex { data: [] } }, exit_publication: Mutex { data: () }, status_waker: WakerSlot { waker: Mutex { data: Some(Waker { data: 0x7f18d800b900, vtable: 0x55b68b423b68 }) }, data: 0x7f18d800b900, vtable: 0x55b68b423b68 }, status: Mutex { data: StatusState { pending: [], terminal: -1 } }, status_changed: Condvar { .. }, exit_status: 0, exit_capability: 0, exit_epoch: 0, registration_error: Mutex { data: None }, worker_state: 2, worker_done_lock: Mutex { data: () }, worker_done_changed: Condvar { .. }, cleanup_cancel_requested: false, cleanup_claim_waiters: 0, wait_owner: 2, wait_owner_lock: Mutex { data: () }, wait_owner_changed: Condvar { .. } }, identity: OnceLock(WorkerIdentity { pid: Pid(31147), snapshot: WorkerProcSnapshot { tgid: Pid(31147), tracer_pid: Pid(31145), start_time: 13373677 }, pidfd: OwnedFd { fd: 13 }, proc_dir: OwnedFd { fd: 15 }, proc_inode: 2989252054 }), authoritative: OnceLock(<uninit>) }) }))", "RootStopLease step before: tid=31147, siginfo=Ok((5, 261)), terminal=Ok(None)", "RootStopLease step result: Ok(Running(Pid(31147), TraceeToken { event: EventHandle(EventGeneration { event: Event { exit_waiters: ExitWaiters { waiters: Mutex { data: [(Weak)] } }, exit_publication: Mutex { data: () }, status_waker: WakerSlot { waker: Mutex { data: Some(Waker { data: 0x7f18d800b900, vtable: 0x55b68b423b68 }) }, data: 0x7f18d800b900, vtable: 0x55b68b423b68 }, status: Mutex { data: StatusState { pending: [], terminal: -1 } }, status_changed: Condvar { .. }, exit_status: 0, exit_capability: 0, exit_epoch: 0, registration_error: Mutex { data: None }, worker_state: 2, worker_done_lock: Mutex { data: () }, worker_done_changed: Condvar { .. }, cleanup_cancel_requested: false, cleanup_claim_waiters: 0, wait_owner: 2, wait_owner_lock: Mutex { data: () }, wait_owner_changed: Condvar { .. } }, identity: OnceLock(WorkerIdentity { pid: Pid(31147), snapshot: WorkerProcSnapshot { tgid: Pid(31147), tracer_pid: Pid(31145), start_time: 13373677 }, pidfd: OwnedFd { fd: 13 }, proc_dir: OwnedFd { fd: 15 }, proc_inode: 2989252054 }), authoritative: OnceLock(<uninit>) }) }))", "RootStopLease step before: tid=31147, siginfo=Ok((5, 773)), terminal=Ok(None)", "RootStopLease step result: Ok(Running(Pid(31147), TraceeToken { event: EventHandle(EventGeneration { event: Event { exit_waiters: ExitWaiters { waiters: Mutex { data: [(Weak)] } }, exit_publication: Mutex { data: () }, status_waker: WakerSlot { waker: Mutex { data: Some(Waker { data: 0x7f18d800b900, vtable: 0x55b68b423b68 }) }, data: 0x7f18d800b900, vtable: 0x55b68b423b68 }, status: Mutex { data: StatusState { pending: [], terminal: -1 } }, status_changed: Condvar { .. }, exit_status: 0, exit_capability: 0, exit_epoch: 0, registration_error: Mutex { data: None }, worker_state: 2, worker_done_lock: Mutex { data: () }, worker_done_changed: Condvar { .. }, cleanup_cancel_requested: false, cleanup_claim_waiters: 0, wait_owner: 2, wait_owner_lock: Mutex { data: () }, wait_owner_changed: Condvar { .. } }, identity: OnceLock(WorkerIdentity { pid: Pid(31147), snapshot: WorkerProcSnapshot { tgid: Pid(31147), tracer_pid: Pid(31145), start_time: 13373677 }, pidfd: OwnedFd { fd: 13 }, proc_dir: OwnedFd { fd: 15 }, proc_inode: 2989252054 }), authoritative: OnceLock(<uninit>) }) }))", "finish_ordinary_terminal entered: Ok(Stopped(Pid(31147), TraceeToken { event: EventHandle(EventGeneration { event: Event { exit_waiters: ExitWaiters { waiters: Mutex { data: [(Weak)] } }, exit_publication: Mutex { data: () }, status_waker: WakerSlot { waker: Mutex { data: Some(Waker { data: 0x7f18d800b900, vtable: 0x55b68b423b68 }) }, data: 0x7f18d800b900, vtable: 0x55b68b423b68 }, status: Mutex { data: StatusState { pending: [], terminal: -1 } }, status_changed: Condvar { .. }, exit_status: 1, exit_capability: 2, exit_epoch: 0, registration_error: Mutex { data: None }, worker_state: 2, worker_done_lock: Mutex { data: () }, worker_done_changed: Condvar { .. }, cleanup_cancel_requested: false, cleanup_claim_waiters: 0, wait_owner: 2, wait_owner_lock: Mutex { data: () }, wait_owner_changed: Condvar { .. } }, identity: OnceLock(WorkerIdentity { pid: Pid(31147), snapshot: WorkerProcSnapshot { tgid: Pid(31147), tracer_pid: Pid(31145), start_time: 13373677 }, pidfd: OwnedFd { fd: 13 }, proc_dir: OwnedFd { fd: 15 }, proc_inode: 2989252054 }), authoritative: OnceLock(<uninit>) }) }))", "finish getevent: tid=31147, result=Ok(9), terminal=Ok(None), retired=false", "finish_ordinary_terminal entered: Ok(Stopped(Pid(31149), TraceeToken { event: EventHandle(EventGeneration { event: Event { exit_waiters: ExitWaiters { waiters: Mutex { data: [(Weak)] } }, exit_publication: Mutex { data: () }, status_waker: WakerSlot { waker: Mutex { data: Some(Waker { data: 0x7f18d8032f80, vtable: 0x55b68b424010 }) }, data: 0x7f18d8032f80, vtable: 0x55b68b424010 }, status: Mutex { data: StatusState { pending: [], terminal: -1 } }, status_changed: Condvar { .. }, exit_status: 1, exit_capability: 2, exit_epoch: 0, registration_error: Mutex { data: None }, worker_state: 2, worker_done_lock: Mutex { data: () }, worker_done_changed: Condvar { .. }, cleanup_cancel_requested: false, cleanup_claim_waiters: 0, wait_owner: 2, wait_owner_lock: Mutex { data: () }, wait_owner_changed: Condvar { .. } }, identity: OnceLock(WorkerIdentity { pid: Pid(31149), snapshot: WorkerProcSnapshot { tgid: Pid(31149), tracer_pid: Pid(31145), start_time: 13373678 }, pidfd: OwnedFd { fd: 32 }, proc_dir: OwnedFd { fd: 33 }, proc_inode: 2989500051 }), authoritative: OnceLock(<uninit>) }) }))", "finish getevent: tid=31149, result=Ok(9), terminal=Ok(None), retired=false", "finish_ordinary_terminal entered: Ok(Stopped(Pid(31152), TraceeToken { event: EventHandle(EventGeneration { event: Event { exit_waiters: ExitWaiters { waiters: Mutex { data: [(Weak)] } }, exit_publication: Mutex { data: () }, status_waker: WakerSlot { waker: Mutex { data: Some(Waker { data: 0x7f18d8043580, vtable: 0x55b68b424010 }) }, data: 0x7f18d8043580, vtable: 0x55b68b424010 }, status: Mutex { data: StatusState { pending: [], terminal: -1 } }, status_changed: Condvar { .. }, exit_status: 1, exit_capability: 2, exit_epoch: 0, registration_error: Mutex { data: None }, worker_state: 2, worker_done_lock: Mutex { data: () }, worker_done_changed: Condvar { .. }, cleanup_cancel_requested: false, cleanup_claim_waiters: 0, wait_owner: 2, wait_owner_lock: Mutex { data: () }, wait_owner_changed: Condvar { .. } }, identity: OnceLock(WorkerIdentity { pid: Pid(31152), snapshot: WorkerProcSnapshot { tgid: Pid(31147), tracer_pid: Pid(31145), start_time: 13373678 }, pidfd: OwnedFd { fd: 42 }, proc_dir: OwnedFd { fd: 43 }, proc_inode: 2989500056 }), authoritative: OnceLock(<uninit>) }) }))", "finish getevent: tid=31152, result=Ok(9), terminal=Ok(None), retired=false"], 0))
fatal legacy result: error(Tool(ordinary nonleader failure control)), original_nonleader=true; consuming hooks: Some([(Pid(31147), None), (Pid(31149), None), (Pid(31152), None), (Pid(31149), Some(Signaled(SIGKILL, false))), (Pid(31152), Some(Signaled(SIGKILL, false))), (Pid(31147), Some(Signaled(SIGKILL, false)))])
natural-reaper product predicate: opponent=false, ready=true, root=31147, child=31149, start=13373678, inode=2989500051, backend_sigkill=1, terminal_ack=1, original_error=1, post_syscall=0, callbacks_valid=1, zombie=true, tracer=0
owned held zombie: child=31149, status=SIGKILL, WNOWAIT=true, proc_present=true
actual natural wait: child=31149, status=SIGKILL, root_absent=true, child_absent=true, remaining_ns=2988008847
ok

test result: ok. 1 passed; 0 failed; 0 ignored; 0 measured; 364 filtered out; finished in 0.01s

ok

test result: ok. 1 passed; 0 failed; 0 ignored; 0 measured; 364 filtered out; finished in 0.01s

test tracer::tests::ordinary_nonleader_tool_failure_reaps_fork_descendants ... ok
test tracer::tests::ordinary_nonleader_exec_run_loop_echild_awaits_leader_exec_edge ... ok
test tracer::tests::ordinary_nonleader_exec_postexec_timer_survives_internal_step ... ok
test tracer::tests::ordinary_nonleader_exec_real_signal_cancels_postexec_timer ... ok

running 1 test
test tracer::tests::ordinary_nonleader_tool_failure_reaps_unhanded_fork_child ... 
running 1 test
test tracer::tests::ordinary_nonleader_tool_failure_reaps_unhanded_vfork_child ... test tracer::tests::ordinary_nonleader_tool_failure_reaps_threads_without_resuming ... ok

running 1 test
test tracer::tests::ordinary_nonleader_tool_failure_reaps_unhanded_vfork_child ... 
running 1 test
test tracer::tests::ordinary_nonleader_tool_failure_reaps_unhanded_fork_child ... fatal control raises original error in live tid 31202 (mode 3)
fatal control raises original error in live tid 31204 (mode 3)
unhanded real child edges: unhanded real child edges: [[((PidPid((3118831187)), , CloneClone, , PidPid((3120431202)))), , ((PidPid((3118831187)), , ForkVfork, , PidPid((3123131227))))]]; child_body=; child_body=00

unhanded original generation resource retention: groups/vfork/unconfirmed=unhanded original generation resource retention: groups/vfork/unconfirmed=((00, , 00, , 00)), opponent=, opponent=falsefalse

natural-reaper product predicate: opponent=natural-reaper product predicate: opponent=falsefalse, ready=, ready=truetrue, root=, root=3118731188, child=, child=3122731231, start=, start=1337368013373680, inode=, inode=29899207892989254316, backend_sigkill=, backend_sigkill=11, terminal_ack=, terminal_ack=11, original_error=, original_error=11, post_syscall=, post_syscall=00, callbacks_valid=, callbacks_valid=11, zombie=, zombie=truetrue, tracer=, tracer=00

owned held zombie: child=owned held zombie: child=3122731231, status=SIGKILL, WNOWAIT=true, proc_present=true
, status=SIGKILL, WNOWAIT=true, proc_present=true
actual natural wait: child=31227, status=SIGKILL, root_absent=true, child_absent=true, remaining_ns=actual natural wait: child=299636557331231
, status=SIGKILL, root_absent=true, child_absent=true, remaining_ns=2996398673
okok


test result: 
oktest result: . 1 passed; 0 failed; 0 ignored; 0 measured; 364 filtered outok; finished in 0.01s. 1 passed; 0 failed; 0 ignored; 0 measured; 364 filtered out

; finished in 0.01s

ok

test result: ok. 1 passed; 0 failed; 0 ignored; 0 measured; 364 filtered out; finished in 0.01s

ok

test result: ok. 1 passed; 0 failed; 0 ignored; 0 measured; 364 filtered out; finished in 0.01s

test tracer::tests::ordinary_nonleader_tool_failure_reaps_unhanded_vfork_child ... ok
test tracer::tests::ordinary_nonleader_tool_failure_reaps_unhanded_fork_child ... ok

successes:

---- tracer::tests::ordinary_nonleader_exec_displaced_hook_failure_fences_replacement stdout ----
exec timer payload: /tmp/reverie-fatal-exec-timer-31042
PROBE[exec-edge-ok] t=133736745423584 (dt=2677us) caller=31103 target=31102 what=WAITID(P_PIDFD) thread=Some("guest-31102") result=Ok(Some("0x137f")) rc=0 site=safeptrace/src/notifier.rs:1858
PROBE[exec-edge-ok] t=133736745782683 (dt=2318us) caller=31047 target=31102 what=PTRACE_SINGLESTEP(None) rc=0 site=reverie-ptrace/src/task.rs:2719
PROBE[exec-edge-ok] t=133736745834842 (dt=2266us) caller=31103 target=31102 what=WAITID(P_PIDFD) thread=Some("guest-31102") result=Ok(Some("0x57f")) rc=0 site=safeptrace/src/notifier.rs:1858
PROBE[exec-edge-ok] t=133736745965177 (dt=2136us) caller=31047 target=31102 what=PTRACE_SINGLESTEP(None) rc=0 site=reverie-ptrace/src/task.rs:5455
PROBE[exec-edge-ok] t=133736745979569 (dt=2121us) caller=31103 target=31102 what=WAITID(P_PIDFD) thread=Some("guest-31102") result=Ok(Some("0x57f")) rc=0 site=safeptrace/src/notifier.rs:1858
PROBE[exec-edge-ok] t=133736746258878 (dt=1842us) caller=31047 target=31102 what=PTRACE_CONT(resume,None) rc=0 site=reverie-ptrace/src/task.rs:5444
PROBE[exec-edge-ok] t=133736746425519 (dt=1675us) caller=31103 target=31102 what=WAITID(P_PIDFD) thread=Some("guest-31102") result=Ok(Some("0x3057f")) rc=0 site=safeptrace/src/notifier.rs:1858
PROBE[exec-edge-ok] t=133736746447131 (dt=1654us) caller=31047 target=31102 what=GETEVENTMSG-before rc=0 site=safeptrace/src/lib.rs:234
PROBE[exec-edge-ok] t=133736746451358 (dt=1650us) caller=31047 target=31102 what=GETEVENTMSG-after rc=31106 site=safeptrace/src/lib.rs:234
PROBE[exec-edge-ok] t=133736746870697 (dt=1230us) caller=31107 target=31106 what=WAITID(P_PIDFD) thread=Some("guest-31106") result=Ok(Some("0x137f")) rc=0 site=safeptrace/src/notifier.rs:1858
PROBE[exec-edge-ok] t=133736747157478 (dt=943us) caller=31047 target=31102 what=PTRACE_SINGLESTEP(None) rc=0 site=reverie-ptrace/src/task.rs:5455
PROBE[exec-edge-ok] t=133736747170297 (dt=931us) caller=31103 target=31102 what=WAITID(P_PIDFD) thread=Some("guest-31102") result=Ok(Some("0x57f")) rc=0 site=safeptrace/src/notifier.rs:1858
PROBE[exec-edge-ok] t=133736747246491 (dt=854us) caller=31047 target=31106 what=PTRACE_CONT(resume,None) rc=0 site=reverie-ptrace/src/task.rs:5444
PROBE[exec-edge-ok] t=133736747304098 (dt=797us) caller=31047 target=31102 what=PTRACE_CONT(resume,None) rc=0 site=reverie-ptrace/src/task.rs:5444
PROBE[exec-edge-ok] t=133736747442746 (dt=658us) caller=31103 target=31102 what=WAITID(P_PIDFD) thread=Some("guest-31102") result=Ok(Some("0x6057f")) rc=0 site=safeptrace/src/notifier.rs:1858
PROBE[exec-edge-ok] t=133736747472711 (dt=628us) caller=31047 target=31102 what=drive_ordinary: ExitFuture resolved ok=true main=true rc=0 site=reverie-ptrace/src/task.rs:6946
PROBE[exec-edge-ok] t=133736747481464 (dt=619us) caller=31047 target=31102 what=finish_ordinary_terminal entered with Ok(Stopped) rc=0 site=reverie-ptrace/src/tracer.rs:543
PROBE[exec-edge-ok] t=133736747484138 (dt=617us) caller=31047 target=31102 what=GETEVENTMSG-before rc=0 site=reverie-ptrace/src/tracer.rs:556
PROBE[exec-edge-ok] t=133736747487022 (dt=614us) caller=31047 target=31102 what=GETEVENTMSG-after rc=0 site=reverie-ptrace/src/tracer.rs:556
PROBE[exec-edge-ok] t=133736747494093 (dt=607us) caller=31047 target=31102 what=PTRACE_CONT(resume_retaining,None) rc=0 site=reverie-ptrace/src/tracer.rs:613
PROBE[exec-edge-ok] t=133736747536276 (dt=565us) caller=31107 target=31106 what=WAITID(P_PIDFD) thread=Some("guest-31106") result=Err(ECHILD) rc=0 site=safeptrace/src/notifier.rs:1858
PROBE[exec-edge-ok] t=133736747627203 (dt=474us) caller=31047 target=31106 what=drive_ordinary: ExitFuture resolved ok=false main=false rc=0 site=reverie-ptrace/src/task.rs:6946
PROBE[exec-edge-ok] t=133736747916767 (dt=184us) caller=31103 target=31102 what=WAITID(P_PIDFD) thread=Some("guest-31102") result=Ok(Some("0x4057f")) rc=0 site=safeptrace/src/notifier.rs:1858
PROBE[exec-edge-ok] t=133736747935266 (dt=166us) caller=31047 target=31102 what=GETEVENTMSG-before rc=0 site=safeptrace/src/lib.rs:246
PROBE[exec-edge-ok] t=133736747939221 (dt=162us) caller=31047 target=31102 what=GETEVENTMSG-after rc=31106 site=safeptrace/src/lib.rs:246
PROBE[exec-edge-ok] t=133736748100474 (dt=0us) caller=31047 target=31102 what=EXEC-EDGE observed former=31106 exit_status=Some(Exited(0)) esrch=None snapshot: [task 31102: State: t (tracing stop) | Pid: 31102 | TracerPid: 31047 | SigPnd: 0000000000000000 | ShdPnd: 0000000000000000 | stat.state=t stat.exit_code=0 | wchan=ptrace_stop] rc=0 site=reverie-ptrace/src/tracer.rs:675
actual delivered marker observations: tracer=31042, rows=[]
exec owner before rescue: fail=true, timer_mode=0, root_absent=true, events=[(0, Pid(31102), 31102, None), (0, Pid(31106), 31106, None), (2, Pid(31102), 31102, Some(Exited(0))), (2, Pid(31102), 31106, Some(Signaled(SIGKILL, false))), (3, Pid(31102), 0, Some(Signaled(SIGKILL, false)))], elapsed=38.050518ms, outcome=Complete(Err(PtraceRunFailure { primary: Tool(ordinary nonleader failure control), origin: BackendFailure { pid: Pid(31102), tid: Pid(31102), phase: "ptrace replaced leader on_exit_thread" }, secondary: [], captured_prefix: Some(CapturedPrefix { stdout: [], stderr: [] }) }))
actual perf exec handoff: ExecTimerTransfer { displaced: Some(ExecTimerIdentity { clock_fd: 38, timer_fd: 37, clock_event_id: 6842944, timer_event_id: 6842943, artificial_pending: false, artificial_signal_sent: false, cancelled: true, guest_pid: Pid(31102), guest_tid: Pid(31102), kernel_owner_tid: Pid(31102) }), before: Some(ExecTimerIdentity { clock_fd: 61, timer_fd: 60, clock_event_id: 6842946, timer_event_id: 6842945, artificial_pending: false, artificial_signal_sent: false, cancelled: true, guest_pid: Pid(31102), guest_tid: Pid(31106), kernel_owner_tid: Pid(0) }), after: Some(ExecTimerIdentity { clock_fd: 61, timer_fd: 60, clock_event_id: 6842946, timer_event_id: 6842945, artificial_pending: false, artificial_signal_sent: false, cancelled: true, guest_pid: Pid(31102), guest_tid: Pid(31102), kernel_owner_tid: Pid(31102) }), displaced_fds_closed: true }

---- tracer::tests::ordinary_nonleader_exec_transfers_state_and_consumes_old_leader_once stdout ----
PROBE[exec-edge-ok] t=133736749611512 (dt=2571us) caller=31110 target=31109 what=WAITID(P_PIDFD) thread=Some("guest-31109") result=Ok(Some("0x137f")) rc=0 site=safeptrace/src/notifier.rs:1858
PROBE[exec-edge-ok] t=133736749875388 (dt=2307us) caller=31108 target=31109 what=PTRACE_SINGLESTEP(None) rc=0 site=reverie-ptrace/src/task.rs:2719
PROBE[exec-edge-ok] t=133736749921958 (dt=2260us) caller=31110 target=31109 what=WAITID(P_PIDFD) thread=Some("guest-31109") result=Ok(Some("0x57f")) rc=0 site=safeptrace/src/notifier.rs:1858
PROBE[exec-edge-ok] t=133736750036060 (dt=2146us) caller=31108 target=31109 what=PTRACE_SINGLESTEP(None) rc=0 site=reverie-ptrace/src/task.rs:5455
PROBE[exec-edge-ok] t=133736750053335 (dt=2129us) caller=31110 target=31109 what=WAITID(P_PIDFD) thread=Some("guest-31109") result=Ok(Some("0x57f")) rc=0 site=safeptrace/src/notifier.rs:1858
PROBE[exec-edge-ok] t=133736750238373 (dt=1944us) caller=31108 target=31109 what=PTRACE_CONT(resume,None) rc=0 site=reverie-ptrace/src/task.rs:5444
PROBE[exec-edge-ok] t=133736750385093 (dt=1797us) caller=31110 target=31109 what=WAITID(P_PIDFD) thread=Some("guest-31109") result=Ok(Some("0x3057f")) rc=0 site=safeptrace/src/notifier.rs:1858
PROBE[exec-edge-ok] t=133736750403011 (dt=1779us) caller=31108 target=31109 what=GETEVENTMSG-before rc=0 site=safeptrace/src/lib.rs:234
PROBE[exec-edge-ok] t=133736750406325 (dt=1776us) caller=31108 target=31109 what=GETEVENTMSG-after rc=31112 site=safeptrace/src/lib.rs:234
PROBE[exec-edge-ok] t=133736750780918 (dt=1401us) caller=31113 target=31112 what=WAITID(P_PIDFD) thread=Some("guest-31112") result=Ok(Some("0x137f")) rc=0 site=safeptrace/src/notifier.rs:1858
PROBE[exec-edge-ok] t=133736751149621 (dt=1033us) caller=31108 target=31109 what=PTRACE_SINGLESTEP(None) rc=0 site=reverie-ptrace/src/task.rs:5455
PROBE[exec-edge-ok] t=133736751214689 (dt=968us) caller=31110 target=31109 what=WAITID(P_PIDFD) thread=Some("guest-31109") result=Ok(Some("0x57f")) rc=0 site=safeptrace/src/notifier.rs:1858
PROBE[exec-edge-ok] t=133736751263773 (dt=918us) caller=31108 target=31112 what=PTRACE_CONT(resume,None) rc=0 site=reverie-ptrace/src/task.rs:5444
PROBE[exec-edge-ok] t=133736751309652 (dt=873us) caller=31108 target=31109 what=PTRACE_CONT(resume,None) rc=0 site=reverie-ptrace/src/task.rs:5444
PROBE[exec-edge-ok] t=133736751483482 (dt=699us) caller=31110 target=31109 what=WAITID(P_PIDFD) thread=Some("guest-31109") result=Ok(Some("0x6057f")) rc=0 site=safeptrace/src/notifier.rs:1858
PROBE[exec-edge-ok] t=133736751507859 (dt=674us) caller=31108 target=31109 what=drive_ordinary: ExitFuture resolved ok=true main=true rc=0 site=reverie-ptrace/src/task.rs:6946
PROBE[exec-edge-ok] t=133736751513037 (dt=669us) caller=31108 target=31109 what=finish_ordinary_terminal entered with Ok(Stopped) rc=0 site=reverie-ptrace/src/tracer.rs:543
PROBE[exec-edge-ok] t=133736751514910 (dt=667us) caller=31108 target=31109 what=GETEVENTMSG-before rc=0 site=reverie-ptrace/src/tracer.rs:556
PROBE[exec-edge-ok] t=133736751516963 (dt=665us) caller=31108 target=31109 what=GETEVENTMSG-after rc=0 site=reverie-ptrace/src/tracer.rs:556
PROBE[exec-edge-ok] t=133736751519827 (dt=662us) caller=31108 target=31109 what=PTRACE_CONT(resume_retaining,None) rc=0 site=reverie-ptrace/src/tracer.rs:613
PROBE[exec-edge-ok] t=133736751579617 (dt=603us) caller=31113 target=31112 what=WAITID(P_PIDFD) thread=Some("guest-31112") result=Err(ECHILD) rc=0 site=safeptrace/src/notifier.rs:1858
PROBE[exec-edge-ok] t=133736751649752 (dt=532us) caller=31108 target=31112 what=drive_ordinary: ExitFuture resolved ok=false main=false rc=0 site=reverie-ptrace/src/task.rs:6946
PROBE[exec-edge-ok] t=133736752028581 (dt=154us) caller=31110 target=31109 what=WAITID(P_PIDFD) thread=Some("guest-31109") result=Ok(Some("0x4057f")) rc=0 site=safeptrace/src/notifier.rs:1858
PROBE[exec-edge-ok] t=133736752042942 (dt=139us) caller=31108 target=31109 what=GETEVENTMSG-before rc=0 site=safeptrace/src/lib.rs:246
PROBE[exec-edge-ok] t=133736752045146 (dt=137us) caller=31108 target=31109 what=GETEVENTMSG-after rc=31112 site=safeptrace/src/lib.rs:246
PROBE[exec-edge-ok] t=133736752182131 (dt=0us) caller=31108 target=31109 what=EXEC-EDGE observed former=31112 exit_status=Some(Exited(0)) esrch=None snapshot: [task 31109: State: t (tracing stop) | Pid: 31109 | TracerPid: 31108 | SigPnd: 0000000000000000 | ShdPnd: 0000000000000000 | stat.state=t stat.exit_code=0 | wchan=ptrace_stop] rc=0 site=reverie-ptrace/src/tracer.rs:675
actual delivered marker observations: tracer=31042, rows=[(31109, 16, 1, 65, 150511, false, false)]
exec owner before rescue: fail=false, timer_mode=0, root_absent=true, events=[(0, Pid(31109), 31109, None), (0, Pid(31112), 31112, None), (2, Pid(31109), 31109, Some(Exited(0))), (1, Pid(31109), 31112, None), (5, Pid(31109), 50482, None), (9, Pid(31109), 150511, None), (4, Pid(31109), 31112, None), (6, Pid(31109), 1050727, None), (2, Pid(31109), 31112, Some(Exited(0))), (3, Pid(31109), 0, Some(Exited(0)))], elapsed=4.964033ms, outcome=Complete(Ok(Output { status: Exited(0), stdout: "survived", stderr: "" }))
actual perf exec handoff: ExecTimerTransfer { displaced: Some(ExecTimerIdentity { clock_fd: 38, timer_fd: 37, clock_event_id: 6842948, timer_event_id: 6842947, artificial_pending: false, artificial_signal_sent: false, cancelled: true, guest_pid: Pid(31109), guest_tid: Pid(31109), kernel_owner_tid: Pid(31109) }), before: Some(ExecTimerIdentity { clock_fd: 61, timer_fd: 60, clock_event_id: 6842950, timer_event_id: 6842949, artificial_pending: false, artificial_signal_sent: false, cancelled: true, guest_pid: Pid(31109), guest_tid: Pid(31112), kernel_owner_tid: Pid(0) }), after: Some(ExecTimerIdentity { clock_fd: 61, timer_fd: 60, clock_event_id: 6842950, timer_event_id: 6842949, artificial_pending: false, artificial_signal_sent: false, cancelled: true, guest_pid: Pid(31109), guest_tid: Pid(31109), kernel_owner_tid: Pid(31109) }), displaced_fds_closed: true }

---- tracer::tests::ordinary_nonleader_injected_exec_echild_awaits_leader_exec_edge stdout ----
PROBE[exec-edge-ok] t=133736755204990 (dt=2848us) caller=31117 target=31116 what=WAITID(P_PIDFD) thread=Some("guest-31116") result=Ok(Some("0x137f")) rc=0 site=safeptrace/src/notifier.rs:1858
PROBE[exec-edge-ok] t=133736755631370 (dt=2422us) caller=31115 target=31116 what=PTRACE_SINGLESTEP(None) rc=0 site=reverie-ptrace/src/task.rs:2719
PROBE[exec-edge-ok] t=133736755682447 (dt=2371us) caller=31117 target=31116 what=WAITID(P_PIDFD) thread=Some("guest-31116") result=Ok(Some("0x57f")) rc=0 site=safeptrace/src/notifier.rs:1858
PROBE[exec-edge-ok] t=133736755827375 (dt=2226us) caller=31115 target=31116 what=PTRACE_SINGLESTEP(None) rc=0 site=reverie-ptrace/src/task.rs:5455
PROBE[exec-edge-ok] t=133736755845101 (dt=2208us) caller=31117 target=31116 what=WAITID(P_PIDFD) thread=Some("guest-31116") result=Ok(Some("0x57f")) rc=0 site=safeptrace/src/notifier.rs:1858
PROBE[exec-edge-ok] t=133736756062117 (dt=1991us) caller=31115 target=31116 what=PTRACE_CONT(resume,None) rc=0 site=reverie-ptrace/src/task.rs:5444
PROBE[exec-edge-ok] t=133736756224881 (dt=1828us) caller=31117 target=31116 what=WAITID(P_PIDFD) thread=Some("guest-31116") result=Ok(Some("0x3057f")) rc=0 site=safeptrace/src/notifier.rs:1858
PROBE[exec-edge-ok] t=133736756308958 (dt=1744us) caller=31115 target=31116 what=GETEVENTMSG-before rc=0 site=safeptrace/src/lib.rs:234
PROBE[exec-edge-ok] t=133736756314266 (dt=1739us) caller=31115 target=31116 what=GETEVENTMSG-after rc=31118 site=safeptrace/src/lib.rs:234
PROBE[exec-edge-ok] t=133736756764181 (dt=1289us) caller=31119 target=31118 what=WAITID(P_PIDFD) thread=Some("guest-31118") result=Ok(Some("0x137f")) rc=0 site=safeptrace/src/notifier.rs:1858
PROBE[exec-edge-ok] t=133736757064221 (dt=989us) caller=31115 target=31116 what=PTRACE_SINGLESTEP(None) rc=0 site=reverie-ptrace/src/task.rs:5455
PROBE[exec-edge-ok] t=133736757075649 (dt=977us) caller=31117 target=31116 what=WAITID(P_PIDFD) thread=Some("guest-31116") result=Ok(Some("0x57f")) rc=0 site=safeptrace/src/notifier.rs:1858
PROBE[exec-edge-ok] t=133736757136490 (dt=917us) caller=31115 target=31118 what=PTRACE_CONT(resume,None) rc=0 site=reverie-ptrace/src/task.rs:5444
PROBE[exec-edge-ok] t=133736757189299 (dt=864us) caller=31115 target=31116 what=PTRACE_CONT(resume,None) rc=0 site=reverie-ptrace/src/task.rs:5444
PROBE[exec-edge-ok] t=133736757235819 (dt=817us) caller=31119 target=31118 what=WAITID(P_PIDFD) thread=Some("guest-31118") result=Ok(Some("0x7057f")) rc=0 site=safeptrace/src/notifier.rs:1858
PROBE[exec-edge-ok] t=133736757316771 (dt=736us) caller=31115 target=31118 what=PTRACE_SYSCALL(None) rc=0 site=reverie-ptrace/src/task.rs:5466
PROBE[exec-edge-ok] t=133736757445043 (dt=608us) caller=31117 target=31116 what=WAITID(P_PIDFD) thread=Some("guest-31116") result=Ok(Some("0x6057f")) rc=0 site=safeptrace/src/notifier.rs:1858
PROBE[exec-edge-ok] t=133736757468599 (dt=584us) caller=31115 target=31116 what=drive_ordinary: ExitFuture resolved ok=true main=true rc=0 site=reverie-ptrace/src/task.rs:6946
PROBE[exec-edge-ok] t=133736757474678 (dt=578us) caller=31115 target=31116 what=finish_ordinary_terminal entered with Ok(Stopped) rc=0 site=reverie-ptrace/src/tracer.rs:543
PROBE[exec-edge-ok] t=133736757476480 (dt=577us) caller=31115 target=31116 what=GETEVENTMSG-before rc=0 site=reverie-ptrace/src/tracer.rs:556
PROBE[exec-edge-ok] t=133736757478343 (dt=575us) caller=31115 target=31116 what=GETEVENTMSG-after rc=0 site=reverie-ptrace/src/tracer.rs:556
PROBE[exec-edge-ok] t=133736757481118 (dt=572us) caller=31115 target=31116 what=PTRACE_CONT(resume_retaining,None) rc=0 site=reverie-ptrace/src/tracer.rs:613
PROBE[exec-edge-ok] t=133736757518023 (dt=535us) caller=31119 target=31118 what=WAITID(P_PIDFD) thread=Some("guest-31118") result=Err(ECHILD) rc=0 site=safeptrace/src/notifier.rs:1858
PROBE[exec-edge-ok] t=133736757889661 (dt=163us) caller=31117 target=31116 what=WAITID(P_PIDFD) thread=Some("guest-31116") result=Ok(Some("0x4057f")) rc=0 site=safeptrace/src/notifier.rs:1858
PROBE[exec-edge-ok] t=133736757905655 (dt=147us) caller=31115 target=31116 what=GETEVENTMSG-before rc=0 site=safeptrace/src/lib.rs:246
PROBE[exec-edge-ok] t=133736757908359 (dt=145us) caller=31115 target=31116 what=GETEVENTMSG-after rc=31118 site=safeptrace/src/lib.rs:246
PROBE[exec-edge-ok] t=133736758052826 (dt=0us) caller=31115 target=31116 what=EXEC-EDGE observed former=31118 exit_status=Some(Exited(0)) esrch=None snapshot: [task 31116: State: t (tracing stop) | Pid: 31116 | TracerPid: 31115 | SigPnd: 0000000000000000 | ShdPnd: 0000000000000000 | stat.state=t stat.exit_code=0 | wchan=ptrace_stop] rc=0 site=reverie-ptrace/src/tracer.rs:675

---- tracer::tests::ordinary_nonleader_success_preserves_exit_callbacks stdout ----
ordinary cleanup control: root=31122, descendant=0, fail=false, fork=false, newborn=false, timeout=false, root_absent=true, descendant_absent=true, post_syscall=1, sentinel_untouched=true
fatal physical identity: tid=31122, initial=TraceeSnapshot { tgid: Pid(31122), ppid: Pid(31042), tracer_pid: Pid(31120), start_time: 13373676 }, proc_inode=2989484244, same_process=false, stat=Err(Os { code: 3, kind: Uncategorized, message: "No such process" }), status=Err(Os { code: 3, kind: Uncategorized, message: "No such process" }), pidfd_poll=1, pidfd_revents=17, pidfd_signal0=Err(ESRCH)
fatal original notifier: tid=31122, terminal=Ok(Some(Exited(0))), retired=true, held_stop=false
fatal original notifier: tid=31124, terminal=Ok(Some(Exited(0))), retired=true, held_stop=false
fatal chronology: Some((["RootStopLease step before: tid=31122, siginfo=Ok((19, -6)), terminal=Ok(None)", "RootStopLease step result: Ok(Running(Pid(31122), TraceeToken { event: EventHandle(EventGeneration { event: Event { exit_waiters: ExitWaiters { waiters: Mutex { data: [] } }, exit_publication: Mutex { data: () }, status_waker: WakerSlot { waker: Mutex { data: Some(Waker { data: 0x7f90b400c380, vtable: 0x560236f63b68 }) }, data: 0x7f90b400c380, vtable: 0x560236f63b68 }, status: Mutex { data: StatusState { pending: [], terminal: -1 } }, status_changed: Condvar { .. }, exit_status: 0, exit_capability: 0, exit_epoch: 0, registration_error: Mutex { data: None }, worker_state: 2, worker_done_lock: Mutex { data: () }, worker_done_changed: Condvar { .. }, cleanup_cancel_requested: false, cleanup_claim_waiters: 0, wait_owner: 2, wait_owner_lock: Mutex { data: () }, wait_owner_changed: Condvar { .. } }, identity: OnceLock(WorkerIdentity { pid: Pid(31122), snapshot: WorkerProcSnapshot { tgid: Pid(31122), tracer_pid: Pid(31120), start_time: 13373676 }, pidfd: OwnedFd { fd: 36 }, proc_dir: OwnedFd { fd: 38 }, proc_inode: 2989484244 }), authoritative: OnceLock(<uninit>) }) }))", "RootStopLease step before: tid=31122, siginfo=Ok((5, 1)), terminal=Ok(None)", "RootStopLease step result: Ok(Running(Pid(31122), TraceeToken { event: EventHandle(EventGeneration { event: Event { exit_waiters: ExitWaiters { waiters: Mutex { data: [] } }, exit_publication: Mutex { data: () }, status_waker: WakerSlot { waker: Mutex { data: Some(Waker { data: 0x7f90b400c380, vtable: 0x560236f63b68 }) }, data: 0x7f90b400c380, vtable: 0x560236f63b68 }, status: Mutex { data: StatusState { pending: [], terminal: -1 } }, status_changed: Condvar { .. }, exit_status: 0, exit_capability: 0, exit_epoch: 0, registration_error: Mutex { data: None }, worker_state: 2, worker_done_lock: Mutex { data: () }, worker_done_changed: Condvar { .. }, cleanup_cancel_requested: false, cleanup_claim_waiters: 0, wait_owner: 2, wait_owner_lock: Mutex { data: () }, wait_owner_changed: Condvar { .. } }, identity: OnceLock(WorkerIdentity { pid: Pid(31122), snapshot: WorkerProcSnapshot { tgid: Pid(31122), tracer_pid: Pid(31120), start_time: 13373676 }, pidfd: OwnedFd { fd: 36 }, proc_dir: OwnedFd { fd: 38 }, proc_inode: 2989484244 }), authoritative: OnceLock(<uninit>) }) }))", "RootStopLease step before: tid=31122, siginfo=Ok((5, 773)), terminal=Ok(None)", "RootStopLease step result: Ok(Running(Pid(31122), TraceeToken { event: EventHandle(EventGeneration { event: Event { exit_waiters: ExitWaiters { waiters: Mutex { data: [(Weak)] } }, exit_publication: Mutex { data: () }, status_waker: WakerSlot { waker: Mutex { data: Some(Waker { data: 0x7f90b400c380, vtable: 0x560236f63b68 }) }, data: 0x7f90b400c380, vtable: 0x560236f63b68 }, status: Mutex { data: StatusState { pending: [], terminal: -1 } }, status_changed: Condvar { .. }, exit_status: 0, exit_capability: 0, exit_epoch: 0, registration_error: Mutex { data: None }, worker_state: 2, worker_done_lock: Mutex { data: () }, worker_done_changed: Condvar { .. }, cleanup_cancel_requested: false, cleanup_claim_waiters: 0, wait_owner: 2, wait_owner_lock: Mutex { data: () }, wait_owner_changed: Condvar { .. } }, identity: OnceLock(WorkerIdentity { pid: Pid(31122), snapshot: WorkerProcSnapshot { tgid: Pid(31122), tracer_pid: Pid(31120), start_time: 13373676 }, pidfd: OwnedFd { fd: 36 }, proc_dir: OwnedFd { fd: 38 }, proc_inode: 2989484244 }), authoritative: OnceLock(<uninit>) }) }))", "finish_ordinary_terminal entered: Ok(Stopped(Pid(31124), TraceeToken { event: EventHandle(EventGeneration { event: Event { exit_waiters: ExitWaiters { waiters: Mutex { data: [(Weak)] } }, exit_publication: Mutex { data: () }, status_waker: WakerSlot { waker: Mutex { data: Some(Waker { data: 0x7f90b4031680, vtable: 0x560236f64010 }) }, data: 0x7f90b4031680, vtable: 0x560236f64010 }, status: Mutex { data: StatusState { pending: [], terminal: -1 } }, status_changed: Condvar { .. }, exit_status: 1, exit_capability: 2, exit_epoch: 0, registration_error: Mutex { data: None }, worker_state: 2, worker_done_lock: Mutex { data: () }, worker_done_changed: Condvar { .. }, cleanup_cancel_requested: false, cleanup_claim_waiters: 0, wait_owner: 2, wait_owner_lock: Mutex { data: () }, wait_owner_changed: Condvar { .. } }, identity: OnceLock(WorkerIdentity { pid: Pid(31124), snapshot: WorkerProcSnapshot { tgid: Pid(31122), tracer_pid: Pid(31120), start_time: 13373676 }, pidfd: OwnedFd { fd: 61 }, proc_dir: OwnedFd { fd: 62 }, proc_inode: 2989439464 }), authoritative: OnceLock(<uninit>) }) }))", "finish getevent: tid=31124, result=Ok(0), terminal=Ok(None), retired=false", "finish_ordinary_terminal entered: Ok(Stopped(Pid(31122), TraceeToken { event: EventHandle(EventGeneration { event: Event { exit_waiters: ExitWaiters { waiters: Mutex { data: [(Weak)] } }, exit_publication: Mutex { data: () }, status_waker: WakerSlot { waker: Mutex { data: Some(Waker { data: 0x7f90b400c380, vtable: 0x560236f63b68 }) }, data: 0x7f90b400c380, vtable: 0x560236f63b68 }, status: Mutex { data: StatusState { pending: [], terminal: -1 } }, status_changed: Condvar { .. }, exit_status: 1, exit_capability: 2, exit_epoch: 0, registration_error: Mutex { data: None }, worker_state: 2, worker_done_lock: Mutex { data: () }, worker_done_changed: Condvar { .. }, cleanup_cancel_requested: false, cleanup_claim_waiters: 0, wait_owner: 2, wait_owner_lock: Mutex { data: () }, wait_owner_changed: Condvar { .. } }, identity: OnceLock(WorkerIdentity { pid: Pid(31122), snapshot: WorkerProcSnapshot { tgid: Pid(31122), tracer_pid: Pid(31120), start_time: 13373676 }, pidfd: OwnedFd { fd: 36 }, proc_dir: OwnedFd { fd: 38 }, proc_inode: 2989484244 }), authoritative: OnceLock(<uninit>) }) }))", "finish getevent: tid=31122, result=Ok(0), terminal=Ok(None), retired=false"], 0))
fatal legacy result: success(Exited(0)); consuming hooks: None

---- tracer::tests::ordinary_nonleader_tool_failure_cancels_pending_newborn_start stdout ----
fatal control raises original error in live tid 31132 (mode 2)
ordinary cleanup control: root=31128, descendant=0, fail=true, fork=false, newborn=true, timeout=false, root_absent=true, descendant_absent=true, post_syscall=0, sentinel_untouched=true
fatal physical identity: tid=31128, initial=TraceeSnapshot { tgid: Pid(31128), ppid: Pid(31042), tracer_pid: Pid(31126), start_time: 13373676 }, proc_inode=2989484258, same_process=false, stat=Err(Os { code: 3, kind: Uncategorized, message: "No such process" }), status=Err(Os { code: 3, kind: Uncategorized, message: "No such process" }), pidfd_poll=1, pidfd_revents=17, pidfd_signal0=Err(ESRCH)
fatal original notifier: tid=31128, terminal=Ok(Some(Signaled(SIGKILL, false))), retired=true, held_stop=false
fatal original notifier: tid=31130, terminal=Ok(Some(Signaled(SIGKILL, false))), retired=true, held_stop=false
fatal original notifier: tid=31132, terminal=Ok(Some(Signaled(SIGKILL, false))), retired=true, held_stop=false
fatal chronology: Some((["RootStopLease step before: tid=31128, siginfo=Ok((19, -6)), terminal=Ok(None)", "RootStopLease step result: Ok(Running(Pid(31128), TraceeToken { event: EventHandle(EventGeneration { event: Event { exit_waiters: ExitWaiters { waiters: Mutex { data: [] } }, exit_publication: Mutex { data: () }, status_waker: WakerSlot { waker: Mutex { data: Some(Waker { data: 0x7f90b400bd00, vtable: 0x560236f63b68 }) }, data: 0x7f90b400bd00, vtable: 0x560236f63b68 }, status: Mutex { data: StatusState { pending: [], terminal: -1 } }, status_changed: Condvar { .. }, exit_status: 0, exit_capability: 0, exit_epoch: 0, registration_error: Mutex { data: None }, worker_state: 2, worker_done_lock: Mutex { data: () }, worker_done_changed: Condvar { .. }, cleanup_cancel_requested: false, cleanup_claim_waiters: 0, wait_owner: 2, wait_owner_lock: Mutex { data: () }, wait_owner_changed: Condvar { .. } }, identity: OnceLock(WorkerIdentity { pid: Pid(31128), snapshot: WorkerProcSnapshot { tgid: Pid(31128), tracer_pid: Pid(31126), start_time: 13373676 }, pidfd: OwnedFd { fd: 36 }, proc_dir: OwnedFd { fd: 38 }, proc_inode: 2989484258 }), authoritative: OnceLock(<uninit>) }) }))", "RootStopLease step before: tid=31128, siginfo=Ok((5, 1)), terminal=Ok(None)", "RootStopLease step result: Ok(Running(Pid(31128), TraceeToken { event: EventHandle(EventGeneration { event: Event { exit_waiters: ExitWaiters { waiters: Mutex { data: [] } }, exit_publication: Mutex { data: () }, status_waker: WakerSlot { waker: Mutex { data: Some(Waker { data: 0x7f90b400bd00, vtable: 0x560236f63b68 }) }, data: 0x7f90b400bd00, vtable: 0x560236f63b68 }, status: Mutex { data: StatusState { pending: [], terminal: -1 } }, status_changed: Condvar { .. }, exit_status: 0, exit_capability: 0, exit_epoch: 0, registration_error: Mutex { data: None }, worker_state: 2, worker_done_lock: Mutex { data: () }, worker_done_changed: Condvar { .. }, cleanup_cancel_requested: false, cleanup_claim_waiters: 0, wait_owner: 2, wait_owner_lock: Mutex { data: () }, wait_owner_changed: Condvar { .. } }, identity: OnceLock(WorkerIdentity { pid: Pid(31128), snapshot: WorkerProcSnapshot { tgid: Pid(31128), tracer_pid: Pid(31126), start_time: 13373676 }, pidfd: OwnedFd { fd: 36 }, proc_dir: OwnedFd { fd: 38 }, proc_inode: 2989484258 }), authoritative: OnceLock(<uninit>) }) }))", "RootStopLease step before: tid=31128, siginfo=Ok((5, 773)), terminal=Ok(None)", "RootStopLease step result: Ok(Running(Pid(31128), TraceeToken { event: EventHandle(EventGeneration { event: Event { exit_waiters: ExitWaiters { waiters: Mutex { data: [(Weak)] } }, exit_publication: Mutex { data: () }, status_waker: WakerSlot { waker: Mutex { data: Some(Waker { data: 0x7f90b400bd00, vtable: 0x560236f63b68 }) }, data: 0x7f90b400bd00, vtable: 0x560236f63b68 }, status: Mutex { data: StatusState { pending: [], terminal: -1 } }, status_changed: Condvar { .. }, exit_status: 0, exit_capability: 0, exit_epoch: 0, registration_error: Mutex { data: None }, worker_state: 2, worker_done_lock: Mutex { data: () }, worker_done_changed: Condvar { .. }, cleanup_cancel_requested: false, cleanup_claim_waiters: 0, wait_owner: 2, wait_owner_lock: Mutex { data: () }, wait_owner_changed: Condvar { .. } }, identity: OnceLock(WorkerIdentity { pid: Pid(31128), snapshot: WorkerProcSnapshot { tgid: Pid(31128), tracer_pid: Pid(31126), start_time: 13373676 }, pidfd: OwnedFd { fd: 36 }, proc_dir: OwnedFd { fd: 38 }, proc_inode: 2989484258 }), authoritative: OnceLock(<uninit>) }) }))", "RootStopLease step before: tid=31128, siginfo=Ok((5, 773)), terminal=Ok(None)", "RootStopLease step result: Ok(Running(Pid(31128), TraceeToken { event: EventHandle(EventGeneration { event: Event { exit_waiters: ExitWaiters { waiters: Mutex { data: [(Weak)] } }, exit_publication: Mutex { data: () }, status_waker: WakerSlot { waker: Mutex { data: Some(Waker { data: 0x7f90b400bd00, vtable: 0x560236f63b68 }) }, data: 0x7f90b400bd00, vtable: 0x560236f63b68 }, status: Mutex { data: StatusState { pending: [], terminal: -1 } }, status_changed: Condvar { .. }, exit_status: 0, exit_capability: 0, exit_epoch: 0, registration_error: Mutex { data: None }, worker_state: 2, worker_done_lock: Mutex { data: () }, worker_done_changed: Condvar { .. }, cleanup_cancel_requested: false, cleanup_claim_waiters: 0, wait_owner: 2, wait_owner_lock: Mutex { data: () }, wait_owner_changed: Condvar { .. } }, identity: OnceLock(WorkerIdentity { pid: Pid(31128), snapshot: WorkerProcSnapshot { tgid: Pid(31128), tracer_pid: Pid(31126), start_time: 13373676 }, pidfd: OwnedFd { fd: 36 }, proc_dir: OwnedFd { fd: 38 }, proc_inode: 2989484258 }), authoritative: OnceLock(<uninit>) }) }))", "finish_ordinary_terminal entered: Ok(Stopped(Pid(31128), TraceeToken { event: EventHandle(EventGeneration { event: Event { exit_waiters: ExitWaiters { waiters: Mutex { data: [(Weak)] } }, exit_publication: Mutex { data: () }, status_waker: WakerSlot { waker: Mutex { data: Some(Waker { data: 0x7f90b400bd00, vtable: 0x560236f63b68 }) }, data: 0x7f90b400bd00, vtable: 0x560236f63b68 }, status: Mutex { data: StatusState { pending: [], terminal: -1 } }, status_changed: Condvar { .. }, exit_status: 1, exit_capability: 2, exit_epoch: 0, registration_error: Mutex { data: None }, worker_state: 2, worker_done_lock: Mutex { data: () }, worker_done_changed: Condvar { .. }, cleanup_cancel_requested: false, cleanup_claim_waiters: 0, wait_owner: 2, wait_owner_lock: Mutex { data: () }, wait_owner_changed: Condvar { .. } }, identity: OnceLock(WorkerIdentity { pid: Pid(31128), snapshot: WorkerProcSnapshot { tgid: Pid(31128), tracer_pid: Pid(31126), start_time: 13373676 }, pidfd: OwnedFd { fd: 36 }, proc_dir: OwnedFd { fd: 38 }, proc_inode: 2989484258 }), authoritative: OnceLock(<uninit>) }) }))", "finish getevent: tid=31128, result=Ok(9), terminal=Ok(None), retired=false", "finish_ordinary_terminal entered: Ok(Stopped(Pid(31132), TraceeToken { event: EventHandle(EventGeneration { event: Event { exit_waiters: ExitWaiters { waiters: Mutex { data: [(Weak)] } }, exit_publication: Mutex { data: () }, status_waker: WakerSlot { waker: Mutex { data: Some(Waker { data: 0x7f90b4038500, vtable: 0x560236f64010 }) }, data: 0x7f90b4038500, vtable: 0x560236f64010 }, status: Mutex { data: StatusState { pending: [], terminal: -1 } }, status_changed: Condvar { .. }, exit_status: 1, exit_capability: 2, exit_epoch: 0, registration_error: Mutex { data: None }, worker_state: 2, worker_done_lock: Mutex { data: () }, worker_done_changed: Condvar { .. }, cleanup_cancel_requested: false, cleanup_claim_waiters: 0, wait_owner: 2, wait_owner_lock: Mutex { data: () }, wait_owner_changed: Condvar { .. } }, identity: OnceLock(WorkerIdentity { pid: Pid(31132), snapshot: WorkerProcSnapshot { tgid: Pid(31128), tracer_pid: Pid(31126), start_time: 13373677 }, pidfd: OwnedFd { fd: 74 }, proc_dir: OwnedFd { fd: 75 }, proc_inode: 2989851553 }), authoritative: OnceLock(<uninit>) }) }))", "finish getevent: tid=31132, result=Ok(9), terminal=Ok(None), retired=false", "finish_ordinary_terminal entered: Ok(Stopped(Pid(31130), TraceeToken { event: EventHandle(EventGeneration { event: Event { exit_waiters: ExitWaiters { waiters: Mutex { data: [(Weak)] } }, exit_publication: Mutex { data: () }, status_waker: WakerSlot { waker: Mutex { data: Some(Waker { data: 0x7f90b4013e00, vtable: 0x560236f64010 }) }, data: 0x7f90b4013e00, vtable: 0x560236f64010 }, status: Mutex { data: StatusState { pending: [], terminal: -1 } }, status_changed: Condvar { .. }, exit_status: 1, exit_capability: 2, exit_epoch: 0, registration_error: Mutex { data: None }, worker_state: 2, worker_done_lock: Mutex { data: () }, worker_done_changed: Condvar { .. }, cleanup_cancel_requested: false, cleanup_claim_waiters: 0, wait_owner: 2, wait_owner_lock: Mutex { data: () }, wait_owner_changed: Condvar { .. } }, identity: OnceLock(WorkerIdentity { pid: Pid(31130), snapshot: WorkerProcSnapshot { tgid: Pid(31128), tracer_pid: Pid(31126), start_time: 13373676 }, pidfd: OwnedFd { fd: 61 }, proc_dir: OwnedFd { fd: 62 }, proc_inode: 2989484262 }), authoritative: OnceLock(<uninit>) }) }))", "finish getevent: tid=31130, result=Ok(9), terminal=Ok(None), retired=false"], 0))
fatal legacy result: error(Tool(ordinary nonleader failure control)), original_nonleader=true; consuming hooks: Some([(Pid(31128), None), (Pid(31130), None), (Pid(31132), None), (Pid(31132), Some(Signaled(SIGKILL, false))), (Pid(31130), Some(Signaled(SIGKILL, false))), (Pid(31128), Some(Signaled(SIGKILL, false)))])

---- tracer::tests::ordinary_nonleader_exec_run_loop_echild_awaits_leader_exec_edge stdout ----
PROBE[exec-edge-ok] t=133736712029738 (dt=25283us) caller=31061 target=31055 what=WAITID(P_PIDFD) thread=Some("guest-31055") result=Ok(Some("0x137f")) rc=0 site=safeptrace/src/notifier.rs:1858
PROBE[exec-edge-ok] t=133736712675717 (dt=24637us) caller=31052 target=31055 what=PTRACE_SINGLESTEP(None) rc=0 site=reverie-ptrace/src/task.rs:2719
PROBE[exec-edge-ok] t=133736712743209 (dt=24569us) caller=31061 target=31055 what=WAITID(P_PIDFD) thread=Some("guest-31055") result=Ok(Some("0x57f")) rc=0 site=safeptrace/src/notifier.rs:1858
PROBE[exec-edge-ok] t=133736713412824 (dt=23899us) caller=31052 target=31055 what=PTRACE_SINGLESTEP(None) rc=0 site=reverie-ptrace/src/task.rs:5455
PROBE[exec-edge-ok] t=133736713429269 (dt=23883us) caller=31061 target=31055 what=WAITID(P_PIDFD) thread=Some("guest-31055") result=Ok(Some("0x57f")) rc=0 site=safeptrace/src/notifier.rs:1858
PROBE[exec-edge-ok] t=133736713765584 (dt=23547us) caller=31052 target=31055 what=PTRACE_CONT(resume,None) rc=0 site=reverie-ptrace/src/task.rs:5444
PROBE[exec-edge-ok] t=133736713954237 (dt=23358us) caller=31061 target=31055 what=WAITID(P_PIDFD) thread=Some("guest-31055") result=Ok(Some("0x3057f")) rc=0 site=safeptrace/src/notifier.rs:1858
PROBE[exec-edge-ok] t=133736714020667 (dt=23292us) caller=31052 target=31055 what=GETEVENTMSG-before rc=0 site=safeptrace/src/lib.rs:234
PROBE[exec-edge-ok] t=133736714026205 (dt=23286us) caller=31052 target=31055 what=GETEVENTMSG-after rc=31073 site=safeptrace/src/lib.rs:234
PROBE[exec-edge-ok] t=133736714552275 (dt=22760us) caller=31077 target=31073 what=WAITID(P_PIDFD) thread=Some("guest-31073") result=Ok(Some("0x137f")) rc=0 site=safeptrace/src/notifier.rs:1858
PROBE[exec-edge-ok] t=133736735460456 (dt=1852us) caller=31052 target=31055 what=PTRACE_SINGLESTEP(None) rc=0 site=reverie-ptrace/src/task.rs:5455
PROBE[exec-edge-ok] t=133736735991924 (dt=1320us) caller=31052 target=31073 what=PTRACE_CONT(resume,None) rc=0 site=reverie-ptrace/src/task.rs:5444
PROBE[exec-edge-ok] t=133736736008829 (dt=1303us) caller=31061 target=31055 what=WAITID(P_PIDFD) thread=Some("guest-31055") result=Ok(Some("0x57f")) rc=0 site=safeptrace/src/notifier.rs:1858
PROBE[exec-edge-ok] t=133736736065654 (dt=1247us) caller=31052 target=31055 what=PTRACE_CONT(resume,None) rc=0 site=reverie-ptrace/src/task.rs:5444
PROBE[exec-edge-ok] t=133736736335159 (dt=977us) caller=31061 target=31055 what=WAITID(P_PIDFD) thread=Some("guest-31055") result=Ok(Some("0x6057f")) rc=0 site=safeptrace/src/notifier.rs:1858
PROBE[exec-edge-ok] t=133736736366566 (dt=946us) caller=31052 target=31055 what=drive_ordinary: ExitFuture resolved ok=true main=true rc=0 site=reverie-ptrace/src/task.rs:6946
PROBE[exec-edge-ok] t=133736736372816 (dt=939us) caller=31052 target=31055 what=finish_ordinary_terminal entered with Ok(Stopped) rc=0 site=reverie-ptrace/src/tracer.rs:543
PROBE[exec-edge-ok] t=133736736374749 (dt=937us) caller=31052 target=31055 what=GETEVENTMSG-before rc=0 site=reverie-ptrace/src/tracer.rs:556
PROBE[exec-edge-ok] t=133736736377302 (dt=935us) caller=31052 target=31055 what=GETEVENTMSG-after rc=0 site=reverie-ptrace/src/tracer.rs:556
PROBE[exec-edge-ok] t=133736736380477 (dt=932us) caller=31052 target=31055 what=PTRACE_CONT(resume_retaining,None) rc=0 site=reverie-ptrace/src/tracer.rs:613
PROBE[exec-edge-ok] t=133736736455210 (dt=857us) caller=31077 target=31073 what=WAITID(P_PIDFD) thread=Some("guest-31073") result=Err(ECHILD) rc=0 site=safeptrace/src/notifier.rs:1858
PROBE[exec-edge-ok] t=133736737093117 (dt=219us) caller=31061 target=31055 what=WAITID(P_PIDFD) thread=Some("guest-31055") result=Ok(Some("0x4057f")) rc=0 site=safeptrace/src/notifier.rs:1858
PROBE[exec-edge-ok] t=133736737110353 (dt=202us) caller=31052 target=31055 what=GETEVENTMSG-before rc=0 site=safeptrace/src/lib.rs:246
PROBE[exec-edge-ok] t=133736737114309 (dt=198us) caller=31052 target=31055 what=GETEVENTMSG-after rc=31073 site=safeptrace/src/lib.rs:246
PROBE[exec-edge-ok] t=133736737311776 (dt=0us) caller=31052 target=31055 what=EXEC-EDGE observed former=31073 exit_status=Some(Exited(0)) esrch=None snapshot: [task 31055: State: t (tracing stop) | Pid: 31055 | TracerPid: 31052 | SigPnd: 0000000000000000 | ShdPnd: 0000000000000000 | stat.state=t stat.exit_code=0 | wchan=ptrace_stop] rc=0 site=reverie-ptrace/src/tracer.rs:675
actual delivered marker observations: tracer=31042, rows=[(31055, 16, 1, 65, 100544, false, false)]
exec owner before rescue: fail=false, timer_mode=1, root_absent=true, events=[(0, Pid(31055), 31055, None), (0, Pid(31073), 31073, None), (2, Pid(31055), 31055, Some(Exited(0))), (1, Pid(31055), 31073, None), (9, Pid(31055), 100544, None), (4, Pid(31055), 31073, None), (2, Pid(31055), 31073, Some(Exited(0))), (3, Pid(31055), 0, Some(Exited(0)))], elapsed=80.541744ms, outcome=Complete(Ok(Output { status: Exited(0), stdout: "survived", stderr: "" }))
actual perf exec handoff: ExecTimerTransfer { displaced: Some(ExecTimerIdentity { clock_fd: 37, timer_fd: 34, clock_event_id: 6842935, timer_event_id: 6842932, artificial_pending: false, artificial_signal_sent: false, cancelled: true, guest_pid: Pid(31055), guest_tid: Pid(31055), kernel_owner_tid: Pid(31055) }), before: Some(ExecTimerIdentity { clock_fd: 70, timer_fd: 68, clock_event_id: 6842941, timer_event_id: 6842940, artificial_pending: false, artificial_signal_sent: false, cancelled: true, guest_pid: Pid(31055), guest_tid: Pid(31073), kernel_owner_tid: Pid(0) }), after: Some(ExecTimerIdentity { clock_fd: 70, timer_fd: 68, clock_event_id: 6842941, timer_event_id: 6842940, artificial_pending: false, artificial_signal_sent: false, cancelled: true, guest_pid: Pid(31055), guest_tid: Pid(31055), kernel_owner_tid: Pid(31055) }), displaced_fds_closed: true }
nonleader run loop stayed pending on: ["wait after initial tracee resume"]

---- tracer::tests::ordinary_nonleader_exec_postexec_timer_survives_internal_step stdout ----
PROBE[exec-edge-ok] t=133736712140453 (dt=25195us) caller=31062 target=31057 what=WAITID(P_PIDFD) thread=Some("guest-31057") result=Ok(Some("0x137f")) rc=0 site=safeptrace/src/notifier.rs:1858
PROBE[exec-edge-ok] t=133736712678601 (dt=24657us) caller=31049 target=31057 what=PTRACE_SINGLESTEP(None) rc=0 site=reverie-ptrace/src/task.rs:2719
PROBE[exec-edge-ok] t=133736712725923 (dt=24610us) caller=31062 target=31057 what=WAITID(P_PIDFD) thread=Some("guest-31057") result=Ok(Some("0x57f")) rc=0 site=safeptrace/src/notifier.rs:1858
PROBE[exec-edge-ok] t=133736713406815 (dt=23929us) caller=31049 target=31057 what=PTRACE_SINGLESTEP(None) rc=0 site=reverie-ptrace/src/task.rs:5455
PROBE[exec-edge-ok] t=133736713427145 (dt=23908us) caller=31062 target=31057 what=WAITID(P_PIDFD) thread=Some("guest-31057") result=Ok(Some("0x57f")) rc=0 site=safeptrace/src/notifier.rs:1858
PROBE[exec-edge-ok] t=133736713764502 (dt=23571us) caller=31049 target=31057 what=PTRACE_CONT(resume,None) rc=0 site=reverie-ptrace/src/task.rs:5444
PROBE[exec-edge-ok] t=133736713961398 (dt=23374us) caller=31062 target=31057 what=WAITID(P_PIDFD) thread=Some("guest-31057") result=Ok(Some("0x3057f")) rc=0 site=safeptrace/src/notifier.rs:1858
PROBE[exec-edge-ok] t=133736713981628 (dt=23354us) caller=31049 target=31057 what=GETEVENTMSG-before rc=0 site=safeptrace/src/lib.rs:234
PROBE[exec-edge-ok] t=133736713986235 (dt=23349us) caller=31049 target=31057 what=GETEVENTMSG-after rc=31072 site=safeptrace/src/lib.rs:234
PROBE[exec-edge-ok] t=133736714521989 (dt=22814us) caller=31076 target=31072 what=WAITID(P_PIDFD) thread=Some("guest-31072") result=Ok(Some("0x137f")) rc=0 site=safeptrace/src/notifier.rs:1858
PROBE[exec-edge-ok] t=133736735460336 (dt=1875us) caller=31049 target=31057 what=PTRACE_SINGLESTEP(None) rc=0 site=reverie-ptrace/src/task.rs:5455
PROBE[exec-edge-ok] t=133736735989901 (dt=1346us) caller=31049 target=31072 what=PTRACE_CONT(resume,None) rc=0 site=reverie-ptrace/src/task.rs:5444
PROBE[exec-edge-ok] t=133736735993065 (dt=1342us) caller=31062 target=31057 what=WAITID(P_PIDFD) thread=Some("guest-31057") result=Ok(Some("0x57f")) rc=0 site=safeptrace/src/notifier.rs:1858
PROBE[exec-edge-ok] t=133736736065474 (dt=1270us) caller=31049 target=31057 what=PTRACE_CONT(resume,None) rc=0 site=reverie-ptrace/src/task.rs:5444
PROBE[exec-edge-ok] t=133736736310482 (dt=1025us) caller=31062 target=31057 what=WAITID(P_PIDFD) thread=Some("guest-31057") result=Ok(Some("0x6057f")) rc=0 site=safeptrace/src/notifier.rs:1858
PROBE[exec-edge-ok] t=133736736348830 (dt=987us) caller=31049 target=31057 what=drive_ordinary: ExitFuture resolved ok=true main=true rc=0 site=reverie-ptrace/src/task.rs:6946
PROBE[exec-edge-ok] t=133736736357062 (dt=978us) caller=31049 target=31057 what=finish_ordinary_terminal entered with Ok(Stopped) rc=0 site=reverie-ptrace/src/tracer.rs:543
PROBE[exec-edge-ok] t=133736736359546 (dt=976us) caller=31049 target=31057 what=GETEVENTMSG-before rc=0 site=reverie-ptrace/src/tracer.rs:556
PROBE[exec-edge-ok] t=133736736363512 (dt=972us) caller=31049 target=31057 what=GETEVENTMSG-after rc=0 site=reverie-ptrace/src/tracer.rs:556
PROBE[exec-edge-ok] t=133736736370252 (dt=965us) caller=31049 target=31057 what=PTRACE_CONT(resume_retaining,None) rc=0 site=reverie-ptrace/src/tracer.rs:613
PROBE[exec-edge-ok] t=133736736424343 (dt=911us) caller=31076 target=31072 what=WAITID(P_PIDFD) thread=Some("guest-31072") result=Err(ECHILD) rc=0 site=safeptrace/src/notifier.rs:1858
PROBE[exec-edge-ok] t=133736736478264 (dt=857us) caller=31049 target=31072 what=drive_ordinary: ExitFuture resolved ok=false main=false rc=0 site=reverie-ptrace/src/task.rs:6946
PROBE[exec-edge-ok] t=133736737100568 (dt=235us) caller=31062 target=31057 what=WAITID(P_PIDFD) thread=Some("guest-31057") result=Ok(Some("0x4057f")) rc=0 site=safeptrace/src/notifier.rs:1858
PROBE[exec-edge-ok] t=133736737118535 (dt=217us) caller=31049 target=31057 what=GETEVENTMSG-before rc=0 site=safeptrace/src/lib.rs:246
PROBE[exec-edge-ok] t=133736737161660 (dt=174us) caller=31049 target=31057 what=GETEVENTMSG-after rc=31072 site=safeptrace/src/lib.rs:246
PROBE[exec-edge-ok] t=133736737311825 (dt=24us) caller=31049 target=31057 what=EXEC-EDGE observed former=31072 exit_status=Some(Exited(0)) esrch=None snapshot: [task 31057: State: t (tracing stop) | Pid: 31057 | TracerPid: 31049 | SigPnd: 0000000000000000 | ShdPnd: 0000000000000000 | stat.state=t stat.exit_code=0 | wchan=ptrace_stop] rc=0 site=reverie-ptrace/src/tracer.rs:675
actual delivered marker observations: tracer=31042, rows=[(31057, 16, 1, 65, 100546, false, false)]
exec owner before rescue: fail=false, timer_mode=1, root_absent=true, events=[(0, Pid(31057), 31057, None), (0, Pid(31072), 31072, None), (2, Pid(31057), 31057, Some(Exited(0))), (1, Pid(31057), 31072, None), (9, Pid(31057), 100546, None), (4, Pid(31057), 31072, None), (2, Pid(31057), 31072, Some(Exited(0))), (3, Pid(31057), 0, Some(Exited(0)))], elapsed=80.578339ms, outcome=Complete(Ok(Output { status: Exited(0), stdout: "survived", stderr: "" }))
actual perf exec handoff: ExecTimerTransfer { displaced: Some(ExecTimerIdentity { clock_fd: 38, timer_fd: 35, clock_event_id: 6842936, timer_event_id: 6842933, artificial_pending: false, artificial_signal_sent: false, cancelled: true, guest_pid: Pid(31057), guest_tid: Pid(31057), kernel_owner_tid: Pid(31057) }), before: Some(ExecTimerIdentity { clock_fd: 71, timer_fd: 69, clock_event_id: 6842942, timer_event_id: 6842939, artificial_pending: false, artificial_signal_sent: false, cancelled: true, guest_pid: Pid(31057), guest_tid: Pid(31072), kernel_owner_tid: Pid(0) }), after: Some(ExecTimerIdentity { clock_fd: 71, timer_fd: 69, clock_event_id: 6842942, timer_event_id: 6842939, artificial_pending: false, artificial_signal_sent: false, cancelled: true, guest_pid: Pid(31057), guest_tid: Pid(31057), kernel_owner_tid: Pid(31057) }), displaced_fds_closed: true }

---- tracer::tests::ordinary_nonleader_exec_real_signal_cancels_postexec_timer stdout ----
PROBE[exec-edge-ok] t=133736711930108 (dt=25430us) caller=31060 target=31054 what=WAITID(P_PIDFD) thread=Some("guest-31054") result=Ok(Some("0x137f")) rc=0 site=safeptrace/src/notifier.rs:1858
PROBE[exec-edge-ok] t=133736712675937 (dt=24684us) caller=31051 target=31054 what=PTRACE_SINGLESTEP(None) rc=0 site=reverie-ptrace/src/task.rs:2719
PROBE[exec-edge-ok] t=133736712730269 (dt=24630us) caller=31060 target=31054 what=WAITID(P_PIDFD) thread=Some("guest-31054") result=Ok(Some("0x57f")) rc=0 site=safeptrace/src/notifier.rs:1858
PROBE[exec-edge-ok] t=133736713407396 (dt=23953us) caller=31051 target=31054 what=PTRACE_SINGLESTEP(None) rc=0 site=reverie-ptrace/src/task.rs:5455
PROBE[exec-edge-ok] t=133736713422128 (dt=23938us) caller=31060 target=31054 what=WAITID(P_PIDFD) thread=Some("guest-31054") result=Ok(Some("0x57f")) rc=0 site=safeptrace/src/notifier.rs:1858
PROBE[exec-edge-ok] t=133736713754908 (dt=23605us) caller=31051 target=31054 what=PTRACE_CONT(resume,None) rc=0 site=reverie-ptrace/src/task.rs:5444
PROBE[exec-edge-ok] t=133736713932664 (dt=23428us) caller=31060 target=31054 what=WAITID(P_PIDFD) thread=Some("guest-31054") result=Ok(Some("0x3057f")) rc=0 site=safeptrace/src/notifier.rs:1858
PROBE[exec-edge-ok] t=133736713952154 (dt=23408us) caller=31051 target=31054 what=GETEVENTMSG-before rc=0 site=safeptrace/src/lib.rs:234
PROBE[exec-edge-ok] t=133736713955509 (dt=23405us) caller=31051 target=31054 what=GETEVENTMSG-after rc=31071 site=safeptrace/src/lib.rs:234
PROBE[exec-edge-ok] t=133736714434678 (dt=22926us) caller=31075 target=31071 what=WAITID(P_PIDFD) thread=Some("guest-31071") result=Ok(Some("0x137f")) rc=0 site=safeptrace/src/notifier.rs:1858
PROBE[exec-edge-ok] t=133736735455268 (dt=1905us) caller=31051 target=31054 what=PTRACE_SINGLESTEP(None) rc=0 site=reverie-ptrace/src/task.rs:5455
PROBE[exec-edge-ok] t=133736735989330 (dt=1371us) caller=31051 target=31071 what=PTRACE_CONT(resume,None) rc=0 site=reverie-ptrace/src/task.rs:5444
PROBE[exec-edge-ok] t=133736735995810 (dt=1364us) caller=31060 target=31054 what=WAITID(P_PIDFD) thread=Some("guest-31054") result=Ok(Some("0x57f")) rc=0 site=safeptrace/src/notifier.rs:1858
PROBE[exec-edge-ok] t=133736736056831 (dt=1303us) caller=31051 target=31054 what=PTRACE_CONT(resume,None) rc=0 site=reverie-ptrace/src/task.rs:5444
PROBE[exec-edge-ok] t=133736736245935 (dt=1114us) caller=31060 target=31054 what=WAITID(P_PIDFD) thread=Some("guest-31054") result=Ok(Some("0x6057f")) rc=0 site=safeptrace/src/notifier.rs:1858
PROBE[exec-edge-ok] t=133736736279175 (dt=1081us) caller=31051 target=31054 what=drive_ordinary: ExitFuture resolved ok=true main=true rc=0 site=reverie-ptrace/src/task.rs:6946
PROBE[exec-edge-ok] t=133736736286356 (dt=1074us) caller=31051 target=31054 what=finish_ordinary_terminal entered with Ok(Stopped) rc=0 site=reverie-ptrace/src/tracer.rs:543
PROBE[exec-edge-ok] t=133736736288749 (dt=1071us) caller=31051 target=31054 what=GETEVENTMSG-before rc=0 site=reverie-ptrace/src/tracer.rs:556
PROBE[exec-edge-ok] t=133736736291283 (dt=1069us) caller=31051 target=31054 what=GETEVENTMSG-after rc=0 site=reverie-ptrace/src/tracer.rs:556
PROBE[exec-edge-ok] t=133736736295600 (dt=1065us) caller=31051 target=31054 what=PTRACE_CONT(resume_retaining,None) rc=0 site=reverie-ptrace/src/tracer.rs:613
PROBE[exec-edge-ok] t=133736736339926 (dt=1020us) caller=31075 target=31071 what=WAITID(P_PIDFD) thread=Some("guest-31071") result=Err(ECHILD) rc=0 site=safeptrace/src/notifier.rs:1858
PROBE[exec-edge-ok] t=133736736394819 (dt=965us) caller=31051 target=31071 what=drive_ordinary: ExitFuture resolved ok=false main=false rc=0 site=reverie-ptrace/src/task.rs:6946
PROBE[exec-edge-ok] t=133736737093678 (dt=267us) caller=31060 target=31054 what=WAITID(P_PIDFD) thread=Some("guest-31054") result=Ok(Some("0x4057f")) rc=0 site=safeptrace/src/notifier.rs:1858
PROBE[exec-edge-ok] t=133736737110864 (dt=249us) caller=31051 target=31054 what=GETEVENTMSG-before rc=0 site=safeptrace/src/lib.rs:246
PROBE[exec-edge-ok] t=133736737113438 (dt=247us) caller=31051 target=31054 what=GETEVENTMSG-after rc=31071 site=safeptrace/src/lib.rs:246
PROBE[exec-edge-ok] t=133736737315742 (dt=44us) caller=31051 target=31054 what=EXEC-EDGE observed former=31071 exit_status=Some(Exited(0)) esrch=None snapshot: [task 31054: State: t (tracing stop) | Pid: 31054 | TracerPid: 31051 | SigPnd: 0000000000000000 | ShdPnd: 0000000000000000 | stat.state=t stat.exit_code=0 | wchan=ptrace_stop] rc=0 site=reverie-ptrace/src/tracer.rs:675
actual delivered marker observations: tracer=31042, rows=[(31054, 16, 1, 65, 100666, true, false)]
exec owner before rescue: fail=false, timer_mode=2, root_absent=true, events=[(0, Pid(31054), 31054, None), (0, Pid(31071), 31071, None), (2, Pid(31054), 31054, Some(Exited(0))), (1, Pid(31054), 31071, None), (7, Pid(31054), 10, None), (2, Pid(31054), 31071, Some(Exited(0))), (3, Pid(31054), 0, Some(Exited(0)))], elapsed=80.653582ms, outcome=Complete(Ok(Output { status: Exited(0), stdout: "survived", stderr: "" }))
actual perf exec handoff: ExecTimerTransfer { displaced: Some(ExecTimerIdentity { clock_fd: 36, timer_fd: 32, clock_event_id: 6842934, timer_event_id: 6842931, artificial_pending: false, artificial_signal_sent: false, cancelled: true, guest_pid: Pid(31054), guest_tid: Pid(31054), kernel_owner_tid: Pid(31054) }), before: Some(ExecTimerIdentity { clock_fd: 67, timer_fd: 66, clock_event_id: 6842938, timer_event_id: 6842937, artificial_pending: false, artificial_signal_sent: false, cancelled: true, guest_pid: Pid(31054), guest_tid: Pid(31071), kernel_owner_tid: Pid(0) }), after: Some(ExecTimerIdentity { clock_fd: 67, timer_fd: 66, clock_event_id: 6842938, timer_event_id: 6842937, artificial_pending: false, artificial_signal_sent: false, cancelled: true, guest_pid: Pid(31054), guest_tid: Pid(31054), kernel_owner_tid: Pid(31054) }), displaced_fds_closed: true }

---- tracer::tests::ordinary_nonleader_tool_failure_reaps_threads_without_resuming stdout ----
fatal control raises original error in live tid 31166 (mode 1)
ordinary cleanup control: root=31164, descendant=0, fail=true, fork=false, newborn=false, timeout=false, root_absent=true, descendant_absent=true, post_syscall=0, sentinel_untouched=true
fatal physical identity: tid=31164, initial=TraceeSnapshot { tgid: Pid(31164), ppid: Pid(31042), tracer_pid: Pid(31162), start_time: 13373678 }, proc_inode=2989252076, same_process=false, stat=Err(Os { code: 3, kind: Uncategorized, message: "No such process" }), status=Err(Os { code: 3, kind: Uncategorized, message: "No such process" }), pidfd_poll=1, pidfd_revents=17, pidfd_signal0=Err(ESRCH)
fatal original notifier: tid=31164, terminal=Ok(Some(Signaled(SIGKILL, false))), retired=true, held_stop=false
fatal original notifier: tid=31166, terminal=Ok(Some(Signaled(SIGKILL, false))), retired=true, held_stop=false
fatal chronology: Some((["RootStopLease step before: tid=31164, siginfo=Ok((19, -6)), terminal=Ok(None)", "RootStopLease step result: Ok(Running(Pid(31164), TraceeToken { event: EventHandle(EventGeneration { event: Event { exit_waiters: ExitWaiters { waiters: Mutex { data: [] } }, exit_publication: Mutex { data: () }, status_waker: WakerSlot { waker: Mutex { data: Some(Waker { data: 0x7f90b4037380, vtable: 0x560236f63b68 }) }, data: 0x7f90b4037380, vtable: 0x560236f63b68 }, status: Mutex { data: StatusState { pending: [], terminal: -1 } }, status_changed: Condvar { .. }, exit_status: 0, exit_capability: 0, exit_epoch: 0, registration_error: Mutex { data: None }, worker_state: 2, worker_done_lock: Mutex { data: () }, worker_done_changed: Condvar { .. }, cleanup_cancel_requested: false, cleanup_claim_waiters: 0, wait_owner: 2, wait_owner_lock: Mutex { data: () }, wait_owner_changed: Condvar { .. } }, identity: OnceLock(WorkerIdentity { pid: Pid(31164), snapshot: WorkerProcSnapshot { tgid: Pid(31164), tracer_pid: Pid(31162), start_time: 13373678 }, pidfd: OwnedFd { fd: 36 }, proc_dir: OwnedFd { fd: 38 }, proc_inode: 2989252076 }), authoritative: OnceLock(<uninit>) }) }))", "RootStopLease step before: tid=31164, siginfo=Ok((5, 1)), terminal=Ok(None)", "RootStopLease step result: Ok(Running(Pid(31164), TraceeToken { event: EventHandle(EventGeneration { event: Event { exit_waiters: ExitWaiters { waiters: Mutex { data: [] } }, exit_publication: Mutex { data: () }, status_waker: WakerSlot { waker: Mutex { data: Some(Waker { data: 0x7f90b4037380, vtable: 0x560236f63b68 }) }, data: 0x7f90b4037380, vtable: 0x560236f63b68 }, status: Mutex { data: StatusState { pending: [], terminal: -1 } }, status_changed: Condvar { .. }, exit_status: 0, exit_capability: 0, exit_epoch: 0, registration_error: Mutex { data: None }, worker_state: 2, worker_done_lock: Mutex { data: () }, worker_done_changed: Condvar { .. }, cleanup_cancel_requested: false, cleanup_claim_waiters: 0, wait_owner: 2, wait_owner_lock: Mutex { data: () }, wait_owner_changed: Condvar { .. } }, identity: OnceLock(WorkerIdentity { pid: Pid(31164), snapshot: WorkerProcSnapshot { tgid: Pid(31164), tracer_pid: Pid(31162), start_time: 13373678 }, pidfd: OwnedFd { fd: 36 }, proc_dir: OwnedFd { fd: 38 }, proc_inode: 2989252076 }), authoritative: OnceLock(<uninit>) }) }))", "RootStopLease step before: tid=31164, siginfo=Ok((5, 773)), terminal=Ok(None)", "RootStopLease step result: Ok(Running(Pid(31164), TraceeToken { event: EventHandle(EventGeneration { event: Event { exit_waiters: ExitWaiters { waiters: Mutex { data: [(Weak)] } }, exit_publication: Mutex { data: () }, status_waker: WakerSlot { waker: Mutex { data: Some(Waker { data: 0x7f90b4037380, vtable: 0x560236f63b68 }) }, data: 0x7f90b4037380, vtable: 0x560236f63b68 }, status: Mutex { data: StatusState { pending: [], terminal: -1 } }, status_changed: Condvar { .. }, exit_status: 0, exit_capability: 0, exit_epoch: 0, registration_error: Mutex { data: None }, worker_state: 2, worker_done_lock: Mutex { data: () }, worker_done_changed: Condvar { .. }, cleanup_cancel_requested: false, cleanup_claim_waiters: 0, wait_owner: 2, wait_owner_lock: Mutex { data: () }, wait_owner_changed: Condvar { .. } }, identity: OnceLock(WorkerIdentity { pid: Pid(31164), snapshot: WorkerProcSnapshot { tgid: Pid(31164), tracer_pid: Pid(31162), start_time: 13373678 }, pidfd: OwnedFd { fd: 36 }, proc_dir: OwnedFd { fd: 38 }, proc_inode: 2989252076 }), authoritative: OnceLock(<uninit>) }) }))", "finish_ordinary_terminal entered: Ok(Stopped(Pid(31164), TraceeToken { event: EventHandle(EventGeneration { event: Event { exit_waiters: ExitWaiters { waiters: Mutex { data: [(Weak)] } }, exit_publication: Mutex { data: () }, status_waker: WakerSlot { waker: Mutex { data: Some(Waker { data: 0x7f90b4037380, vtable: 0x560236f63b68 }) }, data: 0x7f90b4037380, vtable: 0x560236f63b68 }, status: Mutex { data: StatusState { pending: [], terminal: -1 } }, status_changed: Condvar { .. }, exit_status: 1, exit_capability: 2, exit_epoch: 0, registration_error: Mutex { data: None }, worker_state: 2, worker_done_lock: Mutex { data: () }, worker_done_changed: Condvar { .. }, cleanup_cancel_requested: false, cleanup_claim_waiters: 0, wait_owner: 2, wait_owner_lock: Mutex { data: () }, wait_owner_changed: Condvar { .. } }, identity: OnceLock(WorkerIdentity { pid: Pid(31164), snapshot: WorkerProcSnapshot { tgid: Pid(31164), tracer_pid: Pid(31162), start_time: 13373678 }, pidfd: OwnedFd { fd: 36 }, proc_dir: OwnedFd { fd: 38 }, proc_inode: 2989252076 }), authoritative: OnceLock(<uninit>) }) }))", "finish getevent: tid=31164, result=Ok(9), terminal=Ok(None), retired=false", "finish_ordinary_terminal entered: Ok(Stopped(Pid(31166), TraceeToken { event: EventHandle(EventGeneration { event: Event { exit_waiters: ExitWaiters { waiters: Mutex { data: [(Weak)] } }, exit_publication: Mutex { data: () }, status_waker: WakerSlot { waker: Mutex { data: Some(Waker { data: 0x7f90b400b900, vtable: 0x560236f64010 }) }, data: 0x7f90b400b900, vtable: 0x560236f64010 }, status: Mutex { data: StatusState { pending: [], terminal: -1 } }, status_changed: Condvar { .. }, exit_status: 1, exit_capability: 2, exit_epoch: 0, registration_error: Mutex { data: None }, worker_state: 2, worker_done_lock: Mutex { data: () }, worker_done_changed: Condvar { .. }, cleanup_cancel_requested: false, cleanup_claim_waiters: 0, wait_owner: 2, wait_owner_lock: Mutex { data: () }, wait_owner_changed: Condvar { .. } }, identity: OnceLock(WorkerIdentity { pid: Pid(31166), snapshot: WorkerProcSnapshot { tgid: Pid(31164), tracer_pid: Pid(31162), start_time: 13373679 }, pidfd: OwnedFd { fd: 22 }, proc_dir: OwnedFd { fd: 24 }, proc_inode: 2989254304 }), authoritative: OnceLock(<uninit>) }) }))", "finish getevent: tid=31166, result=Ok(9), terminal=Ok(None), retired=false"], 0))
fatal legacy result: error(Tool(ordinary nonleader failure control)), original_nonleader=true; consuming hooks: Some([(Pid(31164), None), (Pid(31166), None), (Pid(31166), Some(Signaled(SIGKILL, false))), (Pid(31164), Some(Signaled(SIGKILL, false)))])


successes:
    tracer::tests::ordinary_nonleader_exec_displaced_hook_failure_fences_replacement
    tracer::tests::ordinary_nonleader_exec_postexec_timer_survives_internal_step
    tracer::tests::ordinary_nonleader_exec_real_signal_cancels_postexec_timer
    tracer::tests::ordinary_nonleader_exec_run_loop_echild_awaits_leader_exec_edge
    tracer::tests::ordinary_nonleader_exec_transfers_state_and_consumes_old_leader_once
    tracer::tests::ordinary_nonleader_injected_exec_echild_awaits_leader_exec_edge
    tracer::tests::ordinary_nonleader_success_preserves_exit_callbacks
    tracer::tests::ordinary_nonleader_tool_failure_cancels_pending_newborn_start
    tracer::tests::ordinary_nonleader_tool_failure_reaps_fork_descendants
    tracer::tests::ordinary_nonleader_tool_failure_reaps_threads_without_resuming
    tracer::tests::ordinary_nonleader_tool_failure_reaps_unhanded_fork_child
    tracer::tests::ordinary_nonleader_tool_failure_reaps_unhanded_vfork_child

test result: ok. 12 passed; 0 failed; 0 ignored; 0 measured; 353 filtered out; finished in 0.10s

