
running 12 tests
test tracer::tests::ordinary_nonleader_exec_displaced_hook_failure_fences_replacement ... ok
test tracer::tests::ordinary_nonleader_exec_transfers_state_and_consumes_old_leader_once ... ok
test tracer::tests::ordinary_nonleader_injected_exec_echild_awaits_leader_exec_edge ... ok
test tracer::tests::ordinary_nonleader_success_preserves_exit_callbacks ... ok
test tracer::tests::ordinary_nonleader_tool_failure_cancels_pending_newborn_start ... ok

running 1 test
test tracer::tests::ordinary_nonleader_tool_failure_reaps_fork_descendants ... 
running 1 test
test tracer::tests::ordinary_nonleader_tool_failure_reaps_fork_descendants ... fatal control raises original error in live tid 4093070 (mode 1)
ordinary cleanup control: root=4093066, descendant=4093068, fail=true, fork=true, newborn=false, timeout=false, root_absent=true, descendant_absent=false, post_syscall=0, sentinel_untouched=true
fatal physical identity: tid=4093066, initial=TraceeSnapshot { tgid: Pid(4093066), ppid: Pid(4093059), tracer_pid: Pid(4093063), start_time: 13363181 }, proc_inode=2986938282, same_process=false, stat=Err(Os { code: 3, kind: Uncategorized, message: "No such process" }), status=Err(Os { code: 3, kind: Uncategorized, message: "No such process" }), pidfd_poll=1, pidfd_revents=17, pidfd_signal0=Err(ESRCH)
fatal physical identity: tid=4093068, initial=TraceeSnapshot { tgid: Pid(4093068), ppid: Pid(4093066), tracer_pid: Pid(4093063), start_time: 13363181 }, proc_inode=2986938290, same_process=true, stat=Ok("4093068 (tracer::tests::) Z 4093057 4092882 4092862 0 -1 4228172 22 0 0 0 0 0 0 0 30 10 1 0 13363181 0 0 18446744073709551615 0 0 0 0 0 0 0 3149824 1088 1 0 0 17 286 0 0 0 0 0 0 0 0 0 0 0 0 9\n"), status=Ok("State:\tZ (zombie); Tgid:\t4093068; Pid:\t4093068; PPid:\t4093057; TracerPid:\t0"), pidfd_poll=1, pidfd_revents=1, pidfd_signal0=Ok(())
fatal original notifier: tid=4093066, terminal=Ok(Some(Signaled(SIGKILL, false))), retired=true, held_stop=false
fatal original notifier: tid=4093068, terminal=Ok(Some(Signaled(SIGKILL, false))), retired=true, held_stop=false
fatal original notifier: tid=4093070, terminal=Ok(Some(Signaled(SIGKILL, false))), retired=true, held_stop=false
fatal chronology: Some((["RootStopLease step before: tid=4093066, siginfo=Ok((19, -6)), terminal=Ok(None)", "RootStopLease step result: Ok(Running(Pid(4093066), TraceeToken { event: EventHandle(EventGeneration { event: Event { exit_waiters: ExitWaiters { waiters: Mutex { data: [] } }, exit_publication: Mutex { data: () }, status_waker: WakerSlot { waker: Mutex { data: Some(Waker { data: 0x7f531000b900, vtable: 0x555ddd88d8f8 }) }, data: 0x7f531000b900, vtable: 0x555ddd88d8f8 }, status: Mutex { data: StatusState { pending: [], terminal: -1 } }, status_changed: Condvar { .. }, exit_status: 0, exit_capability: 0, exit_epoch: 0, registration_error: Mutex { data: None }, worker_state: 2, worker_done_lock: Mutex { data: () }, worker_done_changed: Condvar { .. }, cleanup_cancel_requested: false, cleanup_claim_waiters: 0, wait_owner: 2, wait_owner_lock: Mutex { data: () }, wait_owner_changed: Condvar { .. } }, identity: OnceLock(WorkerIdentity { pid: Pid(4093066), snapshot: WorkerProcSnapshot { tgid: Pid(4093066), tracer_pid: Pid(4093063), start_time: 13363181 }, pidfd: OwnedFd { fd: 13 }, proc_dir: OwnedFd { fd: 15 }, proc_inode: 2986938282 }), authoritative: OnceLock(<uninit>) }) }))", "RootStopLease step before: tid=4093066, siginfo=Ok((5, 1)), terminal=Ok(None)", "RootStopLease step result: Ok(Running(Pid(4093066), TraceeToken { event: EventHandle(EventGeneration { event: Event { exit_waiters: ExitWaiters { waiters: Mutex { data: [] } }, exit_publication: Mutex { data: () }, status_waker: WakerSlot { waker: Mutex { data: Some(Waker { data: 0x7f531000b900, vtable: 0x555ddd88d8f8 }) }, data: 0x7f531000b900, vtable: 0x555ddd88d8f8 }, status: Mutex { data: StatusState { pending: [], terminal: -1 } }, status_changed: Condvar { .. }, exit_status: 0, exit_capability: 0, exit_epoch: 0, registration_error: Mutex { data: None }, worker_state: 2, worker_done_lock: Mutex { data: () }, worker_done_changed: Condvar { .. }, cleanup_cancel_requested: false, cleanup_claim_waiters: 0, wait_owner: 2, wait_owner_lock: Mutex { data: () }, wait_owner_changed: Condvar { .. } }, identity: OnceLock(WorkerIdentity { pid: Pid(4093066), snapshot: WorkerProcSnapshot { tgid: Pid(4093066), tracer_pid: Pid(4093063), start_time: 13363181 }, pidfd: OwnedFd { fd: 13 }, proc_dir: OwnedFd { fd: 15 }, proc_inode: 2986938282 }), authoritative: OnceLock(<uninit>) }) }))", "RootStopLease step before: tid=4093066, siginfo=Ok((5, 261)), terminal=Ok(None)", "RootStopLease step result: Ok(Running(Pid(4093066), TraceeToken { event: EventHandle(EventGeneration { event: Event { exit_waiters: ExitWaiters { waiters: Mutex { data: [(Weak)] } }, exit_publication: Mutex { data: () }, status_waker: WakerSlot { waker: Mutex { data: Some(Waker { data: 0x7f531000b900, vtable: 0x555ddd88d8f8 }) }, data: 0x7f531000b900, vtable: 0x555ddd88d8f8 }, status: Mutex { data: StatusState { pending: [], terminal: -1 } }, status_changed: Condvar { .. }, exit_status: 0, exit_capability: 0, exit_epoch: 0, registration_error: Mutex { data: None }, worker_state: 2, worker_done_lock: Mutex { data: () }, worker_done_changed: Condvar { .. }, cleanup_cancel_requested: false, cleanup_claim_waiters: 0, wait_owner: 2, wait_owner_lock: Mutex { data: () }, wait_owner_changed: Condvar { .. } }, identity: OnceLock(WorkerIdentity { pid: Pid(4093066), snapshot: WorkerProcSnapshot { tgid: Pid(4093066), tracer_pid: Pid(4093063), start_time: 13363181 }, pidfd: OwnedFd { fd: 13 }, proc_dir: OwnedFd { fd: 15 }, proc_inode: 2986938282 }), authoritative: OnceLock(<uninit>) }) }))", "RootStopLease step before: tid=4093066, siginfo=Ok((5, 773)), terminal=Ok(None)", "RootStopLease step result: Ok(Running(Pid(4093066), TraceeToken { event: EventHandle(EventGeneration { event: Event { exit_waiters: ExitWaiters { waiters: Mutex { data: [(Weak)] } }, exit_publication: Mutex { data: () }, status_waker: WakerSlot { waker: Mutex { data: Some(Waker { data: 0x7f531000b900, vtable: 0x555ddd88d8f8 }) }, data: 0x7f531000b900, vtable: 0x555ddd88d8f8 }, status: Mutex { data: StatusState { pending: [], terminal: -1 } }, status_changed: Condvar { .. }, exit_status: 0, exit_capability: 0, exit_epoch: 0, registration_error: Mutex { data: None }, worker_state: 2, worker_done_lock: Mutex { data: () }, worker_done_changed: Condvar { .. }, cleanup_cancel_requested: false, cleanup_claim_waiters: 0, wait_owner: 2, wait_owner_lock: Mutex { data: () }, wait_owner_changed: Condvar { .. } }, identity: OnceLock(WorkerIdentity { pid: Pid(4093066), snapshot: WorkerProcSnapshot { tgid: Pid(4093066), tracer_pid: Pid(4093063), start_time: 13363181 }, pidfd: OwnedFd { fd: 13 }, proc_dir: OwnedFd { fd: 15 }, proc_inode: 2986938282 }), authoritative: OnceLock(<uninit>) }) }))", "finish_ordinary_terminal entered: Ok(Stopped(Pid(4093066), TraceeToken { event: EventHandle(EventGeneration { event: Event { exit_waiters: ExitWaiters { waiters: Mutex { data: [(Weak)] } }, exit_publication: Mutex { data: () }, status_waker: WakerSlot { waker: Mutex { data: Some(Waker { data: 0x7f531000b900, vtable: 0x555ddd88d8f8 }) }, data: 0x7f531000b900, vtable: 0x555ddd88d8f8 }, status: Mutex { data: StatusState { pending: [], terminal: -1 } }, status_changed: Condvar { .. }, exit_status: 1, exit_capability: 2, exit_epoch: 0, registration_error: Mutex { data: None }, worker_state: 2, worker_done_lock: Mutex { data: () }, worker_done_changed: Condvar { .. }, cleanup_cancel_requested: false, cleanup_claim_waiters: 0, wait_owner: 2, wait_owner_lock: Mutex { data: () }, wait_owner_changed: Condvar { .. } }, identity: OnceLock(WorkerIdentity { pid: Pid(4093066), snapshot: WorkerProcSnapshot { tgid: Pid(4093066), tracer_pid: Pid(4093063), start_time: 13363181 }, pidfd: OwnedFd { fd: 13 }, proc_dir: OwnedFd { fd: 15 }, proc_inode: 2986938282 }), authoritative: OnceLock(<uninit>) }) }))", "finish getevent: tid=4093066, result=Ok(9), terminal=Ok(None), retired=false", "finish_ordinary_terminal entered: Ok(Stopped(Pid(4093068), TraceeToken { event: EventHandle(EventGeneration { event: Event { exit_waiters: ExitWaiters { waiters: Mutex { data: [(Weak)] } }, exit_publication: Mutex { data: () }, status_waker: WakerSlot { waker: Mutex { data: Some(Waker { data: 0x7f5310032600, vtable: 0x555ddd88dda0 }) }, data: 0x7f5310032600, vtable: 0x555ddd88dda0 }, status: Mutex { data: StatusState { pending: [], terminal: -1 } }, status_changed: Condvar { .. }, exit_status: 1, exit_capability: 2, exit_epoch: 0, registration_error: Mutex { data: None }, worker_state: 2, worker_done_lock: Mutex { data: () }, worker_done_changed: Condvar { .. }, cleanup_cancel_requested: false, cleanup_claim_waiters: 0, wait_owner: 2, wait_owner_lock: Mutex { data: () }, wait_owner_changed: Condvar { .. } }, identity: OnceLock(WorkerIdentity { pid: Pid(4093068), snapshot: WorkerProcSnapshot { tgid: Pid(4093068), tracer_pid: Pid(4093063), start_time: 13363181 }, pidfd: OwnedFd { fd: 32 }, proc_dir: OwnedFd { fd: 33 }, proc_inode: 2986938290 }), authoritative: OnceLock(<uninit>) }) }))", "finish getevent: tid=4093068, result=Ok(9), terminal=Ok(None), retired=false", "finish_ordinary_terminal entered: Ok(Stopped(Pid(4093070), TraceeToken { event: EventHandle(EventGeneration { event: Event { exit_waiters: ExitWaiters { waiters: Mutex { data: [(Weak)] } }, exit_publication: Mutex { data: () }, status_waker: WakerSlot { waker: Mutex { data: Some(Waker { data: 0x7f5310042180, vtable: 0x555ddd88dda0 }) }, data: 0x7f5310042180, vtable: 0x555ddd88dda0 }, status: Mutex { data: StatusState { pending: [], terminal: -1 } }, status_changed: Condvar { .. }, exit_status: 1, exit_capability: 2, exit_epoch: 0, registration_error: Mutex { data: None }, worker_state: 2, worker_done_lock: Mutex { data: () }, worker_done_changed: Condvar { .. }, cleanup_cancel_requested: false, cleanup_claim_waiters: 0, wait_owner: 2, wait_owner_lock: Mutex { data: () }, wait_owner_changed: Condvar { .. } }, identity: OnceLock(WorkerIdentity { pid: Pid(4093070), snapshot: WorkerProcSnapshot { tgid: Pid(4093066), tracer_pid: Pid(4093063), start_time: 13363181 }, pidfd: OwnedFd { fd: 42 }, proc_dir: OwnedFd { fd: 43 }, proc_inode: 2986938295 }), authoritative: OnceLock(<uninit>) }) }))", "finish getevent: tid=4093070, result=Ok(9), terminal=Ok(None), retired=false"], 0))
fatal legacy result: error(Tool(ordinary nonleader failure control)), original_nonleader=true; consuming hooks: Some([(Pid(4093066), None), (Pid(4093068), None), (Pid(4093070), None), (Pid(4093068), Some(Signaled(SIGKILL, false))), (Pid(4093070), Some(Signaled(SIGKILL, false))), (Pid(4093066), Some(Signaled(SIGKILL, false)))])
natural-reaper product predicate: opponent=false, ready=true, root=4093066, child=4093068, start=13363181, inode=2986938290, backend_sigkill=1, terminal_ack=1, original_error=1, post_syscall=0, callbacks_valid=1, zombie=true, tracer=0
owned held zombie: child=4093068, status=SIGKILL, WNOWAIT=true, proc_present=true
actual natural wait: child=4093068, status=SIGKILL, root_absent=true, child_absent=true, remaining_ns=2985224559
ok

test result: ok. 1 passed; 0 failed; 0 ignored; 0 measured; 364 filtered out; finished in 0.01s

ok

test result: ok. 1 passed; 0 failed; 0 ignored; 0 measured; 364 filtered out; finished in 0.01s

test tracer::tests::ordinary_nonleader_tool_failure_reaps_fork_descendants ... ok
test tracer::tests::ordinary_nonleader_tool_failure_reaps_threads_without_resuming ... ok
test tracer::tests::ordinary_nonleader_exec_run_loop_echild_awaits_leader_exec_edge ... ok
test tracer::tests::ordinary_nonleader_exec_real_signal_cancels_postexec_timer ... ok
test tracer::tests::ordinary_nonleader_exec_postexec_timer_survives_internal_step ... ok

running 1 test
test tracer::tests::ordinary_nonleader_tool_failure_reaps_unhanded_vfork_child ... 
running 1 test
test tracer::tests::ordinary_nonleader_tool_failure_reaps_unhanded_fork_child ... 
running 1 test
test tracer::tests::ordinary_nonleader_tool_failure_reaps_unhanded_vfork_child ... 
running 1 test
test tracer::tests::ordinary_nonleader_tool_failure_reaps_unhanded_fork_child ... fatal control raises original error in live tid 4093109 (mode 3)
unhanded real child edges: [(Pid(4093105), Clone, Pid(4093109)), (Pid(4093105), Vfork, Pid(4093113))]; child_body=0
unhanded original generation resource retention: groups/vfork/unconfirmed=(0, 0, 0), opponent=false
fatal control raises original error in live tid 4093111 (mode 3)
natural-reaper product predicate: opponent=false, ready=true, root=4093105, child=4093113, start=13363184, inode=2986254197, backend_sigkill=1, terminal_ack=1, original_error=1, post_syscall=0, callbacks_valid=1, zombie=true, tracer=0
owned held zombie: child=4093113, status=SIGKILL, WNOWAIT=true, proc_present=true
actual natural wait: child=4093113, status=SIGKILL, root_absent=true, child_absent=true, remaining_ns=2996749681
ok

test result: ok. 1 passed; 0 failed; 0 ignored; 0 measured; 364 filtered out; finished in 0.01s

unhanded real child edges: [(Pid(4093107), Clone, Pid(4093111)), (Pid(4093107), Fork, Pid(4093115))]; child_body=0
unhanded original generation resource retention: groups/vfork/unconfirmed=(0, 0, 0), opponent=false
natural-reaper product predicate: opponent=false, ready=true, root=4093107, child=4093115, start=13363184, inode=2985730040, backend_sigkill=1, terminal_ack=1, original_error=1, post_syscall=0, callbacks_valid=1, zombie=true, tracer=0
owned held zombie: child=4093115, status=SIGKILL, WNOWAIT=true, proc_present=true
actual natural wait: child=4093115, status=SIGKILL, root_absent=true, child_absent=true, remaining_ns=2996386475
ok

test result: ok. 1 passed; 0 failed; 0 ignored; 0 measured; 364 filtered out; finished in 0.01s

ok

test result: ok. 1 passed; 0 failed; 0 ignored; 0 measured; 364 filtered out; finished in 0.01s

test tracer::tests::ordinary_nonleader_tool_failure_reaps_unhanded_vfork_child ... ok
ok

test result: ok. 1 passed; 0 failed; 0 ignored; 0 measured; 364 filtered out; finished in 0.01s

test tracer::tests::ordinary_nonleader_tool_failure_reaps_unhanded_fork_child ... ok

successes:

---- tracer::tests::ordinary_nonleader_exec_displaced_hook_failure_fences_replacement stdout ----
exec timer payload: /tmp/reverie-fatal-exec-timer-4092886
PROBE[exec-edge-ok] t=133631774918235 (dt=3427us) caller=4093006 target=4093003 what=WAITID(P_PIDFD) thread=Some("guest-4093003") result=Ok(Some("0x137f")) rc=0 site=safeptrace/src/notifier.rs:1858
PROBE[exec-edge-ok] t=133631775502663 (dt=2843us) caller=4092888 target=4093003 what=PTRACE_SINGLESTEP(None) rc=0 site=reverie-ptrace/src/tracer.rs:1006
PROBE[exec-edge-ok] t=133631775595992 (dt=2749us) caller=4093006 target=4093003 what=WAITID(P_PIDFD) thread=Some("guest-4093003") result=Ok(Some("0x57f")) rc=0 site=safeptrace/src/notifier.rs:1858
PROBE[exec-edge-ok] t=133631775811696 (dt=2534us) caller=4092888 target=4093003 what=PTRACE_SINGLESTEP(None) rc=0 site=reverie-ptrace/src/tracer.rs:1006
PROBE[exec-edge-ok] t=133631775835272 (dt=2510us) caller=4093006 target=4093003 what=WAITID(P_PIDFD) thread=Some("guest-4093003") result=Ok(Some("0x57f")) rc=0 site=safeptrace/src/notifier.rs:1858
PROBE[exec-edge-ok] t=133631776202794 (dt=2143us) caller=4092888 target=4093003 what=PTRACE_CONT(resume,None) rc=0 site=reverie-ptrace/src/tracer.rs:989
PROBE[exec-edge-ok] t=133631776417165 (dt=1928us) caller=4093006 target=4093003 what=WAITID(P_PIDFD) thread=Some("guest-4093003") result=Ok(Some("0x3057f")) rc=0 site=safeptrace/src/notifier.rs:1858
PROBE[exec-edge-ok] t=133631776483244 (dt=1862us) caller=4092888 target=4093003 what=GETEVENTMSG-before rc=0 site=safeptrace/src/lib.rs:234
PROBE[exec-edge-ok] t=133631776490405 (dt=1855us) caller=4092888 target=4093003 what=GETEVENTMSG-after rc=4093009 site=safeptrace/src/lib.rs:234
PROBE[exec-edge-ok] t=133631776957386 (dt=1388us) caller=4093010 target=4093009 what=WAITID(P_PIDFD) thread=Some("guest-4093009") result=Ok(Some("0x137f")) rc=0 site=safeptrace/src/notifier.rs:1858
PROBE[exec-edge-ok] t=133631777325368 (dt=1020us) caller=4092888 target=4093003 what=PTRACE_SINGLESTEP(None) rc=0 site=reverie-ptrace/src/tracer.rs:1006
PROBE[exec-edge-ok] t=133631777344988 (dt=1001us) caller=4093006 target=4093003 what=WAITID(P_PIDFD) thread=Some("guest-4093003") result=Ok(Some("0x57f")) rc=0 site=safeptrace/src/notifier.rs:1858
PROBE[exec-edge-ok] t=133631777421563 (dt=924us) caller=4092888 target=4093009 what=PTRACE_CONT(resume,None) rc=0 site=reverie-ptrace/src/tracer.rs:989
PROBE[exec-edge-ok] t=133631777480822 (dt=865us) caller=4092888 target=4093003 what=PTRACE_CONT(resume,None) rc=0 site=reverie-ptrace/src/tracer.rs:989
PROBE[exec-edge-ok] t=133631777638458 (dt=707us) caller=4093006 target=4093003 what=WAITID(P_PIDFD) thread=Some("guest-4093003") result=Ok(Some("0x6057f")) rc=0 site=safeptrace/src/notifier.rs:1858
PROBE[exec-edge-ok] t=133631777676766 (dt=669us) caller=4092888 target=4093003 what=drive_ordinary: ExitFuture resolved ok=true main=true rc=0 site=reverie-ptrace/src/task.rs:6946
PROBE[exec-edge-ok] t=133631777684398 (dt=661us) caller=4092888 target=4093003 what=finish_ordinary_terminal entered with Ok(Stopped) rc=0 site=reverie-ptrace/src/tracer.rs:543
PROBE[exec-edge-ok] t=133631777686701 (dt=659us) caller=4092888 target=4093003 what=GETEVENTMSG-before rc=0 site=reverie-ptrace/src/tracer.rs:556
PROBE[exec-edge-ok] t=133631777689435 (dt=656us) caller=4092888 target=4093003 what=GETEVENTMSG-after rc=0 site=reverie-ptrace/src/tracer.rs:556
PROBE[exec-edge-ok] t=133631777693721 (dt=652us) caller=4092888 target=4093003 what=PTRACE_CONT(resume_retaining,None) rc=0 site=reverie-ptrace/src/tracer.rs:613
PROBE[exec-edge-ok] t=133631777732079 (dt=613us) caller=4093010 target=4093009 what=WAITID(P_PIDFD) thread=Some("guest-4093009") result=Err(ECHILD) rc=0 site=safeptrace/src/notifier.rs:1858
PROBE[exec-edge-ok] t=133631777769265 (dt=576us) caller=4092888 target=4093009 what=drive_ordinary: ExitFuture resolved ok=false main=false rc=0 site=reverie-ptrace/src/task.rs:6946
PROBE[exec-edge-ok] t=133631778167022 (dt=178us) caller=4093006 target=4093003 what=WAITID(P_PIDFD) thread=Some("guest-4093003") result=Ok(Some("0x4057f")) rc=0 site=safeptrace/src/notifier.rs:1858
PROBE[exec-edge-ok] t=133631778196266 (dt=149us) caller=4092888 target=4093003 what=GETEVENTMSG-before rc=0 site=safeptrace/src/lib.rs:246
PROBE[exec-edge-ok] t=133631778200172 (dt=145us) caller=4092888 target=4093003 what=GETEVENTMSG-after rc=4093009 site=safeptrace/src/lib.rs:246
PROBE[exec-edge-ok] t=133631778345190 (dt=0us) caller=4092888 target=4093003 what=EXEC-EDGE observed former=4093009 exit_status=Some(Exited(0)) esrch=None snapshot: [task 4093003: State: t (tracing stop) | Pid: 4093003 | TracerPid: 4092888 | SigPnd: 0000000000000000 | ShdPnd: 0000000000000000 | stat.state=t stat.exit_code=0 | wchan=ptrace_stop] rc=0 site=reverie-ptrace/src/tracer.rs:675
actual delivered marker observations: tracer=4092886, rows=[]
exec owner before rescue: fail=true, timer_mode=0, root_absent=true, events=[(0, Pid(4093003), 4093003, None), (0, Pid(4093009), 4093009, None), (2, Pid(4093003), 4093003, Some(Exited(0))), (2, Pid(4093003), 4093009, Some(Signaled(SIGKILL, false))), (3, Pid(4093003), 0, Some(Signaled(SIGKILL, false)))], elapsed=51.367892ms, outcome=Complete(Err(PtraceRunFailure { primary: Tool(ordinary nonleader failure control), origin: BackendFailure { pid: Pid(4093003), tid: Pid(4093003), phase: "ptrace replaced leader on_exit_thread" }, secondary: [], captured_prefix: Some(CapturedPrefix { stdout: [], stderr: [] }) }))
actual perf exec handoff: ExecTimerTransfer { displaced: Some(ExecTimerIdentity { clock_fd: 75, timer_fd: 74, clock_event_id: 6839807, timer_event_id: 6839806, artificial_pending: false, artificial_signal_sent: false, cancelled: true, guest_pid: Pid(4093003), guest_tid: Pid(4093003), kernel_owner_tid: Pid(4093003) }), before: Some(ExecTimerIdentity { clock_fd: 34, timer_fd: 30, clock_event_id: 6839811, timer_event_id: 6839810, artificial_pending: false, artificial_signal_sent: false, cancelled: true, guest_pid: Pid(4093003), guest_tid: Pid(4093009), kernel_owner_tid: Pid(0) }), after: Some(ExecTimerIdentity { clock_fd: 34, timer_fd: 30, clock_event_id: 6839811, timer_event_id: 6839810, artificial_pending: false, artificial_signal_sent: false, cancelled: true, guest_pid: Pid(4093003), guest_tid: Pid(4093003), kernel_owner_tid: Pid(4093003) }), displaced_fds_closed: true }

---- tracer::tests::ordinary_nonleader_exec_transfers_state_and_consumes_old_leader_once stdout ----
PROBE[exec-edge-ok] t=133631780153854 (dt=3385us) caller=4093015 target=4093013 what=WAITID(P_PIDFD) thread=Some("guest-4093013") result=Ok(Some("0x137f")) rc=0 site=safeptrace/src/notifier.rs:1858
PROBE[exec-edge-ok] t=133631780536609 (dt=3002us) caller=4093011 target=4093013 what=PTRACE_SINGLESTEP(None) rc=0 site=reverie-ptrace/src/tracer.rs:1006
PROBE[exec-edge-ok] t=133631780594856 (dt=2944us) caller=4093015 target=4093013 what=WAITID(P_PIDFD) thread=Some("guest-4093013") result=Ok(Some("0x57f")) rc=0 site=safeptrace/src/notifier.rs:1858
PROBE[exec-edge-ok] t=133631780732062 (dt=2806us) caller=4093011 target=4093013 what=PTRACE_SINGLESTEP(None) rc=0 site=reverie-ptrace/src/tracer.rs:1006
PROBE[exec-edge-ok] t=133631780751632 (dt=2787us) caller=4093015 target=4093013 what=WAITID(P_PIDFD) thread=Some("guest-4093013") result=Ok(Some("0x57f")) rc=0 site=safeptrace/src/notifier.rs:1858
PROBE[exec-edge-ok] t=133631781056420 (dt=2482us) caller=4093011 target=4093013 what=PTRACE_CONT(resume,None) rc=0 site=reverie-ptrace/src/tracer.rs:989
PROBE[exec-edge-ok] t=133631781289700 (dt=2249us) caller=4093015 target=4093013 what=WAITID(P_PIDFD) thread=Some("guest-4093013") result=Ok(Some("0x3057f")) rc=0 site=safeptrace/src/notifier.rs:1858
PROBE[exec-edge-ok] t=133631781342469 (dt=2196us) caller=4093011 target=4093013 what=GETEVENTMSG-before rc=0 site=safeptrace/src/lib.rs:234
PROBE[exec-edge-ok] t=133631781348608 (dt=2190us) caller=4093011 target=4093013 what=GETEVENTMSG-after rc=4093017 site=safeptrace/src/lib.rs:234
PROBE[exec-edge-ok] t=133631781846055 (dt=1692us) caller=4093020 target=4093017 what=WAITID(P_PIDFD) thread=Some("guest-4093017") result=Ok(Some("0x137f")) rc=0 site=safeptrace/src/notifier.rs:1858
PROBE[exec-edge-ok] t=133631782236861 (dt=1302us) caller=4093011 target=4093013 what=PTRACE_SINGLESTEP(None) rc=0 site=reverie-ptrace/src/tracer.rs:1006
PROBE[exec-edge-ok] t=133631782270712 (dt=1268us) caller=4093015 target=4093013 what=WAITID(P_PIDFD) thread=Some("guest-4093013") result=Ok(Some("0x57f")) rc=0 site=safeptrace/src/notifier.rs:1858
PROBE[exec-edge-ok] t=133631782355239 (dt=1183us) caller=4093011 target=4093017 what=PTRACE_CONT(resume,None) rc=0 site=reverie-ptrace/src/tracer.rs:989
PROBE[exec-edge-ok] t=133631782426476 (dt=1112us) caller=4093011 target=4093013 what=PTRACE_CONT(resume,None) rc=0 site=reverie-ptrace/src/tracer.rs:989
PROBE[exec-edge-ok] t=133631782711514 (dt=827us) caller=4093015 target=4093013 what=WAITID(P_PIDFD) thread=Some("guest-4093013") result=Ok(Some("0x6057f")) rc=0 site=safeptrace/src/notifier.rs:1858
PROBE[exec-edge-ok] t=133631782744103 (dt=794us) caller=4093011 target=4093013 what=drive_ordinary: ExitFuture resolved ok=true main=true rc=0 site=reverie-ptrace/src/task.rs:6946
PROBE[exec-edge-ok] t=133631782752315 (dt=786us) caller=4093011 target=4093013 what=finish_ordinary_terminal entered with Ok(Stopped) rc=0 site=reverie-ptrace/src/tracer.rs:543
PROBE[exec-edge-ok] t=133631782755310 (dt=783us) caller=4093011 target=4093013 what=GETEVENTMSG-before rc=0 site=reverie-ptrace/src/tracer.rs:556
PROBE[exec-edge-ok] t=133631782757714 (dt=781us) caller=4093011 target=4093013 what=GETEVENTMSG-after rc=0 site=reverie-ptrace/src/tracer.rs:556
PROBE[exec-edge-ok] t=133631782761519 (dt=777us) caller=4093011 target=4093013 what=PTRACE_CONT(resume_retaining,None) rc=0 site=reverie-ptrace/src/tracer.rs:613
PROBE[exec-edge-ok] t=133631782844073 (dt=694us) caller=4093020 target=4093017 what=WAITID(P_PIDFD) thread=Some("guest-4093017") result=Err(ECHILD) rc=0 site=safeptrace/src/notifier.rs:1858
PROBE[exec-edge-ok] t=133631782932025 (dt=606us) caller=4093011 target=4093017 what=drive_ordinary: ExitFuture resolved ok=false main=false rc=0 site=reverie-ptrace/src/task.rs:6946
PROBE[exec-edge-ok] t=133631783313027 (dt=225us) caller=4093015 target=4093013 what=WAITID(P_PIDFD) thread=Some("guest-4093013") result=Ok(Some("0x4057f")) rc=0 site=safeptrace/src/notifier.rs:1858
PROBE[exec-edge-ok] t=133631783335140 (dt=203us) caller=4093011 target=4093013 what=GETEVENTMSG-before rc=0 site=safeptrace/src/lib.rs:246
PROBE[exec-edge-ok] t=133631783338626 (dt=200us) caller=4093011 target=4093013 what=GETEVENTMSG-after rc=4093017 site=safeptrace/src/lib.rs:246
PROBE[exec-edge-ok] t=133631783538335 (dt=0us) caller=4093011 target=4093013 what=EXEC-EDGE observed former=4093017 exit_status=Some(Exited(0)) esrch=None snapshot: [task 4093013: State: t (tracing stop) | Pid: 4093013 | TracerPid: 4093011 | SigPnd: 0000000000000000 | ShdPnd: 0000000000000000 | stat.state=t stat.exit_code=0 | wchan=ptrace_stop] rc=0 site=reverie-ptrace/src/tracer.rs:675
actual delivered marker observations: tracer=4092886, rows=[(4093013, 16, 1, 65, 151099, false, false)]
exec owner before rescue: fail=false, timer_mode=0, root_absent=true, events=[(0, Pid(4093013), 4093013, None), (0, Pid(4093017), 4093017, None), (2, Pid(4093013), 4093013, Some(Exited(0))), (1, Pid(4093013), 4093017, None), (5, Pid(4093013), 50463, None), (9, Pid(4093013), 151099, None), (4, Pid(4093013), 4093017, None), (6, Pid(4093013), 1050708, None), (2, Pid(4093013), 4093017, Some(Exited(0))), (3, Pid(4093013), 0, Some(Exited(0)))], elapsed=6.170062ms, outcome=Complete(Ok(Output { status: Exited(0), stdout: "survived", stderr: "" }))
actual perf exec handoff: ExecTimerTransfer { displaced: Some(ExecTimerIdentity { clock_fd: 38, timer_fd: 37, clock_event_id: 6839813, timer_event_id: 6839812, artificial_pending: false, artificial_signal_sent: false, cancelled: true, guest_pid: Pid(4093013), guest_tid: Pid(4093013), kernel_owner_tid: Pid(4093013) }), before: Some(ExecTimerIdentity { clock_fd: 61, timer_fd: 60, clock_event_id: 6839815, timer_event_id: 6839814, artificial_pending: false, artificial_signal_sent: false, cancelled: true, guest_pid: Pid(4093013), guest_tid: Pid(4093017), kernel_owner_tid: Pid(0) }), after: Some(ExecTimerIdentity { clock_fd: 61, timer_fd: 60, clock_event_id: 6839815, timer_event_id: 6839814, artificial_pending: false, artificial_signal_sent: false, cancelled: true, guest_pid: Pid(4093013), guest_tid: Pid(4093013), kernel_owner_tid: Pid(4093013) }), displaced_fds_closed: true }

---- tracer::tests::ordinary_nonleader_injected_exec_echild_awaits_leader_exec_edge stdout ----
PROBE[exec-edge-ok] t=133631787613182 (dt=3127us) caller=4093037 target=4093036 what=WAITID(P_PIDFD) thread=Some("guest-4093036") result=Ok(Some("0x137f")) rc=0 site=safeptrace/src/notifier.rs:1858
PROBE[exec-edge-ok] t=133631788026924 (dt=2713us) caller=4093033 target=4093036 what=PTRACE_SINGLESTEP(None) rc=0 site=reverie-ptrace/src/tracer.rs:1006
PROBE[exec-edge-ok] t=133631788089067 (dt=2651us) caller=4093037 target=4093036 what=WAITID(P_PIDFD) thread=Some("guest-4093036") result=Ok(Some("0x57f")) rc=0 site=safeptrace/src/notifier.rs:1858
PROBE[exec-edge-ok] t=133631788237650 (dt=2503us) caller=4093033 target=4093036 what=PTRACE_SINGLESTEP(None) rc=0 site=reverie-ptrace/src/tracer.rs:1006
PROBE[exec-edge-ok] t=133631788267054 (dt=2473us) caller=4093037 target=4093036 what=WAITID(P_PIDFD) thread=Some("guest-4093036") result=Ok(Some("0x57f")) rc=0 site=safeptrace/src/notifier.rs:1858
PROBE[exec-edge-ok] t=133631788457359 (dt=2283us) caller=4093033 target=4093036 what=PTRACE_CONT(resume,None) rc=0 site=reverie-ptrace/src/tracer.rs:989
PROBE[exec-edge-ok] t=133631788661136 (dt=2079us) caller=4093037 target=4093036 what=WAITID(P_PIDFD) thread=Some("guest-4093036") result=Ok(Some("0x3057f")) rc=0 site=safeptrace/src/notifier.rs:1858
PROBE[exec-edge-ok] t=133631788678442 (dt=2062us) caller=4093033 target=4093036 what=GETEVENTMSG-before rc=0 site=safeptrace/src/lib.rs:234
PROBE[exec-edge-ok] t=133631788682888 (dt=2057us) caller=4093033 target=4093036 what=GETEVENTMSG-after rc=4093040 site=safeptrace/src/lib.rs:234
PROBE[exec-edge-ok] t=133631789113605 (dt=1627us) caller=4093041 target=4093040 what=WAITID(P_PIDFD) thread=Some("guest-4093040") result=Ok(Some("0x137f")) rc=0 site=safeptrace/src/notifier.rs:1858
PROBE[exec-edge-ok] t=133631789482168 (dt=1258us) caller=4093033 target=4093036 what=PTRACE_SINGLESTEP(None) rc=0 site=reverie-ptrace/src/tracer.rs:1006
PROBE[exec-edge-ok] t=133631789512954 (dt=1227us) caller=4093037 target=4093036 what=WAITID(P_PIDFD) thread=Some("guest-4093036") result=Ok(Some("0x57f")) rc=0 site=safeptrace/src/notifier.rs:1858
PROBE[exec-edge-ok] t=133631789544081 (dt=1196us) caller=4093033 target=4093040 what=PTRACE_CONT(resume,None) rc=0 site=reverie-ptrace/src/tracer.rs:989
PROBE[exec-edge-ok] t=133631789597541 (dt=1143us) caller=4093033 target=4093036 what=PTRACE_CONT(resume,None) rc=0 site=reverie-ptrace/src/tracer.rs:989
PROBE[exec-edge-ok] t=133631789681908 (dt=1058us) caller=4093041 target=4093040 what=WAITID(P_PIDFD) thread=Some("guest-4093040") result=Ok(Some("0x7057f")) rc=0 site=safeptrace/src/notifier.rs:1858
PROBE[exec-edge-ok] t=133631789797431 (dt=943us) caller=4093033 target=4093040 what=PTRACE_SYSCALL(None) rc=0 site=reverie-ptrace/src/tracer.rs:1016
PROBE[exec-edge-ok] t=133631790031382 (dt=709us) caller=4093037 target=4093036 what=WAITID(P_PIDFD) thread=Some("guest-4093036") result=Ok(Some("0x6057f")) rc=0 site=safeptrace/src/notifier.rs:1858
PROBE[exec-edge-ok] t=133631790061317 (dt=679us) caller=4093033 target=4093036 what=drive_ordinary: ExitFuture resolved ok=true main=true rc=0 site=reverie-ptrace/src/task.rs:6946
PROBE[exec-edge-ok] t=133631790069499 (dt=671us) caller=4093033 target=4093036 what=finish_ordinary_terminal entered with Ok(Stopped) rc=0 site=reverie-ptrace/src/tracer.rs:543
PROBE[exec-edge-ok] t=133631790072123 (dt=668us) caller=4093033 target=4093036 what=GETEVENTMSG-before rc=0 site=reverie-ptrace/src/tracer.rs:556
PROBE[exec-edge-ok] t=133631790074277 (dt=666us) caller=4093033 target=4093036 what=GETEVENTMSG-after rc=0 site=reverie-ptrace/src/tracer.rs:556
PROBE[exec-edge-ok] t=133631790078092 (dt=662us) caller=4093033 target=4093036 what=PTRACE_CONT(resume_retaining,None) rc=0 site=reverie-ptrace/src/tracer.rs:613
PROBE[exec-edge-ok] t=133631790146485 (dt=594us) caller=4093041 target=4093040 what=WAITID(P_PIDFD) thread=Some("guest-4093040") result=Err(ECHILD) rc=0 site=safeptrace/src/notifier.rs:1858
PROBE[exec-edge-ok] t=133631790559595 (dt=181us) caller=4093037 target=4093036 what=WAITID(P_PIDFD) thread=Some("guest-4093036") result=Ok(Some("0x4057f")) rc=0 site=safeptrace/src/notifier.rs:1858
PROBE[exec-edge-ok] t=133631790581739 (dt=158us) caller=4093033 target=4093036 what=GETEVENTMSG-before rc=0 site=safeptrace/src/lib.rs:246
PROBE[exec-edge-ok] t=133631790583742 (dt=156us) caller=4093033 target=4093036 what=GETEVENTMSG-after rc=4093040 site=safeptrace/src/lib.rs:246
PROBE[exec-edge-ok] t=133631790739936 (dt=0us) caller=4093033 target=4093036 what=EXEC-EDGE observed former=4093040 exit_status=Some(Exited(0)) esrch=None snapshot: [task 4093036: State: t (tracing stop) | Pid: 4093036 | TracerPid: 4093033 | SigPnd: 0000000000000000 | ShdPnd: 0000000000000000 | stat.state=t stat.exit_code=0 | wchan=ptrace_stop] rc=0 site=reverie-ptrace/src/tracer.rs:675

---- tracer::tests::ordinary_nonleader_success_preserves_exit_callbacks stdout ----
ordinary cleanup control: root=4093044, descendant=0, fail=false, fork=false, newborn=false, timeout=false, root_absent=true, descendant_absent=true, post_syscall=1, sentinel_untouched=true
fatal physical identity: tid=4093044, initial=TraceeSnapshot { tgid: Pid(4093044), ppid: Pid(4092886), tracer_pid: Pid(4093042), start_time: 13363179 }, proc_inode=2988081534, same_process=false, stat=Err(Os { code: 3, kind: Uncategorized, message: "No such process" }), status=Err(Os { code: 3, kind: Uncategorized, message: "No such process" }), pidfd_poll=1, pidfd_revents=17, pidfd_signal0=Err(ESRCH)
fatal original notifier: tid=4093044, terminal=Ok(Some(Exited(0))), retired=true, held_stop=false
fatal original notifier: tid=4093046, terminal=Ok(Some(Exited(0))), retired=true, held_stop=false
fatal chronology: Some((["RootStopLease step before: tid=4093044, siginfo=Ok((19, -6)), terminal=Ok(None)", "RootStopLease step result: Ok(Running(Pid(4093044), TraceeToken { event: EventHandle(EventGeneration { event: Event { exit_waiters: ExitWaiters { waiters: Mutex { data: [] } }, exit_publication: Mutex { data: () }, status_waker: WakerSlot { waker: Mutex { data: Some(Waker { data: 0x7f974802d000, vtable: 0x5650090ad8f8 }) }, data: 0x7f974802d000, vtable: 0x5650090ad8f8 }, status: Mutex { data: StatusState { pending: [], terminal: -1 } }, status_changed: Condvar { .. }, exit_status: 0, exit_capability: 0, exit_epoch: 0, registration_error: Mutex { data: None }, worker_state: 2, worker_done_lock: Mutex { data: () }, worker_done_changed: Condvar { .. }, cleanup_cancel_requested: false, cleanup_claim_waiters: 0, wait_owner: 2, wait_owner_lock: Mutex { data: () }, wait_owner_changed: Condvar { .. } }, identity: OnceLock(WorkerIdentity { pid: Pid(4093044), snapshot: WorkerProcSnapshot { tgid: Pid(4093044), tracer_pid: Pid(4093042), start_time: 13363179 }, pidfd: OwnedFd { fd: 36 }, proc_dir: OwnedFd { fd: 38 }, proc_inode: 2988081534 }), authoritative: OnceLock(<uninit>) }) }))", "RootStopLease step before: tid=4093044, siginfo=Ok((5, 1)), terminal=Ok(None)", "RootStopLease step result: Ok(Running(Pid(4093044), TraceeToken { event: EventHandle(EventGeneration { event: Event { exit_waiters: ExitWaiters { waiters: Mutex { data: [] } }, exit_publication: Mutex { data: () }, status_waker: WakerSlot { waker: Mutex { data: Some(Waker { data: 0x7f974802d000, vtable: 0x5650090ad8f8 }) }, data: 0x7f974802d000, vtable: 0x5650090ad8f8 }, status: Mutex { data: StatusState { pending: [], terminal: -1 } }, status_changed: Condvar { .. }, exit_status: 0, exit_capability: 0, exit_epoch: 0, registration_error: Mutex { data: None }, worker_state: 2, worker_done_lock: Mutex { data: () }, worker_done_changed: Condvar { .. }, cleanup_cancel_requested: false, cleanup_claim_waiters: 0, wait_owner: 2, wait_owner_lock: Mutex { data: () }, wait_owner_changed: Condvar { .. } }, identity: OnceLock(WorkerIdentity { pid: Pid(4093044), snapshot: WorkerProcSnapshot { tgid: Pid(4093044), tracer_pid: Pid(4093042), start_time: 13363179 }, pidfd: OwnedFd { fd: 36 }, proc_dir: OwnedFd { fd: 38 }, proc_inode: 2988081534 }), authoritative: OnceLock(<uninit>) }) }))", "RootStopLease step before: tid=4093044, siginfo=Ok((5, 773)), terminal=Ok(None)", "RootStopLease step result: Ok(Running(Pid(4093044), TraceeToken { event: EventHandle(EventGeneration { event: Event { exit_waiters: ExitWaiters { waiters: Mutex { data: [(Weak)] } }, exit_publication: Mutex { data: () }, status_waker: WakerSlot { waker: Mutex { data: Some(Waker { data: 0x7f974802d000, vtable: 0x5650090ad8f8 }) }, data: 0x7f974802d000, vtable: 0x5650090ad8f8 }, status: Mutex { data: StatusState { pending: [], terminal: -1 } }, status_changed: Condvar { .. }, exit_status: 0, exit_capability: 0, exit_epoch: 0, registration_error: Mutex { data: None }, worker_state: 2, worker_done_lock: Mutex { data: () }, worker_done_changed: Condvar { .. }, cleanup_cancel_requested: false, cleanup_claim_waiters: 0, wait_owner: 2, wait_owner_lock: Mutex { data: () }, wait_owner_changed: Condvar { .. } }, identity: OnceLock(WorkerIdentity { pid: Pid(4093044), snapshot: WorkerProcSnapshot { tgid: Pid(4093044), tracer_pid: Pid(4093042), start_time: 13363179 }, pidfd: OwnedFd { fd: 36 }, proc_dir: OwnedFd { fd: 38 }, proc_inode: 2988081534 }), authoritative: OnceLock(<uninit>) }) }))", "finish_ordinary_terminal entered: Ok(Stopped(Pid(4093046), TraceeToken { event: EventHandle(EventGeneration { event: Event { exit_waiters: ExitWaiters { waiters: Mutex { data: [(Weak)] } }, exit_publication: Mutex { data: () }, status_waker: WakerSlot { waker: Mutex { data: Some(Waker { data: 0x7f9748017380, vtable: 0x5650090adda0 }) }, data: 0x7f9748017380, vtable: 0x5650090adda0 }, status: Mutex { data: StatusState { pending: [], terminal: -1 } }, status_changed: Condvar { .. }, exit_status: 1, exit_capability: 2, exit_epoch: 0, registration_error: Mutex { data: None }, worker_state: 2, worker_done_lock: Mutex { data: () }, worker_done_changed: Condvar { .. }, cleanup_cancel_requested: false, cleanup_claim_waiters: 0, wait_owner: 2, wait_owner_lock: Mutex { data: () }, wait_owner_changed: Condvar { .. } }, identity: OnceLock(WorkerIdentity { pid: Pid(4093046), snapshot: WorkerProcSnapshot { tgid: Pid(4093044), tracer_pid: Pid(4093042), start_time: 13363179 }, pidfd: OwnedFd { fd: 61 }, proc_dir: OwnedFd { fd: 62 }, proc_inode: 2988081539 }), authoritative: OnceLock(<uninit>) }) }))", "finish getevent: tid=4093046, result=Ok(0), terminal=Ok(None), retired=false", "finish_ordinary_terminal entered: Ok(Stopped(Pid(4093044), TraceeToken { event: EventHandle(EventGeneration { event: Event { exit_waiters: ExitWaiters { waiters: Mutex { data: [(Weak)] } }, exit_publication: Mutex { data: () }, status_waker: WakerSlot { waker: Mutex { data: Some(Waker { data: 0x7f974802d000, vtable: 0x5650090ad8f8 }) }, data: 0x7f974802d000, vtable: 0x5650090ad8f8 }, status: Mutex { data: StatusState { pending: [], terminal: -1 } }, status_changed: Condvar { .. }, exit_status: 1, exit_capability: 2, exit_epoch: 0, registration_error: Mutex { data: None }, worker_state: 2, worker_done_lock: Mutex { data: () }, worker_done_changed: Condvar { .. }, cleanup_cancel_requested: false, cleanup_claim_waiters: 0, wait_owner: 2, wait_owner_lock: Mutex { data: () }, wait_owner_changed: Condvar { .. } }, identity: OnceLock(WorkerIdentity { pid: Pid(4093044), snapshot: WorkerProcSnapshot { tgid: Pid(4093044), tracer_pid: Pid(4093042), start_time: 13363179 }, pidfd: OwnedFd { fd: 36 }, proc_dir: OwnedFd { fd: 38 }, proc_inode: 2988081534 }), authoritative: OnceLock(<uninit>) }) }))", "finish getevent: tid=4093044, result=Ok(0), terminal=Ok(None), retired=false"], 0))
fatal legacy result: success(Exited(0)); consuming hooks: None

---- tracer::tests::ordinary_nonleader_tool_failure_cancels_pending_newborn_start stdout ----
fatal control raises original error in live tid 4093054 (mode 2)
ordinary cleanup control: root=4093050, descendant=0, fail=true, fork=false, newborn=true, timeout=false, root_absent=true, descendant_absent=true, post_syscall=0, sentinel_untouched=true
fatal physical identity: tid=4093050, initial=TraceeSnapshot { tgid: Pid(4093050), ppid: Pid(4092886), tracer_pid: Pid(4093048), start_time: 13363180 }, proc_inode=2986814846, same_process=false, stat=Err(Os { code: 3, kind: Uncategorized, message: "No such process" }), status=Err(Os { code: 3, kind: Uncategorized, message: "No such process" }), pidfd_poll=1, pidfd_revents=17, pidfd_signal0=Err(ESRCH)
fatal original notifier: tid=4093050, terminal=Ok(Some(Signaled(SIGKILL, false))), retired=true, held_stop=false
fatal original notifier: tid=4093052, terminal=Ok(Some(Signaled(SIGKILL, false))), retired=true, held_stop=false
fatal original notifier: tid=4093054, terminal=Ok(Some(Signaled(SIGKILL, false))), retired=true, held_stop=false
fatal chronology: Some((["RootStopLease step before: tid=4093050, siginfo=Ok((19, -6)), terminal=Ok(None)", "RootStopLease step result: Ok(Running(Pid(4093050), TraceeToken { event: EventHandle(EventGeneration { event: Event { exit_waiters: ExitWaiters { waiters: Mutex { data: [] } }, exit_publication: Mutex { data: () }, status_waker: WakerSlot { waker: Mutex { data: Some(Waker { data: 0x7f974800f400, vtable: 0x5650090ad8f8 }) }, data: 0x7f974800f400, vtable: 0x5650090ad8f8 }, status: Mutex { data: StatusState { pending: [], terminal: -1 } }, status_changed: Condvar { .. }, exit_status: 0, exit_capability: 0, exit_epoch: 0, registration_error: Mutex { data: None }, worker_state: 2, worker_done_lock: Mutex { data: () }, worker_done_changed: Condvar { .. }, cleanup_cancel_requested: false, cleanup_claim_waiters: 0, wait_owner: 2, wait_owner_lock: Mutex { data: () }, wait_owner_changed: Condvar { .. } }, identity: OnceLock(WorkerIdentity { pid: Pid(4093050), snapshot: WorkerProcSnapshot { tgid: Pid(4093050), tracer_pid: Pid(4093048), start_time: 13363180 }, pidfd: OwnedFd { fd: 36 }, proc_dir: OwnedFd { fd: 38 }, proc_inode: 2986814846 }), authoritative: OnceLock(<uninit>) }) }))", "RootStopLease step before: tid=4093050, siginfo=Ok((5, 1)), terminal=Ok(None)", "RootStopLease step result: Ok(Running(Pid(4093050), TraceeToken { event: EventHandle(EventGeneration { event: Event { exit_waiters: ExitWaiters { waiters: Mutex { data: [] } }, exit_publication: Mutex { data: () }, status_waker: WakerSlot { waker: Mutex { data: Some(Waker { data: 0x7f974800f400, vtable: 0x5650090ad8f8 }) }, data: 0x7f974800f400, vtable: 0x5650090ad8f8 }, status: Mutex { data: StatusState { pending: [], terminal: -1 } }, status_changed: Condvar { .. }, exit_status: 0, exit_capability: 0, exit_epoch: 0, registration_error: Mutex { data: None }, worker_state: 2, worker_done_lock: Mutex { data: () }, worker_done_changed: Condvar { .. }, cleanup_cancel_requested: false, cleanup_claim_waiters: 0, wait_owner: 2, wait_owner_lock: Mutex { data: () }, wait_owner_changed: Condvar { .. } }, identity: OnceLock(WorkerIdentity { pid: Pid(4093050), snapshot: WorkerProcSnapshot { tgid: Pid(4093050), tracer_pid: Pid(4093048), start_time: 13363180 }, pidfd: OwnedFd { fd: 36 }, proc_dir: OwnedFd { fd: 38 }, proc_inode: 2986814846 }), authoritative: OnceLock(<uninit>) }) }))", "RootStopLease step before: tid=4093050, siginfo=Ok((5, 773)), terminal=Ok(None)", "RootStopLease step result: Ok(Running(Pid(4093050), TraceeToken { event: EventHandle(EventGeneration { event: Event { exit_waiters: ExitWaiters { waiters: Mutex { data: [(Weak)] } }, exit_publication: Mutex { data: () }, status_waker: WakerSlot { waker: Mutex { data: Some(Waker { data: 0x7f974800f400, vtable: 0x5650090ad8f8 }) }, data: 0x7f974800f400, vtable: 0x5650090ad8f8 }, status: Mutex { data: StatusState { pending: [], terminal: -1 } }, status_changed: Condvar { .. }, exit_status: 0, exit_capability: 0, exit_epoch: 0, registration_error: Mutex { data: None }, worker_state: 2, worker_done_lock: Mutex { data: () }, worker_done_changed: Condvar { .. }, cleanup_cancel_requested: false, cleanup_claim_waiters: 0, wait_owner: 2, wait_owner_lock: Mutex { data: () }, wait_owner_changed: Condvar { .. } }, identity: OnceLock(WorkerIdentity { pid: Pid(4093050), snapshot: WorkerProcSnapshot { tgid: Pid(4093050), tracer_pid: Pid(4093048), start_time: 13363180 }, pidfd: OwnedFd { fd: 36 }, proc_dir: OwnedFd { fd: 38 }, proc_inode: 2986814846 }), authoritative: OnceLock(<uninit>) }) }))", "RootStopLease step before: tid=4093050, siginfo=Ok((5, 773)), terminal=Ok(None)", "RootStopLease step result: Ok(Running(Pid(4093050), TraceeToken { event: EventHandle(EventGeneration { event: Event { exit_waiters: ExitWaiters { waiters: Mutex { data: [(Weak)] } }, exit_publication: Mutex { data: () }, status_waker: WakerSlot { waker: Mutex { data: Some(Waker { data: 0x7f974800f400, vtable: 0x5650090ad8f8 }) }, data: 0x7f974800f400, vtable: 0x5650090ad8f8 }, status: Mutex { data: StatusState { pending: [], terminal: -1 } }, status_changed: Condvar { .. }, exit_status: 0, exit_capability: 0, exit_epoch: 0, registration_error: Mutex { data: None }, worker_state: 2, worker_done_lock: Mutex { data: () }, worker_done_changed: Condvar { .. }, cleanup_cancel_requested: false, cleanup_claim_waiters: 0, wait_owner: 2, wait_owner_lock: Mutex { data: () }, wait_owner_changed: Condvar { .. } }, identity: OnceLock(WorkerIdentity { pid: Pid(4093050), snapshot: WorkerProcSnapshot { tgid: Pid(4093050), tracer_pid: Pid(4093048), start_time: 13363180 }, pidfd: OwnedFd { fd: 36 }, proc_dir: OwnedFd { fd: 38 }, proc_inode: 2986814846 }), authoritative: OnceLock(<uninit>) }) }))", "finish_ordinary_terminal entered: Ok(Stopped(Pid(4093050), TraceeToken { event: EventHandle(EventGeneration { event: Event { exit_waiters: ExitWaiters { waiters: Mutex { data: [(Weak)] } }, exit_publication: Mutex { data: () }, status_waker: WakerSlot { waker: Mutex { data: Some(Waker { data: 0x7f974800f400, vtable: 0x5650090ad8f8 }) }, data: 0x7f974800f400, vtable: 0x5650090ad8f8 }, status: Mutex { data: StatusState { pending: [], terminal: -1 } }, status_changed: Condvar { .. }, exit_status: 1, exit_capability: 2, exit_epoch: 0, registration_error: Mutex { data: None }, worker_state: 2, worker_done_lock: Mutex { data: () }, worker_done_changed: Condvar { .. }, cleanup_cancel_requested: false, cleanup_claim_waiters: 0, wait_owner: 2, wait_owner_lock: Mutex { data: () }, wait_owner_changed: Condvar { .. } }, identity: OnceLock(WorkerIdentity { pid: Pid(4093050), snapshot: WorkerProcSnapshot { tgid: Pid(4093050), tracer_pid: Pid(4093048), start_time: 13363180 }, pidfd: OwnedFd { fd: 36 }, proc_dir: OwnedFd { fd: 38 }, proc_inode: 2986814846 }), authoritative: OnceLock(<uninit>) }) }))", "finish getevent: tid=4093050, result=Ok(9), terminal=Ok(None), retired=false", "finish_ordinary_terminal entered: Ok(Stopped(Pid(4093054), TraceeToken { event: EventHandle(EventGeneration { event: Event { exit_waiters: ExitWaiters { waiters: Mutex { data: [(Weak)] } }, exit_publication: Mutex { data: () }, status_waker: WakerSlot { waker: Mutex { data: Some(Waker { data: 0x7f974801cc00, vtable: 0x5650090adda0 }) }, data: 0x7f974801cc00, vtable: 0x5650090adda0 }, status: Mutex { data: StatusState { pending: [], terminal: -1 } }, status_changed: Condvar { .. }, exit_status: 1, exit_capability: 2, exit_epoch: 0, registration_error: Mutex { data: None }, worker_state: 2, worker_done_lock: Mutex { data: () }, worker_done_changed: Condvar { .. }, cleanup_cancel_requested: false, cleanup_claim_waiters: 0, wait_owner: 2, wait_owner_lock: Mutex { data: () }, wait_owner_changed: Condvar { .. } }, identity: OnceLock(WorkerIdentity { pid: Pid(4093054), snapshot: WorkerProcSnapshot { tgid: Pid(4093050), tracer_pid: Pid(4093048), start_time: 13363180 }, pidfd: OwnedFd { fd: 68 }, proc_dir: OwnedFd { fd: 73 }, proc_inode: 2987976726 }), authoritative: OnceLock(<uninit>) }) }))", "finish getevent: tid=4093054, result=Ok(9), terminal=Ok(None), retired=false", "finish_ordinary_terminal entered: Ok(Stopped(Pid(4093052), TraceeToken { event: EventHandle(EventGeneration { event: Event { exit_waiters: ExitWaiters { waiters: Mutex { data: [(Weak)] } }, exit_publication: Mutex { data: () }, status_waker: WakerSlot { waker: Mutex { data: Some(Waker { data: 0x7f974802af00, vtable: 0x5650090adda0 }) }, data: 0x7f974802af00, vtable: 0x5650090adda0 }, status: Mutex { data: StatusState { pending: [], terminal: -1 } }, status_changed: Condvar { .. }, exit_status: 1, exit_capability: 2, exit_epoch: 0, registration_error: Mutex { data: None }, worker_state: 2, worker_done_lock: Mutex { data: () }, worker_done_changed: Condvar { .. }, cleanup_cancel_requested: false, cleanup_claim_waiters: 0, wait_owner: 2, wait_owner_lock: Mutex { data: () }, wait_owner_changed: Condvar { .. } }, identity: OnceLock(WorkerIdentity { pid: Pid(4093052), snapshot: WorkerProcSnapshot { tgid: Pid(4093050), tracer_pid: Pid(4093048), start_time: 13363180 }, pidfd: OwnedFd { fd: 61 }, proc_dir: OwnedFd { fd: 62 }, proc_inode: 2986814850 }), authoritative: OnceLock(<uninit>) }) }))", "finish getevent: tid=4093052, result=Ok(9), terminal=Ok(None), retired=false"], 0))
fatal legacy result: error(Tool(ordinary nonleader failure control)), original_nonleader=true; consuming hooks: Some([(Pid(4093050), None), (Pid(4093052), None), (Pid(4093054), None), (Pid(4093054), Some(Signaled(SIGKILL, false))), (Pid(4093052), Some(Signaled(SIGKILL, false))), (Pid(4093050), Some(Signaled(SIGKILL, false)))])

---- tracer::tests::ordinary_nonleader_tool_failure_reaps_threads_without_resuming stdout ----
fatal control raises original error in live tid 4093082 (mode 1)
ordinary cleanup control: root=4093077, descendant=0, fail=true, fork=false, newborn=false, timeout=false, root_absent=true, descendant_absent=true, post_syscall=0, sentinel_untouched=true
fatal physical identity: tid=4093077, initial=TraceeSnapshot { tgid: Pid(4093077), ppid: Pid(4092886), tracer_pid: Pid(4093072), start_time: 13363182 }, proc_inode=2986281881, same_process=false, stat=Err(Os { code: 3, kind: Uncategorized, message: "No such process" }), status=Err(Os { code: 3, kind: Uncategorized, message: "No such process" }), pidfd_poll=1, pidfd_revents=17, pidfd_signal0=Err(ESRCH)
fatal original notifier: tid=4093077, terminal=Ok(Some(Signaled(SIGKILL, false))), retired=true, held_stop=false
fatal original notifier: tid=4093082, terminal=Ok(Some(Signaled(SIGKILL, false))), retired=true, held_stop=false
fatal chronology: Some((["RootStopLease step before: tid=4093077, siginfo=Ok((19, -6)), terminal=Ok(None)", "RootStopLease step result: Ok(Running(Pid(4093077), TraceeToken { event: EventHandle(EventGeneration { event: Event { exit_waiters: ExitWaiters { waiters: Mutex { data: [] } }, exit_publication: Mutex { data: () }, status_waker: WakerSlot { waker: Mutex { data: Some(Waker { data: 0x7f974800f400, vtable: 0x5650090ad8f8 }) }, data: 0x7f974800f400, vtable: 0x5650090ad8f8 }, status: Mutex { data: StatusState { pending: [], terminal: -1 } }, status_changed: Condvar { .. }, exit_status: 0, exit_capability: 0, exit_epoch: 0, registration_error: Mutex { data: None }, worker_state: 2, worker_done_lock: Mutex { data: () }, worker_done_changed: Condvar { .. }, cleanup_cancel_requested: false, cleanup_claim_waiters: 0, wait_owner: 2, wait_owner_lock: Mutex { data: () }, wait_owner_changed: Condvar { .. } }, identity: OnceLock(WorkerIdentity { pid: Pid(4093077), snapshot: WorkerProcSnapshot { tgid: Pid(4093077), tracer_pid: Pid(4093072), start_time: 13363182 }, pidfd: OwnedFd { fd: 36 }, proc_dir: OwnedFd { fd: 38 }, proc_inode: 2986281881 }), authoritative: OnceLock(<uninit>) }) }))", "RootStopLease step before: tid=4093077, siginfo=Ok((5, 1)), terminal=Ok(None)", "RootStopLease step result: Ok(Running(Pid(4093077), TraceeToken { event: EventHandle(EventGeneration { event: Event { exit_waiters: ExitWaiters { waiters: Mutex { data: [] } }, exit_publication: Mutex { data: () }, status_waker: WakerSlot { waker: Mutex { data: Some(Waker { data: 0x7f974800f400, vtable: 0x5650090ad8f8 }) }, data: 0x7f974800f400, vtable: 0x5650090ad8f8 }, status: Mutex { data: StatusState { pending: [], terminal: -1 } }, status_changed: Condvar { .. }, exit_status: 0, exit_capability: 0, exit_epoch: 0, registration_error: Mutex { data: None }, worker_state: 2, worker_done_lock: Mutex { data: () }, worker_done_changed: Condvar { .. }, cleanup_cancel_requested: false, cleanup_claim_waiters: 0, wait_owner: 2, wait_owner_lock: Mutex { data: () }, wait_owner_changed: Condvar { .. } }, identity: OnceLock(WorkerIdentity { pid: Pid(4093077), snapshot: WorkerProcSnapshot { tgid: Pid(4093077), tracer_pid: Pid(4093072), start_time: 13363182 }, pidfd: OwnedFd { fd: 36 }, proc_dir: OwnedFd { fd: 38 }, proc_inode: 2986281881 }), authoritative: OnceLock(<uninit>) }) }))", "RootStopLease step before: tid=4093077, siginfo=Ok((5, 773)), terminal=Ok(None)", "RootStopLease step result: Ok(Running(Pid(4093077), TraceeToken { event: EventHandle(EventGeneration { event: Event { exit_waiters: ExitWaiters { waiters: Mutex { data: [(Weak)] } }, exit_publication: Mutex { data: () }, status_waker: WakerSlot { waker: Mutex { data: Some(Waker { data: 0x7f974800f400, vtable: 0x5650090ad8f8 }) }, data: 0x7f974800f400, vtable: 0x5650090ad8f8 }, status: Mutex { data: StatusState { pending: [], terminal: -1 } }, status_changed: Condvar { .. }, exit_status: 0, exit_capability: 0, exit_epoch: 0, registration_error: Mutex { data: None }, worker_state: 2, worker_done_lock: Mutex { data: () }, worker_done_changed: Condvar { .. }, cleanup_cancel_requested: false, cleanup_claim_waiters: 0, wait_owner: 2, wait_owner_lock: Mutex { data: () }, wait_owner_changed: Condvar { .. } }, identity: OnceLock(WorkerIdentity { pid: Pid(4093077), snapshot: WorkerProcSnapshot { tgid: Pid(4093077), tracer_pid: Pid(4093072), start_time: 13363182 }, pidfd: OwnedFd { fd: 36 }, proc_dir: OwnedFd { fd: 38 }, proc_inode: 2986281881 }), authoritative: OnceLock(<uninit>) }) }))", "finish_ordinary_terminal entered: Ok(Stopped(Pid(4093077), TraceeToken { event: EventHandle(EventGeneration { event: Event { exit_waiters: ExitWaiters { waiters: Mutex { data: [(Weak)] } }, exit_publication: Mutex { data: () }, status_waker: WakerSlot { waker: Mutex { data: Some(Waker { data: 0x7f974800f400, vtable: 0x5650090ad8f8 }) }, data: 0x7f974800f400, vtable: 0x5650090ad8f8 }, status: Mutex { data: StatusState { pending: [], terminal: -1 } }, status_changed: Condvar { .. }, exit_status: 1, exit_capability: 2, exit_epoch: 0, registration_error: Mutex { data: None }, worker_state: 2, worker_done_lock: Mutex { data: () }, worker_done_changed: Condvar { .. }, cleanup_cancel_requested: false, cleanup_claim_waiters: 0, wait_owner: 2, wait_owner_lock: Mutex { data: () }, wait_owner_changed: Condvar { .. } }, identity: OnceLock(WorkerIdentity { pid: Pid(4093077), snapshot: WorkerProcSnapshot { tgid: Pid(4093077), tracer_pid: Pid(4093072), start_time: 13363182 }, pidfd: OwnedFd { fd: 36 }, proc_dir: OwnedFd { fd: 38 }, proc_inode: 2986281881 }), authoritative: OnceLock(<uninit>) }) }))", "finish getevent: tid=4093077, result=Ok(9), terminal=Ok(None), retired=false", "finish_ordinary_terminal entered: Ok(Stopped(Pid(4093082), TraceeToken { event: EventHandle(EventGeneration { event: Event { exit_waiters: ExitWaiters { waiters: Mutex { data: [(Weak)] } }, exit_publication: Mutex { data: () }, status_waker: WakerSlot { waker: Mutex { data: Some(Waker { data: 0x7f9748007600, vtable: 0x5650090adda0 }) }, data: 0x7f9748007600, vtable: 0x5650090adda0 }, status: Mutex { data: StatusState { pending: [], terminal: -1 } }, status_changed: Condvar { .. }, exit_status: 1, exit_capability: 2, exit_epoch: 0, registration_error: Mutex { data: None }, worker_state: 2, worker_done_lock: Mutex { data: () }, worker_done_changed: Condvar { .. }, cleanup_cancel_requested: false, cleanup_claim_waiters: 0, wait_owner: 2, wait_owner_lock: Mutex { data: () }, wait_owner_changed: Condvar { .. } }, identity: OnceLock(WorkerIdentity { pid: Pid(4093082), snapshot: WorkerProcSnapshot { tgid: Pid(4093077), tracer_pid: Pid(4093072), start_time: 13363182 }, pidfd: OwnedFd { fd: 61 }, proc_dir: OwnedFd { fd: 62 }, proc_inode: 2987079754 }), authoritative: OnceLock(<uninit>) }) }))", "finish getevent: tid=4093082, result=Ok(9), terminal=Ok(None), retired=false"], 0))
fatal legacy result: error(Tool(ordinary nonleader failure control)), original_nonleader=true; consuming hooks: Some([(Pid(4093077), None), (Pid(4093082), None), (Pid(4093082), Some(Signaled(SIGKILL, false))), (Pid(4093077), Some(Signaled(SIGKILL, false)))])

---- tracer::tests::ordinary_nonleader_exec_run_loop_echild_awaits_leader_exec_edge stdout ----
PROBE[exec-edge-ok] t=133631728832763 (dt=48235us) caller=4092897 target=4092894 what=WAITID(P_PIDFD) thread=Some("guest-4092894") result=Ok(Some("0x137f")) rc=0 site=safeptrace/src/notifier.rs:1858
PROBE[exec-edge-ok] t=133631729600896 (dt=47467us) caller=4092892 target=4092894 what=PTRACE_SINGLESTEP(None) rc=0 site=reverie-ptrace/src/tracer.rs:1006
PROBE[exec-edge-ok] t=133631729677211 (dt=47391us) caller=4092897 target=4092894 what=WAITID(P_PIDFD) thread=Some("guest-4092894") result=Ok(Some("0x57f")) rc=0 site=safeptrace/src/notifier.rs:1858
PROBE[exec-edge-ok] t=133631730309329 (dt=46759us) caller=4092892 target=4092894 what=PTRACE_SINGLESTEP(None) rc=0 site=reverie-ptrace/src/tracer.rs:1006
PROBE[exec-edge-ok] t=133631730343511 (dt=46725us) caller=4092897 target=4092894 what=WAITID(P_PIDFD) thread=Some("guest-4092894") result=Ok(Some("0x57f")) rc=0 site=safeptrace/src/notifier.rs:1858
PROBE[exec-edge-ok] t=133631730689660 (dt=46378us) caller=4092892 target=4092894 what=PTRACE_CONT(resume,None) rc=0 site=reverie-ptrace/src/tracer.rs:989
PROBE[exec-edge-ok] t=133631730905996 (dt=46162us) caller=4092897 target=4092894 what=WAITID(P_PIDFD) thread=Some("guest-4092894") result=Ok(Some("0x3057f")) rc=0 site=safeptrace/src/notifier.rs:1858
PROBE[exec-edge-ok] t=133631730925474 (dt=46143us) caller=4092892 target=4092894 what=GETEVENTMSG-before rc=0 site=safeptrace/src/lib.rs:234
PROBE[exec-edge-ok] t=133631730930412 (dt=46138us) caller=4092892 target=4092894 what=GETEVENTMSG-after rc=4092907 site=safeptrace/src/lib.rs:234
PROBE[exec-edge-ok] t=133631774785125 (dt=2283us) caller=4093004 target=4092907 what=WAITID(P_PIDFD) thread=Some("guest-4092907") result=Ok(Some("0x137f")) rc=0 site=safeptrace/src/notifier.rs:1858
PROBE[exec-edge-ok] t=133631775414320 (dt=1654us) caller=4092892 target=4092894 what=PTRACE_SINGLESTEP(None) rc=0 site=reverie-ptrace/src/tracer.rs:1006
PROBE[exec-edge-ok] t=133631775497254 (dt=1571us) caller=4092897 target=4092894 what=WAITID(P_PIDFD) thread=Some("guest-4092894") result=Ok(Some("0x57f")) rc=0 site=safeptrace/src/notifier.rs:1858
PROBE[exec-edge-ok] t=133631775967190 (dt=1101us) caller=4092892 target=4092907 what=PTRACE_CONT(resume,None) rc=0 site=reverie-ptrace/src/tracer.rs:989
PROBE[exec-edge-ok] t=133631776217145 (dt=851us) caller=4092892 target=4092894 what=PTRACE_CONT(resume,None) rc=0 site=reverie-ptrace/src/tracer.rs:989
PROBE[exec-edge-ok] t=133631776292157 (dt=776us) caller=4092897 target=4092894 what=WAITID(P_PIDFD) thread=Some("guest-4092894") result=Ok(Some("0x6057f")) rc=0 site=safeptrace/src/notifier.rs:1858
PROBE[exec-edge-ok] t=133631776335373 (dt=733us) caller=4092892 target=4092894 what=drive_ordinary: ExitFuture resolved ok=true main=true rc=0 site=reverie-ptrace/src/task.rs:6946
PROBE[exec-edge-ok] t=133631776343715 (dt=724us) caller=4092892 target=4092894 what=finish_ordinary_terminal entered with Ok(Stopped) rc=0 site=reverie-ptrace/src/tracer.rs:543
PROBE[exec-edge-ok] t=133631776346679 (dt=721us) caller=4092892 target=4092894 what=GETEVENTMSG-before rc=0 site=reverie-ptrace/src/tracer.rs:556
PROBE[exec-edge-ok] t=133631776350315 (dt=718us) caller=4092892 target=4092894 what=GETEVENTMSG-after rc=0 site=reverie-ptrace/src/tracer.rs:556
PROBE[exec-edge-ok] t=133631776355072 (dt=713us) caller=4092892 target=4092894 what=PTRACE_CONT(resume_retaining,None) rc=0 site=reverie-ptrace/src/tracer.rs:613
PROBE[exec-edge-ok] t=133631776404045 (dt=664us) caller=4093004 target=4092907 what=WAITID(P_PIDFD) thread=Some("guest-4092907") result=Err(ECHILD) rc=0 site=safeptrace/src/notifier.rs:1858
PROBE[exec-edge-ok] t=133631776842414 (dt=226us) caller=4092897 target=4092894 what=WAITID(P_PIDFD) thread=Some("guest-4092894") result=Ok(Some("0x4057f")) rc=0 site=safeptrace/src/notifier.rs:1858
PROBE[exec-edge-ok] t=133631776862544 (dt=206us) caller=4092892 target=4092894 what=GETEVENTMSG-before rc=0 site=safeptrace/src/lib.rs:246
PROBE[exec-edge-ok] t=133631776865258 (dt=203us) caller=4092892 target=4092894 what=GETEVENTMSG-after rc=4092907 site=safeptrace/src/lib.rs:246
PROBE[exec-edge-ok] t=133631777067792 (dt=0us) caller=4092892 target=4092894 what=EXEC-EDGE observed former=4092907 exit_status=Some(Exited(0)) esrch=None snapshot: [task 4092894: State: t (tracing stop) | Pid: 4092894 | TracerPid: 4092892 | SigPnd: 0000000000000000 | ShdPnd: 0000000000000000 | stat.state=t stat.exit_code=0 | wchan=ptrace_stop] rc=0 site=reverie-ptrace/src/tracer.rs:675
actual delivered marker observations: tracer=4092886, rows=[(4092894, 16, 1, 65, 100576, false, false)]
exec owner before rescue: fail=false, timer_mode=1, root_absent=true, events=[(0, Pid(4092894), 4092894, None), (0, Pid(4092907), 4092907, None), (2, Pid(4092894), 4092894, Some(Exited(0))), (1, Pid(4092894), 4092907, None), (9, Pid(4092894), 100576, None), (4, Pid(4092894), 4092907, None), (2, Pid(4092894), 4092907, Some(Exited(0))), (3, Pid(4092894), 0, Some(Exited(0)))], elapsed=103.635214ms, outcome=Complete(Ok(Output { status: Exited(0), stdout: "survived", stderr: "" }))
actual perf exec handoff: ExecTimerTransfer { displaced: Some(ExecTimerIdentity { clock_fd: 36, timer_fd: 30, clock_event_id: 6839799, timer_event_id: 6839796, artificial_pending: false, artificial_signal_sent: false, cancelled: true, guest_pid: Pid(4092894), guest_tid: Pid(4092894), kernel_owner_tid: Pid(4092894) }), before: Some(ExecTimerIdentity { clock_fd: 78, timer_fd: 76, clock_event_id: 6839809, timer_event_id: 6839808, artificial_pending: false, artificial_signal_sent: false, cancelled: true, guest_pid: Pid(4092894), guest_tid: Pid(4092907), kernel_owner_tid: Pid(0) }), after: Some(ExecTimerIdentity { clock_fd: 78, timer_fd: 76, clock_event_id: 6839809, timer_event_id: 6839808, artificial_pending: false, artificial_signal_sent: false, cancelled: true, guest_pid: Pid(4092894), guest_tid: Pid(4092894), kernel_owner_tid: Pid(4092894) }), displaced_fds_closed: true }
nonleader run loop stayed pending on: ["wait after initial tracee resume"]

---- tracer::tests::ordinary_nonleader_exec_real_signal_cancels_postexec_timer stdout ----
PROBE[exec-edge-ok] t=133631728988337 (dt=47968us) caller=4092899 target=4092895 what=WAITID(P_PIDFD) thread=Some("guest-4092895") result=Ok(Some("0x137f")) rc=0 site=safeptrace/src/notifier.rs:1858
PROBE[exec-edge-ok] t=133631729598683 (dt=47357us) caller=4092891 target=4092895 what=PTRACE_SINGLESTEP(None) rc=0 site=reverie-ptrace/src/tracer.rs:1006
PROBE[exec-edge-ok] t=133631729672794 (dt=47283us) caller=4092899 target=4092895 what=WAITID(P_PIDFD) thread=Some("guest-4092895") result=Ok(Some("0x57f")) rc=0 site=safeptrace/src/notifier.rs:1858
PROBE[exec-edge-ok] t=133631730301538 (dt=46654us) caller=4092891 target=4092895 what=PTRACE_SINGLESTEP(None) rc=0 site=reverie-ptrace/src/tracer.rs:1006
PROBE[exec-edge-ok] t=133631730335319 (dt=46621us) caller=4092899 target=4092895 what=WAITID(P_PIDFD) thread=Some("guest-4092895") result=Ok(Some("0x57f")) rc=0 site=safeptrace/src/notifier.rs:1858
PROBE[exec-edge-ok] t=133631730686235 (dt=46270us) caller=4092891 target=4092895 what=PTRACE_CONT(resume,None) rc=0 site=reverie-ptrace/src/tracer.rs:989
PROBE[exec-edge-ok] t=133631730908870 (dt=46047us) caller=4092899 target=4092895 what=WAITID(P_PIDFD) thread=Some("guest-4092895") result=Ok(Some("0x3057f")) rc=0 site=safeptrace/src/notifier.rs:1858
PROBE[exec-edge-ok] t=133631730928009 (dt=46028us) caller=4092891 target=4092895 what=GETEVENTMSG-before rc=0 site=safeptrace/src/lib.rs:234
PROBE[exec-edge-ok] t=133631730931714 (dt=46024us) caller=4092891 target=4092895 what=GETEVENTMSG-after rc=4092906 site=safeptrace/src/lib.rs:234
PROBE[exec-edge-ok] t=133631774447328 (dt=2509us) caller=4092910 target=4092906 what=WAITID(P_PIDFD) thread=Some("guest-4092906") result=Ok(Some("0x137f")) rc=0 site=safeptrace/src/notifier.rs:1858
PROBE[exec-edge-ok] t=133631774929271 (dt=2027us) caller=4092891 target=4092895 what=PTRACE_SINGLESTEP(None) rc=0 site=reverie-ptrace/src/tracer.rs:1006
PROBE[exec-edge-ok] t=133631775025796 (dt=1930us) caller=4092899 target=4092895 what=WAITID(P_PIDFD) thread=Some("guest-4092895") result=Ok(Some("0x57f")) rc=0 site=safeptrace/src/notifier.rs:1858
PROBE[exec-edge-ok] t=133631775470424 (dt=1485us) caller=4092891 target=4092906 what=PTRACE_CONT(resume,None) rc=0 site=reverie-ptrace/src/tracer.rs:989
PROBE[exec-edge-ok] t=133631775689483 (dt=1266us) caller=4092891 target=4092895 what=PTRACE_CONT(resume,None) rc=0 site=reverie-ptrace/src/tracer.rs:989
PROBE[exec-edge-ok] t=133631775851376 (dt=1105us) caller=4092899 target=4092895 what=WAITID(P_PIDFD) thread=Some("guest-4092895") result=Ok(Some("0x6057f")) rc=0 site=safeptrace/src/notifier.rs:1858
PROBE[exec-edge-ok] t=133631775888862 (dt=1067us) caller=4092891 target=4092895 what=drive_ordinary: ExitFuture resolved ok=true main=true rc=0 site=reverie-ptrace/src/task.rs:6946
PROBE[exec-edge-ok] t=133631775897355 (dt=1059us) caller=4092891 target=4092895 what=finish_ordinary_terminal entered with Ok(Stopped) rc=0 site=reverie-ptrace/src/tracer.rs:543
PROBE[exec-edge-ok] t=133631775900590 (dt=1055us) caller=4092891 target=4092895 what=GETEVENTMSG-before rc=0 site=reverie-ptrace/src/tracer.rs:556
PROBE[exec-edge-ok] t=133631775904135 (dt=1052us) caller=4092891 target=4092895 what=GETEVENTMSG-after rc=0 site=reverie-ptrace/src/tracer.rs:556
PROBE[exec-edge-ok] t=133631775908291 (dt=1048us) caller=4092891 target=4092895 what=PTRACE_CONT(resume_retaining,None) rc=0 site=reverie-ptrace/src/tracer.rs:613
PROBE[exec-edge-ok] t=133631776018246 (dt=938us) caller=4092910 target=4092906 what=WAITID(P_PIDFD) thread=Some("guest-4092906") result=Err(ECHILD) rc=0 site=safeptrace/src/notifier.rs:1858
PROBE[exec-edge-ok] t=133631776112258 (dt=844us) caller=4092891 target=4092906 what=drive_ordinary: ExitFuture resolved ok=false main=false rc=0 site=reverie-ptrace/src/task.rs:6946
PROBE[exec-edge-ok] t=133631776757366 (dt=199us) caller=4092899 target=4092895 what=WAITID(P_PIDFD) thread=Some("guest-4092895") result=Ok(Some("0x4057f")) rc=0 site=safeptrace/src/notifier.rs:1858
PROBE[exec-edge-ok] t=133631776775293 (dt=181us) caller=4092891 target=4092895 what=GETEVENTMSG-before rc=0 site=safeptrace/src/lib.rs:246
PROBE[exec-edge-ok] t=133631776777356 (dt=179us) caller=4092891 target=4092895 what=GETEVENTMSG-after rc=4092906 site=safeptrace/src/lib.rs:246
PROBE[exec-edge-ok] t=133631776955613 (dt=0us) caller=4092891 target=4092895 what=EXEC-EDGE observed former=4092906 exit_status=Some(Exited(0)) esrch=None snapshot: [task 4092895: State: t (tracing stop) | Pid: 4092895 | TracerPid: 4092891 | SigPnd: 0000000000000000 | ShdPnd: 0000000000000000 | stat.state=t stat.exit_code=0 | wchan=ptrace_stop] rc=0 site=reverie-ptrace/src/tracer.rs:675
actual delivered marker observations: tracer=4092886, rows=[(4092895, 16, 1, 65, 100540, true, false)]
exec owner before rescue: fail=false, timer_mode=2, root_absent=true, events=[(0, Pid(4092895), 4092895, None), (0, Pid(4092906), 4092906, None), (2, Pid(4092895), 4092895, Some(Exited(0))), (1, Pid(4092895), 4092906, None), (7, Pid(4092895), 10, None), (2, Pid(4092895), 4092906, Some(Exited(0))), (3, Pid(4092895), 0, Some(Exited(0)))], elapsed=105.669087ms, outcome=Complete(Ok(Output { status: Exited(0), stdout: "survived", stderr: "" }))
actual perf exec handoff: ExecTimerTransfer { displaced: Some(ExecTimerIdentity { clock_fd: 38, timer_fd: 35, clock_event_id: 6839800, timer_event_id: 6839798, artificial_pending: false, artificial_signal_sent: false, cancelled: true, guest_pid: Pid(4092895), guest_tid: Pid(4092895), kernel_owner_tid: Pid(4092895) }), before: Some(ExecTimerIdentity { clock_fd: 69, timer_fd: 71, clock_event_id: 6839804, timer_event_id: 6839803, artificial_pending: false, artificial_signal_sent: false, cancelled: true, guest_pid: Pid(4092895), guest_tid: Pid(4092906), kernel_owner_tid: Pid(0) }), after: Some(ExecTimerIdentity { clock_fd: 69, timer_fd: 71, clock_event_id: 6839804, timer_event_id: 6839803, artificial_pending: false, artificial_signal_sent: false, cancelled: true, guest_pid: Pid(4092895), guest_tid: Pid(4092895), kernel_owner_tid: Pid(4092895) }), displaced_fds_closed: true }

---- tracer::tests::ordinary_nonleader_exec_postexec_timer_survives_internal_step stdout ----
PROBE[exec-edge-ok] t=133631728979263 (dt=48033us) caller=4092898 target=4092896 what=WAITID(P_PIDFD) thread=Some("guest-4092896") result=Ok(Some("0x137f")) rc=0 site=safeptrace/src/notifier.rs:1858
PROBE[exec-edge-ok] t=133631729598613 (dt=47413us) caller=4092890 target=4092896 what=PTRACE_SINGLESTEP(None) rc=0 site=reverie-ptrace/src/tracer.rs:1006
PROBE[exec-edge-ok] t=133631729673005 (dt=47339us) caller=4092898 target=4092896 what=WAITID(P_PIDFD) thread=Some("guest-4092896") result=Ok(Some("0x57f")) rc=0 site=safeptrace/src/notifier.rs:1858
PROBE[exec-edge-ok] t=133631730302730 (dt=46709us) caller=4092890 target=4092896 what=PTRACE_SINGLESTEP(None) rc=0 site=reverie-ptrace/src/tracer.rs:1006
PROBE[exec-edge-ok] t=133631730327397 (dt=46685us) caller=4092898 target=4092896 what=WAITID(P_PIDFD) thread=Some("guest-4092896") result=Ok(Some("0x57f")) rc=0 site=safeptrace/src/notifier.rs:1858
PROBE[exec-edge-ok] t=133631730686496 (dt=46326us) caller=4092890 target=4092896 what=PTRACE_CONT(resume,None) rc=0 site=reverie-ptrace/src/tracer.rs:989
PROBE[exec-edge-ok] t=133631730883511 (dt=46129us) caller=4092898 target=4092896 what=WAITID(P_PIDFD) thread=Some("guest-4092896") result=Ok(Some("0x3057f")) rc=0 site=safeptrace/src/notifier.rs:1858
PROBE[exec-edge-ok] t=133631730903071 (dt=46109us) caller=4092890 target=4092896 what=GETEVENTMSG-before rc=0 site=safeptrace/src/lib.rs:234
PROBE[exec-edge-ok] t=133631730908088 (dt=46104us) caller=4092890 target=4092896 what=GETEVENTMSG-after rc=4092904 site=safeptrace/src/lib.rs:234
PROBE[exec-edge-ok] t=133631731397373 (dt=45615us) caller=4092909 target=4092904 what=WAITID(P_PIDFD) thread=Some("guest-4092904") result=Ok(Some("0x137f")) rc=0 site=safeptrace/src/notifier.rs:1858
PROBE[exec-edge-ok] t=133631774929291 (dt=2083us) caller=4092890 target=4092896 what=PTRACE_SINGLESTEP(None) rc=0 site=reverie-ptrace/src/tracer.rs:1006
PROBE[exec-edge-ok] t=133631775055712 (dt=1956us) caller=4092898 target=4092896 what=WAITID(P_PIDFD) thread=Some("guest-4092896") result=Ok(Some("0x57f")) rc=0 site=safeptrace/src/notifier.rs:1858
PROBE[exec-edge-ok] t=133631775470334 (dt=1542us) caller=4092890 target=4092904 what=PTRACE_CONT(resume,None) rc=0 site=reverie-ptrace/src/tracer.rs:989
PROBE[exec-edge-ok] t=133631775689844 (dt=1322us) caller=4092890 target=4092896 what=PTRACE_CONT(resume,None) rc=0 site=reverie-ptrace/src/tracer.rs:989
PROBE[exec-edge-ok] t=133631775826719 (dt=1185us) caller=4092898 target=4092896 what=WAITID(P_PIDFD) thread=Some("guest-4092896") result=Ok(Some("0x6057f")) rc=0 site=safeptrace/src/notifier.rs:1858
PROBE[exec-edge-ok] t=133631775873880 (dt=1138us) caller=4092890 target=4092896 what=drive_ordinary: ExitFuture resolved ok=true main=true rc=0 site=reverie-ptrace/src/task.rs:6946
PROBE[exec-edge-ok] t=133631775886508 (dt=1126us) caller=4092890 target=4092896 what=finish_ordinary_terminal entered with Ok(Stopped) rc=0 site=reverie-ptrace/src/tracer.rs:543
PROBE[exec-edge-ok] t=133631775890314 (dt=1122us) caller=4092890 target=4092896 what=GETEVENTMSG-before rc=0 site=reverie-ptrace/src/tracer.rs:556
PROBE[exec-edge-ok] t=133631775896724 (dt=1115us) caller=4092890 target=4092896 what=GETEVENTMSG-after rc=0 site=reverie-ptrace/src/tracer.rs:556
PROBE[exec-edge-ok] t=133631775903654 (dt=1108us) caller=4092890 target=4092896 what=PTRACE_CONT(resume_retaining,None) rc=0 site=reverie-ptrace/src/tracer.rs:613
PROBE[exec-edge-ok] t=133631775970595 (dt=1041us) caller=4092909 target=4092904 what=WAITID(P_PIDFD) thread=Some("guest-4092904") result=Err(ECHILD) rc=0 site=safeptrace/src/notifier.rs:1858
PROBE[exec-edge-ok] t=133631776030665 (dt=981us) caller=4092890 target=4092904 what=drive_ordinary: ExitFuture resolved ok=false main=false rc=0 site=reverie-ptrace/src/task.rs:6946
PROBE[exec-edge-ok] t=133631776780781 (dt=231us) caller=4092898 target=4092896 what=WAITID(P_PIDFD) thread=Some("guest-4092896") result=Ok(Some("0x4057f")) rc=0 site=safeptrace/src/notifier.rs:1858
PROBE[exec-edge-ok] t=133631776825758 (dt=186us) caller=4092890 target=4092896 what=GETEVENTMSG-before rc=0 site=safeptrace/src/lib.rs:246
PROBE[exec-edge-ok] t=133631776831137 (dt=181us) caller=4092890 target=4092896 what=GETEVENTMSG-after rc=4092904 site=safeptrace/src/lib.rs:246
PROBE[exec-edge-ok] t=133631777011557 (dt=1us) caller=4092890 target=4092896 what=EXEC-EDGE observed former=4092904 exit_status=Some(Exited(0)) esrch=None snapshot: [task 4092896: State: t (tracing stop) | Pid: 4092896 | TracerPid: 4092890 | SigPnd: 0000000000000000 | ShdPnd: 0000000000000000 | stat.state=t stat.exit_code=0 | wchan=ptrace_stop] rc=0 site=reverie-ptrace/src/tracer.rs:675
actual delivered marker observations: tracer=4092886, rows=[(4092896, 16, 1, 65, 100551, false, false)]
exec owner before rescue: fail=false, timer_mode=1, root_absent=true, events=[(0, Pid(4092896), 4092896, None), (0, Pid(4092904), 4092904, None), (2, Pid(4092896), 4092896, Some(Exited(0))), (1, Pid(4092896), 4092904, None), (9, Pid(4092896), 100551, None), (4, Pid(4092896), 4092904, None), (2, Pid(4092896), 4092904, Some(Exited(0))), (3, Pid(4092896), 0, Some(Exited(0)))], elapsed=106.068266ms, outcome=Complete(Ok(Output { status: Exited(0), stdout: "survived", stderr: "" }))
actual perf exec handoff: ExecTimerTransfer { displaced: Some(ExecTimerIdentity { clock_fd: 37, timer_fd: 34, clock_event_id: 6839801, timer_event_id: 6839797, artificial_pending: false, artificial_signal_sent: false, cancelled: true, guest_pid: Pid(4092896), guest_tid: Pid(4092896), kernel_owner_tid: Pid(4092896) }), before: Some(ExecTimerIdentity { clock_fd: 72, timer_fd: 70, clock_event_id: 6839805, timer_event_id: 6839802, artificial_pending: false, artificial_signal_sent: false, cancelled: true, guest_pid: Pid(4092896), guest_tid: Pid(4092904), kernel_owner_tid: Pid(0) }), after: Some(ExecTimerIdentity { clock_fd: 72, timer_fd: 70, clock_event_id: 6839805, timer_event_id: 6839802, artificial_pending: false, artificial_signal_sent: false, cancelled: true, guest_pid: Pid(4092896), guest_tid: Pid(4092896), kernel_owner_tid: Pid(4092896) }), displaced_fds_closed: true }


successes:
    tracer::tests::ordinary_nonleader_exec_displaced_hook_failure_fences_replacement
    tracer::tests::ordinary_nonleader_exec_postexec_timer_survives_internal_step
    tracer::tests::ordinary_nonleader_exec_real_signal_cancels_postexec_timer
    tracer::tests::ordinary_nonleader_exec_run_loop_echild_awaits_leader_exec_edge
    tracer::tests::ordinary_nonleader_exec_transfers_state_and_consumes_old_leader_once
    tracer::tests::ordinary_nonleader_injected_exec_echild_awaits_leader_exec_edge
    tracer::tests::ordinary_nonleader_success_preserves_exit_callbacks
    tracer::tests::ordinary_nonleader_tool_failure_cancels_pending_newborn_start
    tracer::tests::ordinary_nonleader_tool_failure_reaps_fork_descendants
    tracer::tests::ordinary_nonleader_tool_failure_reaps_threads_without_resuming
    tracer::tests::ordinary_nonleader_tool_failure_reaps_unhanded_fork_child
    tracer::tests::ordinary_nonleader_tool_failure_reaps_unhanded_vfork_child

test result: ok. 12 passed; 0 failed; 0 ignored; 0 measured; 353 filtered out; finished in 0.12s

rc=0
