
running 12 tests
test tracer::tests::ordinary_nonleader_exec_displaced_hook_failure_fences_replacement ... ok
test tracer::tests::ordinary_nonleader_exec_transfers_state_and_consumes_old_leader_once ... ok
test tracer::tests::ordinary_nonleader_injected_exec_echild_awaits_leader_exec_edge ... ok
test tracer::tests::ordinary_nonleader_success_preserves_exit_callbacks ... ok
test tracer::tests::ordinary_nonleader_tool_failure_cancels_pending_newborn_start ... ok

running 1 test
test tracer::tests::ordinary_nonleader_tool_failure_reaps_fork_descendants ... 
running 1 test
test tracer::tests::ordinary_nonleader_tool_failure_reaps_fork_descendants ... fatal control raises original error in live tid 30590 (mode 1)
ordinary cleanup control: root=30586, descendant=30588, fail=true, fork=true, newborn=false, timeout=false, root_absent=true, descendant_absent=false, post_syscall=0, sentinel_untouched=true
fatal physical identity: tid=30586, initial=TraceeSnapshot { tgid: Pid(30586), ppid: Pid(30574), tracer_pid: Pid(30577), start_time: 13373655 }, proc_inode=2989464783, same_process=false, stat=Err(Os { code: 3, kind: Uncategorized, message: "No such process" }), status=Err(Os { code: 3, kind: Uncategorized, message: "No such process" }), pidfd_poll=1, pidfd_revents=17, pidfd_signal0=Err(ESRCH)
fatal physical identity: tid=30588, initial=TraceeSnapshot { tgid: Pid(30588), ppid: Pid(30586), tracer_pid: Pid(30577), start_time: 13373655 }, proc_inode=2989464791, same_process=true, stat=Ok("30588 (tracer::tests::) Z 30572 30400 30393 0 -1 4228172 22 0 0 0 0 0 0 0 30 10 1 0 13373655 0 0 18446744073709551615 0 0 0 0 0 0 0 3149824 1088 1 0 0 17 99 0 0 0 0 0 0 0 0 0 0 0 0 9\n"), status=Ok("State:\tZ (zombie); Tgid:\t30588; Pid:\t30588; PPid:\t30572; TracerPid:\t0"), pidfd_poll=1, pidfd_revents=1, pidfd_signal0=Ok(())
fatal original notifier: tid=30586, terminal=Ok(Some(Signaled(SIGKILL, false))), retired=true, held_stop=false
fatal original notifier: tid=30588, terminal=Ok(Some(Signaled(SIGKILL, false))), retired=true, held_stop=false
fatal original notifier: tid=30590, terminal=Ok(Some(Signaled(SIGKILL, false))), retired=true, held_stop=false
fatal chronology: Some((["RootStopLease step before: tid=30586, siginfo=Ok((19, -6)), terminal=Ok(None)", "RootStopLease step result: Ok(Running(Pid(30586), TraceeToken { event: EventHandle(EventGeneration { event: Event { exit_waiters: ExitWaiters { waiters: Mutex { data: [] } }, exit_publication: Mutex { data: () }, status_waker: WakerSlot { waker: Mutex { data: Some(Waker { data: 0x7fe0d800b900, vtable: 0x55ec3dc2ab68 }) }, data: 0x7fe0d800b900, vtable: 0x55ec3dc2ab68 }, status: Mutex { data: StatusState { pending: [], terminal: -1 } }, status_changed: Condvar { .. }, exit_status: 0, exit_capability: 0, exit_epoch: 0, registration_error: Mutex { data: None }, worker_state: 2, worker_done_lock: Mutex { data: () }, worker_done_changed: Condvar { .. }, cleanup_cancel_requested: false, cleanup_claim_waiters: 0, wait_owner: 2, wait_owner_lock: Mutex { data: () }, wait_owner_changed: Condvar { .. } }, identity: OnceLock(WorkerIdentity { pid: Pid(30586), snapshot: WorkerProcSnapshot { tgid: Pid(30586), tracer_pid: Pid(30577), start_time: 13373655 }, pidfd: OwnedFd { fd: 13 }, proc_dir: OwnedFd { fd: 15 }, proc_inode: 2989464783 }), authoritative: OnceLock(<uninit>) }) }))", "RootStopLease step before: tid=30586, siginfo=Ok((5, 1)), terminal=Ok(None)", "RootStopLease step result: Ok(Running(Pid(30586), TraceeToken { event: EventHandle(EventGeneration { event: Event { exit_waiters: ExitWaiters { waiters: Mutex { data: [] } }, exit_publication: Mutex { data: () }, status_waker: WakerSlot { waker: Mutex { data: Some(Waker { data: 0x7fe0d800b900, vtable: 0x55ec3dc2ab68 }) }, data: 0x7fe0d800b900, vtable: 0x55ec3dc2ab68 }, status: Mutex { data: StatusState { pending: [], terminal: -1 } }, status_changed: Condvar { .. }, exit_status: 0, exit_capability: 0, exit_epoch: 0, registration_error: Mutex { data: None }, worker_state: 2, worker_done_lock: Mutex { data: () }, worker_done_changed: Condvar { .. }, cleanup_cancel_requested: false, cleanup_claim_waiters: 0, wait_owner: 2, wait_owner_lock: Mutex { data: () }, wait_owner_changed: Condvar { .. } }, identity: OnceLock(WorkerIdentity { pid: Pid(30586), snapshot: WorkerProcSnapshot { tgid: Pid(30586), tracer_pid: Pid(30577), start_time: 13373655 }, pidfd: OwnedFd { fd: 13 }, proc_dir: OwnedFd { fd: 15 }, proc_inode: 2989464783 }), authoritative: OnceLock(<uninit>) }) }))", "RootStopLease step before: tid=30586, siginfo=Ok((5, 261)), terminal=Ok(None)", "RootStopLease step result: Ok(Running(Pid(30586), TraceeToken { event: EventHandle(EventGeneration { event: Event { exit_waiters: ExitWaiters { waiters: Mutex { data: [(Weak)] } }, exit_publication: Mutex { data: () }, status_waker: WakerSlot { waker: Mutex { data: Some(Waker { data: 0x7fe0d800b900, vtable: 0x55ec3dc2ab68 }) }, data: 0x7fe0d800b900, vtable: 0x55ec3dc2ab68 }, status: Mutex { data: StatusState { pending: [], terminal: -1 } }, status_changed: Condvar { .. }, exit_status: 0, exit_capability: 0, exit_epoch: 0, registration_error: Mutex { data: None }, worker_state: 2, worker_done_lock: Mutex { data: () }, worker_done_changed: Condvar { .. }, cleanup_cancel_requested: false, cleanup_claim_waiters: 0, wait_owner: 2, wait_owner_lock: Mutex { data: () }, wait_owner_changed: Condvar { .. } }, identity: OnceLock(WorkerIdentity { pid: Pid(30586), snapshot: WorkerProcSnapshot { tgid: Pid(30586), tracer_pid: Pid(30577), start_time: 13373655 }, pidfd: OwnedFd { fd: 13 }, proc_dir: OwnedFd { fd: 15 }, proc_inode: 2989464783 }), authoritative: OnceLock(<uninit>) }) }))", "RootStopLease step before: tid=30586, siginfo=Ok((5, 773)), terminal=Ok(None)", "RootStopLease step result: Ok(Running(Pid(30586), TraceeToken { event: EventHandle(EventGeneration { event: Event { exit_waiters: ExitWaiters { waiters: Mutex { data: [(Weak)] } }, exit_publication: Mutex { data: () }, status_waker: WakerSlot { waker: Mutex { data: Some(Waker { data: 0x7fe0d800b900, vtable: 0x55ec3dc2ab68 }) }, data: 0x7fe0d800b900, vtable: 0x55ec3dc2ab68 }, status: Mutex { data: StatusState { pending: [], terminal: -1 } }, status_changed: Condvar { .. }, exit_status: 0, exit_capability: 0, exit_epoch: 0, registration_error: Mutex { data: None }, worker_state: 2, worker_done_lock: Mutex { data: () }, worker_done_changed: Condvar { .. }, cleanup_cancel_requested: false, cleanup_claim_waiters: 0, wait_owner: 2, wait_owner_lock: Mutex { data: () }, wait_owner_changed: Condvar { .. } }, identity: OnceLock(WorkerIdentity { pid: Pid(30586), snapshot: WorkerProcSnapshot { tgid: Pid(30586), tracer_pid: Pid(30577), start_time: 13373655 }, pidfd: OwnedFd { fd: 13 }, proc_dir: OwnedFd { fd: 15 }, proc_inode: 2989464783 }), authoritative: OnceLock(<uninit>) }) }))", "finish_ordinary_terminal entered: Ok(Stopped(Pid(30586), TraceeToken { event: EventHandle(EventGeneration { event: Event { exit_waiters: ExitWaiters { waiters: Mutex { data: [(Weak)] } }, exit_publication: Mutex { data: () }, status_waker: WakerSlot { waker: Mutex { data: Some(Waker { data: 0x7fe0d800b900, vtable: 0x55ec3dc2ab68 }) }, data: 0x7fe0d800b900, vtable: 0x55ec3dc2ab68 }, status: Mutex { data: StatusState { pending: [], terminal: -1 } }, status_changed: Condvar { .. }, exit_status: 1, exit_capability: 2, exit_epoch: 0, registration_error: Mutex { data: None }, worker_state: 2, worker_done_lock: Mutex { data: () }, worker_done_changed: Condvar { .. }, cleanup_cancel_requested: false, cleanup_claim_waiters: 0, wait_owner: 2, wait_owner_lock: Mutex { data: () }, wait_owner_changed: Condvar { .. } }, identity: OnceLock(WorkerIdentity { pid: Pid(30586), snapshot: WorkerProcSnapshot { tgid: Pid(30586), tracer_pid: Pid(30577), start_time: 13373655 }, pidfd: OwnedFd { fd: 13 }, proc_dir: OwnedFd { fd: 15 }, proc_inode: 2989464783 }), authoritative: OnceLock(<uninit>) }) }))", "finish getevent: tid=30586, result=Ok(9), terminal=Ok(None), retired=false", "finish_ordinary_terminal entered: Ok(Stopped(Pid(30588), TraceeToken { event: EventHandle(EventGeneration { event: Event { exit_waiters: ExitWaiters { waiters: Mutex { data: [(Weak)] } }, exit_publication: Mutex { data: () }, status_waker: WakerSlot { waker: Mutex { data: Some(Waker { data: 0x7fe0d8032f80, vtable: 0x55ec3dc2b010 }) }, data: 0x7fe0d8032f80, vtable: 0x55ec3dc2b010 }, status: Mutex { data: StatusState { pending: [], terminal: -1 } }, status_changed: Condvar { .. }, exit_status: 1, exit_capability: 2, exit_epoch: 0, registration_error: Mutex { data: None }, worker_state: 2, worker_done_lock: Mutex { data: () }, worker_done_changed: Condvar { .. }, cleanup_cancel_requested: false, cleanup_claim_waiters: 0, wait_owner: 2, wait_owner_lock: Mutex { data: () }, wait_owner_changed: Condvar { .. } }, identity: OnceLock(WorkerIdentity { pid: Pid(30588), snapshot: WorkerProcSnapshot { tgid: Pid(30588), tracer_pid: Pid(30577), start_time: 13373655 }, pidfd: OwnedFd { fd: 32 }, proc_dir: OwnedFd { fd: 33 }, proc_inode: 2989464791 }), authoritative: OnceLock(<uninit>) }) }))", "finish getevent: tid=30588, result=Ok(9), terminal=Ok(None), retired=false", "finish_ordinary_terminal entered: Ok(Stopped(Pid(30590), TraceeToken { event: EventHandle(EventGeneration { event: Event { exit_waiters: ExitWaiters { waiters: Mutex { data: [(Weak)] } }, exit_publication: Mutex { data: () }, status_waker: WakerSlot { waker: Mutex { data: Some(Waker { data: 0x7fe0d8044180, vtable: 0x55ec3dc2b010 }) }, data: 0x7fe0d8044180, vtable: 0x55ec3dc2b010 }, status: Mutex { data: StatusState { pending: [], terminal: -1 } }, status_changed: Condvar { .. }, exit_status: 1, exit_capability: 2, exit_epoch: 0, registration_error: Mutex { data: None }, worker_state: 2, worker_done_lock: Mutex { data: () }, worker_done_changed: Condvar { .. }, cleanup_cancel_requested: false, cleanup_claim_waiters: 0, wait_owner: 2, wait_owner_lock: Mutex { data: () }, wait_owner_changed: Condvar { .. } }, identity: OnceLock(WorkerIdentity { pid: Pid(30590), snapshot: WorkerProcSnapshot { tgid: Pid(30586), tracer_pid: Pid(30577), start_time: 13373656 }, pidfd: OwnedFd { fd: 42 }, proc_dir: OwnedFd { fd: 43 }, proc_inode: 2989464796 }), authoritative: OnceLock(<uninit>) }) }))", "finish getevent: tid=30590, result=Ok(9), terminal=Ok(None), retired=false"], 0))
fatal legacy result: error(Tool(ordinary nonleader failure control)), original_nonleader=true; consuming hooks: Some([(Pid(30586), None), (Pid(30588), None), (Pid(30590), None), (Pid(30588), Some(Signaled(SIGKILL, false))), (Pid(30590), Some(Signaled(SIGKILL, false))), (Pid(30586), Some(Signaled(SIGKILL, false)))])
natural-reaper product predicate: opponent=false, ready=true, root=30586, child=30588, start=13373655, inode=2989464791, backend_sigkill=1, terminal_ack=1, original_error=1, post_syscall=0, callbacks_valid=1, zombie=true, tracer=0
owned held zombie: child=30588, status=SIGKILL, WNOWAIT=true, proc_present=true
actual natural wait: child=30588, status=SIGKILL, root_absent=true, child_absent=true, remaining_ns=2987164089
ok

test result: ok. 1 passed; 0 failed; 0 ignored; 0 measured; 364 filtered out; finished in 0.01s

ok

test result: ok. 1 passed; 0 failed; 0 ignored; 0 measured; 364 filtered out; finished in 0.01s

test tracer::tests::ordinary_nonleader_tool_failure_reaps_fork_descendants ... ok
test tracer::tests::ordinary_nonleader_tool_failure_reaps_threads_without_resuming ... ok
test tracer::tests::ordinary_nonleader_exec_real_signal_cancels_postexec_timer ... ok

running 1 test
test tracer::tests::ordinary_nonleader_tool_failure_reaps_unhanded_fork_child ... test tracer::tests::ordinary_nonleader_exec_run_loop_echild_awaits_leader_exec_edge ... ok

running 1 test
test tracer::tests::ordinary_nonleader_tool_failure_reaps_unhanded_vfork_child ... 
running 1 test
test tracer::tests::ordinary_nonleader_tool_failure_reaps_unhanded_fork_child ... 
running 1 test
test tracer::tests::ordinary_nonleader_tool_failure_reaps_unhanded_vfork_child ... test tracer::tests::ordinary_nonleader_exec_postexec_timer_survives_internal_step ... ok
fatal control raises original error in live tid 30659 (mode 3)
unhanded real child edges: [(Pid(30652), Clone, Pid(30659)), (Pid(30652), Fork, Pid(30661))]; child_body=0
unhanded original generation resource retention: groups/vfork/unconfirmed=(0, 0, 0), opponent=false
fatal control raises original error in live tid 30662 (mode 3)
natural-reaper product predicate: opponent=false, ready=true, root=30652, child=30661, start=13373658, inode=2988762088, backend_sigkill=1, terminal_ack=1, original_error=1, post_syscall=0, callbacks_valid=1, zombie=true, tracer=0
owned held zombie: child=30661, status=SIGKILL, WNOWAIT=true, proc_present=true
actual natural wait: child=30661, status=SIGKILL, root_absent=true, child_absent=true, remaining_ns=2996158552
ok

test result: ok. 1 passed; 0 failed; 0 ignored; 0 measured; 364 filtered out; finished in 0.01s

unhanded real child edges: [(Pid(30657), Clone, Pid(30662)), (Pid(30657), Vfork, Pid(30665))]; child_body=0
unhanded original generation resource retention: groups/vfork/unconfirmed=(0, 0, 0), opponent=false
natural-reaper product predicate: opponent=false, ready=true, root=30657, child=30665, start=13373658, inode=2989890302, backend_sigkill=1, terminal_ack=1, original_error=1, post_syscall=0, callbacks_valid=1, zombie=true, tracer=0
owned held zombie: child=30665, status=SIGKILL, WNOWAIT=true, proc_present=true
actual natural wait: child=30665, status=SIGKILL, root_absent=true, child_absent=true, remaining_ns=2996669129
ok

test result: ok. 1 passed; 0 failed; 0 ignored; 0 measured; 364 filtered out; finished in 0.01s

ok

test result: ok. 1 passed; 0 failed; 0 ignored; 0 measured; 364 filtered out; finished in 0.01s

ok

test result: ok. 1 passed; 0 failed; 0 ignored; 0 measured; 364 filtered out; finished in 0.01s

test tracer::tests::ordinary_nonleader_tool_failure_reaps_unhanded_fork_child ... ok
test tracer::tests::ordinary_nonleader_tool_failure_reaps_unhanded_vfork_child ... ok

successes:

---- tracer::tests::ordinary_nonleader_exec_displaced_hook_failure_fences_replacement stdout ----
exec timer payload: /tmp/reverie-fatal-exec-timer-30405
PROBE[exec-edge-ok] t=133736519930503 (dt=2918us) caller=30527 target=30525 what=WAITID(P_PIDFD) thread=Some("guest-30525") result=Ok(Some("0x137f")) rc=0 site=safeptrace/src/notifier.rs:1858
PROBE[exec-edge-ok] t=133736520309742 (dt=2539us) caller=30415 target=30525 what=PTRACE_SINGLESTEP(None) rc=0 site=reverie-ptrace/src/task.rs:2719
PROBE[exec-edge-ok] t=133736520343613 (dt=2505us) caller=30527 target=30525 what=WAITID(P_PIDFD) thread=Some("guest-30525") result=Ok(Some("0x57f")) rc=0 site=safeptrace/src/notifier.rs:1858
PROBE[exec-edge-ok] t=133736520491906 (dt=2357us) caller=30415 target=30525 what=PTRACE_SINGLESTEP(None) rc=0 site=reverie-ptrace/src/task.rs:5455
PROBE[exec-edge-ok] t=133736520508751 (dt=2340us) caller=30527 target=30525 what=WAITID(P_PIDFD) thread=Some("guest-30525") result=Ok(Some("0x57f")) rc=0 site=safeptrace/src/notifier.rs:1858
PROBE[exec-edge-ok] t=133736520840679 (dt=2008us) caller=30415 target=30525 what=PTRACE_CONT(resume,None) rc=0 site=reverie-ptrace/src/task.rs:5444
PROBE[exec-edge-ok] t=133736520979107 (dt=1870us) caller=30527 target=30525 what=WAITID(P_PIDFD) thread=Some("guest-30525") result=Ok(Some("0x3057f")) rc=0 site=safeptrace/src/notifier.rs:1858
PROBE[exec-edge-ok] t=133736520998657 (dt=1850us) caller=30415 target=30525 what=GETEVENTMSG-before rc=0 site=safeptrace/src/lib.rs:234
PROBE[exec-edge-ok] t=133736521006699 (dt=1842us) caller=30415 target=30525 what=GETEVENTMSG-after rc=30529 site=safeptrace/src/lib.rs:234
PROBE[exec-edge-ok] t=133736521435793 (dt=1413us) caller=30530 target=30529 what=WAITID(P_PIDFD) thread=Some("guest-30529") result=Ok(Some("0x137f")) rc=0 site=safeptrace/src/notifier.rs:1858
PROBE[exec-edge-ok] t=133736521728663 (dt=1120us) caller=30415 target=30525 what=PTRACE_SINGLESTEP(None) rc=0 site=reverie-ptrace/src/task.rs:5455
PROBE[exec-edge-ok] t=133736521744697 (dt=1104us) caller=30527 target=30525 what=WAITID(P_PIDFD) thread=Some("guest-30525") result=Ok(Some("0x57f")) rc=0 site=safeptrace/src/notifier.rs:1858
PROBE[exec-edge-ok] t=133736521795593 (dt=1053us) caller=30415 target=30529 what=PTRACE_CONT(resume,None) rc=0 site=reverie-ptrace/src/task.rs:5444
PROBE[exec-edge-ok] t=133736521842674 (dt=1006us) caller=30415 target=30525 what=PTRACE_CONT(resume,None) rc=0 site=reverie-ptrace/src/task.rs:5444
PROBE[exec-edge-ok] t=133736522038418 (dt=810us) caller=30527 target=30525 what=WAITID(P_PIDFD) thread=Some("guest-30525") result=Ok(Some("0x6057f")) rc=0 site=safeptrace/src/notifier.rs:1858
PROBE[exec-edge-ok] t=133736522065558 (dt=783us) caller=30415 target=30525 what=drive_ordinary: ExitFuture resolved ok=true main=true rc=0 site=reverie-ptrace/src/task.rs:6946
PROBE[exec-edge-ok] t=133736522071247 (dt=777us) caller=30415 target=30525 what=finish_ordinary_terminal entered with Ok(Stopped) rc=0 site=reverie-ptrace/src/tracer.rs:543
PROBE[exec-edge-ok] t=133736522073080 (dt=776us) caller=30415 target=30525 what=GETEVENTMSG-before rc=0 site=reverie-ptrace/src/tracer.rs:556
PROBE[exec-edge-ok] t=133736522075353 (dt=773us) caller=30415 target=30525 what=GETEVENTMSG-after rc=0 site=reverie-ptrace/src/tracer.rs:556
PROBE[exec-edge-ok] t=133736522080050 (dt=769us) caller=30415 target=30525 what=PTRACE_CONT(resume_retaining,None) rc=0 site=reverie-ptrace/src/tracer.rs:613
PROBE[exec-edge-ok] t=133736522142905 (dt=706us) caller=30530 target=30529 what=WAITID(P_PIDFD) thread=Some("guest-30529") result=Err(ECHILD) rc=0 site=safeptrace/src/notifier.rs:1858
PROBE[exec-edge-ok] t=133736522229905 (dt=619us) caller=30415 target=30529 what=drive_ordinary: ExitFuture resolved ok=false main=false rc=0 site=reverie-ptrace/src/task.rs:6946
PROBE[exec-edge-ok] t=133736522694823 (dt=154us) caller=30527 target=30525 what=WAITID(P_PIDFD) thread=Some("guest-30525") result=Ok(Some("0x4057f")) rc=0 site=safeptrace/src/notifier.rs:1858
PROBE[exec-edge-ok] t=133736522708824 (dt=140us) caller=30415 target=30525 what=GETEVENTMSG-before rc=0 site=safeptrace/src/lib.rs:246
PROBE[exec-edge-ok] t=133736522710627 (dt=138us) caller=30415 target=30525 what=GETEVENTMSG-after rc=30529 site=safeptrace/src/lib.rs:246
PROBE[exec-edge-ok] t=133736522848584 (dt=0us) caller=30415 target=30525 what=EXEC-EDGE observed former=30529 exit_status=Some(Exited(0)) esrch=None snapshot: [task 30525: State: t (tracing stop) | Pid: 30525 | TracerPid: 30415 | SigPnd: 0000000000000000 | ShdPnd: 0000000000000000 | stat.state=t stat.exit_code=0 | wchan=ptrace_stop] rc=0 site=reverie-ptrace/src/tracer.rs:675
actual delivered marker observations: tracer=30405, rows=[]
exec owner before rescue: fail=true, timer_mode=0, root_absent=true, events=[(0, Pid(30525), 30525, None), (0, Pid(30529), 30529, None), (2, Pid(30525), 30525, Some(Exited(0))), (2, Pid(30525), 30529, Some(Signaled(SIGKILL, false))), (3, Pid(30525), 0, Some(Signaled(SIGKILL, false)))], elapsed=40.804824ms, outcome=Complete(Err(PtraceRunFailure { primary: Tool(ordinary nonleader failure control), origin: BackendFailure { pid: Pid(30525), tid: Pid(30525), phase: "ptrace replaced leader on_exit_thread" }, secondary: [], captured_prefix: Some(CapturedPrefix { stdout: [], stderr: [] }) }))
actual perf exec handoff: ExecTimerTransfer { displaced: Some(ExecTimerIdentity { clock_fd: 59, timer_fd: 58, clock_event_id: 6842768, timer_event_id: 6842767, artificial_pending: false, artificial_signal_sent: false, cancelled: true, guest_pid: Pid(30525), guest_tid: Pid(30525), kernel_owner_tid: Pid(30525) }), before: Some(ExecTimerIdentity { clock_fd: 53, timer_fd: 52, clock_event_id: 6842770, timer_event_id: 6842769, artificial_pending: false, artificial_signal_sent: false, cancelled: true, guest_pid: Pid(30525), guest_tid: Pid(30529), kernel_owner_tid: Pid(0) }), after: Some(ExecTimerIdentity { clock_fd: 53, timer_fd: 52, clock_event_id: 6842770, timer_event_id: 6842769, artificial_pending: false, artificial_signal_sent: false, cancelled: true, guest_pid: Pid(30525), guest_tid: Pid(30525), kernel_owner_tid: Pid(30525) }), displaced_fds_closed: true }

---- tracer::tests::ordinary_nonleader_exec_transfers_state_and_consumes_old_leader_once stdout ----
PROBE[exec-edge-ok] t=133736524392943 (dt=2553us) caller=30535 target=30534 what=WAITID(P_PIDFD) thread=Some("guest-30534") result=Ok(Some("0x137f")) rc=0 site=safeptrace/src/notifier.rs:1858
PROBE[exec-edge-ok] t=133736524667195 (dt=2279us) caller=30533 target=30534 what=PTRACE_SINGLESTEP(None) rc=0 site=reverie-ptrace/src/task.rs:2719
PROBE[exec-edge-ok] t=133736524724771 (dt=2221us) caller=30535 target=30534 what=WAITID(P_PIDFD) thread=Some("guest-30534") result=Ok(Some("0x57f")) rc=0 site=safeptrace/src/notifier.rs:1858
PROBE[exec-edge-ok] t=133736524843860 (dt=2102us) caller=30533 target=30534 what=PTRACE_SINGLESTEP(None) rc=0 site=reverie-ptrace/src/task.rs:5455
PROBE[exec-edge-ok] t=133736524861596 (dt=2085us) caller=30535 target=30534 what=WAITID(P_PIDFD) thread=Some("guest-30534") result=Ok(Some("0x57f")) rc=0 site=safeptrace/src/notifier.rs:1858
PROBE[exec-edge-ok] t=133736525062979 (dt=1883us) caller=30533 target=30534 what=PTRACE_CONT(resume,None) rc=0 site=reverie-ptrace/src/task.rs:5444
PROBE[exec-edge-ok] t=133736525224892 (dt=1721us) caller=30535 target=30534 what=WAITID(P_PIDFD) thread=Some("guest-30534") result=Ok(Some("0x3057f")) rc=0 site=safeptrace/src/notifier.rs:1858
PROBE[exec-edge-ok] t=133736525279194 (dt=1667us) caller=30533 target=30534 what=GETEVENTMSG-before rc=0 site=safeptrace/src/lib.rs:234
PROBE[exec-edge-ok] t=133736525284782 (dt=1661us) caller=30533 target=30534 what=GETEVENTMSG-after rc=30536 site=safeptrace/src/lib.rs:234
PROBE[exec-edge-ok] t=133736525756030 (dt=1190us) caller=30537 target=30536 what=WAITID(P_PIDFD) thread=Some("guest-30536") result=Ok(Some("0x137f")) rc=0 site=safeptrace/src/notifier.rs:1858
PROBE[exec-edge-ok] t=133736526070081 (dt=876us) caller=30533 target=30534 what=PTRACE_SINGLESTEP(None) rc=0 site=reverie-ptrace/src/task.rs:5455
PROBE[exec-edge-ok] t=133736526086766 (dt=859us) caller=30535 target=30534 what=WAITID(P_PIDFD) thread=Some("guest-30534") result=Ok(Some("0x57f")) rc=0 site=safeptrace/src/notifier.rs:1858
PROBE[exec-edge-ok] t=133736526150351 (dt=796us) caller=30533 target=30536 what=PTRACE_CONT(resume,None) rc=0 site=reverie-ptrace/src/task.rs:5444
PROBE[exec-edge-ok] t=133736526203511 (dt=743us) caller=30533 target=30534 what=PTRACE_CONT(resume,None) rc=0 site=reverie-ptrace/src/task.rs:5444
PROBE[exec-edge-ok] t=133736526350081 (dt=596us) caller=30535 target=30534 what=WAITID(P_PIDFD) thread=Some("guest-30534") result=Ok(Some("0x6057f")) rc=0 site=safeptrace/src/notifier.rs:1858
PROBE[exec-edge-ok] t=133736526378444 (dt=568us) caller=30533 target=30534 what=drive_ordinary: ExitFuture resolved ok=true main=true rc=0 site=reverie-ptrace/src/task.rs:6946
PROBE[exec-edge-ok] t=133736526384082 (dt=562us) caller=30533 target=30534 what=finish_ordinary_terminal entered with Ok(Stopped) rc=0 site=reverie-ptrace/src/tracer.rs:543
PROBE[exec-edge-ok] t=133736526385945 (dt=560us) caller=30533 target=30534 what=GETEVENTMSG-before rc=0 site=reverie-ptrace/src/tracer.rs:556
PROBE[exec-edge-ok] t=133736526388078 (dt=558us) caller=30533 target=30534 what=GETEVENTMSG-after rc=0 site=reverie-ptrace/src/tracer.rs:556
PROBE[exec-edge-ok] t=133736526391183 (dt=555us) caller=30533 target=30534 what=PTRACE_CONT(resume_retaining,None) rc=0 site=reverie-ptrace/src/tracer.rs:613
PROBE[exec-edge-ok] t=133736526435519 (dt=511us) caller=30537 target=30536 what=WAITID(P_PIDFD) thread=Some("guest-30536") result=Err(ECHILD) rc=0 site=safeptrace/src/notifier.rs:1858
PROBE[exec-edge-ok] t=133736526538624 (dt=408us) caller=30533 target=30536 what=drive_ordinary: ExitFuture resolved ok=false main=false rc=0 site=reverie-ptrace/src/task.rs:6946
PROBE[exec-edge-ok] t=133736526782120 (dt=164us) caller=30535 target=30534 what=WAITID(P_PIDFD) thread=Some("guest-30534") result=Ok(Some("0x4057f")) rc=0 site=safeptrace/src/notifier.rs:1858
PROBE[exec-edge-ok] t=133736526794008 (dt=152us) caller=30533 target=30534 what=GETEVENTMSG-before rc=0 site=safeptrace/src/lib.rs:246
PROBE[exec-edge-ok] t=133736526797723 (dt=148us) caller=30533 target=30534 what=GETEVENTMSG-after rc=30536 site=safeptrace/src/lib.rs:246
PROBE[exec-edge-ok] t=133736526946146 (dt=0us) caller=30533 target=30534 what=EXEC-EDGE observed former=30536 exit_status=Some(Exited(0)) esrch=None snapshot: [task 30534: State: t (tracing stop) | Pid: 30534 | TracerPid: 30533 | SigPnd: 0000000000000000 | ShdPnd: 0000000000000000 | stat.state=t stat.exit_code=0 | wchan=ptrace_stop] rc=0 site=reverie-ptrace/src/tracer.rs:675
actual delivered marker observations: tracer=30405, rows=[(30534, 16, 1, 65, 150576, false, false)]
exec owner before rescue: fail=false, timer_mode=0, root_absent=true, events=[(0, Pid(30534), 30534, None), (0, Pid(30536), 30536, None), (2, Pid(30534), 30534, Some(Exited(0))), (1, Pid(30534), 30536, None), (5, Pid(30534), 50476, None), (9, Pid(30534), 150576, None), (4, Pid(30534), 30536, None), (6, Pid(30534), 1050721, None), (2, Pid(30534), 30536, Some(Exited(0))), (3, Pid(30534), 0, Some(Exited(0)))], elapsed=4.849881ms, outcome=Complete(Ok(Output { status: Exited(0), stdout: "survived", stderr: "" }))
actual perf exec handoff: ExecTimerTransfer { displaced: Some(ExecTimerIdentity { clock_fd: 38, timer_fd: 37, clock_event_id: 6842772, timer_event_id: 6842771, artificial_pending: false, artificial_signal_sent: false, cancelled: true, guest_pid: Pid(30534), guest_tid: Pid(30534), kernel_owner_tid: Pid(30534) }), before: Some(ExecTimerIdentity { clock_fd: 61, timer_fd: 60, clock_event_id: 6842774, timer_event_id: 6842773, artificial_pending: false, artificial_signal_sent: false, cancelled: true, guest_pid: Pid(30534), guest_tid: Pid(30536), kernel_owner_tid: Pid(0) }), after: Some(ExecTimerIdentity { clock_fd: 61, timer_fd: 60, clock_event_id: 6842774, timer_event_id: 6842773, artificial_pending: false, artificial_signal_sent: false, cancelled: true, guest_pid: Pid(30534), guest_tid: Pid(30534), kernel_owner_tid: Pid(30534) }), displaced_fds_closed: true }

---- tracer::tests::ordinary_nonleader_injected_exec_echild_awaits_leader_exec_edge stdout ----
PROBE[exec-edge-ok] t=133736529832600 (dt=3087us) caller=30542 target=30541 what=WAITID(P_PIDFD) thread=Some("guest-30541") result=Ok(Some("0x137f")) rc=0 site=safeptrace/src/notifier.rs:1858
PROBE[exec-edge-ok] t=133736530286171 (dt=2633us) caller=30540 target=30541 what=PTRACE_SINGLESTEP(None) rc=0 site=reverie-ptrace/src/task.rs:2719
PROBE[exec-edge-ok] t=133736530314603 (dt=2605us) caller=30542 target=30541 what=WAITID(P_PIDFD) thread=Some("guest-30541") result=Ok(Some("0x57f")) rc=0 site=safeptrace/src/notifier.rs:1858
PROBE[exec-edge-ok] t=133736530469796 (dt=2450us) caller=30540 target=30541 what=PTRACE_SINGLESTEP(None) rc=0 site=reverie-ptrace/src/task.rs:5455
PROBE[exec-edge-ok] t=133736530483247 (dt=2436us) caller=30542 target=30541 what=WAITID(P_PIDFD) thread=Some("guest-30541") result=Ok(Some("0x57f")) rc=0 site=safeptrace/src/notifier.rs:1858
PROBE[exec-edge-ok] t=133736530718380 (dt=2201us) caller=30540 target=30541 what=PTRACE_CONT(resume,None) rc=0 site=reverie-ptrace/src/task.rs:5444
PROBE[exec-edge-ok] t=133736530881875 (dt=2038us) caller=30542 target=30541 what=WAITID(P_PIDFD) thread=Some("guest-30541") result=Ok(Some("0x3057f")) rc=0 site=safeptrace/src/notifier.rs:1858
PROBE[exec-edge-ok] t=133736530940323 (dt=1979us) caller=30540 target=30541 what=GETEVENTMSG-before rc=0 site=safeptrace/src/lib.rs:234
PROBE[exec-edge-ok] t=133736530944509 (dt=1975us) caller=30540 target=30541 what=GETEVENTMSG-after rc=30543 site=safeptrace/src/lib.rs:234
PROBE[exec-edge-ok] t=133736531394244 (dt=1525us) caller=30545 target=30543 what=WAITID(P_PIDFD) thread=Some("guest-30543") result=Ok(Some("0x137f")) rc=0 site=safeptrace/src/notifier.rs:1858
PROBE[exec-edge-ok] t=133736531687395 (dt=1232us) caller=30540 target=30541 what=PTRACE_SINGLESTEP(None) rc=0 site=reverie-ptrace/src/task.rs:5455
PROBE[exec-edge-ok] t=133736531701296 (dt=1218us) caller=30542 target=30541 what=WAITID(P_PIDFD) thread=Some("guest-30541") result=Ok(Some("0x57f")) rc=0 site=safeptrace/src/notifier.rs:1858
PROBE[exec-edge-ok] t=133736531758631 (dt=1161us) caller=30540 target=30543 what=PTRACE_CONT(resume,None) rc=0 site=reverie-ptrace/src/task.rs:5444
PROBE[exec-edge-ok] t=133736531811651 (dt=1108us) caller=30540 target=30541 what=PTRACE_CONT(resume,None) rc=0 site=reverie-ptrace/src/task.rs:5444
PROBE[exec-edge-ok] t=133736531882307 (dt=1037us) caller=30545 target=30543 what=WAITID(P_PIDFD) thread=Some("guest-30543") result=Ok(Some("0x7057f")) rc=0 site=safeptrace/src/notifier.rs:1858
PROBE[exec-edge-ok] t=133736531964150 (dt=955us) caller=30540 target=30543 what=PTRACE_SYSCALL(None) rc=0 site=reverie-ptrace/src/task.rs:5466
PROBE[exec-edge-ok] t=133736532159133 (dt=760us) caller=30542 target=30541 what=WAITID(P_PIDFD) thread=Some("guest-30541") result=Ok(Some("0x6057f")) rc=0 site=safeptrace/src/notifier.rs:1858
PROBE[exec-edge-ok] t=133736532181817 (dt=738us) caller=30540 target=30541 what=drive_ordinary: ExitFuture resolved ok=true main=true rc=0 site=reverie-ptrace/src/task.rs:6946
PROBE[exec-edge-ok] t=133736532188006 (dt=732us) caller=30540 target=30541 what=finish_ordinary_terminal entered with Ok(Stopped) rc=0 site=reverie-ptrace/src/tracer.rs:543
PROBE[exec-edge-ok] t=133736532189799 (dt=730us) caller=30540 target=30541 what=GETEVENTMSG-before rc=0 site=reverie-ptrace/src/tracer.rs:556
PROBE[exec-edge-ok] t=133736532191682 (dt=728us) caller=30540 target=30541 what=GETEVENTMSG-after rc=0 site=reverie-ptrace/src/tracer.rs:556
PROBE[exec-edge-ok] t=133736532194466 (dt=725us) caller=30540 target=30541 what=PTRACE_CONT(resume_retaining,None) rc=0 site=reverie-ptrace/src/tracer.rs:613
PROBE[exec-edge-ok] t=133736532234837 (dt=685us) caller=30545 target=30543 what=WAITID(P_PIDFD) thread=Some("guest-30543") result=Err(ECHILD) rc=0 site=safeptrace/src/notifier.rs:1858
PROBE[exec-edge-ok] t=133736532756770 (dt=163us) caller=30542 target=30541 what=WAITID(P_PIDFD) thread=Some("guest-30541") result=Ok(Some("0x4057f")) rc=0 site=safeptrace/src/notifier.rs:1858
PROBE[exec-edge-ok] t=133736532777761 (dt=142us) caller=30540 target=30541 what=GETEVENTMSG-before rc=0 site=safeptrace/src/lib.rs:246
PROBE[exec-edge-ok] t=133736532780676 (dt=139us) caller=30540 target=30541 what=GETEVENTMSG-after rc=30543 site=safeptrace/src/lib.rs:246
PROBE[exec-edge-ok] t=133736532919404 (dt=0us) caller=30540 target=30541 what=EXEC-EDGE observed former=30543 exit_status=Some(Exited(0)) esrch=None snapshot: [task 30541: State: t (tracing stop) | Pid: 30541 | TracerPid: 30540 | SigPnd: 0000000000000000 | ShdPnd: 0000000000000000 | stat.state=t stat.exit_code=0 | wchan=ptrace_stop] rc=0 site=reverie-ptrace/src/tracer.rs:675

---- tracer::tests::ordinary_nonleader_success_preserves_exit_callbacks stdout ----
ordinary cleanup control: root=30550, descendant=0, fail=false, fork=false, newborn=false, timeout=false, root_absent=true, descendant_absent=true, post_syscall=1, sentinel_untouched=true
fatal physical identity: tid=30550, initial=TraceeSnapshot { tgid: Pid(30550), ppid: Pid(30405), tracer_pid: Pid(30546), start_time: 13373653 }, proc_inode=2989509303, same_process=false, stat=Err(Os { code: 3, kind: Uncategorized, message: "No such process" }), status=Err(Os { code: 3, kind: Uncategorized, message: "No such process" }), pidfd_poll=1, pidfd_revents=17, pidfd_signal0=Err(ESRCH)
fatal original notifier: tid=30550, terminal=Ok(Some(Exited(0))), retired=true, held_stop=false
fatal original notifier: tid=30552, terminal=Ok(Some(Exited(0))), retired=true, held_stop=false
fatal chronology: Some((["RootStopLease step before: tid=30550, siginfo=Ok((19, -6)), terminal=Ok(None)", "RootStopLease step result: Ok(Running(Pid(30550), TraceeToken { event: EventHandle(EventGeneration { event: Event { exit_waiters: ExitWaiters { waiters: Mutex { data: [] } }, exit_publication: Mutex { data: () }, status_waker: WakerSlot { waker: Mutex { data: Some(Waker { data: 0x7fe150015980, vtable: 0x55ca05d0cb68 }) }, data: 0x7fe150015980, vtable: 0x55ca05d0cb68 }, status: Mutex { data: StatusState { pending: [], terminal: -1 } }, status_changed: Condvar { .. }, exit_status: 0, exit_capability: 0, exit_epoch: 0, registration_error: Mutex { data: None }, worker_state: 2, worker_done_lock: Mutex { data: () }, worker_done_changed: Condvar { .. }, cleanup_cancel_requested: false, cleanup_claim_waiters: 0, wait_owner: 2, wait_owner_lock: Mutex { data: () }, wait_owner_changed: Condvar { .. } }, identity: OnceLock(WorkerIdentity { pid: Pid(30550), snapshot: WorkerProcSnapshot { tgid: Pid(30550), tracer_pid: Pid(30546), start_time: 13373653 }, pidfd: OwnedFd { fd: 36 }, proc_dir: OwnedFd { fd: 38 }, proc_inode: 2989509303 }), authoritative: OnceLock(<uninit>) }) }))", "RootStopLease step before: tid=30550, siginfo=Ok((5, 1)), terminal=Ok(None)", "RootStopLease step result: Ok(Running(Pid(30550), TraceeToken { event: EventHandle(EventGeneration { event: Event { exit_waiters: ExitWaiters { waiters: Mutex { data: [] } }, exit_publication: Mutex { data: () }, status_waker: WakerSlot { waker: Mutex { data: Some(Waker { data: 0x7fe150015980, vtable: 0x55ca05d0cb68 }) }, data: 0x7fe150015980, vtable: 0x55ca05d0cb68 }, status: Mutex { data: StatusState { pending: [], terminal: -1 } }, status_changed: Condvar { .. }, exit_status: 0, exit_capability: 0, exit_epoch: 0, registration_error: Mutex { data: None }, worker_state: 2, worker_done_lock: Mutex { data: () }, worker_done_changed: Condvar { .. }, cleanup_cancel_requested: false, cleanup_claim_waiters: 0, wait_owner: 2, wait_owner_lock: Mutex { data: () }, wait_owner_changed: Condvar { .. } }, identity: OnceLock(WorkerIdentity { pid: Pid(30550), snapshot: WorkerProcSnapshot { tgid: Pid(30550), tracer_pid: Pid(30546), start_time: 13373653 }, pidfd: OwnedFd { fd: 36 }, proc_dir: OwnedFd { fd: 38 }, proc_inode: 2989509303 }), authoritative: OnceLock(<uninit>) }) }))", "RootStopLease step before: tid=30550, siginfo=Ok((5, 773)), terminal=Ok(None)", "RootStopLease step result: Ok(Running(Pid(30550), TraceeToken { event: EventHandle(EventGeneration { event: Event { exit_waiters: ExitWaiters { waiters: Mutex { data: [(Weak)] } }, exit_publication: Mutex { data: () }, status_waker: WakerSlot { waker: Mutex { data: Some(Waker { data: 0x7fe150015980, vtable: 0x55ca05d0cb68 }) }, data: 0x7fe150015980, vtable: 0x55ca05d0cb68 }, status: Mutex { data: StatusState { pending: [], terminal: -1 } }, status_changed: Condvar { .. }, exit_status: 0, exit_capability: 0, exit_epoch: 0, registration_error: Mutex { data: None }, worker_state: 2, worker_done_lock: Mutex { data: () }, worker_done_changed: Condvar { .. }, cleanup_cancel_requested: false, cleanup_claim_waiters: 0, wait_owner: 2, wait_owner_lock: Mutex { data: () }, wait_owner_changed: Condvar { .. } }, identity: OnceLock(WorkerIdentity { pid: Pid(30550), snapshot: WorkerProcSnapshot { tgid: Pid(30550), tracer_pid: Pid(30546), start_time: 13373653 }, pidfd: OwnedFd { fd: 36 }, proc_dir: OwnedFd { fd: 38 }, proc_inode: 2989509303 }), authoritative: OnceLock(<uninit>) }) }))", "finish_ordinary_terminal entered: Ok(Stopped(Pid(30552), TraceeToken { event: EventHandle(EventGeneration { event: Event { exit_waiters: ExitWaiters { waiters: Mutex { data: [(Weak)] } }, exit_publication: Mutex { data: () }, status_waker: WakerSlot { waker: Mutex { data: Some(Waker { data: 0x7fe15000ae80, vtable: 0x55ca05d0d010 }) }, data: 0x7fe15000ae80, vtable: 0x55ca05d0d010 }, status: Mutex { data: StatusState { pending: [], terminal: -1 } }, status_changed: Condvar { .. }, exit_status: 1, exit_capability: 2, exit_epoch: 0, registration_error: Mutex { data: None }, worker_state: 2, worker_done_lock: Mutex { data: () }, worker_done_changed: Condvar { .. }, cleanup_cancel_requested: false, cleanup_claim_waiters: 0, wait_owner: 2, wait_owner_lock: Mutex { data: () }, wait_owner_changed: Condvar { .. } }, identity: OnceLock(WorkerIdentity { pid: Pid(30552), snapshot: WorkerProcSnapshot { tgid: Pid(30550), tracer_pid: Pid(30546), start_time: 13373654 }, pidfd: OwnedFd { fd: 61 }, proc_dir: OwnedFd { fd: 62 }, proc_inode: 2989509308 }), authoritative: OnceLock(<uninit>) }) }))", "finish getevent: tid=30552, result=Ok(0), terminal=Ok(None), retired=false", "finish_ordinary_terminal entered: Ok(Stopped(Pid(30550), TraceeToken { event: EventHandle(EventGeneration { event: Event { exit_waiters: ExitWaiters { waiters: Mutex { data: [(Weak)] } }, exit_publication: Mutex { data: () }, status_waker: WakerSlot { waker: Mutex { data: Some(Waker { data: 0x7fe150015980, vtable: 0x55ca05d0cb68 }) }, data: 0x7fe150015980, vtable: 0x55ca05d0cb68 }, status: Mutex { data: StatusState { pending: [], terminal: -1 } }, status_changed: Condvar { .. }, exit_status: 1, exit_capability: 2, exit_epoch: 0, registration_error: Mutex { data: None }, worker_state: 2, worker_done_lock: Mutex { data: () }, worker_done_changed: Condvar { .. }, cleanup_cancel_requested: false, cleanup_claim_waiters: 0, wait_owner: 2, wait_owner_lock: Mutex { data: () }, wait_owner_changed: Condvar { .. } }, identity: OnceLock(WorkerIdentity { pid: Pid(30550), snapshot: WorkerProcSnapshot { tgid: Pid(30550), tracer_pid: Pid(30546), start_time: 13373653 }, pidfd: OwnedFd { fd: 36 }, proc_dir: OwnedFd { fd: 38 }, proc_inode: 2989509303 }), authoritative: OnceLock(<uninit>) }) }))", "finish getevent: tid=30550, result=Ok(0), terminal=Ok(None), retired=false"], 0))
fatal legacy result: success(Exited(0)); consuming hooks: None

---- tracer::tests::ordinary_nonleader_tool_failure_cancels_pending_newborn_start stdout ----
fatal control raises original error in live tid 30569 (mode 2)
ordinary cleanup control: root=30565, descendant=0, fail=true, fork=false, newborn=true, timeout=false, root_absent=true, descendant_absent=true, post_syscall=0, sentinel_untouched=true
fatal physical identity: tid=30565, initial=TraceeSnapshot { tgid: Pid(30565), ppid: Pid(30405), tracer_pid: Pid(30556), start_time: 13373654 }, proc_inode=2989670263, same_process=false, stat=Err(Os { code: 3, kind: Uncategorized, message: "No such process" }), status=Err(Os { code: 3, kind: Uncategorized, message: "No such process" }), pidfd_poll=1, pidfd_revents=17, pidfd_signal0=Err(ESRCH)
fatal original notifier: tid=30565, terminal=Ok(Some(Signaled(SIGKILL, false))), retired=true, held_stop=false
fatal original notifier: tid=30567, terminal=Ok(Some(Signaled(SIGKILL, false))), retired=true, held_stop=false
fatal original notifier: tid=30569, terminal=Ok(Some(Signaled(SIGKILL, false))), retired=true, held_stop=false
fatal chronology: Some((["RootStopLease step before: tid=30565, siginfo=Ok((19, -6)), terminal=Ok(None)", "RootStopLease step result: Ok(Running(Pid(30565), TraceeToken { event: EventHandle(EventGeneration { event: Event { exit_waiters: ExitWaiters { waiters: Mutex { data: [] } }, exit_publication: Mutex { data: () }, status_waker: WakerSlot { waker: Mutex { data: Some(Waker { data: 0x7fe150015980, vtable: 0x55ca05d0cb68 }) }, data: 0x7fe150015980, vtable: 0x55ca05d0cb68 }, status: Mutex { data: StatusState { pending: [], terminal: -1 } }, status_changed: Condvar { .. }, exit_status: 0, exit_capability: 0, exit_epoch: 0, registration_error: Mutex { data: None }, worker_state: 2, worker_done_lock: Mutex { data: () }, worker_done_changed: Condvar { .. }, cleanup_cancel_requested: false, cleanup_claim_waiters: 0, wait_owner: 2, wait_owner_lock: Mutex { data: () }, wait_owner_changed: Condvar { .. } }, identity: OnceLock(WorkerIdentity { pid: Pid(30565), snapshot: WorkerProcSnapshot { tgid: Pid(30565), tracer_pid: Pid(30556), start_time: 13373654 }, pidfd: OwnedFd { fd: 36 }, proc_dir: OwnedFd { fd: 38 }, proc_inode: 2989670263 }), authoritative: OnceLock(<uninit>) }) }))", "RootStopLease step before: tid=30565, siginfo=Ok((5, 1)), terminal=Ok(None)", "RootStopLease step result: Ok(Running(Pid(30565), TraceeToken { event: EventHandle(EventGeneration { event: Event { exit_waiters: ExitWaiters { waiters: Mutex { data: [] } }, exit_publication: Mutex { data: () }, status_waker: WakerSlot { waker: Mutex { data: Some(Waker { data: 0x7fe150015980, vtable: 0x55ca05d0cb68 }) }, data: 0x7fe150015980, vtable: 0x55ca05d0cb68 }, status: Mutex { data: StatusState { pending: [], terminal: -1 } }, status_changed: Condvar { .. }, exit_status: 0, exit_capability: 0, exit_epoch: 0, registration_error: Mutex { data: None }, worker_state: 2, worker_done_lock: Mutex { data: () }, worker_done_changed: Condvar { .. }, cleanup_cancel_requested: false, cleanup_claim_waiters: 0, wait_owner: 2, wait_owner_lock: Mutex { data: () }, wait_owner_changed: Condvar { .. } }, identity: OnceLock(WorkerIdentity { pid: Pid(30565), snapshot: WorkerProcSnapshot { tgid: Pid(30565), tracer_pid: Pid(30556), start_time: 13373654 }, pidfd: OwnedFd { fd: 36 }, proc_dir: OwnedFd { fd: 38 }, proc_inode: 2989670263 }), authoritative: OnceLock(<uninit>) }) }))", "RootStopLease step before: tid=30565, siginfo=Ok((5, 773)), terminal=Ok(None)", "RootStopLease step result: Ok(Running(Pid(30565), TraceeToken { event: EventHandle(EventGeneration { event: Event { exit_waiters: ExitWaiters { waiters: Mutex { data: [(Weak)] } }, exit_publication: Mutex { data: () }, status_waker: WakerSlot { waker: Mutex { data: Some(Waker { data: 0x7fe150015980, vtable: 0x55ca05d0cb68 }) }, data: 0x7fe150015980, vtable: 0x55ca05d0cb68 }, status: Mutex { data: StatusState { pending: [], terminal: -1 } }, status_changed: Condvar { .. }, exit_status: 0, exit_capability: 0, exit_epoch: 0, registration_error: Mutex { data: None }, worker_state: 2, worker_done_lock: Mutex { data: () }, worker_done_changed: Condvar { .. }, cleanup_cancel_requested: false, cleanup_claim_waiters: 0, wait_owner: 2, wait_owner_lock: Mutex { data: () }, wait_owner_changed: Condvar { .. } }, identity: OnceLock(WorkerIdentity { pid: Pid(30565), snapshot: WorkerProcSnapshot { tgid: Pid(30565), tracer_pid: Pid(30556), start_time: 13373654 }, pidfd: OwnedFd { fd: 36 }, proc_dir: OwnedFd { fd: 38 }, proc_inode: 2989670263 }), authoritative: OnceLock(<uninit>) }) }))", "RootStopLease step before: tid=30565, siginfo=Ok((5, 773)), terminal=Ok(None)", "RootStopLease step result: Ok(Running(Pid(30565), TraceeToken { event: EventHandle(EventGeneration { event: Event { exit_waiters: ExitWaiters { waiters: Mutex { data: [(Weak)] } }, exit_publication: Mutex { data: () }, status_waker: WakerSlot { waker: Mutex { data: Some(Waker { data: 0x7fe150015980, vtable: 0x55ca05d0cb68 }) }, data: 0x7fe150015980, vtable: 0x55ca05d0cb68 }, status: Mutex { data: StatusState { pending: [], terminal: -1 } }, status_changed: Condvar { .. }, exit_status: 0, exit_capability: 0, exit_epoch: 0, registration_error: Mutex { data: None }, worker_state: 2, worker_done_lock: Mutex { data: () }, worker_done_changed: Condvar { .. }, cleanup_cancel_requested: false, cleanup_claim_waiters: 0, wait_owner: 2, wait_owner_lock: Mutex { data: () }, wait_owner_changed: Condvar { .. } }, identity: OnceLock(WorkerIdentity { pid: Pid(30565), snapshot: WorkerProcSnapshot { tgid: Pid(30565), tracer_pid: Pid(30556), start_time: 13373654 }, pidfd: OwnedFd { fd: 36 }, proc_dir: OwnedFd { fd: 38 }, proc_inode: 2989670263 }), authoritative: OnceLock(<uninit>) }) }))", "finish_ordinary_terminal entered: Ok(Stopped(Pid(30565), TraceeToken { event: EventHandle(EventGeneration { event: Event { exit_waiters: ExitWaiters { waiters: Mutex { data: [(Weak)] } }, exit_publication: Mutex { data: () }, status_waker: WakerSlot { waker: Mutex { data: Some(Waker { data: 0x7fe150015980, vtable: 0x55ca05d0cb68 }) }, data: 0x7fe150015980, vtable: 0x55ca05d0cb68 }, status: Mutex { data: StatusState { pending: [], terminal: -1 } }, status_changed: Condvar { .. }, exit_status: 1, exit_capability: 2, exit_epoch: 0, registration_error: Mutex { data: None }, worker_state: 2, worker_done_lock: Mutex { data: () }, worker_done_changed: Condvar { .. }, cleanup_cancel_requested: false, cleanup_claim_waiters: 0, wait_owner: 2, wait_owner_lock: Mutex { data: () }, wait_owner_changed: Condvar { .. } }, identity: OnceLock(WorkerIdentity { pid: Pid(30565), snapshot: WorkerProcSnapshot { tgid: Pid(30565), tracer_pid: Pid(30556), start_time: 13373654 }, pidfd: OwnedFd { fd: 36 }, proc_dir: OwnedFd { fd: 38 }, proc_inode: 2989670263 }), authoritative: OnceLock(<uninit>) }) }))", "finish getevent: tid=30565, result=Ok(9), terminal=Ok(None), retired=false", "finish_ordinary_terminal entered: Ok(Stopped(Pid(30569), TraceeToken { event: EventHandle(EventGeneration { event: Event { exit_waiters: ExitWaiters { waiters: Mutex { data: [(Weak)] } }, exit_publication: Mutex { data: () }, status_waker: WakerSlot { waker: Mutex { data: Some(Waker { data: 0x7fe150021a00, vtable: 0x55ca05d0d010 }) }, data: 0x7fe150021a00, vtable: 0x55ca05d0d010 }, status: Mutex { data: StatusState { pending: [], terminal: -1 } }, status_changed: Condvar { .. }, exit_status: 1, exit_capability: 2, exit_epoch: 0, registration_error: Mutex { data: None }, worker_state: 2, worker_done_lock: Mutex { data: () }, worker_done_changed: Condvar { .. }, cleanup_cancel_requested: false, cleanup_claim_waiters: 0, wait_owner: 2, wait_owner_lock: Mutex { data: () }, wait_owner_changed: Condvar { .. } }, identity: OnceLock(WorkerIdentity { pid: Pid(30569), snapshot: WorkerProcSnapshot { tgid: Pid(30565), tracer_pid: Pid(30556), start_time: 13373654 }, pidfd: OwnedFd { fd: 74 }, proc_dir: OwnedFd { fd: 75 }, proc_inode: 2989670270 }), authoritative: OnceLock(<uninit>) }) }))", "finish getevent: tid=30569, result=Ok(9), terminal=Ok(None), retired=false", "finish_ordinary_terminal entered: Ok(Stopped(Pid(30567), TraceeToken { event: EventHandle(EventGeneration { event: Event { exit_waiters: ExitWaiters { waiters: Mutex { data: [(Weak)] } }, exit_publication: Mutex { data: () }, status_waker: WakerSlot { waker: Mutex { data: Some(Waker { data: 0x7fe15000e280, vtable: 0x55ca05d0d010 }) }, data: 0x7fe15000e280, vtable: 0x55ca05d0d010 }, status: Mutex { data: StatusState { pending: [], terminal: -1 } }, status_changed: Condvar { .. }, exit_status: 1, exit_capability: 2, exit_epoch: 0, registration_error: Mutex { data: None }, worker_state: 2, worker_done_lock: Mutex { data: () }, worker_done_changed: Condvar { .. }, cleanup_cancel_requested: false, cleanup_claim_waiters: 0, wait_owner: 2, wait_owner_lock: Mutex { data: () }, wait_owner_changed: Condvar { .. } }, identity: OnceLock(WorkerIdentity { pid: Pid(30567), snapshot: WorkerProcSnapshot { tgid: Pid(30565), tracer_pid: Pid(30556), start_time: 13373654 }, pidfd: OwnedFd { fd: 61 }, proc_dir: OwnedFd { fd: 62 }, proc_inode: 2989670267 }), authoritative: OnceLock(<uninit>) }) }))", "finish getevent: tid=30567, result=Ok(9), terminal=Ok(None), retired=false"], 0))
fatal legacy result: error(Tool(ordinary nonleader failure control)), original_nonleader=true; consuming hooks: Some([(Pid(30565), None), (Pid(30567), None), (Pid(30569), None), (Pid(30569), Some(Signaled(SIGKILL, false))), (Pid(30567), Some(Signaled(SIGKILL, false))), (Pid(30565), Some(Signaled(SIGKILL, false)))])

---- tracer::tests::ordinary_nonleader_tool_failure_reaps_threads_without_resuming stdout ----
fatal control raises original error in live tid 30623 (mode 1)
ordinary cleanup control: root=30614, descendant=0, fail=true, fork=false, newborn=false, timeout=false, root_absent=true, descendant_absent=true, post_syscall=0, sentinel_untouched=true
fatal physical identity: tid=30614, initial=TraceeSnapshot { tgid: Pid(30614), ppid: Pid(30405), tracer_pid: Pid(30597), start_time: 13373656 }, proc_inode=2989450832, same_process=false, stat=Err(Os { code: 3, kind: Uncategorized, message: "No such process" }), status=Err(Os { code: 3, kind: Uncategorized, message: "No such process" }), pidfd_poll=1, pidfd_revents=17, pidfd_signal0=Err(ESRCH)
fatal original notifier: tid=30614, terminal=Ok(Some(Signaled(SIGKILL, false))), retired=true, held_stop=false
fatal original notifier: tid=30623, terminal=Ok(Some(Signaled(SIGKILL, false))), retired=true, held_stop=false
fatal chronology: Some((["RootStopLease step before: tid=30614, siginfo=Ok((19, -6)), terminal=Ok(None)", "RootStopLease step result: Ok(Running(Pid(30614), TraceeToken { event: EventHandle(EventGeneration { event: Event { exit_waiters: ExitWaiters { waiters: Mutex { data: [] } }, exit_publication: Mutex { data: () }, status_waker: WakerSlot { waker: Mutex { data: Some(Waker { data: 0x7fe150022e80, vtable: 0x55ca05d0cb68 }) }, data: 0x7fe150022e80, vtable: 0x55ca05d0cb68 }, status: Mutex { data: StatusState { pending: [], terminal: -1 } }, status_changed: Condvar { .. }, exit_status: 0, exit_capability: 0, exit_epoch: 0, registration_error: Mutex { data: None }, worker_state: 2, worker_done_lock: Mutex { data: () }, worker_done_changed: Condvar { .. }, cleanup_cancel_requested: false, cleanup_claim_waiters: 0, wait_owner: 2, wait_owner_lock: Mutex { data: () }, wait_owner_changed: Condvar { .. } }, identity: OnceLock(WorkerIdentity { pid: Pid(30614), snapshot: WorkerProcSnapshot { tgid: Pid(30614), tracer_pid: Pid(30597), start_time: 13373656 }, pidfd: OwnedFd { fd: 36 }, proc_dir: OwnedFd { fd: 38 }, proc_inode: 2989450832 }), authoritative: OnceLock(<uninit>) }) }))", "RootStopLease step before: tid=30614, siginfo=Ok((5, 1)), terminal=Ok(None)", "RootStopLease step result: Ok(Running(Pid(30614), TraceeToken { event: EventHandle(EventGeneration { event: Event { exit_waiters: ExitWaiters { waiters: Mutex { data: [] } }, exit_publication: Mutex { data: () }, status_waker: WakerSlot { waker: Mutex { data: Some(Waker { data: 0x7fe150022e80, vtable: 0x55ca05d0cb68 }) }, data: 0x7fe150022e80, vtable: 0x55ca05d0cb68 }, status: Mutex { data: StatusState { pending: [], terminal: -1 } }, status_changed: Condvar { .. }, exit_status: 0, exit_capability: 0, exit_epoch: 0, registration_error: Mutex { data: None }, worker_state: 2, worker_done_lock: Mutex { data: () }, worker_done_changed: Condvar { .. }, cleanup_cancel_requested: false, cleanup_claim_waiters: 0, wait_owner: 2, wait_owner_lock: Mutex { data: () }, wait_owner_changed: Condvar { .. } }, identity: OnceLock(WorkerIdentity { pid: Pid(30614), snapshot: WorkerProcSnapshot { tgid: Pid(30614), tracer_pid: Pid(30597), start_time: 13373656 }, pidfd: OwnedFd { fd: 36 }, proc_dir: OwnedFd { fd: 38 }, proc_inode: 2989450832 }), authoritative: OnceLock(<uninit>) }) }))", "RootStopLease step before: tid=30614, siginfo=Ok((5, 773)), terminal=Ok(None)", "RootStopLease step result: Ok(Running(Pid(30614), TraceeToken { event: EventHandle(EventGeneration { event: Event { exit_waiters: ExitWaiters { waiters: Mutex { data: [(Weak)] } }, exit_publication: Mutex { data: () }, status_waker: WakerSlot { waker: Mutex { data: Some(Waker { data: 0x7fe150022e80, vtable: 0x55ca05d0cb68 }) }, data: 0x7fe150022e80, vtable: 0x55ca05d0cb68 }, status: Mutex { data: StatusState { pending: [], terminal: -1 } }, status_changed: Condvar { .. }, exit_status: 0, exit_capability: 0, exit_epoch: 0, registration_error: Mutex { data: None }, worker_state: 2, worker_done_lock: Mutex { data: () }, worker_done_changed: Condvar { .. }, cleanup_cancel_requested: false, cleanup_claim_waiters: 0, wait_owner: 2, wait_owner_lock: Mutex { data: () }, wait_owner_changed: Condvar { .. } }, identity: OnceLock(WorkerIdentity { pid: Pid(30614), snapshot: WorkerProcSnapshot { tgid: Pid(30614), tracer_pid: Pid(30597), start_time: 13373656 }, pidfd: OwnedFd { fd: 36 }, proc_dir: OwnedFd { fd: 38 }, proc_inode: 2989450832 }), authoritative: OnceLock(<uninit>) }) }))", "finish_ordinary_terminal entered: Ok(Stopped(Pid(30614), TraceeToken { event: EventHandle(EventGeneration { event: Event { exit_waiters: ExitWaiters { waiters: Mutex { data: [(Weak)] } }, exit_publication: Mutex { data: () }, status_waker: WakerSlot { waker: Mutex { data: Some(Waker { data: 0x7fe150022e80, vtable: 0x55ca05d0cb68 }) }, data: 0x7fe150022e80, vtable: 0x55ca05d0cb68 }, status: Mutex { data: StatusState { pending: [], terminal: -1 } }, status_changed: Condvar { .. }, exit_status: 1, exit_capability: 2, exit_epoch: 0, registration_error: Mutex { data: None }, worker_state: 2, worker_done_lock: Mutex { data: () }, worker_done_changed: Condvar { .. }, cleanup_cancel_requested: false, cleanup_claim_waiters: 0, wait_owner: 2, wait_owner_lock: Mutex { data: () }, wait_owner_changed: Condvar { .. } }, identity: OnceLock(WorkerIdentity { pid: Pid(30614), snapshot: WorkerProcSnapshot { tgid: Pid(30614), tracer_pid: Pid(30597), start_time: 13373656 }, pidfd: OwnedFd { fd: 36 }, proc_dir: OwnedFd { fd: 38 }, proc_inode: 2989450832 }), authoritative: OnceLock(<uninit>) }) }))", "finish getevent: tid=30614, result=Ok(9), terminal=Ok(None), retired=false", "finish_ordinary_terminal entered: Ok(Stopped(Pid(30623), TraceeToken { event: EventHandle(EventGeneration { event: Event { exit_waiters: ExitWaiters { waiters: Mutex { data: [(Weak)] } }, exit_publication: Mutex { data: () }, status_waker: WakerSlot { waker: Mutex { data: Some(Waker { data: 0x7fe150023e80, vtable: 0x55ca05d0d010 }) }, data: 0x7fe150023e80, vtable: 0x55ca05d0d010 }, status: Mutex { data: StatusState { pending: [], terminal: -1 } }, status_changed: Condvar { .. }, exit_status: 1, exit_capability: 2, exit_epoch: 0, registration_error: Mutex { data: None }, worker_state: 2, worker_done_lock: Mutex { data: () }, worker_done_changed: Condvar { .. }, cleanup_cancel_requested: false, cleanup_claim_waiters: 0, wait_owner: 2, wait_owner_lock: Mutex { data: () }, wait_owner_changed: Condvar { .. } }, identity: OnceLock(WorkerIdentity { pid: Pid(30623), snapshot: WorkerProcSnapshot { tgid: Pid(30614), tracer_pid: Pid(30597), start_time: 13373657 }, pidfd: OwnedFd { fd: 61 }, proc_dir: OwnedFd { fd: 62 }, proc_inode: 2989450836 }), authoritative: OnceLock(<uninit>) }) }))", "finish getevent: tid=30623, result=Ok(9), terminal=Ok(None), retired=false"], 0))
fatal legacy result: error(Tool(ordinary nonleader failure control)), original_nonleader=true; consuming hooks: Some([(Pid(30614), None), (Pid(30623), None), (Pid(30623), Some(Signaled(SIGKILL, false))), (Pid(30614), Some(Signaled(SIGKILL, false)))])

---- tracer::tests::ordinary_nonleader_exec_real_signal_cancels_postexec_timer stdout ----
PROBE[exec-edge-ok] t=133736485419739 (dt=35275us) caller=30444 target=30440 what=WAITID(P_PIDFD) thread=Some("guest-30440") result=Ok(Some("0x137f")) rc=0 site=safeptrace/src/notifier.rs:1858
PROBE[exec-edge-ok] t=133736487986292 (dt=32709us) caller=30417 target=30440 what=PTRACE_SINGLESTEP(None) rc=0 site=reverie-ptrace/src/task.rs:2719
PROBE[exec-edge-ok] t=133736488048165 (dt=32647us) caller=30444 target=30440 what=WAITID(P_PIDFD) thread=Some("guest-30440") result=Ok(Some("0x57f")) rc=0 site=safeptrace/src/notifier.rs:1858
PROBE[exec-edge-ok] t=133736488666865 (dt=32028us) caller=30417 target=30440 what=PTRACE_SINGLESTEP(None) rc=0 site=reverie-ptrace/src/task.rs:5455
PROBE[exec-edge-ok] t=133736488684631 (dt=32010us) caller=30444 target=30440 what=WAITID(P_PIDFD) thread=Some("guest-30440") result=Ok(Some("0x57f")) rc=0 site=safeptrace/src/notifier.rs:1858
PROBE[exec-edge-ok] t=133736489533856 (dt=31161us) caller=30417 target=30440 what=PTRACE_CONT(resume,None) rc=0 site=reverie-ptrace/src/task.rs:5444
PROBE[exec-edge-ok] t=133736489744292 (dt=30951us) caller=30444 target=30440 what=WAITID(P_PIDFD) thread=Some("guest-30440") result=Ok(Some("0x3057f")) rc=0 site=safeptrace/src/notifier.rs:1858
PROBE[exec-edge-ok] t=133736489767226 (dt=30928us) caller=30417 target=30440 what=GETEVENTMSG-before rc=0 site=safeptrace/src/lib.rs:234
PROBE[exec-edge-ok] t=133736489771102 (dt=30924us) caller=30417 target=30440 what=GETEVENTMSG-after rc=30454 site=safeptrace/src/lib.rs:234
PROBE[exec-edge-ok] t=133736490270702 (dt=30424us) caller=30457 target=30454 what=WAITID(P_PIDFD) thread=Some("guest-30454") result=Ok(Some("0x137f")) rc=0 site=safeptrace/src/notifier.rs:1858
PROBE[exec-edge-ok] t=133736518552074 (dt=2143us) caller=30417 target=30440 what=PTRACE_SINGLESTEP(None) rc=0 site=reverie-ptrace/src/task.rs:5455
PROBE[exec-edge-ok] t=133736518581267 (dt=2114us) caller=30444 target=30440 what=WAITID(P_PIDFD) thread=Some("guest-30440") result=Ok(Some("0x57f")) rc=0 site=safeptrace/src/notifier.rs:1858
PROBE[exec-edge-ok] t=133736518749450 (dt=1946us) caller=30417 target=30454 what=PTRACE_CONT(resume,None) rc=0 site=reverie-ptrace/src/task.rs:5444
PROBE[exec-edge-ok] t=133736518851032 (dt=1844us) caller=30417 target=30440 what=PTRACE_CONT(resume,None) rc=0 site=reverie-ptrace/src/task.rs:5444
PROBE[exec-edge-ok] t=133736519223091 (dt=1472us) caller=30444 target=30440 what=WAITID(P_PIDFD) thread=Some("guest-30440") result=Ok(Some("0x6057f")) rc=0 site=safeptrace/src/notifier.rs:1858
PROBE[exec-edge-ok] t=133736519607658 (dt=1087us) caller=30417 target=30440 what=drive_ordinary: ExitFuture resolved ok=true main=true rc=0 site=reverie-ptrace/src/task.rs:6946
PROBE[exec-edge-ok] t=133736519635080 (dt=1060us) caller=30417 target=30440 what=finish_ordinary_terminal entered with Ok(Stopped) rc=0 site=reverie-ptrace/src/tracer.rs:543
PROBE[exec-edge-ok] t=133736519644884 (dt=1050us) caller=30417 target=30440 what=GETEVENTMSG-before rc=0 site=reverie-ptrace/src/tracer.rs:556
PROBE[exec-edge-ok] t=133736519648660 (dt=1046us) caller=30417 target=30440 what=GETEVENTMSG-after rc=0 site=reverie-ptrace/src/tracer.rs:556
PROBE[exec-edge-ok] t=133736519653156 (dt=1042us) caller=30417 target=30440 what=PTRACE_CONT(resume_retaining,None) rc=0 site=reverie-ptrace/src/tracer.rs:613
PROBE[exec-edge-ok] t=133736519739266 (dt=956us) caller=30457 target=30454 what=WAITID(P_PIDFD) thread=Some("guest-30454") result=Err(ECHILD) rc=0 site=safeptrace/src/notifier.rs:1858
PROBE[exec-edge-ok] t=133736519815310 (dt=880us) caller=30417 target=30454 what=drive_ordinary: ExitFuture resolved ok=false main=false rc=0 site=reverie-ptrace/src/task.rs:6946
PROBE[exec-edge-ok] t=133736520504074 (dt=191us) caller=30444 target=30440 what=WAITID(P_PIDFD) thread=Some("guest-30440") result=Ok(Some("0x4057f")) rc=0 site=safeptrace/src/notifier.rs:1858
PROBE[exec-edge-ok] t=133736520519457 (dt=176us) caller=30417 target=30440 what=GETEVENTMSG-before rc=0 site=safeptrace/src/lib.rs:246
PROBE[exec-edge-ok] t=133736520521691 (dt=173us) caller=30417 target=30440 what=GETEVENTMSG-after rc=30454 site=safeptrace/src/lib.rs:246
PROBE[exec-edge-ok] t=133736520675632 (dt=19us) caller=30417 target=30440 what=EXEC-EDGE observed former=30454 exit_status=Some(Exited(0)) esrch=None snapshot: [task 30440: State: t (tracing stop) | Pid: 30440 | TracerPid: 30417 | SigPnd: 0000000000000000 | ShdPnd: 0000000000000000 | stat.state=t stat.exit_code=0 | wchan=ptrace_stop] rc=0 site=reverie-ptrace/src/tracer.rs:675
actual delivered marker observations: tracer=30405, rows=[(30440, 16, 1, 65, 100553, true, false)]
exec owner before rescue: fail=false, timer_mode=2, root_absent=true, events=[(0, Pid(30440), 30440, None), (0, Pid(30454), 30454, None), (2, Pid(30440), 30440, Some(Exited(0))), (1, Pid(30440), 30454, None), (7, Pid(30440), 10, None), (2, Pid(30440), 30454, Some(Exited(0))), (3, Pid(30440), 0, Some(Exited(0)))], elapsed=91.413586ms, outcome=Complete(Ok(Output { status: Exited(0), stdout: "survived", stderr: "" }))
actual perf exec handoff: ExecTimerTransfer { displaced: Some(ExecTimerIdentity { clock_fd: 38, timer_fd: 34, clock_event_id: 6842754, timer_event_id: 6842750, artificial_pending: false, artificial_signal_sent: false, cancelled: true, guest_pid: Pid(30440), guest_tid: Pid(30440), kernel_owner_tid: Pid(30440) }), before: Some(ExecTimerIdentity { clock_fd: 69, timer_fd: 67, clock_event_id: 6842764, timer_event_id: 6842762, artificial_pending: false, artificial_signal_sent: false, cancelled: true, guest_pid: Pid(30440), guest_tid: Pid(30454), kernel_owner_tid: Pid(0) }), after: Some(ExecTimerIdentity { clock_fd: 69, timer_fd: 67, clock_event_id: 6842764, timer_event_id: 6842762, artificial_pending: false, artificial_signal_sent: false, cancelled: true, guest_pid: Pid(30440), guest_tid: Pid(30440), kernel_owner_tid: Pid(30440) }), displaced_fds_closed: true }

---- tracer::tests::ordinary_nonleader_exec_run_loop_echild_awaits_leader_exec_edge stdout ----
PROBE[exec-edge-ok] t=133736485482093 (dt=35190us) caller=30445 target=30434 what=WAITID(P_PIDFD) thread=Some("guest-30434") result=Ok(Some("0x137f")) rc=0 site=safeptrace/src/notifier.rs:1858
PROBE[exec-edge-ok] t=133736487985742 (dt=32687us) caller=30419 target=30434 what=PTRACE_SINGLESTEP(None) rc=0 site=reverie-ptrace/src/task.rs:2719
PROBE[exec-edge-ok] t=133736488048576 (dt=32624us) caller=30445 target=30434 what=WAITID(P_PIDFD) thread=Some("guest-30434") result=Ok(Some("0x57f")) rc=0 site=safeptrace/src/notifier.rs:1858
PROBE[exec-edge-ok] t=133736488664381 (dt=32008us) caller=30419 target=30434 what=PTRACE_SINGLESTEP(None) rc=0 site=reverie-ptrace/src/task.rs:5455
PROBE[exec-edge-ok] t=133736488695858 (dt=31977us) caller=30445 target=30434 what=WAITID(P_PIDFD) thread=Some("guest-30434") result=Ok(Some("0x57f")) rc=0 site=safeptrace/src/notifier.rs:1858
PROBE[exec-edge-ok] t=133736489528828 (dt=31144us) caller=30419 target=30434 what=PTRACE_CONT(resume,None) rc=0 site=reverie-ptrace/src/task.rs:5444
PROBE[exec-edge-ok] t=133736489752184 (dt=30920us) caller=30445 target=30434 what=WAITID(P_PIDFD) thread=Some("guest-30434") result=Ok(Some("0x3057f")) rc=0 site=safeptrace/src/notifier.rs:1858
PROBE[exec-edge-ok] t=133736489778984 (dt=30894us) caller=30419 target=30434 what=GETEVENTMSG-before rc=0 site=safeptrace/src/lib.rs:234
PROBE[exec-edge-ok] t=133736489782750 (dt=30890us) caller=30419 target=30434 what=GETEVENTMSG-after rc=30455 site=safeptrace/src/lib.rs:234
PROBE[exec-edge-ok] t=133736518327246 (dt=2345us) caller=30523 target=30455 what=WAITID(P_PIDFD) thread=Some("guest-30455") result=Ok(Some("0x137f")) rc=0 site=safeptrace/src/notifier.rs:1858
PROBE[exec-edge-ok] t=133736518650361 (dt=2022us) caller=30419 target=30434 what=PTRACE_SINGLESTEP(None) rc=0 site=reverie-ptrace/src/task.rs:5455
PROBE[exec-edge-ok] t=133736518690731 (dt=1982us) caller=30445 target=30434 what=WAITID(P_PIDFD) thread=Some("guest-30434") result=Ok(Some("0x57f")) rc=0 site=safeptrace/src/notifier.rs:1858
PROBE[exec-edge-ok] t=133736518753316 (dt=1919us) caller=30419 target=30455 what=PTRACE_CONT(resume,None) rc=0 site=reverie-ptrace/src/task.rs:5444
PROBE[exec-edge-ok] t=133736518851523 (dt=1821us) caller=30419 target=30434 what=PTRACE_CONT(resume,None) rc=0 site=reverie-ptrace/src/task.rs:5444
PROBE[exec-edge-ok] t=133736519222320 (dt=1450us) caller=30445 target=30434 what=WAITID(P_PIDFD) thread=Some("guest-30434") result=Ok(Some("0x6057f")) rc=0 site=safeptrace/src/notifier.rs:1858
PROBE[exec-edge-ok] t=133736519633787 (dt=1039us) caller=30419 target=30434 what=drive_ordinary: ExitFuture resolved ok=true main=true rc=0 site=reverie-ptrace/src/task.rs:6946
PROBE[exec-edge-ok] t=133736519653447 (dt=1019us) caller=30419 target=30434 what=finish_ordinary_terminal entered with Ok(Stopped) rc=0 site=reverie-ptrace/src/tracer.rs:543
PROBE[exec-edge-ok] t=133736519665114 (dt=1007us) caller=30419 target=30434 what=GETEVENTMSG-before rc=0 site=reverie-ptrace/src/tracer.rs:556
PROBE[exec-edge-ok] t=133736519668920 (dt=1004us) caller=30419 target=30434 what=GETEVENTMSG-after rc=0 site=reverie-ptrace/src/tracer.rs:556
PROBE[exec-edge-ok] t=133736519676602 (dt=996us) caller=30419 target=30434 what=PTRACE_CONT(resume_retaining,None) rc=0 site=reverie-ptrace/src/tracer.rs:613
PROBE[exec-edge-ok] t=133736519770172 (dt=902us) caller=30523 target=30455 what=WAITID(P_PIDFD) thread=Some("guest-30455") result=Err(ECHILD) rc=0 site=safeptrace/src/notifier.rs:1858
PROBE[exec-edge-ok] t=133736520504845 (dt=168us) caller=30445 target=30434 what=WAITID(P_PIDFD) thread=Some("guest-30434") result=Ok(Some("0x4057f")) rc=0 site=safeptrace/src/notifier.rs:1858
PROBE[exec-edge-ok] t=133736520523053 (dt=149us) caller=30419 target=30434 what=GETEVENTMSG-before rc=0 site=safeptrace/src/lib.rs:246
PROBE[exec-edge-ok] t=133736520524605 (dt=148us) caller=30419 target=30434 what=GETEVENTMSG-after rc=30455 site=safeptrace/src/lib.rs:246
PROBE[exec-edge-ok] t=133736520672277 (dt=0us) caller=30419 target=30434 what=EXEC-EDGE observed former=30455 exit_status=Some(Exited(0)) esrch=None snapshot: [task 30434: State: t (tracing stop) | Pid: 30434 | TracerPid: 30419 | SigPnd: 0000000000000000 | ShdPnd: 0000000000000000 | stat.state=t stat.exit_code=0 | wchan=ptrace_stop] rc=0 site=reverie-ptrace/src/tracer.rs:675
actual delivered marker observations: tracer=30405, rows=[(30434, 16, 1, 65, 100553, false, false)]
exec owner before rescue: fail=false, timer_mode=1, root_absent=true, events=[(0, Pid(30434), 30434, None), (0, Pid(30455), 30455, None), (2, Pid(30434), 30434, Some(Exited(0))), (1, Pid(30434), 30455, None), (9, Pid(30434), 100553, None), (4, Pid(30434), 30455, None), (2, Pid(30434), 30455, Some(Exited(0))), (3, Pid(30434), 0, Some(Exited(0)))], elapsed=91.684594ms, outcome=Complete(Ok(Output { status: Exited(0), stdout: "survived", stderr: "" }))
actual perf exec handoff: ExecTimerTransfer { displaced: Some(ExecTimerIdentity { clock_fd: 37, timer_fd: 35, clock_event_id: 6842753, timer_event_id: 6842751, artificial_pending: false, artificial_signal_sent: false, cancelled: true, guest_pid: Pid(30434), guest_tid: Pid(30434), kernel_owner_tid: Pid(30434) }), before: Some(ExecTimerIdentity { clock_fd: 71, timer_fd: 70, clock_event_id: 6842766, timer_event_id: 6842765, artificial_pending: false, artificial_signal_sent: false, cancelled: true, guest_pid: Pid(30434), guest_tid: Pid(30455), kernel_owner_tid: Pid(0) }), after: Some(ExecTimerIdentity { clock_fd: 71, timer_fd: 70, clock_event_id: 6842766, timer_event_id: 6842765, artificial_pending: false, artificial_signal_sent: false, cancelled: true, guest_pid: Pid(30434), guest_tid: Pid(30434), kernel_owner_tid: Pid(30434) }), displaced_fds_closed: true }
nonleader run loop stayed pending on: ["wait after initial tracee resume"]

---- tracer::tests::ordinary_nonleader_exec_postexec_timer_survives_internal_step stdout ----
PROBE[exec-edge-ok] t=133736485563715 (dt=34745us) caller=30446 target=30435 what=WAITID(P_PIDFD) thread=Some("guest-30435") result=Ok(Some("0x137f")) rc=0 site=safeptrace/src/notifier.rs:1858
PROBE[exec-edge-ok] t=133736487982206 (dt=32327us) caller=30416 target=30435 what=PTRACE_SINGLESTEP(None) rc=0 site=reverie-ptrace/src/task.rs:2719
PROBE[exec-edge-ok] t=133736488049427 (dt=32260us) caller=30446 target=30435 what=WAITID(P_PIDFD) thread=Some("guest-30435") result=Ok(Some("0x57f")) rc=0 site=safeptrace/src/notifier.rs:1858
PROBE[exec-edge-ok] t=133736488661597 (dt=31647us) caller=30416 target=30435 what=PTRACE_SINGLESTEP(None) rc=0 site=reverie-ptrace/src/task.rs:5455
PROBE[exec-edge-ok] t=133736488678322 (dt=31631us) caller=30446 target=30435 what=WAITID(P_PIDFD) thread=Some("guest-30435") result=Ok(Some("0x57f")) rc=0 site=safeptrace/src/notifier.rs:1858
PROBE[exec-edge-ok] t=133736489524682 (dt=30784us) caller=30416 target=30435 what=PTRACE_CONT(resume,None) rc=0 site=reverie-ptrace/src/task.rs:5444
PROBE[exec-edge-ok] t=133736489702499 (dt=30606us) caller=30446 target=30435 what=WAITID(P_PIDFD) thread=Some("guest-30435") result=Ok(Some("0x3057f")) rc=0 site=safeptrace/src/notifier.rs:1858
PROBE[exec-edge-ok] t=133736489722639 (dt=30586us) caller=30416 target=30435 what=GETEVENTMSG-before rc=0 site=safeptrace/src/lib.rs:234
PROBE[exec-edge-ok] t=133736489727847 (dt=30581us) caller=30416 target=30435 what=GETEVENTMSG-after rc=30453 site=safeptrace/src/lib.rs:234
PROBE[exec-edge-ok] t=133736490169060 (dt=30140us) caller=30456 target=30453 what=WAITID(P_PIDFD) thread=Some("guest-30453") result=Ok(Some("0x137f")) rc=0 site=safeptrace/src/notifier.rs:1858
PROBE[exec-edge-ok] t=133736518552114 (dt=1757us) caller=30416 target=30435 what=PTRACE_SINGLESTEP(None) rc=0 site=reverie-ptrace/src/task.rs:5455
PROBE[exec-edge-ok] t=133736518625754 (dt=1683us) caller=30446 target=30435 what=WAITID(P_PIDFD) thread=Some("guest-30435") result=Ok(Some("0x57f")) rc=0 site=safeptrace/src/notifier.rs:1858
PROBE[exec-edge-ok] t=133736518747777 (dt=1561us) caller=30416 target=30453 what=PTRACE_CONT(resume,None) rc=0 site=reverie-ptrace/src/task.rs:5444
PROBE[exec-edge-ok] t=133736518851083 (dt=1458us) caller=30416 target=30435 what=PTRACE_CONT(resume,None) rc=0 site=reverie-ptrace/src/task.rs:5444
PROBE[exec-edge-ok] t=133736519229921 (dt=1079us) caller=30446 target=30435 what=WAITID(P_PIDFD) thread=Some("guest-30435") result=Ok(Some("0x6057f")) rc=0 site=safeptrace/src/notifier.rs:1858
PROBE[exec-edge-ok] t=133736519610423 (dt=699us) caller=30416 target=30435 what=drive_ordinary: ExitFuture resolved ok=true main=true rc=0 site=reverie-ptrace/src/task.rs:6946
PROBE[exec-edge-ok] t=133736519635129 (dt=674us) caller=30416 target=30435 what=finish_ordinary_terminal entered with Ok(Stopped) rc=0 site=reverie-ptrace/src/tracer.rs:543
PROBE[exec-edge-ok] t=133736519642941 (dt=666us) caller=30416 target=30435 what=GETEVENTMSG-before rc=0 site=reverie-ptrace/src/tracer.rs:556
PROBE[exec-edge-ok] t=133736519647368 (dt=662us) caller=30416 target=30435 what=GETEVENTMSG-after rc=0 site=reverie-ptrace/src/tracer.rs:556
PROBE[exec-edge-ok] t=133736519653136 (dt=656us) caller=30416 target=30435 what=PTRACE_CONT(resume_retaining,None) rc=0 site=reverie-ptrace/src/tracer.rs:613
PROBE[exec-edge-ok] t=133736519729711 (dt=579us) caller=30456 target=30453 what=WAITID(P_PIDFD) thread=Some("guest-30453") result=Err(ECHILD) rc=0 site=safeptrace/src/notifier.rs:1858
PROBE[exec-edge-ok] t=133736519812596 (dt=496us) caller=30416 target=30453 what=drive_ordinary: ExitFuture resolved ok=false main=false rc=0 site=reverie-ptrace/src/task.rs:6946
PROBE[exec-edge-ok] t=133736520124204 (dt=185us) caller=30446 target=30435 what=WAITID(P_PIDFD) thread=Some("guest-30435") result=Ok(Some("0x4057f")) rc=0 site=safeptrace/src/notifier.rs:1858
PROBE[exec-edge-ok] t=133736520141530 (dt=167us) caller=30416 target=30435 what=GETEVENTMSG-before rc=0 site=safeptrace/src/lib.rs:246
PROBE[exec-edge-ok] t=133736520143913 (dt=165us) caller=30416 target=30435 what=GETEVENTMSG-after rc=30453 site=safeptrace/src/lib.rs:246
PROBE[exec-edge-ok] t=133736520308560 (dt=0us) caller=30416 target=30435 what=EXEC-EDGE observed former=30453 exit_status=Some(Exited(0)) esrch=None snapshot: [task 30435: State: t (tracing stop) | Pid: 30435 | TracerPid: 30416 | SigPnd: 0000000000000000 | ShdPnd: 0000000000000000 | stat.state=t stat.exit_code=0 | wchan=ptrace_stop] rc=0 site=reverie-ptrace/src/tracer.rs:675
actual delivered marker observations: tracer=30405, rows=[(30435, 16, 1, 65, 100557, false, false)]
exec owner before rescue: fail=false, timer_mode=1, root_absent=true, events=[(0, Pid(30435), 30435, None), (0, Pid(30453), 30453, None), (2, Pid(30435), 30435, Some(Exited(0))), (1, Pid(30435), 30453, None), (9, Pid(30435), 100557, None), (4, Pid(30435), 30453, None), (2, Pid(30435), 30453, Some(Exited(0))), (3, Pid(30435), 0, Some(Exited(0)))], elapsed=99.298715ms, outcome=Complete(Ok(Output { status: Exited(0), stdout: "survived", stderr: "" }))
actual perf exec handoff: ExecTimerTransfer { displaced: Some(ExecTimerIdentity { clock_fd: 36, timer_fd: 30, clock_event_id: 6842752, timer_event_id: 6842749, artificial_pending: false, artificial_signal_sent: false, cancelled: true, guest_pid: Pid(30435), guest_tid: Pid(30435), kernel_owner_tid: Pid(30435) }), before: Some(ExecTimerIdentity { clock_fd: 68, timer_fd: 66, clock_event_id: 6842763, timer_event_id: 6842761, artificial_pending: false, artificial_signal_sent: false, cancelled: true, guest_pid: Pid(30435), guest_tid: Pid(30453), kernel_owner_tid: Pid(0) }), after: Some(ExecTimerIdentity { clock_fd: 68, timer_fd: 66, clock_event_id: 6842763, timer_event_id: 6842761, artificial_pending: false, artificial_signal_sent: false, cancelled: true, guest_pid: Pid(30435), guest_tid: Pid(30435), kernel_owner_tid: Pid(30435) }), displaced_fds_closed: true }


successes:
    tracer::tests::ordinary_nonleader_exec_displaced_hook_failure_fences_replacement
    tracer::tests::ordinary_nonleader_exec_postexec_timer_survives_internal_step
    tracer::tests::ordinary_nonleader_exec_real_signal_cancels_postexec_timer
    tracer::tests::ordinary_nonleader_exec_run_loop_echild_awaits_leader_exec_edge
    tracer::tests::ordinary_nonleader_exec_transfers_state_and_consumes_old_leader_once
    tracer::tests::ordinary_nonleader_injected_exec_echild_awaits_leader_exec_edge
    tracer::tests::ordinary_nonleader_success_preserves_exit_callbacks
    tracer::tests::ordinary_nonleader_tool_failure_cancels_pending_newborn_start
    tracer::tests::ordinary_nonleader_tool_failure_reaps_fork_descendants
    tracer::tests::ordinary_nonleader_tool_failure_reaps_threads_without_resuming
    tracer::tests::ordinary_nonleader_tool_failure_reaps_unhanded_fork_child
    tracer::tests::ordinary_nonleader_tool_failure_reaps_unhanded_vfork_child

test result: ok. 12 passed; 0 failed; 0 ignored; 0 measured; 353 filtered out; finished in 0.11s

