
running 12 tests
test tracer::tests::ordinary_nonleader_exec_displaced_hook_failure_fences_replacement ... ok
test tracer::tests::ordinary_nonleader_exec_transfers_state_and_consumes_old_leader_once ... ok
test tracer::tests::ordinary_nonleader_injected_exec_echild_awaits_leader_exec_edge ... ok
test tracer::tests::ordinary_nonleader_success_preserves_exit_callbacks ... ok
test tracer::tests::ordinary_nonleader_tool_failure_cancels_pending_newborn_start ... ok

running 1 test
test tracer::tests::ordinary_nonleader_tool_failure_reaps_fork_descendants ... 
running 1 test
test tracer::tests::ordinary_nonleader_tool_failure_reaps_fork_descendants ... fatal control raises original error in live tid 30970 (mode 1)
ordinary cleanup control: root=30965, descendant=30967, fail=true, fork=true, newborn=false, timeout=false, root_absent=true, descendant_absent=false, post_syscall=0, sentinel_untouched=true
fatal physical identity: tid=30965, initial=TraceeSnapshot { tgid: Pid(30965), ppid: Pid(30959), tracer_pid: Pid(30961), start_time: 13373667 }, proc_inode=2989500025, same_process=false, stat=Err(Os { code: 3, kind: Uncategorized, message: "No such process" }), status=Err(Os { code: 3, kind: Uncategorized, message: "No such process" }), pidfd_poll=1, pidfd_revents=17, pidfd_signal0=Err(ESRCH)
fatal physical identity: tid=30967, initial=TraceeSnapshot { tgid: Pid(30967), ppid: Pid(30965), tracer_pid: Pid(30961), start_time: 13373667 }, proc_inode=2989500033, same_process=true, stat=Ok("30967 (tracer::tests::) Z 30957 30680 30393 0 -1 4228172 22 0 0 0 0 0 0 0 30 10 1 0 13373667 0 0 18446744073709551615 0 0 0 0 0 0 0 3149824 1088 1 0 0 17 244 0 0 0 0 0 0 0 0 0 0 0 0 9\n"), status=Ok("State:\tZ (zombie); Tgid:\t30967; Pid:\t30967; PPid:\t30957; TracerPid:\t0"), pidfd_poll=1, pidfd_revents=1, pidfd_signal0=Ok(())
fatal original notifier: tid=30965, terminal=Ok(Some(Signaled(SIGKILL, false))), retired=true, held_stop=false
fatal original notifier: tid=30967, terminal=Ok(Some(Signaled(SIGKILL, false))), retired=true, held_stop=false
fatal original notifier: tid=30970, terminal=Ok(Some(Signaled(SIGKILL, false))), retired=true, held_stop=false
fatal chronology: Some((["RootStopLease step before: tid=30965, siginfo=Ok((19, -6)), terminal=Ok(None)", "RootStopLease step result: Ok(Running(Pid(30965), TraceeToken { event: EventHandle(EventGeneration { event: Event { exit_waiters: ExitWaiters { waiters: Mutex { data: [] } }, exit_publication: Mutex { data: () }, status_waker: WakerSlot { waker: Mutex { data: Some(Waker { data: 0x7f32e400b900, vtable: 0x55a7d5a3cb68 }) }, data: 0x7f32e400b900, vtable: 0x55a7d5a3cb68 }, status: Mutex { data: StatusState { pending: [], terminal: -1 } }, status_changed: Condvar { .. }, exit_status: 0, exit_capability: 0, exit_epoch: 0, registration_error: Mutex { data: None }, worker_state: 2, worker_done_lock: Mutex { data: () }, worker_done_changed: Condvar { .. }, cleanup_cancel_requested: false, cleanup_claim_waiters: 0, wait_owner: 2, wait_owner_lock: Mutex { data: () }, wait_owner_changed: Condvar { .. } }, identity: OnceLock(WorkerIdentity { pid: Pid(30965), snapshot: WorkerProcSnapshot { tgid: Pid(30965), tracer_pid: Pid(30961), start_time: 13373667 }, pidfd: OwnedFd { fd: 13 }, proc_dir: OwnedFd { fd: 15 }, proc_inode: 2989500025 }), authoritative: OnceLock(<uninit>) }) }))", "RootStopLease step before: tid=30965, siginfo=Ok((5, 1)), terminal=Ok(None)", "RootStopLease step result: Ok(Running(Pid(30965), TraceeToken { event: EventHandle(EventGeneration { event: Event { exit_waiters: ExitWaiters { waiters: Mutex { data: [] } }, exit_publication: Mutex { data: () }, status_waker: WakerSlot { waker: Mutex { data: Some(Waker { data: 0x7f32e400b900, vtable: 0x55a7d5a3cb68 }) }, data: 0x7f32e400b900, vtable: 0x55a7d5a3cb68 }, status: Mutex { data: StatusState { pending: [], terminal: -1 } }, status_changed: Condvar { .. }, exit_status: 0, exit_capability: 0, exit_epoch: 0, registration_error: Mutex { data: None }, worker_state: 2, worker_done_lock: Mutex { data: () }, worker_done_changed: Condvar { .. }, cleanup_cancel_requested: false, cleanup_claim_waiters: 0, wait_owner: 2, wait_owner_lock: Mutex { data: () }, wait_owner_changed: Condvar { .. } }, identity: OnceLock(WorkerIdentity { pid: Pid(30965), snapshot: WorkerProcSnapshot { tgid: Pid(30965), tracer_pid: Pid(30961), start_time: 13373667 }, pidfd: OwnedFd { fd: 13 }, proc_dir: OwnedFd { fd: 15 }, proc_inode: 2989500025 }), authoritative: OnceLock(<uninit>) }) }))", "RootStopLease step before: tid=30965, siginfo=Ok((5, 261)), terminal=Ok(None)", "RootStopLease step result: Ok(Running(Pid(30965), TraceeToken { event: EventHandle(EventGeneration { event: Event { exit_waiters: ExitWaiters { waiters: Mutex { data: [(Weak)] } }, exit_publication: Mutex { data: () }, status_waker: WakerSlot { waker: Mutex { data: Some(Waker { data: 0x7f32e400b900, vtable: 0x55a7d5a3cb68 }) }, data: 0x7f32e400b900, vtable: 0x55a7d5a3cb68 }, status: Mutex { data: StatusState { pending: [], terminal: -1 } }, status_changed: Condvar { .. }, exit_status: 0, exit_capability: 0, exit_epoch: 0, registration_error: Mutex { data: None }, worker_state: 2, worker_done_lock: Mutex { data: () }, worker_done_changed: Condvar { .. }, cleanup_cancel_requested: false, cleanup_claim_waiters: 0, wait_owner: 2, wait_owner_lock: Mutex { data: () }, wait_owner_changed: Condvar { .. } }, identity: OnceLock(WorkerIdentity { pid: Pid(30965), snapshot: WorkerProcSnapshot { tgid: Pid(30965), tracer_pid: Pid(30961), start_time: 13373667 }, pidfd: OwnedFd { fd: 13 }, proc_dir: OwnedFd { fd: 15 }, proc_inode: 2989500025 }), authoritative: OnceLock(<uninit>) }) }))", "RootStopLease step before: tid=30965, siginfo=Ok((5, 773)), terminal=Ok(None)", "RootStopLease step result: Ok(Running(Pid(30965), TraceeToken { event: EventHandle(EventGeneration { event: Event { exit_waiters: ExitWaiters { waiters: Mutex { data: [(Weak)] } }, exit_publication: Mutex { data: () }, status_waker: WakerSlot { waker: Mutex { data: Some(Waker { data: 0x7f32e400b900, vtable: 0x55a7d5a3cb68 }) }, data: 0x7f32e400b900, vtable: 0x55a7d5a3cb68 }, status: Mutex { data: StatusState { pending: [], terminal: -1 } }, status_changed: Condvar { .. }, exit_status: 0, exit_capability: 0, exit_epoch: 0, registration_error: Mutex { data: None }, worker_state: 2, worker_done_lock: Mutex { data: () }, worker_done_changed: Condvar { .. }, cleanup_cancel_requested: false, cleanup_claim_waiters: 0, wait_owner: 2, wait_owner_lock: Mutex { data: () }, wait_owner_changed: Condvar { .. } }, identity: OnceLock(WorkerIdentity { pid: Pid(30965), snapshot: WorkerProcSnapshot { tgid: Pid(30965), tracer_pid: Pid(30961), start_time: 13373667 }, pidfd: OwnedFd { fd: 13 }, proc_dir: OwnedFd { fd: 15 }, proc_inode: 2989500025 }), authoritative: OnceLock(<uninit>) }) }))", "finish_ordinary_terminal entered: Ok(Stopped(Pid(30965), TraceeToken { event: EventHandle(EventGeneration { event: Event { exit_waiters: ExitWaiters { waiters: Mutex { data: [(Weak)] } }, exit_publication: Mutex { data: () }, status_waker: WakerSlot { waker: Mutex { data: Some(Waker { data: 0x7f32e400b900, vtable: 0x55a7d5a3cb68 }) }, data: 0x7f32e400b900, vtable: 0x55a7d5a3cb68 }, status: Mutex { data: StatusState { pending: [], terminal: -1 } }, status_changed: Condvar { .. }, exit_status: 1, exit_capability: 2, exit_epoch: 0, registration_error: Mutex { data: None }, worker_state: 2, worker_done_lock: Mutex { data: () }, worker_done_changed: Condvar { .. }, cleanup_cancel_requested: false, cleanup_claim_waiters: 0, wait_owner: 2, wait_owner_lock: Mutex { data: () }, wait_owner_changed: Condvar { .. } }, identity: OnceLock(WorkerIdentity { pid: Pid(30965), snapshot: WorkerProcSnapshot { tgid: Pid(30965), tracer_pid: Pid(30961), start_time: 13373667 }, pidfd: OwnedFd { fd: 13 }, proc_dir: OwnedFd { fd: 15 }, proc_inode: 2989500025 }), authoritative: OnceLock(<uninit>) }) }))", "finish getevent: tid=30965, result=Ok(9), terminal=Ok(None), retired=false", "finish_ordinary_terminal entered: Ok(Stopped(Pid(30967), TraceeToken { event: EventHandle(EventGeneration { event: Event { exit_waiters: ExitWaiters { waiters: Mutex { data: [(Weak)] } }, exit_publication: Mutex { data: () }, status_waker: WakerSlot { waker: Mutex { data: Some(Waker { data: 0x7f32e4032f80, vtable: 0x55a7d5a3d010 }) }, data: 0x7f32e4032f80, vtable: 0x55a7d5a3d010 }, status: Mutex { data: StatusState { pending: [], terminal: -1 } }, status_changed: Condvar { .. }, exit_status: 1, exit_capability: 2, exit_epoch: 0, registration_error: Mutex { data: None }, worker_state: 2, worker_done_lock: Mutex { data: () }, worker_done_changed: Condvar { .. }, cleanup_cancel_requested: false, cleanup_claim_waiters: 0, wait_owner: 2, wait_owner_lock: Mutex { data: () }, wait_owner_changed: Condvar { .. } }, identity: OnceLock(WorkerIdentity { pid: Pid(30967), snapshot: WorkerProcSnapshot { tgid: Pid(30967), tracer_pid: Pid(30961), start_time: 13373667 }, pidfd: OwnedFd { fd: 32 }, proc_dir: OwnedFd { fd: 33 }, proc_inode: 2989500033 }), authoritative: OnceLock(<uninit>) }) }))", "finish getevent: tid=30967, result=Ok(9), terminal=Ok(None), retired=false", "finish_ordinary_terminal entered: Ok(Stopped(Pid(30970), TraceeToken { event: EventHandle(EventGeneration { event: Event { exit_waiters: ExitWaiters { waiters: Mutex { data: [(Weak)] } }, exit_publication: Mutex { data: () }, status_waker: WakerSlot { waker: Mutex { data: Some(Waker { data: 0x7f32e4044180, vtable: 0x55a7d5a3d010 }) }, data: 0x7f32e4044180, vtable: 0x55a7d5a3d010 }, status: Mutex { data: StatusState { pending: [], terminal: -1 } }, status_changed: Condvar { .. }, exit_status: 1, exit_capability: 2, exit_epoch: 0, registration_error: Mutex { data: None }, worker_state: 2, worker_done_lock: Mutex { data: () }, worker_done_changed: Condvar { .. }, cleanup_cancel_requested: false, cleanup_claim_waiters: 0, wait_owner: 2, wait_owner_lock: Mutex { data: () }, wait_owner_changed: Condvar { .. } }, identity: OnceLock(WorkerIdentity { pid: Pid(30970), snapshot: WorkerProcSnapshot { tgid: Pid(30965), tracer_pid: Pid(30961), start_time: 13373667 }, pidfd: OwnedFd { fd: 42 }, proc_dir: OwnedFd { fd: 43 }, proc_inode: 2989500038 }), authoritative: OnceLock(<uninit>) }) }))", "finish getevent: tid=30970, result=Ok(9), terminal=Ok(None), retired=false"], 0))
fatal legacy result: error(Tool(ordinary nonleader failure control)), original_nonleader=true; consuming hooks: Some([(Pid(30965), None), (Pid(30967), None), (Pid(30970), None), (Pid(30967), Some(Signaled(SIGKILL, false))), (Pid(30970), Some(Signaled(SIGKILL, false))), (Pid(30965), Some(Signaled(SIGKILL, false)))])
natural-reaper product predicate: opponent=false, ready=true, root=30965, child=30967, start=13373667, inode=2989500033, backend_sigkill=1, terminal_ack=1, original_error=1, post_syscall=0, callbacks_valid=1, zombie=true, tracer=0
owned held zombie: child=30967, status=SIGKILL, WNOWAIT=true, proc_present=true
actual natural wait: child=30967, status=SIGKILL, root_absent=true, child_absent=true, remaining_ns=2987241134
ok

test result: ok. 1 passed; 0 failed; 0 ignored; 0 measured; 364 filtered out; finished in 0.01s

ok

test result: ok. 1 passed; 0 failed; 0 ignored; 0 measured; 364 filtered out; finished in 0.01s

test tracer::tests::ordinary_nonleader_tool_failure_reaps_fork_descendants ... ok
test tracer::tests::ordinary_nonleader_exec_postexec_timer_survives_internal_step ... ok
test tracer::tests::ordinary_nonleader_exec_real_signal_cancels_postexec_timer ... ok

running 1 test
test tracer::tests::ordinary_nonleader_tool_failure_reaps_unhanded_fork_child ... 
running 1 test
test tracer::tests::ordinary_nonleader_tool_failure_reaps_unhanded_vfork_child ... 
running 1 test
test tracer::tests::ordinary_nonleader_tool_failure_reaps_unhanded_fork_child ... 
running 1 test
test tracer::tests::ordinary_nonleader_tool_failure_reaps_unhanded_vfork_child ... test tracer::tests::ordinary_nonleader_tool_failure_reaps_threads_without_resuming ... ok
test tracer::tests::ordinary_nonleader_exec_run_loop_echild_awaits_leader_exec_edge ... ok
fatal control raises original error in live tid 31006 (mode 3)
fatal control raises original error in live tid 31009 (mode 3)
unhanded real child edges: [(Pid(30996), Clone, Pid(31006)), (Pid(30996), Fork, Pid(31011))]; child_body=0
unhanded original generation resource retention: groups/vfork/unconfirmed=(0, 0, 0), opponent=false
unhanded real child edges: [(Pid(30998), Clone, Pid(31009)), (Pid(30998), Vfork, Pid(31013))]; child_body=0
unhanded original generation resource retention: groups/vfork/unconfirmed=(0, 0, 0), opponent=false
natural-reaper product predicate: opponent=false, ready=true, root=30996, child=31011, start=13373669, inode=2988745492, backend_sigkill=1, terminal_ack=1, original_error=1, post_syscall=0, callbacks_valid=1, zombie=true, tracer=0
owned held zombie: child=31011, status=SIGKILL, WNOWAIT=true, proc_present=true
actual natural wait: child=31011, status=SIGKILL, root_absent=true, child_absent=true, remaining_ns=2996490331
natural-reaper product predicate: opponent=false, ready=true, root=30998, child=31013, start=13373669, inode=2989330249, backend_sigkill=1, terminal_ack=1, original_error=1ok, post_syscall=
0
, callbacks_valid=test result: 1ok, zombie=. 1 passed; 0 failed; 0 ignored; 0 measured; 364 filtered outtrue; finished in 0.01s, tracer=

0
owned held zombie: child=31013, status=SIGKILL, WNOWAIT=true, proc_present=true
actual natural wait: child=31013, status=SIGKILL, root_absent=true, child_absent=true, remaining_ns=2996721157
ok

test result: ok. 1 passed; 0 failed; 0 ignored; 0 measured; 364 filtered out; finished in 0.01s

ok

test result: ok. 1 passed; 0 failed; 0 ignored; 0 measured; 364 filtered out; finished in 0.01s

ok

test result: ok. 1 passed; 0 failed; 0 ignored; 0 measured; 364 filtered out; finished in 0.01s

test tracer::tests::ordinary_nonleader_tool_failure_reaps_unhanded_fork_child ... ok
test tracer::tests::ordinary_nonleader_tool_failure_reaps_unhanded_vfork_child ... ok

successes:

---- tracer::tests::ordinary_nonleader_exec_displaced_hook_failure_fences_replacement stdout ----
exec timer payload: /tmp/reverie-fatal-exec-timer-30693
PROBE[exec-edge-ok] t=133736639189737 (dt=2254us) caller=30833 target=30829 what=WAITID(P_PIDFD) thread=Some("guest-30829") result=Ok(Some("0x137f")) rc=0 site=safeptrace/src/notifier.rs:1858
PROBE[exec-edge-ok] t=133736639503508 (dt=1941us) caller=30694 target=30829 what=PTRACE_SINGLESTEP(None) rc=0 site=reverie-ptrace/src/task.rs:2719
PROBE[exec-edge-ok] t=133736639533002 (dt=1911us) caller=30833 target=30829 what=WAITID(P_PIDFD) thread=Some("guest-30829") result=Ok(Some("0x57f")) rc=0 site=safeptrace/src/notifier.rs:1858
PROBE[exec-edge-ok] t=133736639638851 (dt=1805us) caller=30694 target=30829 what=PTRACE_SINGLESTEP(None) rc=0 site=reverie-ptrace/src/task.rs:5455
PROBE[exec-edge-ok] t=133736639650979 (dt=1793us) caller=30833 target=30829 what=WAITID(P_PIDFD) thread=Some("guest-30829") result=Ok(Some("0x57f")) rc=0 site=safeptrace/src/notifier.rs:1858
PROBE[exec-edge-ok] t=133736639845812 (dt=1598us) caller=30694 target=30829 what=PTRACE_CONT(resume,None) rc=0 site=reverie-ptrace/src/task.rs:5444
PROBE[exec-edge-ok] t=133736639975056 (dt=1469us) caller=30833 target=30829 what=WAITID(P_PIDFD) thread=Some("guest-30829") result=Ok(Some("0x3057f")) rc=0 site=safeptrace/src/notifier.rs:1858
PROBE[exec-edge-ok] t=133736639988566 (dt=1456us) caller=30694 target=30829 what=GETEVENTMSG-before rc=0 site=safeptrace/src/lib.rs:234
PROBE[exec-edge-ok] t=133736639991601 (dt=1453us) caller=30694 target=30829 what=GETEVENTMSG-after rc=30839 site=safeptrace/src/lib.rs:234
PROBE[exec-edge-ok] t=133736640446433 (dt=998us) caller=30840 target=30839 what=WAITID(P_PIDFD) thread=Some("guest-30839") result=Ok(Some("0x137f")) rc=0 site=safeptrace/src/notifier.rs:1858
PROBE[exec-edge-ok] t=133736640683419 (dt=761us) caller=30694 target=30829 what=PTRACE_SINGLESTEP(None) rc=0 site=reverie-ptrace/src/task.rs:5455
PROBE[exec-edge-ok] t=133736640694977 (dt=749us) caller=30833 target=30829 what=WAITID(P_PIDFD) thread=Some("guest-30829") result=Ok(Some("0x57f")) rc=0 site=safeptrace/src/notifier.rs:1858
PROBE[exec-edge-ok] t=133736640744111 (dt=700us) caller=30694 target=30839 what=PTRACE_CONT(resume,None) rc=0 site=reverie-ptrace/src/task.rs:5444
PROBE[exec-edge-ok] t=133736640792253 (dt=652us) caller=30694 target=30829 what=PTRACE_CONT(resume,None) rc=0 site=reverie-ptrace/src/task.rs:5444
PROBE[exec-edge-ok] t=133736640930911 (dt=513us) caller=30833 target=30829 what=WAITID(P_PIDFD) thread=Some("guest-30829") result=Ok(Some("0x6057f")) rc=0 site=safeptrace/src/notifier.rs:1858
PROBE[exec-edge-ok] t=133736640951802 (dt=492us) caller=30694 target=30829 what=drive_ordinary: ExitFuture resolved ok=true main=true rc=0 site=reverie-ptrace/src/task.rs:6946
PROBE[exec-edge-ok] t=133736640957941 (dt=486us) caller=30694 target=30829 what=finish_ordinary_terminal entered with Ok(Stopped) rc=0 site=reverie-ptrace/src/tracer.rs:543
PROBE[exec-edge-ok] t=133736640959744 (dt=484us) caller=30694 target=30829 what=GETEVENTMSG-before rc=0 site=reverie-ptrace/src/tracer.rs:556
PROBE[exec-edge-ok] t=133736640961858 (dt=482us) caller=30694 target=30829 what=GETEVENTMSG-after rc=0 site=reverie-ptrace/src/tracer.rs:556
PROBE[exec-edge-ok] t=133736640969569 (dt=475us) caller=30694 target=30829 what=PTRACE_CONT(resume_retaining,None) rc=0 site=reverie-ptrace/src/tracer.rs:613
PROBE[exec-edge-ok] t=133736641011853 (dt=432us) caller=30840 target=30839 what=WAITID(P_PIDFD) thread=Some("guest-30839") result=Err(ECHILD) rc=0 site=safeptrace/src/notifier.rs:1858
PROBE[exec-edge-ok] t=133736641091622 (dt=353us) caller=30694 target=30839 what=drive_ordinary: ExitFuture resolved ok=false main=false rc=0 site=reverie-ptrace/src/task.rs:6946
PROBE[exec-edge-ok] t=133736641281647 (dt=163us) caller=30833 target=30829 what=WAITID(P_PIDFD) thread=Some("guest-30829") result=Ok(Some("0x4057f")) rc=0 site=safeptrace/src/notifier.rs:1858
PROBE[exec-edge-ok] t=133736641293035 (dt=151us) caller=30694 target=30829 what=GETEVENTMSG-before rc=0 site=safeptrace/src/lib.rs:246
PROBE[exec-edge-ok] t=133736641296790 (dt=147us) caller=30694 target=30829 what=GETEVENTMSG-after rc=30839 site=safeptrace/src/lib.rs:246
PROBE[exec-edge-ok] t=133736641444102 (dt=0us) caller=30694 target=30829 what=EXEC-EDGE observed former=30839 exit_status=Some(Exited(0)) esrch=None snapshot: [task 30829: State: t (tracing stop) | Pid: 30829 | TracerPid: 30694 | SigPnd: 0000000000000000 | ShdPnd: 0000000000000000 | stat.state=t stat.exit_code=0 | wchan=ptrace_stop] rc=0 site=reverie-ptrace/src/tracer.rs:675
actual delivered marker observations: tracer=30693, rows=[]
exec owner before rescue: fail=true, timer_mode=0, root_absent=true, events=[(0, Pid(30829), 30829, None), (0, Pid(30839), 30839, None), (2, Pid(30829), 30829, Some(Exited(0))), (2, Pid(30829), 30839, Some(Signaled(SIGKILL, false))), (3, Pid(30829), 0, Some(Signaled(SIGKILL, false)))], elapsed=40.455038ms, outcome=Complete(Err(PtraceRunFailure { primary: Tool(ordinary nonleader failure control), origin: BackendFailure { pid: Pid(30829), tid: Pid(30829), phase: "ptrace replaced leader on_exit_thread" }, secondary: [], captured_prefix: Some(CapturedPrefix { stdout: [], stderr: [] }) }))
actual perf exec handoff: ExecTimerTransfer { displaced: Some(ExecTimerIdentity { clock_fd: 38, timer_fd: 37, clock_event_id: 6842856, timer_event_id: 6842855, artificial_pending: false, artificial_signal_sent: false, cancelled: true, guest_pid: Pid(30829), guest_tid: Pid(30829), kernel_owner_tid: Pid(30829) }), before: Some(ExecTimerIdentity { clock_fd: 61, timer_fd: 60, clock_event_id: 6842858, timer_event_id: 6842857, artificial_pending: false, artificial_signal_sent: false, cancelled: true, guest_pid: Pid(30829), guest_tid: Pid(30839), kernel_owner_tid: Pid(0) }), after: Some(ExecTimerIdentity { clock_fd: 61, timer_fd: 60, clock_event_id: 6842858, timer_event_id: 6842857, artificial_pending: false, artificial_signal_sent: false, cancelled: true, guest_pid: Pid(30829), guest_tid: Pid(30829), kernel_owner_tid: Pid(30829) }), displaced_fds_closed: true }

---- tracer::tests::ordinary_nonleader_exec_transfers_state_and_consumes_old_leader_once stdout ----
PROBE[exec-edge-ok] t=133736643200899 (dt=2917us) caller=30845 target=30843 what=WAITID(P_PIDFD) thread=Some("guest-30843") result=Ok(Some("0x137f")) rc=0 site=safeptrace/src/notifier.rs:1858
PROBE[exec-edge-ok] t=133736643608901 (dt=2509us) caller=30842 target=30843 what=PTRACE_SINGLESTEP(None) rc=0 site=reverie-ptrace/src/task.rs:2719
PROBE[exec-edge-ok] t=133736643661511 (dt=2456us) caller=30845 target=30843 what=WAITID(P_PIDFD) thread=Some("guest-30843") result=Ok(Some("0x57f")) rc=0 site=safeptrace/src/notifier.rs:1858
PROBE[exec-edge-ok] t=133736643798506 (dt=2319us) caller=30842 target=30843 what=PTRACE_SINGLESTEP(None) rc=0 site=reverie-ptrace/src/task.rs:5455
PROBE[exec-edge-ok] t=133736643814801 (dt=2303us) caller=30845 target=30843 what=WAITID(P_PIDFD) thread=Some("guest-30843") result=Ok(Some("0x57f")) rc=0 site=safeptrace/src/notifier.rs:1858
PROBE[exec-edge-ok] t=133736644130415 (dt=1988us) caller=30842 target=30843 what=PTRACE_CONT(resume,None) rc=0 site=reverie-ptrace/src/task.rs:5444
PROBE[exec-edge-ok] t=133736644261692 (dt=1856us) caller=30845 target=30843 what=WAITID(P_PIDFD) thread=Some("guest-30843") result=Ok(Some("0x3057f")) rc=0 site=safeptrace/src/notifier.rs:1858
PROBE[exec-edge-ok] t=133736644327400 (dt=1791us) caller=30842 target=30843 what=GETEVENTMSG-before rc=0 site=safeptrace/src/lib.rs:234
PROBE[exec-edge-ok] t=133736644334541 (dt=1783us) caller=30842 target=30843 what=GETEVENTMSG-after rc=30849 site=safeptrace/src/lib.rs:234
PROBE[exec-edge-ok] t=133736644807221 (dt=1311us) caller=30854 target=30849 what=WAITID(P_PIDFD) thread=Some("guest-30849") result=Ok(Some("0x137f")) rc=0 site=safeptrace/src/notifier.rs:1858
PROBE[exec-edge-ok] t=133736645120361 (dt=998us) caller=30842 target=30843 what=PTRACE_SINGLESTEP(None) rc=0 site=reverie-ptrace/src/task.rs:5455
PROBE[exec-edge-ok] t=133736645134151 (dt=984us) caller=30845 target=30843 what=WAITID(P_PIDFD) thread=Some("guest-30843") result=Ok(Some("0x57f")) rc=0 site=safeptrace/src/notifier.rs:1858
PROBE[exec-edge-ok] t=133736645215954 (dt=902us) caller=30842 target=30849 what=PTRACE_CONT(resume,None) rc=0 site=reverie-ptrace/src/task.rs:5444
PROBE[exec-edge-ok] t=133736645280421 (dt=837us) caller=30842 target=30843 what=PTRACE_CONT(resume,None) rc=0 site=reverie-ptrace/src/task.rs:5444
PROBE[exec-edge-ok] t=133736645454813 (dt=663us) caller=30845 target=30843 what=WAITID(P_PIDFD) thread=Some("guest-30843") result=Ok(Some("0x6057f")) rc=0 site=safeptrace/src/notifier.rs:1858
PROBE[exec-edge-ok] t=133736645488574 (dt=629us) caller=30842 target=30843 what=drive_ordinary: ExitFuture resolved ok=true main=true rc=0 site=reverie-ptrace/src/task.rs:6946
PROBE[exec-edge-ok] t=133736645496586 (dt=621us) caller=30842 target=30843 what=finish_ordinary_terminal entered with Ok(Stopped) rc=0 site=reverie-ptrace/src/tracer.rs:543
PROBE[exec-edge-ok] t=133736645498889 (dt=619us) caller=30842 target=30843 what=GETEVENTMSG-before rc=0 site=reverie-ptrace/src/tracer.rs:556
PROBE[exec-edge-ok] t=133736645501073 (dt=617us) caller=30842 target=30843 what=GETEVENTMSG-after rc=0 site=reverie-ptrace/src/tracer.rs:556
PROBE[exec-edge-ok] t=133736645504788 (dt=613us) caller=30842 target=30843 what=PTRACE_CONT(resume_retaining,None) rc=0 site=reverie-ptrace/src/tracer.rs:613
PROBE[exec-edge-ok] t=133736645551238 (dt=567us) caller=30854 target=30849 what=WAITID(P_PIDFD) thread=Some("guest-30849") result=Err(ECHILD) rc=0 site=safeptrace/src/notifier.rs:1858
PROBE[exec-edge-ok] t=133736645585720 (dt=532us) caller=30842 target=30849 what=drive_ordinary: ExitFuture resolved ok=false main=false rc=0 site=reverie-ptrace/src/task.rs:6946
PROBE[exec-edge-ok] t=133736645930077 (dt=188us) caller=30845 target=30843 what=WAITID(P_PIDFD) thread=Some("guest-30843") result=Ok(Some("0x4057f")) rc=0 site=safeptrace/src/notifier.rs:1858
PROBE[exec-edge-ok] t=133736645955525 (dt=162us) caller=30842 target=30843 what=GETEVENTMSG-before rc=0 site=safeptrace/src/lib.rs:246
PROBE[exec-edge-ok] t=133736645959310 (dt=159us) caller=30842 target=30843 what=GETEVENTMSG-after rc=30849 site=safeptrace/src/lib.rs:246
PROBE[exec-edge-ok] t=133736646117578 (dt=0us) caller=30842 target=30843 what=EXEC-EDGE observed former=30849 exit_status=Some(Exited(0)) esrch=None snapshot: [task 30843: State: t (tracing stop) | Pid: 30843 | TracerPid: 30842 | SigPnd: 0000000000000000 | ShdPnd: 0000000000000000 | stat.state=t stat.exit_code=0 | wchan=ptrace_stop] rc=0 site=reverie-ptrace/src/tracer.rs:675
actual delivered marker observations: tracer=30693, rows=[(30843, 16, 1, 65, 150581, false, false)]
exec owner before rescue: fail=false, timer_mode=0, root_absent=true, events=[(0, Pid(30843), 30843, None), (0, Pid(30849), 30849, None), (2, Pid(30843), 30843, Some(Exited(0))), (1, Pid(30843), 30849, None), (5, Pid(30843), 50559, None), (9, Pid(30843), 150581, None), (4, Pid(30843), 30849, None), (6, Pid(30843), 1050804, None), (2, Pid(30843), 30849, Some(Exited(0))), (3, Pid(30843), 0, Some(Exited(0)))], elapsed=5.499276ms, outcome=Complete(Ok(Output { status: Exited(0), stdout: "survived", stderr: "" }))
actual perf exec handoff: ExecTimerTransfer { displaced: Some(ExecTimerIdentity { clock_fd: 38, timer_fd: 37, clock_event_id: 6842860, timer_event_id: 6842859, artificial_pending: false, artificial_signal_sent: false, cancelled: true, guest_pid: Pid(30843), guest_tid: Pid(30843), kernel_owner_tid: Pid(30843) }), before: Some(ExecTimerIdentity { clock_fd: 61, timer_fd: 60, clock_event_id: 6842862, timer_event_id: 6842861, artificial_pending: false, artificial_signal_sent: false, cancelled: true, guest_pid: Pid(30843), guest_tid: Pid(30849), kernel_owner_tid: Pid(0) }), after: Some(ExecTimerIdentity { clock_fd: 61, timer_fd: 60, clock_event_id: 6842862, timer_event_id: 6842861, artificial_pending: false, artificial_signal_sent: false, cancelled: true, guest_pid: Pid(30843), guest_tid: Pid(30843), kernel_owner_tid: Pid(30843) }), displaced_fds_closed: true }

---- tracer::tests::ordinary_nonleader_injected_exec_echild_awaits_leader_exec_edge stdout ----
PROBE[exec-edge-ok] t=133736649081778 (dt=2857us) caller=30890 target=30885 what=WAITID(P_PIDFD) thread=Some("guest-30885") result=Ok(Some("0x137f")) rc=0 site=safeptrace/src/notifier.rs:1858
PROBE[exec-edge-ok] t=133736649545034 (dt=2394us) caller=30881 target=30885 what=PTRACE_SINGLESTEP(None) rc=0 site=reverie-ptrace/src/task.rs:2719
PROBE[exec-edge-ok] t=133736649588710 (dt=2350us) caller=30890 target=30885 what=WAITID(P_PIDFD) thread=Some("guest-30885") result=Ok(Some("0x57f")) rc=0 site=safeptrace/src/notifier.rs:1858
PROBE[exec-edge-ok] t=133736649724944 (dt=2214us) caller=30881 target=30885 what=PTRACE_SINGLESTEP(None) rc=0 site=reverie-ptrace/src/task.rs:5455
PROBE[exec-edge-ok] t=133736649738294 (dt=2200us) caller=30890 target=30885 what=WAITID(P_PIDFD) thread=Some("guest-30885") result=Ok(Some("0x57f")) rc=0 site=safeptrace/src/notifier.rs:1858
PROBE[exec-edge-ok] t=133736649951164 (dt=1987us) caller=30881 target=30885 what=PTRACE_CONT(resume,None) rc=0 site=reverie-ptrace/src/task.rs:5444
PROBE[exec-edge-ok] t=133736650158966 (dt=1780us) caller=30890 target=30885 what=WAITID(P_PIDFD) thread=Some("guest-30885") result=Ok(Some("0x3057f")) rc=0 site=safeptrace/src/notifier.rs:1858
PROBE[exec-edge-ok] t=133736650172426 (dt=1766us) caller=30881 target=30885 what=GETEVENTMSG-before rc=0 site=safeptrace/src/lib.rs:234
PROBE[exec-edge-ok] t=133736650176462 (dt=1762us) caller=30881 target=30885 what=GETEVENTMSG-after rc=30897 site=safeptrace/src/lib.rs:234
PROBE[exec-edge-ok] t=133736650583894 (dt=1355us) caller=30899 target=30897 what=WAITID(P_PIDFD) thread=Some("guest-30897") result=Ok(Some("0x137f")) rc=0 site=safeptrace/src/notifier.rs:1858
PROBE[exec-edge-ok] t=133736650881761 (dt=1057us) caller=30881 target=30885 what=PTRACE_SINGLESTEP(None) rc=0 site=reverie-ptrace/src/task.rs:5455
PROBE[exec-edge-ok] t=133736650892848 (dt=1046us) caller=30890 target=30885 what=WAITID(P_PIDFD) thread=Some("guest-30885") result=Ok(Some("0x57f")) rc=0 site=safeptrace/src/notifier.rs:1858
PROBE[exec-edge-ok] t=133736650941470 (dt=997us) caller=30881 target=30897 what=PTRACE_CONT(resume,None) rc=0 site=reverie-ptrace/src/task.rs:5444
PROBE[exec-edge-ok] t=133736650992257 (dt=946us) caller=30881 target=30885 what=PTRACE_CONT(resume,None) rc=0 site=reverie-ptrace/src/task.rs:5444
PROBE[exec-edge-ok] t=133736651093959 (dt=845us) caller=30899 target=30897 what=WAITID(P_PIDFD) thread=Some("guest-30897") result=Ok(Some("0x7057f")) rc=0 site=safeptrace/src/notifier.rs:1858
PROBE[exec-edge-ok] t=133736651212147 (dt=726us) caller=30881 target=30897 what=PTRACE_SYSCALL(None) rc=0 site=reverie-ptrace/src/task.rs:5466
PROBE[exec-edge-ok] t=133736651368922 (dt=570us) caller=30890 target=30885 what=WAITID(P_PIDFD) thread=Some("guest-30885") result=Ok(Some("0x6057f")) rc=0 site=safeptrace/src/notifier.rs:1858
PROBE[exec-edge-ok] t=133736651396724 (dt=542us) caller=30881 target=30885 what=drive_ordinary: ExitFuture resolved ok=true main=true rc=0 site=reverie-ptrace/src/task.rs:6946
PROBE[exec-edge-ok] t=133736651404135 (dt=534us) caller=30881 target=30885 what=finish_ordinary_terminal entered with Ok(Stopped) rc=0 site=reverie-ptrace/src/tracer.rs:543
PROBE[exec-edge-ok] t=133736651406759 (dt=532us) caller=30881 target=30885 what=GETEVENTMSG-before rc=0 site=reverie-ptrace/src/tracer.rs:556
PROBE[exec-edge-ok] t=133736651408402 (dt=530us) caller=30881 target=30885 what=GETEVENTMSG-after rc=0 site=reverie-ptrace/src/tracer.rs:556
PROBE[exec-edge-ok] t=133736651412618 (dt=526us) caller=30881 target=30885 what=PTRACE_CONT(resume_retaining,None) rc=0 site=reverie-ptrace/src/tracer.rs:613
PROBE[exec-edge-ok] t=133736651451216 (dt=487us) caller=30899 target=30897 what=WAITID(P_PIDFD) thread=Some("guest-30897") result=Err(ECHILD) rc=0 site=safeptrace/src/notifier.rs:1858
PROBE[exec-edge-ok] t=133736651783886 (dt=155us) caller=30890 target=30885 what=WAITID(P_PIDFD) thread=Some("guest-30885") result=Ok(Some("0x4057f")) rc=0 site=safeptrace/src/notifier.rs:1858
PROBE[exec-edge-ok] t=133736651792298 (dt=146us) caller=30881 target=30885 what=GETEVENTMSG-before rc=0 site=safeptrace/src/lib.rs:246
PROBE[exec-edge-ok] t=133736651794061 (dt=145us) caller=30881 target=30885 what=GETEVENTMSG-after rc=30897 site=safeptrace/src/lib.rs:246
PROBE[exec-edge-ok] t=133736651938527 (dt=0us) caller=30881 target=30885 what=EXEC-EDGE observed former=30897 exit_status=Some(Exited(0)) esrch=None snapshot: [task 30885: State: t (tracing stop) | Pid: 30885 | TracerPid: 30881 | SigPnd: 0000000000000000 | ShdPnd: 0000000000000000 | stat.state=t stat.exit_code=0 | wchan=ptrace_stop] rc=0 site=reverie-ptrace/src/tracer.rs:675

---- tracer::tests::ordinary_nonleader_success_preserves_exit_callbacks stdout ----
ordinary cleanup control: root=30920, descendant=0, fail=false, fork=false, newborn=false, timeout=false, root_absent=true, descendant_absent=true, post_syscall=1, sentinel_untouched=true
fatal physical identity: tid=30920, initial=TraceeSnapshot { tgid: Pid(30920), ppid: Pid(30693), tracer_pid: Pid(30909), start_time: 13373665 }, proc_inode=2989949954, same_process=false, stat=Err(Os { code: 3, kind: Uncategorized, message: "No such process" }), status=Err(Os { code: 3, kind: Uncategorized, message: "No such process" }), pidfd_poll=1, pidfd_revents=17, pidfd_signal0=Err(ESRCH)
fatal original notifier: tid=30920, terminal=Ok(Some(Exited(0))), retired=true, held_stop=false
fatal original notifier: tid=30925, terminal=Ok(Some(Exited(0))), retired=true, held_stop=false
fatal chronology: Some((["RootStopLease step before: tid=30920, siginfo=Ok((19, -6)), terminal=Ok(None)", "RootStopLease step result: Ok(Running(Pid(30920), TraceeToken { event: EventHandle(EventGeneration { event: Event { exit_waiters: ExitWaiters { waiters: Mutex { data: [] } }, exit_publication: Mutex { data: () }, status_waker: WakerSlot { waker: Mutex { data: Some(Waker { data: 0x7efff0015900, vtable: 0x5575d5daeb68 }) }, data: 0x7efff0015900, vtable: 0x5575d5daeb68 }, status: Mutex { data: StatusState { pending: [], terminal: -1 } }, status_changed: Condvar { .. }, exit_status: 0, exit_capability: 0, exit_epoch: 0, registration_error: Mutex { data: None }, worker_state: 2, worker_done_lock: Mutex { data: () }, worker_done_changed: Condvar { .. }, cleanup_cancel_requested: false, cleanup_claim_waiters: 0, wait_owner: 2, wait_owner_lock: Mutex { data: () }, wait_owner_changed: Condvar { .. } }, identity: OnceLock(WorkerIdentity { pid: Pid(30920), snapshot: WorkerProcSnapshot { tgid: Pid(30920), tracer_pid: Pid(30909), start_time: 13373665 }, pidfd: OwnedFd { fd: 36 }, proc_dir: OwnedFd { fd: 38 }, proc_inode: 2989949954 }), authoritative: OnceLock(<uninit>) }) }))", "RootStopLease step before: tid=30920, siginfo=Ok((5, 1)), terminal=Ok(None)", "RootStopLease step result: Ok(Running(Pid(30920), TraceeToken { event: EventHandle(EventGeneration { event: Event { exit_waiters: ExitWaiters { waiters: Mutex { data: [] } }, exit_publication: Mutex { data: () }, status_waker: WakerSlot { waker: Mutex { data: Some(Waker { data: 0x7efff0015900, vtable: 0x5575d5daeb68 }) }, data: 0x7efff0015900, vtable: 0x5575d5daeb68 }, status: Mutex { data: StatusState { pending: [], terminal: -1 } }, status_changed: Condvar { .. }, exit_status: 0, exit_capability: 0, exit_epoch: 0, registration_error: Mutex { data: None }, worker_state: 2, worker_done_lock: Mutex { data: () }, worker_done_changed: Condvar { .. }, cleanup_cancel_requested: false, cleanup_claim_waiters: 0, wait_owner: 2, wait_owner_lock: Mutex { data: () }, wait_owner_changed: Condvar { .. } }, identity: OnceLock(WorkerIdentity { pid: Pid(30920), snapshot: WorkerProcSnapshot { tgid: Pid(30920), tracer_pid: Pid(30909), start_time: 13373665 }, pidfd: OwnedFd { fd: 36 }, proc_dir: OwnedFd { fd: 38 }, proc_inode: 2989949954 }), authoritative: OnceLock(<uninit>) }) }))", "RootStopLease step before: tid=30920, siginfo=Ok((5, 773)), terminal=Ok(None)", "RootStopLease step result: Ok(Running(Pid(30920), TraceeToken { event: EventHandle(EventGeneration { event: Event { exit_waiters: ExitWaiters { waiters: Mutex { data: [(Weak)] } }, exit_publication: Mutex { data: () }, status_waker: WakerSlot { waker: Mutex { data: Some(Waker { data: 0x7efff0015900, vtable: 0x5575d5daeb68 }) }, data: 0x7efff0015900, vtable: 0x5575d5daeb68 }, status: Mutex { data: StatusState { pending: [], terminal: -1 } }, status_changed: Condvar { .. }, exit_status: 0, exit_capability: 0, exit_epoch: 0, registration_error: Mutex { data: None }, worker_state: 2, worker_done_lock: Mutex { data: () }, worker_done_changed: Condvar { .. }, cleanup_cancel_requested: false, cleanup_claim_waiters: 0, wait_owner: 2, wait_owner_lock: Mutex { data: () }, wait_owner_changed: Condvar { .. } }, identity: OnceLock(WorkerIdentity { pid: Pid(30920), snapshot: WorkerProcSnapshot { tgid: Pid(30920), tracer_pid: Pid(30909), start_time: 13373665 }, pidfd: OwnedFd { fd: 36 }, proc_dir: OwnedFd { fd: 38 }, proc_inode: 2989949954 }), authoritative: OnceLock(<uninit>) }) }))", "finish_ordinary_terminal entered: Ok(Stopped(Pid(30925), TraceeToken { event: EventHandle(EventGeneration { event: Event { exit_waiters: ExitWaiters { waiters: Mutex { data: [(Weak)] } }, exit_publication: Mutex { data: () }, status_waker: WakerSlot { waker: Mutex { data: Some(Waker { data: 0x7efff0015300, vtable: 0x5575d5daf010 }) }, data: 0x7efff0015300, vtable: 0x5575d5daf010 }, status: Mutex { data: StatusState { pending: [], terminal: -1 } }, status_changed: Condvar { .. }, exit_status: 1, exit_capability: 2, exit_epoch: 0, registration_error: Mutex { data: None }, worker_state: 2, worker_done_lock: Mutex { data: () }, worker_done_changed: Condvar { .. }, cleanup_cancel_requested: false, cleanup_claim_waiters: 0, wait_owner: 2, wait_owner_lock: Mutex { data: () }, wait_owner_changed: Condvar { .. } }, identity: OnceLock(WorkerIdentity { pid: Pid(30925), snapshot: WorkerProcSnapshot { tgid: Pid(30920), tracer_pid: Pid(30909), start_time: 13373665 }, pidfd: OwnedFd { fd: 61 }, proc_dir: OwnedFd { fd: 62 }, proc_inode: 2989949959 }), authoritative: OnceLock(<uninit>) }) }))", "finish getevent: tid=30925, result=Ok(0), terminal=Ok(None), retired=false", "finish_ordinary_terminal entered: Ok(Stopped(Pid(30920), TraceeToken { event: EventHandle(EventGeneration { event: Event { exit_waiters: ExitWaiters { waiters: Mutex { data: [(Weak)] } }, exit_publication: Mutex { data: () }, status_waker: WakerSlot { waker: Mutex { data: Some(Waker { data: 0x7efff0015900, vtable: 0x5575d5daeb68 }) }, data: 0x7efff0015900, vtable: 0x5575d5daeb68 }, status: Mutex { data: StatusState { pending: [], terminal: -1 } }, status_changed: Condvar { .. }, exit_status: 1, exit_capability: 2, exit_epoch: 0, registration_error: Mutex { data: None }, worker_state: 2, worker_done_lock: Mutex { data: () }, worker_done_changed: Condvar { .. }, cleanup_cancel_requested: false, cleanup_claim_waiters: 0, wait_owner: 2, wait_owner_lock: Mutex { data: () }, wait_owner_changed: Condvar { .. } }, identity: OnceLock(WorkerIdentity { pid: Pid(30920), snapshot: WorkerProcSnapshot { tgid: Pid(30920), tracer_pid: Pid(30909), start_time: 13373665 }, pidfd: OwnedFd { fd: 36 }, proc_dir: OwnedFd { fd: 38 }, proc_inode: 2989949954 }), authoritative: OnceLock(<uninit>) }) }))", "finish getevent: tid=30920, result=Ok(0), terminal=Ok(None), retired=false"], 0))
fatal legacy result: success(Exited(0)); consuming hooks: None

---- tracer::tests::ordinary_nonleader_tool_failure_cancels_pending_newborn_start stdout ----
fatal control raises original error in live tid 30951 (mode 2)
ordinary cleanup control: root=30945, descendant=0, fail=true, fork=false, newborn=true, timeout=false, root_absent=true, descendant_absent=true, post_syscall=0, sentinel_untouched=true
fatal physical identity: tid=30945, initial=TraceeSnapshot { tgid: Pid(30945), ppid: Pid(30693), tracer_pid: Pid(30937), start_time: 13373666 }, proc_inode=2988486135, same_process=false, stat=Err(Os { code: 3, kind: Uncategorized, message: "No such process" }), status=Err(Os { code: 3, kind: Uncategorized, message: "No such process" }), pidfd_poll=1, pidfd_revents=17, pidfd_signal0=Err(ESRCH)
fatal original notifier: tid=30945, terminal=Ok(Some(Signaled(SIGKILL, false))), retired=true, held_stop=false
fatal original notifier: tid=30948, terminal=Ok(Some(Signaled(SIGKILL, false))), retired=true, held_stop=false
fatal original notifier: tid=30951, terminal=Ok(Some(Signaled(SIGKILL, false))), retired=true, held_stop=false
fatal chronology: Some((["RootStopLease step before: tid=30945, siginfo=Ok((19, -6)), terminal=Ok(None)", "RootStopLease step result: Ok(Running(Pid(30945), TraceeToken { event: EventHandle(EventGeneration { event: Event { exit_waiters: ExitWaiters { waiters: Mutex { data: [] } }, exit_publication: Mutex { data: () }, status_waker: WakerSlot { waker: Mutex { data: Some(Waker { data: 0x7efff0013c00, vtable: 0x5575d5daeb68 }) }, data: 0x7efff0013c00, vtable: 0x5575d5daeb68 }, status: Mutex { data: StatusState { pending: [], terminal: -1 } }, status_changed: Condvar { .. }, exit_status: 0, exit_capability: 0, exit_epoch: 0, registration_error: Mutex { data: None }, worker_state: 2, worker_done_lock: Mutex { data: () }, worker_done_changed: Condvar { .. }, cleanup_cancel_requested: false, cleanup_claim_waiters: 0, wait_owner: 2, wait_owner_lock: Mutex { data: () }, wait_owner_changed: Condvar { .. } }, identity: OnceLock(WorkerIdentity { pid: Pid(30945), snapshot: WorkerProcSnapshot { tgid: Pid(30945), tracer_pid: Pid(30937), start_time: 13373666 }, pidfd: OwnedFd { fd: 36 }, proc_dir: OwnedFd { fd: 38 }, proc_inode: 2988486135 }), authoritative: OnceLock(<uninit>) }) }))", "RootStopLease step before: tid=30945, siginfo=Ok((5, 1)), terminal=Ok(None)", "RootStopLease step result: Ok(Running(Pid(30945), TraceeToken { event: EventHandle(EventGeneration { event: Event { exit_waiters: ExitWaiters { waiters: Mutex { data: [] } }, exit_publication: Mutex { data: () }, status_waker: WakerSlot { waker: Mutex { data: Some(Waker { data: 0x7efff0013c00, vtable: 0x5575d5daeb68 }) }, data: 0x7efff0013c00, vtable: 0x5575d5daeb68 }, status: Mutex { data: StatusState { pending: [], terminal: -1 } }, status_changed: Condvar { .. }, exit_status: 0, exit_capability: 0, exit_epoch: 0, registration_error: Mutex { data: None }, worker_state: 2, worker_done_lock: Mutex { data: () }, worker_done_changed: Condvar { .. }, cleanup_cancel_requested: false, cleanup_claim_waiters: 0, wait_owner: 2, wait_owner_lock: Mutex { data: () }, wait_owner_changed: Condvar { .. } }, identity: OnceLock(WorkerIdentity { pid: Pid(30945), snapshot: WorkerProcSnapshot { tgid: Pid(30945), tracer_pid: Pid(30937), start_time: 13373666 }, pidfd: OwnedFd { fd: 36 }, proc_dir: OwnedFd { fd: 38 }, proc_inode: 2988486135 }), authoritative: OnceLock(<uninit>) }) }))", "RootStopLease step before: tid=30945, siginfo=Ok((5, 773)), terminal=Ok(None)", "RootStopLease step result: Ok(Running(Pid(30945), TraceeToken { event: EventHandle(EventGeneration { event: Event { exit_waiters: ExitWaiters { waiters: Mutex { data: [(Weak)] } }, exit_publication: Mutex { data: () }, status_waker: WakerSlot { waker: Mutex { data: Some(Waker { data: 0x7efff0013c00, vtable: 0x5575d5daeb68 }) }, data: 0x7efff0013c00, vtable: 0x5575d5daeb68 }, status: Mutex { data: StatusState { pending: [], terminal: -1 } }, status_changed: Condvar { .. }, exit_status: 0, exit_capability: 0, exit_epoch: 0, registration_error: Mutex { data: None }, worker_state: 2, worker_done_lock: Mutex { data: () }, worker_done_changed: Condvar { .. }, cleanup_cancel_requested: false, cleanup_claim_waiters: 0, wait_owner: 2, wait_owner_lock: Mutex { data: () }, wait_owner_changed: Condvar { .. } }, identity: OnceLock(WorkerIdentity { pid: Pid(30945), snapshot: WorkerProcSnapshot { tgid: Pid(30945), tracer_pid: Pid(30937), start_time: 13373666 }, pidfd: OwnedFd { fd: 36 }, proc_dir: OwnedFd { fd: 38 }, proc_inode: 2988486135 }), authoritative: OnceLock(<uninit>) }) }))", "RootStopLease step before: tid=30945, siginfo=Ok((5, 773)), terminal=Ok(None)", "RootStopLease step result: Ok(Running(Pid(30945), TraceeToken { event: EventHandle(EventGeneration { event: Event { exit_waiters: ExitWaiters { waiters: Mutex { data: [(Weak)] } }, exit_publication: Mutex { data: () }, status_waker: WakerSlot { waker: Mutex { data: Some(Waker { data: 0x7efff0013c00, vtable: 0x5575d5daeb68 }) }, data: 0x7efff0013c00, vtable: 0x5575d5daeb68 }, status: Mutex { data: StatusState { pending: [], terminal: -1 } }, status_changed: Condvar { .. }, exit_status: 0, exit_capability: 0, exit_epoch: 0, registration_error: Mutex { data: None }, worker_state: 2, worker_done_lock: Mutex { data: () }, worker_done_changed: Condvar { .. }, cleanup_cancel_requested: false, cleanup_claim_waiters: 0, wait_owner: 2, wait_owner_lock: Mutex { data: () }, wait_owner_changed: Condvar { .. } }, identity: OnceLock(WorkerIdentity { pid: Pid(30945), snapshot: WorkerProcSnapshot { tgid: Pid(30945), tracer_pid: Pid(30937), start_time: 13373666 }, pidfd: OwnedFd { fd: 36 }, proc_dir: OwnedFd { fd: 38 }, proc_inode: 2988486135 }), authoritative: OnceLock(<uninit>) }) }))", "finish_ordinary_terminal entered: Ok(Stopped(Pid(30945), TraceeToken { event: EventHandle(EventGeneration { event: Event { exit_waiters: ExitWaiters { waiters: Mutex { data: [(Weak)] } }, exit_publication: Mutex { data: () }, status_waker: WakerSlot { waker: Mutex { data: Some(Waker { data: 0x7efff0013c00, vtable: 0x5575d5daeb68 }) }, data: 0x7efff0013c00, vtable: 0x5575d5daeb68 }, status: Mutex { data: StatusState { pending: [], terminal: -1 } }, status_changed: Condvar { .. }, exit_status: 1, exit_capability: 2, exit_epoch: 0, registration_error: Mutex { data: None }, worker_state: 2, worker_done_lock: Mutex { data: () }, worker_done_changed: Condvar { .. }, cleanup_cancel_requested: false, cleanup_claim_waiters: 0, wait_owner: 2, wait_owner_lock: Mutex { data: () }, wait_owner_changed: Condvar { .. } }, identity: OnceLock(WorkerIdentity { pid: Pid(30945), snapshot: WorkerProcSnapshot { tgid: Pid(30945), tracer_pid: Pid(30937), start_time: 13373666 }, pidfd: OwnedFd { fd: 36 }, proc_dir: OwnedFd { fd: 38 }, proc_inode: 2988486135 }), authoritative: OnceLock(<uninit>) }) }))", "finish getevent: tid=30945, result=Ok(9), terminal=Ok(None), retired=false", "finish_ordinary_terminal entered: Ok(Stopped(Pid(30951), TraceeToken { event: EventHandle(EventGeneration { event: Event { exit_waiters: ExitWaiters { waiters: Mutex { data: [(Weak)] } }, exit_publication: Mutex { data: () }, status_waker: WakerSlot { waker: Mutex { data: Some(Waker { data: 0x7efff0021c80, vtable: 0x5575d5daf010 }) }, data: 0x7efff0021c80, vtable: 0x5575d5daf010 }, status: Mutex { data: StatusState { pending: [], terminal: -1 } }, status_changed: Condvar { .. }, exit_status: 1, exit_capability: 2, exit_epoch: 0, registration_error: Mutex { data: None }, worker_state: 2, worker_done_lock: Mutex { data: () }, worker_done_changed: Condvar { .. }, cleanup_cancel_requested: false, cleanup_claim_waiters: 0, wait_owner: 2, wait_owner_lock: Mutex { data: () }, wait_owner_changed: Condvar { .. } }, identity: OnceLock(WorkerIdentity { pid: Pid(30951), snapshot: WorkerProcSnapshot { tgid: Pid(30945), tracer_pid: Pid(30937), start_time: 13373666 }, pidfd: OwnedFd { fd: 74 }, proc_dir: OwnedFd { fd: 75 }, proc_inode: 2988486142 }), authoritative: OnceLock(<uninit>) }) }))", "finish getevent: tid=30951, result=Ok(9), terminal=Ok(None), retired=false", "finish_ordinary_terminal entered: Ok(Stopped(Pid(30948), TraceeToken { event: EventHandle(EventGeneration { event: Event { exit_waiters: ExitWaiters { waiters: Mutex { data: [(Weak)] } }, exit_publication: Mutex { data: () }, status_waker: WakerSlot { waker: Mutex { data: Some(Waker { data: 0x7efff002ea80, vtable: 0x5575d5daf010 }) }, data: 0x7efff002ea80, vtable: 0x5575d5daf010 }, status: Mutex { data: StatusState { pending: [], terminal: -1 } }, status_changed: Condvar { .. }, exit_status: 1, exit_capability: 2, exit_epoch: 0, registration_error: Mutex { data: None }, worker_state: 2, worker_done_lock: Mutex { data: () }, worker_done_changed: Condvar { .. }, cleanup_cancel_requested: false, cleanup_claim_waiters: 0, wait_owner: 2, wait_owner_lock: Mutex { data: () }, wait_owner_changed: Condvar { .. } }, identity: OnceLock(WorkerIdentity { pid: Pid(30948), snapshot: WorkerProcSnapshot { tgid: Pid(30945), tracer_pid: Pid(30937), start_time: 13373666 }, pidfd: OwnedFd { fd: 61 }, proc_dir: OwnedFd { fd: 62 }, proc_inode: 2988486139 }), authoritative: OnceLock(<uninit>) }) }))", "finish getevent: tid=30948, result=Ok(9), terminal=Ok(None), retired=false"], 0))
fatal legacy result: error(Tool(ordinary nonleader failure control)), original_nonleader=true; consuming hooks: Some([(Pid(30945), None), (Pid(30948), None), (Pid(30951), None), (Pid(30951), Some(Signaled(SIGKILL, false))), (Pid(30948), Some(Signaled(SIGKILL, false))), (Pid(30945), Some(Signaled(SIGKILL, false)))])

---- tracer::tests::ordinary_nonleader_exec_postexec_timer_survives_internal_step stdout ----
PROBE[exec-edge-ok] t=133736602753092 (dt=26617us) caller=30703 target=30699 what=WAITID(P_PIDFD) thread=Some("guest-30699") result=Ok(Some("0x137f")) rc=0 site=safeptrace/src/notifier.rs:1858
PROBE[exec-edge-ok] t=133736603393373 (dt=25977us) caller=30695 target=30699 what=PTRACE_SINGLESTEP(None) rc=0 site=reverie-ptrace/src/task.rs:2719
PROBE[exec-edge-ok] t=133736603437579 (dt=25933us) caller=30703 target=30699 what=WAITID(P_PIDFD) thread=Some("guest-30699") result=Ok(Some("0x57f")) rc=0 site=safeptrace/src/notifier.rs:1858
PROBE[exec-edge-ok] t=133736604049037 (dt=25321us) caller=30695 target=30699 what=PTRACE_SINGLESTEP(None) rc=0 site=reverie-ptrace/src/task.rs:5455
PROBE[exec-edge-ok] t=133736604064931 (dt=25305us) caller=30703 target=30699 what=WAITID(P_PIDFD) thread=Some("guest-30699") result=Ok(Some("0x57f")) rc=0 site=safeptrace/src/notifier.rs:1858
PROBE[exec-edge-ok] t=133736604404050 (dt=24966us) caller=30695 target=30699 what=PTRACE_CONT(resume,None) rc=0 site=reverie-ptrace/src/task.rs:5444
PROBE[exec-edge-ok] t=133736604568577 (dt=24802us) caller=30703 target=30699 what=WAITID(P_PIDFD) thread=Some("guest-30699") result=Ok(Some("0x3057f")) rc=0 site=safeptrace/src/notifier.rs:1858
PROBE[exec-edge-ok] t=133736604587335 (dt=24783us) caller=30695 target=30699 what=GETEVENTMSG-before rc=0 site=safeptrace/src/lib.rs:234
PROBE[exec-edge-ok] t=133736604591521 (dt=24779us) caller=30695 target=30699 what=GETEVENTMSG-after rc=30708 site=safeptrace/src/lib.rs:234
PROBE[exec-edge-ok] t=133736605086464 (dt=24284us) caller=30710 target=30708 what=WAITID(P_PIDFD) thread=Some("guest-30708") result=Ok(Some("0x137f")) rc=0 site=safeptrace/src/notifier.rs:1858
PROBE[exec-edge-ok] t=133736628411384 (dt=959us) caller=30695 target=30699 what=PTRACE_SINGLESTEP(None) rc=0 site=reverie-ptrace/src/task.rs:5455
PROBE[exec-edge-ok] t=133736628433588 (dt=937us) caller=30703 target=30699 what=WAITID(P_PIDFD) thread=Some("guest-30699") result=Ok(Some("0x57f")) rc=0 site=safeptrace/src/notifier.rs:1858
PROBE[exec-edge-ok] t=133736628518816 (dt=851us) caller=30695 target=30708 what=PTRACE_CONT(resume,None) rc=0 site=reverie-ptrace/src/task.rs:5444
PROBE[exec-edge-ok] t=133736628583342 (dt=787us) caller=30695 target=30699 what=PTRACE_CONT(resume,None) rc=0 site=reverie-ptrace/src/task.rs:5444
PROBE[exec-edge-ok] t=133736628720018 (dt=650us) caller=30703 target=30699 what=WAITID(P_PIDFD) thread=Some("guest-30699") result=Ok(Some("0x6057f")) rc=0 site=safeptrace/src/notifier.rs:1858
PROBE[exec-edge-ok] t=133736628755120 (dt=615us) caller=30695 target=30699 what=drive_ordinary: ExitFuture resolved ok=true main=true rc=0 site=reverie-ptrace/src/task.rs:6946
PROBE[exec-edge-ok] t=133736628763443 (dt=607us) caller=30695 target=30699 what=finish_ordinary_terminal entered with Ok(Stopped) rc=0 site=reverie-ptrace/src/tracer.rs:543
PROBE[exec-edge-ok] t=133736628766047 (dt=604us) caller=30695 target=30699 what=GETEVENTMSG-before rc=0 site=reverie-ptrace/src/tracer.rs:556
PROBE[exec-edge-ok] t=133736628769041 (dt=601us) caller=30695 target=30699 what=GETEVENTMSG-after rc=0 site=reverie-ptrace/src/tracer.rs:556
PROBE[exec-edge-ok] t=133736628773057 (dt=597us) caller=30695 target=30699 what=PTRACE_CONT(resume_retaining,None) rc=0 site=reverie-ptrace/src/tracer.rs:613
PROBE[exec-edge-ok] t=133736628818806 (dt=551us) caller=30710 target=30708 what=WAITID(P_PIDFD) thread=Some("guest-30708") result=Err(ECHILD) rc=0 site=safeptrace/src/notifier.rs:1858
PROBE[exec-edge-ok] t=133736628909252 (dt=461us) caller=30695 target=30708 what=drive_ordinary: ExitFuture resolved ok=false main=false rc=0 site=reverie-ptrace/src/task.rs:6946
PROBE[exec-edge-ok] t=133736629188691 (dt=181us) caller=30703 target=30699 what=WAITID(P_PIDFD) thread=Some("guest-30699") result=Ok(Some("0x4057f")) rc=0 site=safeptrace/src/notifier.rs:1858
PROBE[exec-edge-ok] t=133736629201070 (dt=169us) caller=30695 target=30699 what=GETEVENTMSG-before rc=0 site=safeptrace/src/lib.rs:246
PROBE[exec-edge-ok] t=133736629205306 (dt=165us) caller=30695 target=30699 what=GETEVENTMSG-after rc=30708 site=safeptrace/src/lib.rs:246
PROBE[exec-edge-ok] t=133736629369803 (dt=0us) caller=30695 target=30699 what=EXEC-EDGE observed former=30708 exit_status=Some(Exited(0)) esrch=None snapshot: [task 30699: State: t (tracing stop) | Pid: 30699 | TracerPid: 30695 | SigPnd: 0000000000000000 | ShdPnd: 0000000000000000 | stat.state=t stat.exit_code=0 | wchan=ptrace_stop] rc=0 site=reverie-ptrace/src/tracer.rs:675
actual delivered marker observations: tracer=30693, rows=[(30699, 16, 1, 65, 100550, false, false)]
exec owner before rescue: fail=false, timer_mode=1, root_absent=true, events=[(0, Pid(30699), 30699, None), (0, Pid(30708), 30708, None), (2, Pid(30699), 30699, Some(Exited(0))), (1, Pid(30699), 30708, None), (9, Pid(30699), 100550, None), (4, Pid(30699), 30708, None), (2, Pid(30699), 30708, Some(Exited(0))), (3, Pid(30699), 0, Some(Exited(0)))], elapsed=81.99135ms, outcome=Complete(Ok(Output { status: Exited(0), stdout: "survived", stderr: "" }))
actual perf exec handoff: ExecTimerTransfer { displaced: Some(ExecTimerIdentity { clock_fd: 38, timer_fd: 35, clock_event_id: 6842848, timer_event_id: 6842845, artificial_pending: false, artificial_signal_sent: false, cancelled: true, guest_pid: Pid(30699), guest_tid: Pid(30699), kernel_owner_tid: Pid(30699) }), before: Some(ExecTimerIdentity { clock_fd: 68, timer_fd: 67, clock_event_id: 6842852, timer_event_id: 6842851, artificial_pending: false, artificial_signal_sent: false, cancelled: true, guest_pid: Pid(30699), guest_tid: Pid(30708), kernel_owner_tid: Pid(0) }), after: Some(ExecTimerIdentity { clock_fd: 68, timer_fd: 67, clock_event_id: 6842852, timer_event_id: 6842851, artificial_pending: false, artificial_signal_sent: false, cancelled: true, guest_pid: Pid(30699), guest_tid: Pid(30699), kernel_owner_tid: Pid(30699) }), displaced_fds_closed: true }

---- tracer::tests::ordinary_nonleader_exec_real_signal_cancels_postexec_timer stdout ----
PROBE[exec-edge-ok] t=133736602684649 (dt=26765us) caller=30702 target=30700 what=WAITID(P_PIDFD) thread=Some("guest-30700") result=Ok(Some("0x137f")) rc=0 site=safeptrace/src/notifier.rs:1858
PROBE[exec-edge-ok] t=133736603389677 (dt=26060us) caller=30696 target=30700 what=PTRACE_SINGLESTEP(None) rc=0 site=reverie-ptrace/src/task.rs:2719
PROBE[exec-edge-ok] t=133736603438661 (dt=26011us) caller=30702 target=30700 what=WAITID(P_PIDFD) thread=Some("guest-30700") result=Ok(Some("0x57f")) rc=0 site=safeptrace/src/notifier.rs:1858
PROBE[exec-edge-ok] t=133736604045492 (dt=25405us) caller=30696 target=30700 what=PTRACE_SINGLESTEP(None) rc=0 site=reverie-ptrace/src/task.rs:5455
PROBE[exec-edge-ok] t=133736604062828 (dt=25387us) caller=30702 target=30700 what=WAITID(P_PIDFD) thread=Some("guest-30700") result=Ok(Some("0x57f")) rc=0 site=safeptrace/src/notifier.rs:1858
PROBE[exec-edge-ok] t=133736604402408 (dt=25048us) caller=30696 target=30700 what=PTRACE_CONT(resume,None) rc=0 site=reverie-ptrace/src/task.rs:5444
PROBE[exec-edge-ok] t=133736604567906 (dt=24882us) caller=30702 target=30700 what=WAITID(P_PIDFD) thread=Some("guest-30700") result=Ok(Some("0x3057f")) rc=0 site=safeptrace/src/notifier.rs:1858
PROBE[exec-edge-ok] t=133736604650810 (dt=24799us) caller=30696 target=30700 what=GETEVENTMSG-before rc=0 site=safeptrace/src/lib.rs:234
PROBE[exec-edge-ok] t=133736604657831 (dt=24792us) caller=30696 target=30700 what=GETEVENTMSG-after rc=30707 site=safeptrace/src/lib.rs:234
PROBE[exec-edge-ok] t=133736628123342 (dt=1327us) caller=30712 target=30707 what=WAITID(P_PIDFD) thread=Some("guest-30707") result=Ok(Some("0x137f")) rc=0 site=safeptrace/src/notifier.rs:1858
PROBE[exec-edge-ok] t=133736628470092 (dt=980us) caller=30696 target=30700 what=PTRACE_SINGLESTEP(None) rc=0 site=reverie-ptrace/src/task.rs:5455
PROBE[exec-edge-ok] t=133736628484805 (dt=965us) caller=30702 target=30700 what=WAITID(P_PIDFD) thread=Some("guest-30700") result=Ok(Some("0x57f")) rc=0 site=safeptrace/src/notifier.rs:1858
PROBE[exec-edge-ok] t=133736628617013 (dt=833us) caller=30696 target=30707 what=PTRACE_CONT(resume,None) rc=0 site=reverie-ptrace/src/task.rs:5444
PROBE[exec-edge-ok] t=133736628690153 (dt=760us) caller=30696 target=30700 what=PTRACE_CONT(resume,None) rc=0 site=reverie-ptrace/src/task.rs:5444
PROBE[exec-edge-ok] t=133736628829262 (dt=621us) caller=30702 target=30700 what=WAITID(P_PIDFD) thread=Some("guest-30700") result=Ok(Some("0x6057f")) rc=0 site=safeptrace/src/notifier.rs:1858
PROBE[exec-edge-ok] t=133736628857955 (dt=592us) caller=30696 target=30700 what=drive_ordinary: ExitFuture resolved ok=true main=true rc=0 site=reverie-ptrace/src/task.rs:6946
PROBE[exec-edge-ok] t=133736628865706 (dt=584us) caller=30696 target=30700 what=finish_ordinary_terminal entered with Ok(Stopped) rc=0 site=reverie-ptrace/src/tracer.rs:543
PROBE[exec-edge-ok] t=133736628868170 (dt=582us) caller=30696 target=30700 what=GETEVENTMSG-before rc=0 site=reverie-ptrace/src/tracer.rs:556
PROBE[exec-edge-ok] t=133736628870674 (dt=579us) caller=30696 target=30700 what=GETEVENTMSG-after rc=0 site=reverie-ptrace/src/tracer.rs:556
PROBE[exec-edge-ok] t=133736628874379 (dt=576us) caller=30696 target=30700 what=PTRACE_CONT(resume_retaining,None) rc=0 site=reverie-ptrace/src/tracer.rs:613
PROBE[exec-edge-ok] t=133736628936112 (dt=514us) caller=30712 target=30707 what=WAITID(P_PIDFD) thread=Some("guest-30707") result=Err(ECHILD) rc=0 site=safeptrace/src/notifier.rs:1858
PROBE[exec-edge-ok] t=133736628976172 (dt=474us) caller=30696 target=30707 what=drive_ordinary: ExitFuture resolved ok=false main=false rc=0 site=reverie-ptrace/src/task.rs:6946
PROBE[exec-edge-ok] t=133736629270995 (dt=179us) caller=30702 target=30700 what=WAITID(P_PIDFD) thread=Some("guest-30700") result=Ok(Some("0x4057f")) rc=0 site=safeptrace/src/notifier.rs:1858
PROBE[exec-edge-ok] t=133736629286378 (dt=164us) caller=30696 target=30700 what=GETEVENTMSG-before rc=0 site=safeptrace/src/lib.rs:246
PROBE[exec-edge-ok] t=133736629288912 (dt=161us) caller=30696 target=30700 what=GETEVENTMSG-after rc=30707 site=safeptrace/src/lib.rs:246
PROBE[exec-edge-ok] t=133736629449763 (dt=0us) caller=30696 target=30700 what=EXEC-EDGE observed former=30707 exit_status=Some(Exited(0)) esrch=None snapshot: [task 30700: State: t (tracing stop) | Pid: 30700 | TracerPid: 30696 | SigPnd: 0000000000000000 | ShdPnd: 0000000000000000 | stat.state=t stat.exit_code=0 | wchan=ptrace_stop] rc=0 site=reverie-ptrace/src/tracer.rs:675
actual delivered marker observations: tracer=30693, rows=[(30700, 16, 1, 65, 100541, true, false)]
exec owner before rescue: fail=false, timer_mode=2, root_absent=true, events=[(0, Pid(30700), 30700, None), (0, Pid(30707), 30707, None), (2, Pid(30700), 30700, Some(Exited(0))), (1, Pid(30700), 30707, None), (7, Pid(30700), 10, None), (2, Pid(30700), 30707, Some(Exited(0))), (3, Pid(30700), 0, Some(Exited(0)))], elapsed=82.130649ms, outcome=Complete(Ok(Output { status: Exited(0), stdout: "survived", stderr: "" }))
actual perf exec handoff: ExecTimerTransfer { displaced: Some(ExecTimerIdentity { clock_fd: 36, timer_fd: 30, clock_event_id: 6842846, timer_event_id: 6842843, artificial_pending: false, artificial_signal_sent: false, cancelled: true, guest_pid: Pid(30700), guest_tid: Pid(30700), kernel_owner_tid: Pid(30700) }), before: Some(ExecTimerIdentity { clock_fd: 71, timer_fd: 70, clock_event_id: 6842854, timer_event_id: 6842853, artificial_pending: false, artificial_signal_sent: false, cancelled: true, guest_pid: Pid(30700), guest_tid: Pid(30707), kernel_owner_tid: Pid(0) }), after: Some(ExecTimerIdentity { clock_fd: 71, timer_fd: 70, clock_event_id: 6842854, timer_event_id: 6842853, artificial_pending: false, artificial_signal_sent: false, cancelled: true, guest_pid: Pid(30700), guest_tid: Pid(30700), kernel_owner_tid: Pid(30700) }), displaced_fds_closed: true }

---- tracer::tests::ordinary_nonleader_tool_failure_reaps_threads_without_resuming stdout ----
fatal control raises original error in live tid 30988 (mode 1)
ordinary cleanup control: root=30982, descendant=0, fail=true, fork=false, newborn=false, timeout=false, root_absent=true, descendant_absent=true, post_syscall=0, sentinel_untouched=true
fatal physical identity: tid=30982, initial=TraceeSnapshot { tgid: Pid(30982), ppid: Pid(30693), tracer_pid: Pid(30976), start_time: 13373668 }, proc_inode=2989530987, same_process=false, stat=Err(Os { code: 3, kind: Uncategorized, message: "No such process" }), status=Err(Os { code: 3, kind: Uncategorized, message: "No such process" }), pidfd_poll=1, pidfd_revents=17, pidfd_signal0=Err(ESRCH)
fatal original notifier: tid=30982, terminal=Ok(Some(Signaled(SIGKILL, false))), retired=true, held_stop=false
fatal original notifier: tid=30988, terminal=Ok(Some(Signaled(SIGKILL, false))), retired=true, held_stop=false
fatal chronology: Some((["RootStopLease step before: tid=30982, siginfo=Ok((19, -6)), terminal=Ok(None)", "RootStopLease step result: Ok(Running(Pid(30982), TraceeToken { event: EventHandle(EventGeneration { event: Event { exit_waiters: ExitWaiters { waiters: Mutex { data: [] } }, exit_publication: Mutex { data: () }, status_waker: WakerSlot { waker: Mutex { data: Some(Waker { data: 0x7efff0031600, vtable: 0x5575d5daeb68 }) }, data: 0x7efff0031600, vtable: 0x5575d5daeb68 }, status: Mutex { data: StatusState { pending: [], terminal: -1 } }, status_changed: Condvar { .. }, exit_status: 0, exit_capability: 0, exit_epoch: 0, registration_error: Mutex { data: None }, worker_state: 2, worker_done_lock: Mutex { data: () }, worker_done_changed: Condvar { .. }, cleanup_cancel_requested: false, cleanup_claim_waiters: 0, wait_owner: 2, wait_owner_lock: Mutex { data: () }, wait_owner_changed: Condvar { .. } }, identity: OnceLock(WorkerIdentity { pid: Pid(30982), snapshot: WorkerProcSnapshot { tgid: Pid(30982), tracer_pid: Pid(30976), start_time: 13373668 }, pidfd: OwnedFd { fd: 24 }, proc_dir: OwnedFd { fd: 28 }, proc_inode: 2989530987 }), authoritative: OnceLock(<uninit>) }) }))", "RootStopLease step before: tid=30982, siginfo=Ok((5, 1)), terminal=Ok(None)", "RootStopLease step result: Ok(Running(Pid(30982), TraceeToken { event: EventHandle(EventGeneration { event: Event { exit_waiters: ExitWaiters { waiters: Mutex { data: [] } }, exit_publication: Mutex { data: () }, status_waker: WakerSlot { waker: Mutex { data: Some(Waker { data: 0x7efff0031600, vtable: 0x5575d5daeb68 }) }, data: 0x7efff0031600, vtable: 0x5575d5daeb68 }, status: Mutex { data: StatusState { pending: [], terminal: -1 } }, status_changed: Condvar { .. }, exit_status: 0, exit_capability: 0, exit_epoch: 0, registration_error: Mutex { data: None }, worker_state: 2, worker_done_lock: Mutex { data: () }, worker_done_changed: Condvar { .. }, cleanup_cancel_requested: false, cleanup_claim_waiters: 0, wait_owner: 2, wait_owner_lock: Mutex { data: () }, wait_owner_changed: Condvar { .. } }, identity: OnceLock(WorkerIdentity { pid: Pid(30982), snapshot: WorkerProcSnapshot { tgid: Pid(30982), tracer_pid: Pid(30976), start_time: 13373668 }, pidfd: OwnedFd { fd: 24 }, proc_dir: OwnedFd { fd: 28 }, proc_inode: 2989530987 }), authoritative: OnceLock(<uninit>) }) }))", "RootStopLease step before: tid=30982, siginfo=Ok((5, 773)), terminal=Ok(None)", "RootStopLease step result: Ok(Running(Pid(30982), TraceeToken { event: EventHandle(EventGeneration { event: Event { exit_waiters: ExitWaiters { waiters: Mutex { data: [(Weak)] } }, exit_publication: Mutex { data: () }, status_waker: WakerSlot { waker: Mutex { data: Some(Waker { data: 0x7efff0031600, vtable: 0x5575d5daeb68 }) }, data: 0x7efff0031600, vtable: 0x5575d5daeb68 }, status: Mutex { data: StatusState { pending: [], terminal: -1 } }, status_changed: Condvar { .. }, exit_status: 0, exit_capability: 0, exit_epoch: 0, registration_error: Mutex { data: None }, worker_state: 2, worker_done_lock: Mutex { data: () }, worker_done_changed: Condvar { .. }, cleanup_cancel_requested: false, cleanup_claim_waiters: 0, wait_owner: 2, wait_owner_lock: Mutex { data: () }, wait_owner_changed: Condvar { .. } }, identity: OnceLock(WorkerIdentity { pid: Pid(30982), snapshot: WorkerProcSnapshot { tgid: Pid(30982), tracer_pid: Pid(30976), start_time: 13373668 }, pidfd: OwnedFd { fd: 24 }, proc_dir: OwnedFd { fd: 28 }, proc_inode: 2989530987 }), authoritative: OnceLock(<uninit>) }) }))", "finish_ordinary_terminal entered: Ok(Stopped(Pid(30982), TraceeToken { event: EventHandle(EventGeneration { event: Event { exit_waiters: ExitWaiters { waiters: Mutex { data: [(Weak)] } }, exit_publication: Mutex { data: () }, status_waker: WakerSlot { waker: Mutex { data: Some(Waker { data: 0x7efff0031600, vtable: 0x5575d5daeb68 }) }, data: 0x7efff0031600, vtable: 0x5575d5daeb68 }, status: Mutex { data: StatusState { pending: [], terminal: -1 } }, status_changed: Condvar { .. }, exit_status: 1, exit_capability: 2, exit_epoch: 0, registration_error: Mutex { data: None }, worker_state: 2, worker_done_lock: Mutex { data: () }, worker_done_changed: Condvar { .. }, cleanup_cancel_requested: false, cleanup_claim_waiters: 0, wait_owner: 2, wait_owner_lock: Mutex { data: () }, wait_owner_changed: Condvar { .. } }, identity: OnceLock(WorkerIdentity { pid: Pid(30982), snapshot: WorkerProcSnapshot { tgid: Pid(30982), tracer_pid: Pid(30976), start_time: 13373668 }, pidfd: OwnedFd { fd: 24 }, proc_dir: OwnedFd { fd: 28 }, proc_inode: 2989530987 }), authoritative: OnceLock(<uninit>) }) }))", "finish getevent: tid=30982, result=Ok(9), terminal=Ok(None), retired=false", "finish_ordinary_terminal entered: Ok(Stopped(Pid(30988), TraceeToken { event: EventHandle(EventGeneration { event: Event { exit_waiters: ExitWaiters { waiters: Mutex { data: [(Weak)] } }, exit_publication: Mutex { data: () }, status_waker: WakerSlot { waker: Mutex { data: Some(Waker { data: 0x7efff000bf80, vtable: 0x5575d5daf010 }) }, data: 0x7efff000bf80, vtable: 0x5575d5daf010 }, status: Mutex { data: StatusState { pending: [], terminal: -1 } }, status_changed: Condvar { .. }, exit_status: 1, exit_capability: 2, exit_epoch: 0, registration_error: Mutex { data: None }, worker_state: 2, worker_done_lock: Mutex { data: () }, worker_done_changed: Condvar { .. }, cleanup_cancel_requested: false, cleanup_claim_waiters: 0, wait_owner: 2, wait_owner_lock: Mutex { data: () }, wait_owner_changed: Condvar { .. } }, identity: OnceLock(WorkerIdentity { pid: Pid(30988), snapshot: WorkerProcSnapshot { tgid: Pid(30982), tracer_pid: Pid(30976), start_time: 13373668 }, pidfd: OwnedFd { fd: 43 }, proc_dir: OwnedFd { fd: 44 }, proc_inode: 2989530991 }), authoritative: OnceLock(<uninit>) }) }))", "finish getevent: tid=30988, result=Ok(9), terminal=Ok(None), retired=false"], 0))
fatal legacy result: error(Tool(ordinary nonleader failure control)), original_nonleader=true; consuming hooks: Some([(Pid(30982), None), (Pid(30988), None), (Pid(30988), Some(Signaled(SIGKILL, false))), (Pid(30982), Some(Signaled(SIGKILL, false)))])

---- tracer::tests::ordinary_nonleader_exec_run_loop_echild_awaits_leader_exec_edge stdout ----
PROBE[exec-edge-ok] t=133736602853362 (dt=26735us) caller=30704 target=30701 what=WAITID(P_PIDFD) thread=Some("guest-30701") result=Ok(Some("0x137f")) rc=0 site=safeptrace/src/notifier.rs:1858
PROBE[exec-edge-ok] t=133736603398801 (dt=26190us) caller=30697 target=30701 what=PTRACE_SINGLESTEP(None) rc=0 site=reverie-ptrace/src/task.rs:2719
PROBE[exec-edge-ok] t=133736603460784 (dt=26128us) caller=30704 target=30701 what=WAITID(P_PIDFD) thread=Some("guest-30701") result=Ok(Some("0x57f")) rc=0 site=safeptrace/src/notifier.rs:1858
PROBE[exec-edge-ok] t=133736604051741 (dt=25537us) caller=30697 target=30701 what=PTRACE_SINGLESTEP(None) rc=0 site=reverie-ptrace/src/task.rs:5455
PROBE[exec-edge-ok] t=133736604087144 (dt=25501us) caller=30704 target=30701 what=WAITID(P_PIDFD) thread=Some("guest-30701") result=Ok(Some("0x57f")) rc=0 site=safeptrace/src/notifier.rs:1858
PROBE[exec-edge-ok] t=133736604412993 (dt=25175us) caller=30697 target=30701 what=PTRACE_CONT(resume,None) rc=0 site=reverie-ptrace/src/task.rs:5444
PROBE[exec-edge-ok] t=133736604612713 (dt=24976us) caller=30704 target=30701 what=WAITID(P_PIDFD) thread=Some("guest-30701") result=Ok(Some("0x3057f")) rc=0 site=safeptrace/src/notifier.rs:1858
PROBE[exec-edge-ok] t=133736604630450 (dt=24958us) caller=30697 target=30701 what=GETEVENTMSG-before rc=0 site=safeptrace/src/lib.rs:234
PROBE[exec-edge-ok] t=133736604634136 (dt=24954us) caller=30697 target=30701 what=GETEVENTMSG-after rc=30709 site=safeptrace/src/lib.rs:234
PROBE[exec-edge-ok] t=133736628115820 (dt=1473us) caller=30711 target=30709 what=WAITID(P_PIDFD) thread=Some("guest-30709") result=Ok(Some("0x137f")) rc=0 site=safeptrace/src/notifier.rs:1858
PROBE[exec-edge-ok] t=133736628339596 (dt=1249us) caller=30697 target=30701 what=PTRACE_SINGLESTEP(None) rc=0 site=reverie-ptrace/src/task.rs:5455
PROBE[exec-edge-ok] t=133736628375470 (dt=1213us) caller=30704 target=30701 what=WAITID(P_PIDFD) thread=Some("guest-30701") result=Ok(Some("0x57f")) rc=0 site=safeptrace/src/notifier.rs:1858
PROBE[exec-edge-ok] t=133736628461309 (dt=1127us) caller=30697 target=30709 what=PTRACE_CONT(resume,None) rc=0 site=reverie-ptrace/src/task.rs:5444
PROBE[exec-edge-ok] t=133736628530343 (dt=1058us) caller=30697 target=30701 what=PTRACE_CONT(resume,None) rc=0 site=reverie-ptrace/src/task.rs:5444
PROBE[exec-edge-ok] t=133736628837915 (dt=751us) caller=30704 target=30701 what=WAITID(P_PIDFD) thread=Some("guest-30701") result=Ok(Some("0x6057f")) rc=0 site=safeptrace/src/notifier.rs:1858
PROBE[exec-edge-ok] t=133736628870364 (dt=718us) caller=30697 target=30701 what=drive_ordinary: ExitFuture resolved ok=true main=true rc=0 site=reverie-ptrace/src/task.rs:6946
PROBE[exec-edge-ok] t=133736628878576 (dt=710us) caller=30697 target=30701 what=finish_ordinary_terminal entered with Ok(Stopped) rc=0 site=reverie-ptrace/src/tracer.rs:543
PROBE[exec-edge-ok] t=133736628881420 (dt=707us) caller=30697 target=30701 what=GETEVENTMSG-before rc=0 site=reverie-ptrace/src/tracer.rs:556
PROBE[exec-edge-ok] t=133736628884054 (dt=704us) caller=30697 target=30701 what=GETEVENTMSG-after rc=0 site=reverie-ptrace/src/tracer.rs:556
PROBE[exec-edge-ok] t=133736628888170 (dt=700us) caller=30697 target=30701 what=PTRACE_CONT(resume_retaining,None) rc=0 site=reverie-ptrace/src/tracer.rs:613
PROBE[exec-edge-ok] t=133736628958225 (dt=630us) caller=30711 target=30709 what=WAITID(P_PIDFD) thread=Some("guest-30709") result=Err(ECHILD) rc=0 site=safeptrace/src/notifier.rs:1858
PROBE[exec-edge-ok] t=133736629405737 (dt=183us) caller=30704 target=30701 what=WAITID(P_PIDFD) thread=Some("guest-30701") result=Ok(Some("0x4057f")) rc=0 site=safeptrace/src/notifier.rs:1858
PROBE[exec-edge-ok] t=133736629425357 (dt=163us) caller=30697 target=30701 what=GETEVENTMSG-before rc=0 site=safeptrace/src/lib.rs:246
PROBE[exec-edge-ok] t=133736629428221 (dt=160us) caller=30697 target=30701 what=GETEVENTMSG-after rc=30709 site=safeptrace/src/lib.rs:246
PROBE[exec-edge-ok] t=133736629588141 (dt=0us) caller=30697 target=30701 what=EXEC-EDGE observed former=30709 exit_status=Some(Exited(0)) esrch=None snapshot: [task 30701: State: t (tracing stop) | Pid: 30701 | TracerPid: 30697 | SigPnd: 0000000000000000 | ShdPnd: 0000000000000000 | stat.state=t stat.exit_code=0 | wchan=ptrace_stop] rc=0 site=reverie-ptrace/src/tracer.rs:675
actual delivered marker observations: tracer=30693, rows=[(30701, 16, 1, 65, 100550, false, false)]
exec owner before rescue: fail=false, timer_mode=1, root_absent=true, events=[(0, Pid(30701), 30701, None), (0, Pid(30709), 30709, None), (2, Pid(30701), 30701, Some(Exited(0))), (1, Pid(30701), 30709, None), (9, Pid(30701), 100550, None), (4, Pid(30701), 30709, None), (2, Pid(30701), 30709, Some(Exited(0))), (3, Pid(30701), 0, Some(Exited(0)))], elapsed=88.244418ms, outcome=Complete(Ok(Output { status: Exited(0), stdout: "survived", stderr: "" }))
actual perf exec handoff: ExecTimerTransfer { displaced: Some(ExecTimerIdentity { clock_fd: 37, timer_fd: 34, clock_event_id: 6842847, timer_event_id: 6842844, artificial_pending: false, artificial_signal_sent: false, cancelled: true, guest_pid: Pid(30701), guest_tid: Pid(30701), kernel_owner_tid: Pid(30701) }), before: Some(ExecTimerIdentity { clock_fd: 69, timer_fd: 66, clock_event_id: 6842850, timer_event_id: 6842849, artificial_pending: false, artificial_signal_sent: false, cancelled: true, guest_pid: Pid(30701), guest_tid: Pid(30709), kernel_owner_tid: Pid(0) }), after: Some(ExecTimerIdentity { clock_fd: 69, timer_fd: 66, clock_event_id: 6842850, timer_event_id: 6842849, artificial_pending: false, artificial_signal_sent: false, cancelled: true, guest_pid: Pid(30701), guest_tid: Pid(30701), kernel_owner_tid: Pid(30701) }), displaced_fds_closed: true }
nonleader run loop stayed pending on: ["wait after initial tracee resume"]


successes:
    tracer::tests::ordinary_nonleader_exec_displaced_hook_failure_fences_replacement
    tracer::tests::ordinary_nonleader_exec_postexec_timer_survives_internal_step
    tracer::tests::ordinary_nonleader_exec_real_signal_cancels_postexec_timer
    tracer::tests::ordinary_nonleader_exec_run_loop_echild_awaits_leader_exec_edge
    tracer::tests::ordinary_nonleader_exec_transfers_state_and_consumes_old_leader_once
    tracer::tests::ordinary_nonleader_injected_exec_echild_awaits_leader_exec_edge
    tracer::tests::ordinary_nonleader_success_preserves_exit_callbacks
    tracer::tests::ordinary_nonleader_tool_failure_cancels_pending_newborn_start
    tracer::tests::ordinary_nonleader_tool_failure_reaps_fork_descendants
    tracer::tests::ordinary_nonleader_tool_failure_reaps_threads_without_resuming
    tracer::tests::ordinary_nonleader_tool_failure_reaps_unhanded_fork_child
    tracer::tests::ordinary_nonleader_tool_failure_reaps_unhanded_vfork_child

test result: ok. 12 passed; 0 failed; 0 ignored; 0 measured; 353 filtered out; finished in 0.10s

