ORIGIN route=syscall sc=0x000000000000001c plugin=0x0000000000000001 site=0x00007ffff5ae443e caller_sp=0x00007fffffffcf58 copied=0x0000000000000080 0x0000000000000001 0x00007ffff59d1ba8 0x0000000000000000 0x0000000000000010 0x0000000000000003 0x00007fffffffd0ae 0x00007ffff57476e5 0x0000000000000000 0x0000000000004022 0x0000000040000000 0x0000000000000000 0x0000000000200000 0x0000000000000003 0x000005c3d4400000 0x00007ffff5749de9 0x0000000040000000
ORIGIN route=vdso sc=0x00000000000000e4 plugin=0x0000000000000001 site=0x00007ffff7fc2ad6 caller_sp=0x00007fffffff2bd8 copied=0x0000000000000080 0x00007ffff78eb58d 0x000005c3d4400000 0x00007ffff5ad9feb 0x000005c3d4400000 0x00007ffff5749201 0x00000000000003e8 0x0000000000000022 0x0000000000000016 0x00007ffff574fa1f 0x0000000000000030 0x000005c3d442c2c0 0x000005c3d4400000 0x0000000000000030 0x0000000000000000 0x00007ffff5751387 0x000005c3d4400000
ORIGIN route=vdso sc=0x00000000000000e4 plugin=0x0000000000000001 site=0x00007ffff7fc2ad6 caller_sp=0x00007fffffff2c18 copied=0x0000000000000080 0x00007ffff78eb58d 0x00000000000003e8 0x00007ffff5ad9feb 0x00000000000003e8 0x00007ffff5749201 0x00007ffff59dbdc0 0x0000000000000000 0x0000000000000000 0x00007ffff574fbb5 0x0001010000000007 0x00007ffff5751431 0x00007ffff59d1b80 0x00007ffff59d2558 0x00007ffff59d1b80 0x00007ffff575156c 0x0000000000000000
ORIGIN route=vdso sc=0x00000000000000e4 plugin=0x0000000000000001 site=0x00007ffff7fc2ad6 caller_sp=0x00007fffffffa498 copied=0x0000000000000080 0x00007ffff78eb58d 0x000005c3d4400000 0x00007ffff5ad9feb 0x000005c3d4400000 0x00007ffff5749201 0x00000000000003e8 0x0000000000000022 0x000000000000001e 0x00007ffff574fa1f 0x0000000000000000 0x000005c3d442ca40 0x000005c3d4400000 0x0000000000000040 0x0000000000000000 0x00007ffff5751387 0x000005c3d4400000
ORIGIN route=vdso sc=0x00000000000000e4 plugin=0x0000000000000001 site=0x00007ffff7fc2ad6 caller_sp=0x00007fffffffa4d8 copied=0x0000000000000080 0x00007ffff78eb58d 0x00000000000003e8 0x00007ffff5ad9feb 0x00000000000003e8 0x00007ffff5749201 0x00007ffff59dbdc0 0x0000000000000000 0x0000000000000000 0x00007ffff574fbb5 0x0001010000000007 0x00007ffff5751431 0x00007ffff59d1b80 0x00007ffff59d25d8 0x00007ffff59d1b80 0x00007ffff575156c 0x0000000000000000
ORIGIN route=vdso sc=0x00000000000000e4 plugin=0x0000000000000001 site=0x00007ffff7fc2ad6 caller_sp=0x00007ffffffef718 copied=0x0000000000000080 0x00007ffff78eb58d 0x000005c3d4400000 0x00007ffff5ad9feb 0x000005c3d4400000 0x00007ffff5749201 0x00000000000003e8 0x0000000000000023 0x000000000000000d 0x00007ffff574fa1f 0x00007ffff54d273c 0x000005c3d442ce00 0x000005c3d4400000 0x0000000000000048 0x0000000000000000 0x00007ffff5751387 0x000005c3d4400000
ORIGIN route=vdso sc=0x00000000000000e4 plugin=0x0000000000000001 site=0x00007ffff7fc2ad6 caller_sp=0x00007ffffffef758 copied=0x0000000000000080 0x00007ffff78eb58d 0x00000000000003e8 0x00007ffff5ad9feb 0x00000000000003e8 0x00007ffff5749201 0x00007ffff59dbdc0 0x0000000000000000 0x0000000000000000 0x00007ffff574fbb5 0x0001010000000007 0x00007ffff5751431 0x00007ffff59d1b80 0x00007ffff59d2658 0x00007ffff59d1b80 0x00007ffff575156c 0x0000000000000000
MAPS_BEGIN
5c3d4400000-5c414400000 rw-p 00000000 00:00 0                            [anon:mimalloc]
555555554000-555555558000 r--p 00000000 00:2f 987911834                  /home/newton/work/dev-hermit/worktrees/slots/pr-drain-ci-signal-parent-scorecard-20260920/hermit/target/diagnostics/sabre-clock-origin-health-20260922/sabre
555555558000-55555556d000 r-xp 00004000 00:2f 987911834                  /home/newton/work/dev-hermit/worktrees/slots/pr-drain-ci-signal-parent-scorecard-20260920/hermit/target/diagnostics/sabre-clock-origin-health-20260922/sabre
55555556d000-555555574000 r--p 00019000 00:2f 987911834                  /home/newton/work/dev-hermit/worktrees/slots/pr-drain-ci-signal-parent-scorecard-20260920/hermit/target/diagnostics/sabre-clock-origin-health-20260922/sabre
555555574000-555555575000 r--p 0001f000 00:2f 987911834                  /home/newton/work/dev-hermit/worktrees/slots/pr-drain-ci-signal-parent-scorecard-20260920/hermit/target/diagnostics/sabre-clock-origin-health-20260922/sabre
555555575000-555555576000 rw-p 00020000 00:2f 987911834                  /home/newton/work/dev-hermit/worktrees/slots/pr-drain-ci-signal-parent-scorecard-20260920/hermit/target/diagnostics/sabre-clock-origin-health-20260922/sabre
555555576000-55555557e000 rw-p 00000000 00:00 0 
55555557e000-5555555a0000 rw-p 00000000 00:00 0                          [heap]
7ffff34f0000-7ffff3500000 rw-p 00000000 00:00 0                          [anon:mimalloc]
7ffff3510000-7ffff3520000 rw-p 00000000 00:00 0                          [anon:mimalloc]
7ffff3530000-7ffff3540000 rw-p 00000000 00:00 0                          [anon:mimalloc]
7ffff3550000-7ffff3590000 rw-p 00000000 00:00 0                          [anon:mimalloc]
7ffff3592000-7ffff37d2000 rw-p 00000000 00:00 0                          [anon:mimalloc]
7ffff37d2000-7ffff37d3000 rwxp 00000000 00:00 0 
7ffff37d3000-7ffff4e00000 rw-p 00000000 00:00 0 
7ffff4e00000-7ffff504c000 r--p 00000000 00:20 18726669                   /nix/store/0d8g8n0a11v6f5m2h416ajyxmnkwc3md-glibc-2.42-67/lib/libc.so.6
7ffff504c000-7ffff5308000 rw-p 00000000 00:00 0 
7ffff5308000-7ffff5319000 r--p 00000000 00:20 18726676                   /nix/store/0d8g8n0a11v6f5m2h416ajyxmnkwc3md-glibc-2.42-67/lib/libm.so.6
7ffff5319000-7ffff539e000 r-xp 00011000 00:20 18726676                   /nix/store/0d8g8n0a11v6f5m2h416ajyxmnkwc3md-glibc-2.42-67/lib/libm.so.6
7ffff539e000-7ffff53fe000 r--p 00096000 00:20 18726676                   /nix/store/0d8g8n0a11v6f5m2h416ajyxmnkwc3md-glibc-2.42-67/lib/libm.so.6
7ffff53fe000-7ffff53ff000 r--p 000f5000 00:20 18726676                   /nix/store/0d8g8n0a11v6f5m2h416ajyxmnkwc3md-glibc-2.42-67/lib/libm.so.6
7ffff53ff000-7ffff5400000 rw-p 000f6000 00:20 18726676                   /nix/store/0d8g8n0a11v6f5m2h416ajyxmnkwc3md-glibc-2.42-67/lib/libm.so.6
7ffff5400000-7ffff55a3000 r--p 00000000 00:2f 978041056                  /home/newton/work/dev-hermit/worktrees/slots/pr-drain-ci-signal-parent-scorecard-20260920/hermit/target/ci/hermit-e2e-artifacts/37216010831f755680c35f7cc92294b07c73e0f843919583b831afed2ed2bc90/install/rsrcs/libdetcore_sabre.so
7ffff55a3000-7ffff599d000 r-xp 001a2000 00:2f 978041056                  /home/newton/work/dev-hermit/worktrees/slots/pr-drain-ci-signal-parent-scorecard-20260920/hermit/target/ci/hermit-e2e-artifacts/37216010831f755680c35f7cc92294b07c73e0f843919583b831afed2ed2bc90/install/rsrcs/libdetcore_sabre.so
7ffff599d000-7ffff59d0000 r--p 0059b000 00:2f 978041056                  /home/newton/work/dev-hermit/worktrees/slots/pr-drain-ci-signal-parent-scorecard-20260920/hermit/target/ci/hermit-e2e-artifacts/37216010831f755680c35f7cc92294b07c73e0f843919583b831afed2ed2bc90/install/rsrcs/libdetcore_sabre.so
7ffff59d0000-7ffff59d6000 rw-p 005cd000 00:2f 978041056                  /home/newton/work/dev-hermit/worktrees/slots/pr-drain-ci-signal-parent-scorecard-20260920/hermit/target/ci/hermit-e2e-artifacts/37216010831f755680c35f7cc92294b07c73e0f843919583b831afed2ed2bc90/install/rsrcs/libdetcore_sabre.so
7ffff59d6000-7ffff5a68000 rw-p 00000000 00:00 0 
7ffff5a6b000-7ffff5a74000 rw-p 00000000 00:00 0 
7ffff5a77000-7ffff5a81000 rw-p 00000000 00:00 0 
7ffff5a84000-7ffff5a8e000 rw-p 00000000 00:00 0 
7ffff5a91000-7ffff5a98000 rw-p 00000000 00:00 0 
7ffff5a9b000-7ffff5aa1000 rw-p 00000000 00:00 0 
7ffff5aa4000-7ffff5aac000 rw-p 00000000 00:00 0 
7ffff5aac000-7ffff5ab0000 r--p 00000000 00:20 18722267                   /nix/store/v4zcvckzr9hqpg1f6bmkbf2q7fmszzvk-xgcc-15.3.0-libgcc/lib/libgcc_s.so.1
7ffff5ab0000-7ffff5ad3000 r-xp 00004000 00:20 18722267                   /nix/store/v4zcvckzr9hqpg1f6bmkbf2q7fmszzvk-xgcc-15.3.0-libgcc/lib/libgcc_s.so.1
7ffff5ad3000-7ffff5ad7000 r--p 00027000 00:20 18722267                   /nix/store/v4zcvckzr9hqpg1f6bmkbf2q7fmszzvk-xgcc-15.3.0-libgcc/lib/libgcc_s.so.1
7ffff5ad7000-7ffff5ad8000 r--p 0002b000 00:20 18722267                   /nix/store/v4zcvckzr9hqpg1f6bmkbf2q7fmszzvk-xgcc-15.3.0-libgcc/lib/libgcc_s.so.1
7ffff5ad8000-7ffff5ad9000 rw-p 0002c000 00:20 18722267                   /nix/store/v4zcvckzr9hqpg1f6bmkbf2q7fmszzvk-xgcc-15.3.0-libgcc/lib/libgcc_s.so.1
7ffff5ad9000-7ffff5ada000 rwxp 00000000 00:00 0 
7ffff5ada000-7ffff5ae1000 rw-p 00000000 00:00 0 
7ffff5ae1000-7ffff5ae9000 r-xp 00000000 00:00 0 
7ffff5ae9000-7ffff7400000 rw-p 00000000 00:00 0 
7ffff7400000-7ffff7401000 r--p 00000000 00:00 0 
7ffff7401000-7ffff764c000 r--p 00001000 00:20 18726669                   /nix/store/0d8g8n0a11v6f5m2h416ajyxmnkwc3md-glibc-2.42-67/lib/libc.so.6
7ffff764c000-7ffff7800000 rw-p 00000000 00:00 0 
7ffff7800000-7ffff7801000 r--p 00000000 00:00 0 
7ffff7801000-7ffff7828000 r--p 00001000 00:20 18726669                   /nix/store/0d8g8n0a11v6f5m2h416ajyxmnkwc3md-glibc-2.42-67/lib/libc.so.6
7ffff7828000-7ffff79a7000 r-xp 00028000 00:20 18726669                   /nix/store/0d8g8n0a11v6f5m2h416ajyxmnkwc3md-glibc-2.42-67/lib/libc.so.6
7ffff79a7000-7ffff79f6000 r--p 001a7000 00:20 18726669                   /nix/store/0d8g8n0a11v6f5m2h416ajyxmnkwc3md-glibc-2.42-67/lib/libc.so.6
7ffff79f6000-7ffff79fa000 r--p 001f5000 00:20 18726669                   /nix/store/0d8g8n0a11v6f5m2h416ajyxmnkwc3md-glibc-2.42-67/lib/libc.so.6
7ffff79fa000-7ffff79fc000 rw-p 001f9000 00:20 18726669                   /nix/store/0d8g8n0a11v6f5m2h416ajyxmnkwc3md-glibc-2.42-67/lib/libc.so.6
7ffff79fc000-7ffff7b0c000 rw-p 00000000 00:00 0 
7ffff7b0c000-7ffff7b11000 r--p 00000000 00:2f 987967392                  /home/newton/work/dev-hermit/worktrees/slots/ci-signal-main-health-20260919/reverie/ignored/sabre-clock-origin-health-20260922/runtime-v2/pid-probe
7ffff7b11000-7ffff7bbe000 rw-p 00000000 00:00 0 
7ffff7bbe000-7ffff7bbf000 rwxp 00000000 00:00 0 
7ffff7bbf000-7ffff7bc6000 rw-p 00000000 00:00 0 
7ffff7bc6000-7ffff7bc7000 r-xp 00000000 00:00 0 
7ffff7bc7000-7ffff7bff000 rw-p 00000000 00:00 0 
7ffff7bff000-7ffff7c00000 r-xp 00000000 00:00 0 
7ffff7c00000-7ffff7c29000 r--p 00000000 00:20 43905055                   /usr/lib64/libc.so.6
7ffff7c29000-7ffff7d9f000 r-xp 00029000 00:20 43905055                   /usr/lib64/libc.so.6
7ffff7d9f000-7ffff7df8000 r--p 0019f000 00:20 43905055                   /usr/lib64/libc.so.6
7ffff7df8000-7ffff7dfc000 r--p 001f7000 00:20 43905055                   /usr/lib64/libc.so.6
7ffff7dfc000-7ffff7dfe000 rw-p 001fb000 00:20 43905055                   /usr/lib64/libc.so.6
7ffff7dfe000-7ffff7e0b000 rw-p 00000000 00:00 0 
7ffff7e0b000-7ffff7e4c000 r--p 00000000 00:20 18726663                   /nix/store/0d8g8n0a11v6f5m2h416ajyxmnkwc3md-glibc-2.42-67/lib/ld-linux-x86-64.so.2
7ffff7e4c000-7ffff7f3f000 rw-p 00000000 00:00 0 
7ffff7f3f000-7ffff7f40000 r--p 00000000 00:00 0 
7ffff7f40000-7ffff7f6b000 r-xp 00001000 00:20 18726663                   /nix/store/0d8g8n0a11v6f5m2h416ajyxmnkwc3md-glibc-2.42-67/lib/ld-linux-x86-64.so.2
7ffff7f6b000-7ffff7f78000 r--p 0002c000 00:20 18726663                   /nix/store/0d8g8n0a11v6f5m2h416ajyxmnkwc3md-glibc-2.42-67/lib/ld-linux-x86-64.so.2
7ffff7f78000-7ffff7f79000 rw-p 00039000 00:20 18726663                   /nix/store/0d8g8n0a11v6f5m2h416ajyxmnkwc3md-glibc-2.42-67/lib/ld-linux-x86-64.so.2
7ffff7f79000-7ffff7f7c000 rw-p 00000000 00:00 0 
7ffff7f7c000-7ffff7f7f000 r--p 00000000 00:20 110440                     /usr/lib64/libgcc_s-11-20240719.so.1
7ffff7f7f000-7ffff7f93000 r-xp 00003000 00:20 110440                     /usr/lib64/libgcc_s-11-20240719.so.1
7ffff7f93000-7ffff7f97000 r--p 00017000 00:20 110440                     /usr/lib64/libgcc_s-11-20240719.so.1
7ffff7f97000-7ffff7f98000 r--p 0001a000 00:20 110440                     /usr/lib64/libgcc_s-11-20240719.so.1
7ffff7f98000-7ffff7f99000 rw-p 00000000 00:00 0 
7ffff7f99000-7ffff7f9c000 r--p 00000000 00:20 110634                     /usr/lib64/libz.so.1.2.11
7ffff7f9c000-7ffff7faa000 r-xp 00003000 00:20 110634                     /usr/lib64/libz.so.1.2.11
7ffff7faa000-7ffff7fb0000 r--p 00011000 00:20 110634                     /usr/lib64/libz.so.1.2.11
7ffff7fb0000-7ffff7fb1000 ---p 00017000 00:20 110634                     /usr/lib64/libz.so.1.2.11
7ffff7fb1000-7ffff7fb2000 r--p 00017000 00:20 110634                     /usr/lib64/libz.so.1.2.11
7ffff7fb2000-7ffff7fb3000 rw-p 00000000 00:00 0 
7ffff7fb3000-7ffff7fb4000 r--p 00000000 00:00 0 
7ffff7fb4000-7ffff7fb5000 r-xp 00001000 00:2f 987967392                  /home/newton/work/dev-hermit/worktrees/slots/ci-signal-main-health-20260919/reverie/ignored/sabre-clock-origin-health-20260922/runtime-v2/pid-probe
7ffff7fb5000-7ffff7fb6000 r--p 00002000 00:2f 987967392                  /home/newton/work/dev-hermit/worktrees/slots/ci-signal-main-health-20260919/reverie/ignored/sabre-clock-origin-health-20260922/runtime-v2/pid-probe
7ffff7fb6000-7ffff7fb7000 r--p 00002000 00:2f 987967392                  /home/newton/work/dev-hermit/worktrees/slots/ci-signal-main-health-20260919/reverie/ignored/sabre-clock-origin-health-20260922/runtime-v2/pid-probe
7ffff7fb7000-7ffff7fb8000 rw-p 00003000 00:2f 987967392                  /home/newton/work/dev-hermit/worktrees/slots/ci-signal-main-health-20260919/reverie/ignored/sabre-clock-origin-health-20260922/runtime-v2/pid-probe
7ffff7fb8000-7ffff7fbc000 rw-p 00000000 00:00 0 
7ffff7fbc000-7ffff7fc0000 r--p 00000000 00:00 0                          [vvar]
7ffff7fc0000-7ffff7fc2000 r--p 00000000 00:00 0                          [vvar_vclock]
7ffff7fc2000-7ffff7fc4000 r-xp 00000000 00:00 0                          [vdso]
7ffff7fc4000-7ffff7fc6000 r--p 00000000 00:20 43905051                   /usr/lib64/ld-linux-x86-64.so.2
7ffff7fc6000-7ffff7fef000 r-xp 00002000 00:20 43905051                   /usr/lib64/ld-linux-x86-64.so.2
7ffff7fef000-7ffff7ffb000 r--p 0002b000 00:20 43905051                   /usr/lib64/ld-linux-x86-64.so.2
7ffff7ffb000-7ffff7ffd000 r--p 00037000 00:20 43905051                   /usr/lib64/ld-linux-x86-64.so.2
7ffff7ffd000-7ffff7fff000 rw-p 00039000 00:20 43905051                   /usr/lib64/ld-linux-x86-64.so.2
7ffff7fff000-7ffff8000000 rw-p 00000000 00:00 0 
7ffffffde000-7ffffffff000 rw-p 00000000 00:00 0                          [stack]
ffffffffff600000-ffffffffff601000 --xp 00000000 00:00 0                  [vsyscall]
MAPS_END
ORIGIN route=vdso sc=0x00000000000000e4 plugin=0x0000000000000000 site=0x00007ffff7fc2ad6 caller_sp=0x00007fffffffe438 copied=0x0000000000000080 0x00007ffff78eb58d 0x000005c3d4400000 0x00007ffff5ad9feb 0x000005c3d4400000 0x00007ffff5749201 0x00000000000003e8 0x000000000000000e 0x00000000000000a0 0x00007ffff574fa1f 0x000005c3d4640b36 0x000005c3d442bf78 0x000005c3d4400000 0x0000000000000029 0x00007ffff59d1c90 0x00007ffff5751387 0x000005c3d4400000
ORIGIN route=vdso sc=0x00000000000000e4 plugin=0x0000000000000000 site=0x00007ffff7fc2ad6 caller_sp=0x00007fffffffe478 copied=0x0000000000000080 0x00007ffff78eb58d 0x00000000000003e8 0x00007ffff5ad9feb 0x00000000000003e8 0x00007ffff5749201 0x00007ffff59dbdc0 0x0000000000000000 0x0000000000000000 0x00007ffff574fbb5 0x0001010000000007 0x00007ffff5751431 0x00007ffff59d1b80 0x00007ffff59d2238 0x0000000000000018 0x00007ffff575156c 0x00007fffffffe520
ORIGIN route=syscall sc=0x000000000000001c plugin=0x0000000000000000 site=0x00007ffff5ae443e caller_sp=0x00007fffffffe2e8 copied=0x0000000000000080 0x645f74657365725f 0x7374696d6d6f6365 0x00007fffffffe400 0x0000000000000000 0x0000000000000000 0x0000000000000000 0x0000000000000000 0x00007fffffffe3d8 0x00007ffff5745ca4 0x00007fffffffe360 0x0000000000000000 0x000005c3d4690000 0x0000000000010000 0x0000000000000000 0x0000000000000001 0x0000000000010000
ORIGIN route=syscall sc=0x000000000000001c plugin=0x0000000000000000 site=0x00007ffff5ae443e caller_sp=0x00007fffffffe2e8 copied=0x0000000000000080 0x645f74657365725f 0x7374696d6d6f6365 0x00007fffffffe400 0x0000000000000000 0x0000000000000000 0x0000000000000000 0x0000000000000000 0x00007fffffffe3d8 0x00007ffff5745ca4 0x00007fffffffe360 0x0000000000000000 0x000005c3d4770000 0x0000000000010000 0x0000000000000000 0x0000000000000001 0x0000000000010000
ORIGIN route=vdso sc=0x00000000000000e4 plugin=0x0000000000000000 site=0x00007ffff7fc2ad6 caller_sp=0x00007fffffffe438 copied=0x0000000000000080 0x00007ffff78eb58d 0x000005c3d4400000 0x00007ffff5ad9feb 0x000005c3d4400000 0x00007ffff5749201 0x00000000000003e8 0x000000000000000f 0x00000000000000c0 0x00007ffff574fa1f 0x0000000000000001 0x000005c3d442bc30 0x000005c3d4400000 0x0000000000000022 0x00007ffff59d1c90 0x00007ffff5751387 0x000005c3d4400000
ORIGIN route=vdso sc=0x00000000000000e4 plugin=0x0000000000000000 site=0x00007ffff7fc2ad6 caller_sp=0x00007fffffffe478 copied=0x0000000000000080 0x00007ffff78eb58d 0x00000000000003e8 0x00007ffff5ad9feb 0x00000000000003e8 0x00007ffff5749201 0x00007ffff59dbdc0 0x0000000000000000 0x0000000000000000 0x00007ffff574fbb5 0x0001010000000007 0x00007ffff5751431 0x00007ffff59d1b80 0x00007ffff59d2258 0x000000000000001c 0x00007ffff575156c 0x00007fffffff0100
ORIGIN route=vdso sc=0x00000000000000e4 plugin=0x0000000000000000 site=0x00007ffff7fc2ad6 caller_sp=0x00007fffffffe438 copied=0x0000000000000080 0x00007ffff78eb58d 0x000005c3d4400000 0x00007ffff5ad9feb 0x000005c3d4400000 0x00007ffff5749201 0x00000000000003e8 0x0000000000000011 0x0000000000000100 0x00007ffff574fa1f 0x00000000000003e8 0x000005c3d442c248 0x000005c3d4400000 0x000000000000002f 0x00007ffff59d1c90 0x00007ffff5751387 0x000005c3d4400000
ORIGIN route=vdso sc=0x00000000000000e4 plugin=0x0000000000000000 site=0x00007ffff7fc2ad6 caller_sp=0x00007fffffffe478 copied=0x0000000000000080 0x00007ffff78eb58d 0x00000000000003e8 0x00007ffff5ad9feb 0x00000000000003e8 0x00007ffff5749201 0x00007ffff59dbdc0 0x0000000000000000 0x0000000000000000 0x00007ffff574fbb5 0x0001010000000007 0x00007ffff5751431 0x00007ffff59d1b80 0x00007ffff59d2298 0x0000000000000028 0x00007ffff575156c 0x00007fffffff0100
ORIGIN route=vdso sc=0x00000000000000e4 plugin=0x0000000000000000 site=0x00007ffff7fc2ad6 caller_sp=0x00007fffffffe438 copied=0x0000000000000080 0x00007ffff78eb58d 0x000005c3d4400000 0x00007ffff5ad9feb 0x000005c3d4400000 0x00007ffff5749201 0x00000000000003e8 0x0000000000000014 0x00000000000001c0 0x00007ffff574fa1f 0x00000000000003e8 0x000005c3d442c680 0x000005c3d4400000 0x0000000000000038 0x00007ffff59d1c90 0x00007ffff5751387 0x000005c3d4400000
ORIGIN route=vdso sc=0x00000000000000e4 plugin=0x0000000000000000 site=0x00007ffff7fc2ad6 caller_sp=0x00007fffffffe478 copied=0x0000000000000080 0x00007ffff78eb58d 0x00000000000003e8 0x00007ffff5ad9feb 0x00000000000003e8 0x00007ffff5749201 0x00007ffff59dbdc0 0x0000000000000000 0x0000000000000000 0x00007ffff574fbb5 0x0001010000000007 0x00007ffff5751431 0x00007ffff59d1b80 0x00007ffff59d22f8 0x0000000000000040 0x00007ffff575156c 0x00007fffffff0100
ORIGIN route=vdso sc=0x00000000000000e4 plugin=0x0000000000000000 site=0x00007ffff7fc2ad6 caller_sp=0x00007fffffffe438 copied=0x0000000000000080 0x00007ffff78eb58d 0x000005c3d4400000 0x00007ffff5ad9feb 0x000005c3d4400000 0x00007ffff5749201 0x00000000000003e8 0x0000000000000015 0x0000000000000200 0x00007ffff574fa1f 0x00000000000003e8 0x000005c3d442c770 0x000005c3d4400000 0x000000000000003a 0x00007ffff59d1c90 0x00007ffff5751387 0x000005c3d4400000
ORIGIN route=vdso sc=0x00000000000000e4 plugin=0x0000000000000000 site=0x00007ffff7fc2ad6 caller_sp=0x00007fffffffe478 copied=0x0000000000000080 0x00007ffff78eb58d 0x00000000000003e8 0x00007ffff5ad9feb 0x00000000000003e8 0x00007ffff5749201 0x00007ffff59dbdc0 0x0000000000000000 0x0000000000000000 0x00007ffff574fbb5 0x0001010000000007 0x00007ffff5751431 0x00007ffff59d1b80 0x00007ffff59d2318 0x0000000000000050 0x00007ffff575156c 0x00007fffffff0100
ORIGIN route=vdso sc=0x00000000000000e4 plugin=0x0000000000000000 site=0x00007ffff7fc2ad6 caller_sp=0x00007fffffffe438 copied=0x0000000000000080 0x00007ffff78eb58d 0x000005c3d4400000 0x00007ffff5ad9feb 0x000005c3d4400000 0x00007ffff5749201 0x00000000000003e8 0x0000000000000016 0x0000000000000280 0x00007ffff574fa1f 0x00000000000003e8 0x000005c3d442be10 0x000005c3d4400000 0x0000000000000026 0x00007ffff59d1c90 0x00007ffff5751387 0x000005c3d4400000
ORIGIN route=vdso sc=0x00000000000000e4 plugin=0x0000000000000000 site=0x00007ffff7fc2ad6 caller_sp=0x00007fffffffe478 copied=0x0000000000000080 0x00007ffff78eb58d 0x00000000000003e8 0x00007ffff5ad9feb 0x00000000000003e8 0x00007ffff5749201 0x00007ffff59dbdc0 0x0000000000000000 0x0000000000000000 0x00007ffff574fbb5 0x0001010000000007 0x00007ffff5751431 0x00007ffff59d1b80 0x00007ffff59d2338 0x0000000000000060 0x00007ffff575156c 0x00007fffffff0100
ORIGIN route=vdso sc=0x00000000000000e4 plugin=0x0000000000000000 site=0x00007ffff7fc2ad6 caller_sp=0x00007fffffffe438 copied=0x0000000000000080 0x00007ffff78eb58d 0x000005c3d4400000 0x00007ffff5ad9feb 0x000005c3d4400000 0x00007ffff5749201 0x00000000000003e8 0x0000000000000017 0x0000000000000300 0x00007ffff574fa1f 0x00000000000003e8 0x000005c3d442c6f8 0x000005c3d4400000 0x0000000000000039 0x00007ffff59d1c90 0x00007ffff5751387 0x000005c3d4400000
ORIGIN route=vdso sc=0x00000000000000e4 plugin=0x0000000000000000 site=0x00007ffff7fc2ad6 caller_sp=0x00007fffffffe478 copied=0x0000000000000080 0x00007ffff78eb58d 0x00000000000003e8 0x00007ffff5ad9feb 0x00000000000003e8 0x00007ffff5749201 0x00007ffff59dbdc0 0x0000000000000000 0x0000000000000000 0x00007ffff574fbb5 0x0001010000000007 0x00007ffff5751431 0x00007ffff59d1b80 0x00007ffff59d2358 0x0000000000000070 0x00007ffff575156c 0x00007fffffff0100
ORIGIN route=vdso sc=0x00000000000000e4 plugin=0x0000000000000000 site=0x00007ffff7fc2ad6 caller_sp=0x00007fffffffe438 copied=0x0000000000000080 0x00007ffff78eb58d 0x000005c3d4400000 0x00007ffff5ad9feb 0x000005c3d4400000 0x00007ffff5749201 0x00000000000003e8 0x0000000000000000 0x000000000000004a 0x00007ffff574fa1f 0x00000000000003e8 0x000005c3d442c338 0x000005c3d4400000 0x0000000000000031 0x0000000000000001 0x00007ffff5751387 0x000005c3d4400000
ORIGIN route=vdso sc=0x00000000000000e4 plugin=0x0000000000000000 site=0x00007ffff7fc2ad6 caller_sp=0x00007fffffffe478 copied=0x0000000000000080 0x00007ffff78eb58d 0x00000000000003e8 0x00007ffff5ad9feb 0x00000000000003e8 0x00007ffff5749201 0x00007ffff59dbdc0 0x0000000000000000 0x0000000000000000 0x00007ffff574fbb5 0x0000010000000007 0x00007ffff5751431 0x00007ffff59d1b80 0x00007ffff59d23f8 0x00007ffff59d1b80 0x00007ffff575156c 0x00007fffffff0100
ORIGIN route=vdso sc=0x00000000000000e4 plugin=0x0000000000000000 site=0x00007ffff7fc2ad6 caller_sp=0x00007fffffffe438 copied=0x0000000000000080 0x00007ffff78eb58d 0x000005c3d4400000 0x00007ffff5ad9feb 0x000005c3d4400000 0x00007ffff5749201 0x00000000000003e8 0x0000000000000000 0x000000000000004a 0x00007ffff574fa1f 0x00000000000003e8 0x000005c3d442c518 0x000005c3d4400000 0x0000000000000035 0x0000000000000001 0x00007ffff5751387 0x000005c3d4400000
ORIGIN route=vdso sc=0x00000000000000e4 plugin=0x0000000000000000 site=0x00007ffff7fc2ad6 caller_sp=0x00007fffffffe478 copied=0x0000000000000080 0x00007ffff78eb58d 0x00000000000003e8 0x00007ffff5ad9feb 0x00000000000003e8 0x00007ffff5749201 0x00007ffff59dbdc0 0x0000000000000000 0x0000000000000000 0x00007ffff574fbb5 0x0000010000000007 0x00007ffff5751431 0x00007ffff59d1b80 0x00007ffff59d2418 0x00007ffff59d1b80 0x00007ffff575156c 0x00007fffffff0100
ORIGIN route=vdso sc=0x00000000000000e4 plugin=0x0000000000000000 site=0x00007ffff7fc2ad6 caller_sp=0x00007fffffffe438 copied=0x0000000000000080 0x00007ffff78eb58d 0x000005c3d4400000 0x00007ffff5ad9feb 0x000005c3d4400000 0x00007ffff5749201 0x00000000000003e8 0x0000000000000000 0x000000000000004a 0x00007ffff574fa1f 0x00000000000003e8 0x000005c3d442c2c0 0x000005c3d4400000 0x0000000000000030 0x0000000000000001 0x00007ffff5751387 0x000005c3d4400000
ORIGIN route=vdso sc=0x00000000000000e4 plugin=0x0000000000000000 site=0x00007ffff7fc2ad6 caller_sp=0x00007fffffffe478 copied=0x0000000000000080 0x00007ffff78eb58d 0x00000000000003e8 0x00007ffff5ad9feb 0x00000000000003e8 0x00007ffff5749201 0x00007ffff59dbdc0 0x0000000000000000 0x0000000000000000 0x00007ffff574fbb5 0x0000010000000007 0x00007ffff5751431 0x00007ffff59d1b80 0x00007ffff59d2438 0x00007ffff59d1b80 0x00007ffff575156c 0x00007fffffff0100
ORIGIN route=vdso sc=0x00000000000000e4 plugin=0x0000000000000000 site=0x00007ffff7fc2ad6 caller_sp=0x00007fffffffe438 copied=0x0000000000000080 0x00007ffff78eb58d 0x000005c3d4400000 0x00007ffff5ad9feb 0x000005c3d4400000 0x00007ffff5749201 0x00000000000003e8 0x0000000000000000 0x000000000000004a 0x00007ffff574fa1f 0x00000000000003e8 0x000005c3d442c158 0x000005c3d4400000 0x000000000000002d 0x0000000000000001 0x00007ffff5751387 0x000005c3d4400000
ORIGIN route=vdso sc=0x00000000000000e4 plugin=0x0000000000000000 site=0x00007ffff7fc2ad6 caller_sp=0x00007fffffffe478 copied=0x0000000000000080 0x00007ffff78eb58d 0x00000000000003e8 0x00007ffff5ad9feb 0x00000000000003e8 0x00007ffff5749201 0x00007ffff59dbdc0 0x0000000000000000 0x0000000000000000 0x00007ffff574fbb5 0x0001010000000007 0x00007ffff5751431 0x00007ffff59d1b80 0x00007ffff59d2458 0x00007ffff59d1b80 0x00007ffff575156c 0x00007fffffff0100
ORIGIN route=vdso sc=0x00000000000000e4 plugin=0x0000000000000000 site=0x00007ffff7fc2ad6 caller_sp=0x00007fffffffe438 copied=0x0000000000000080 0x00007ffff78eb58d 0x000005c3d4400000 0x00007ffff5ad9feb 0x000005c3d4400000 0x00007ffff5749201 0x00000000000003e8 0x0000000000000000 0x000000000000004a 0x00007ffff574fa1f 0x00000000000003e8 0x000005c3d442c3b0 0x000005c3d4400000 0x0000000000000032 0x0000000000000001 0x00007ffff5751387 0x000005c3d4400000
ORIGIN route=vdso sc=0x00000000000000e4 plugin=0x0000000000000000 site=0x00007ffff7fc2ad6 caller_sp=0x00007fffffffe478 copied=0x0000000000000080 0x00007ffff78eb58d 0x00000000000003e8 0x00007ffff5ad9feb 0x00000000000003e8 0x00007ffff5749201 0x00007ffff59dbdc0 0x0000000000000000 0x0000000000000000 0x00007ffff574fbb5 0x0000010000000007 0x00007ffff5751431 0x00007ffff59d1b80 0x00007ffff59d2478 0x00007ffff59d1b80 0x00007ffff575156c 0x00007fffffff0100
ORIGIN route=vdso sc=0x00000000000000e4 plugin=0x0000000000000000 site=0x00007ffff7fc2ad6 caller_sp=0x00007fffffffe438 copied=0x0000000000000080 0x00007ffff78eb58d 0x000005c3d4400000 0x00007ffff5ad9feb 0x000005c3d4400000 0x00007ffff5749201 0x00000000000003e8 0x0000000000000000 0x000000000000004a 0x00007ffff574fa1f 0x00000000000003e8 0x000005c3d442c590 0x000005c3d4400000 0x0000000000000036 0x0000000000000001 0x00007ffff5751387 0x000005c3d4400000
ORIGIN route=vdso sc=0x00000000000000e4 plugin=0x0000000000000000 site=0x00007ffff7fc2ad6 caller_sp=0x00007fffffffe478 copied=0x0000000000000080 0x00007ffff78eb58d 0x00000000000003e8 0x00007ffff5ad9feb 0x00000000000003e8 0x00007ffff5749201 0x00007ffff59dbdc0 0x0000000000000000 0x0000000000000000 0x00007ffff574fbb5 0x0000010000000007 0x00007ffff5751431 0x00007ffff59d1b80 0x00007ffff59d2498 0x00007ffff59d1b80 0x00007ffff575156c 0x00007fffffff0100
ORIGIN route=vdso sc=0x00000000000000e4 plugin=0x0000000000000000 site=0x00007ffff7fc2ad6 caller_sp=0x00007fffffffe438 copied=0x0000000000000080 0x00007ffff78eb58d 0x000005c3d4400000 0x00007ffff5ad9feb 0x000005c3d4400000 0x00007ffff5749201 0x00000000000003e8 0x0000000000000000 0x000000000000004a 0x00007ffff574fa1f 0x00000000000003e8 0x000005c3d442c1d0 0x000005c3d4400000 0x000000000000002e 0x0000000000000001 0x00007ffff5751387 0x000005c3d4400000
ORIGIN route=vdso sc=0x00000000000000e4 plugin=0x0000000000000000 site=0x00007ffff7fc2ad6 caller_sp=0x00007fffffffe478 copied=0x0000000000000080 0x00007ffff78eb58d 0x00000000000003e8 0x00007ffff5ad9feb 0x00000000000003e8 0x00007ffff5749201 0x00007ffff59dbdc0 0x0000000000000000 0x0000000000000000 0x00007ffff574fbb5 0x0001010000000007 0x00007ffff5751431 0x00007ffff59d1b80 0x00007ffff59d24d8 0x00007ffff59d1b80 0x00007ffff575156c 0x00007fffffff0100
ORIGIN route=vdso sc=0x00000000000000e4 plugin=0x0000000000000000 site=0x00007ffff7fc2ad6 caller_sp=0x00007fffffffe438 copied=0x0000000000000080 0x00007ffff78eb58d 0x000005c3d4400000 0x00007ffff5ad9feb 0x000005c3d4400000 0x00007ffff5749201 0x00000000000003e8 0x0000000000000000 0x000000000000004a 0x00007ffff574fa1f 0x00000000000003e8 0x000005c3d442c428 0x000005c3d4400000 0x0000000000000033 0x0000000000000001 0x00007ffff5751387 0x000005c3d4400000
ORIGIN route=vdso sc=0x00000000000000e4 plugin=0x0000000000000000 site=0x00007ffff7fc2ad6 caller_sp=0x00007fffffffe478 copied=0x0000000000000080 0x00007ffff78eb58d 0x00000000000003e8 0x00007ffff5ad9feb 0x00000000000003e8 0x00007ffff5749201 0x00007ffff59dbdc0 0x0000000000000000 0x0000000000000000 0x00007ffff574fbb5 0x0000010000000007 0x00007ffff5751431 0x00007ffff59d1b80 0x00007ffff59d24f8 0x00007ffff59d1b80 0x00007ffff575156c 0x00007fffffff0100
ORIGIN route=vdso sc=0x00000000000000e4 plugin=0x0000000000000000 site=0x00007ffff7fc2ad6 caller_sp=0x00007fffffffe438 copied=0x0000000000000080 0x00007ffff78eb58d 0x000005c3d4400000 0x00007ffff5ad9feb 0x000005c3d4400000 0x00007ffff5749201 0x00000000000003e8 0x0000000000000000 0x000000000000004a 0x00007ffff574fa1f 0x00000000000003e8 0x000005c3d442ca40 0x000005c3d4400000 0x0000000000000040 0x0000000000000001 0x00007ffff5751387 0x000005c3d4400000
ORIGIN route=vdso sc=0x00000000000000e4 plugin=0x0000000000000000 site=0x00007ffff7fc2ad6 caller_sp=0x00007fffffffe478 copied=0x0000000000000080 0x00007ffff78eb58d 0x00000000000003e8 0x00007ffff5ad9feb 0x00000000000003e8 0x00007ffff5749201 0x00007ffff59dbdc0 0x0000000000000000 0x0000000000000000 0x00007ffff574fbb5 0x0000010000000007 0x00007ffff5751431 0x00007ffff59d1b80 0x00007ffff59d2558 0x00007ffff59d1b80 0x00007ffff575156c 0x00007fffffff0100
ORIGIN route=vdso sc=0x00000000000000e4 plugin=0x0000000000000000 site=0x00007ffff7fc2ad6 caller_sp=0x00007fffffffe438 copied=0x0000000000000080 0x00007ffff78eb58d 0x000005c3d4400000 0x00007ffff5ad9feb 0x000005c3d4400000 0x00007ffff5749201 0x00000000000003e8 0x0000000000000000 0x000000000000004a 0x00007ffff574fa1f 0x00000000000003e8 0x000005c3d442ce00 0x000005c3d4400000 0x0000000000000048 0x0000000000000001 0x00007ffff5751387 0x000005c3d4400000
ORIGIN route=vdso sc=0x00000000000000e4 plugin=0x0000000000000000 site=0x00007ffff7fc2ad6 caller_sp=0x00007fffffffe478 copied=0x0000000000000080 0x00007ffff78eb58d 0x00000000000003e8 0x00007ffff5ad9feb 0x00000000000003e8 0x00007ffff5749201 0x00007ffff59dbdc0 0x0000000000000000 0x0000000000000000 0x00007ffff574fbb5 0x0000010000000007 0x00007ffff5751431 0x00007ffff59d1b80 0x00007ffff59d25d8 0x00007ffff59d1b80 0x00007ffff575156c 0x00007fffffff0100
ORIGIN route=vdso sc=0x00000000000000e4 plugin=0x0000000000000000 site=0x00007ffff7fc2ad6 caller_sp=0x00007fffffffe438 copied=0x0000000000000080 0x00007ffff78eb58d 0x000005c3d4400000 0x00007ffff5ad9feb 0x000005c3d4400000 0x00007ffff5749201 0x00000000000003e8 0x0000000000000000 0x000000000000004a 0x00007ffff574fa1f 0x00000000000003e8 0x000005c3d442d1c0 0x000005c3d4400000 0x0000000000000050 0x0000000000000001 0x00007ffff5751387 0x000005c3d4400000
ORIGIN route=vdso sc=0x00000000000000e4 plugin=0x0000000000000000 site=0x00007ffff7fc2ad6 caller_sp=0x00007fffffffe478 copied=0x0000000000000080 0x00007ffff78eb58d 0x00000000000003e8 0x00007ffff5ad9feb 0x00000000000003e8 0x00007ffff5749201 0x00007ffff59dbdc0 0x0000000000000000 0x0000000000000000 0x00007ffff574fbb5 0x0001010000000007 0x00007ffff5751431 0x00007ffff59d1b80 0x00007ffff59d2658 0x00007ffff59d1b80 0x00007ffff575156c 0x00007fffffff0100
ORIGIN route=vdso sc=0x00000000000000e4 plugin=0x0000000000000000 site=0x00007ffff7fc2ad6 caller_sp=0x00007fffffffe478 copied=0x0000000000000080 0x00007ffff78eb58d 0x000005c3d4400000 0x00007ffff5ad9feb 0x000005c3d4400000 0x00007ffff5749201 0x00000000000003e8 0x0000000000000001 0x000005c3d442bc30 0x00007ffff574fa1f 0x0001010000000007 0x000005c3d442bc30 0x000005c3d4400000 0x0000000000000022 0x00007ffff59d2478 0x00007ffff5751387 0x000005c3d4400000
ORIGIN route=vdso sc=0x00000000000000e4 plugin=0x0000000000000000 site=0x00007ffff7fc2ad6 caller_sp=0x00007fffffffe4b8 copied=0x0000000000000080 0x00007ffff78eb58d 0x00000000000003e8 0x00007ffff5ad9feb 0x00000000000003e8 0x00007ffff5749201 0x00007ffff59dbdc0 0x0000000000000000 0x0000000000000000 0x00007ffff574fbb5 0x0000010000000007 0x00007ffff5751431 0x00007ffff59d1b80 0x00007ffff59d1b80 0x0000000000000001 0x00007ffff575156c 0x000000000000004a
ORIGIN route=vdso sc=0x00000000000000e4 plugin=0x0000000000000000 site=0x00007ffff7fc2ad6 caller_sp=0x00007fffffffe4b8 copied=0x0000000000000080 0x00007ffff78eb58d 0x00000000000003e8 0x00007ffff5ad9feb 0x00000000000003e8 0x00007ffff5749201 0x00007ffff59dbdc0 0x0000000000000001 0x0000000000000000 0x00007ffff574fbb5 0x0100010000000007 0x0000019b76daa800 0x000000008688e76b 0x00007ffff59d1b80 0x0000000000000001 0x00007ffff575156c 0x000000000000004a
ORIGIN route=syscall sc=0x000000000000001c plugin=0x0000000000000000 site=0x00007ffff5ae443e caller_sp=0x00007fffffffe328 copied=0x0000000000000080 0x00000000000000e4 0x0000000000000001 0x00007fffffffe4e0 0x0000000000000000 0x0000000000000000 0x0000000000000000 0x0000000000000000 0x00007fffffffe418 0x0000000000000001 0x00007fffffffe3a0 0x0000000000000000 0x000005c3d4620000 0x0000000000010000 0x0000000000000000 0x0000000000000001 0x0000000000010000
ORIGIN route=syscall sc=0x000000000000001c plugin=0x0000000000000000 site=0x00007ffff5ae443e caller_sp=0x00007fffffffe328 copied=0x0000000000000080 0x00000000000000e4 0x0000000000000001 0x00007fffffffe4e0 0x0000000000000000 0x0000000000000000 0x0000000000000000 0x0000000000000000 0x00007fffffffe418 0x0000000000000001 0x00007fffffffe3a0 0x0000000000000000 0x000005c3d46d0000 0x0000000000070000 0x0000000000000000 0x0000000000000001 0x0000000000070000
ORIGIN route=syscall sc=0x000000000000001c plugin=0x0000000000000000 site=0x00007ffff5ae443e caller_sp=0x00007fffffffe328 copied=0x0000000000000080 0x00000000000000e4 0x0000000000000001 0x00007fffffffe4e0 0x0000000000000000 0x0000000000000000 0x0000000000000000 0x0000000000000000 0x00007fffffffe418 0x0000000000000001 0x00007fffffffe3a0 0x0000000000000000 0x000005c3d4750000 0x0000000000020000 0x0000000000000000 0x0000000000000001 0x0000000000020000
ORIGIN route=syscall sc=0x000000000000001c plugin=0x0000000000000000 site=0x00007ffff5ae443e caller_sp=0x00007fffffffe328 copied=0x0000000000000080 0x00000000000000e4 0x0000000000000001 0x00007fffffffe4e0 0x0000000000000000 0x0000000000000000 0x0000000000000000 0x0000000000000000 0x00007fffffffe418 0x0000000000000001 0x00007fffffffe3a0 0x0000000000000000 0x000005c3d4780000 0x0000000000030000 0x0000000000000000 0x0000000000000001 0x0000000000030000
ORIGIN route=syscall sc=0x000000000000001c plugin=0x0000000000000000 site=0x00007ffff5ae443e caller_sp=0x00007fffffffe328 copied=0x0000000000000080 0x00000000000000e4 0x0000000000000001 0x00007fffffffe4e0 0x0000000000000000 0x0000000000000000 0x0000000000000000 0x0000000000000000 0x00007fffffffe418 0x0000000000000001 0x00007fffffffe3a0 0x0000000000000000 0x000005c3d4800000 0x0000000000180000 0x0000000000000000 0x0000000000000001 0x0000000000180000
ORIGIN route=vdso sc=0x00000000000000e4 plugin=0x0000000000000001 site=0x00007ffff7fc2ad6 caller_sp=0x00007fffffffb7a8 copied=0x0000000000000080 0x00007ffff78eb58d 0x00007fffffffb7f0 0x00007ffff5ad9feb 0x00007ffff35500a0 0x00007ffff59667d3 0x0000000000000010 0x00007ffff35500c0 0x00007ffff35500c8 0x0000000000000003 0x0000000000000000 0x00007ffff57405a1 0x000005c3d4610a90 0x0000000000000001 0x00007fffffffb870 0x00007fffffffb808 0x0000000000000000
ORIGIN route=syscall sc=0x000000000000001c plugin=0x0000000000000001 site=0x00007ffff5ae443e caller_sp=0x00007fffffffcf58 copied=0x0000000000000080 0x0000000000000001 0x00007ffff59d1ba8 0x0000000000000000 0x0000000000000010 0x0000000000000003 0x00007fffffffd0ae 0x00007ffff57476e5 0x0000000000000000 0x0000000000004022 0x0000000040000000 0x0000000000000000 0x0000000000200000 0x0000000000000003 0x000005c3d4400000 0x00007ffff5749de9 0x0000000040000000
ORIGIN route=vdso sc=0x00000000000000e4 plugin=0x0000000000000001 site=0x00007ffff7fc2ad6 caller_sp=0x00007fffffff2bd8 copied=0x0000000000000080 0x00007ffff78eb58d 0x000005c3d4400000 0x00007ffff5ad9feb 0x000005c3d4400000 0x00007ffff5749201 0x00000000000003e8 0x0000000000000022 0x0000000000000016 0x00007ffff574fa1f 0x0000000000000030 0x000005c3d442c2c0 0x000005c3d4400000 0x0000000000000030 0x0000000000000000 0x00007ffff5751387 0x000005c3d4400000
ORIGIN route=vdso sc=0x00000000000000e4 plugin=0x0000000000000001 site=0x00007ffff7fc2ad6 caller_sp=0x00007fffffff2c18 copied=0x0000000000000080 0x00007ffff78eb58d 0x00000000000003e8 0x00007ffff5ad9feb 0x00000000000003e8 0x00007ffff5749201 0x00007ffff59dbdc0 0x0000000000000000 0x0000000000000000 0x00007ffff574fbb5 0x0001010000000007 0x00007ffff5751431 0x00007ffff59d1b80 0x00007ffff59d2558 0x00007ffff59d1b80 0x00007ffff575156c 0x0000000000000000
ORIGIN route=vdso sc=0x00000000000000e4 plugin=0x0000000000000001 site=0x00007ffff7fc2ad6 caller_sp=0x00007fffffffa498 copied=0x0000000000000080 0x00007ffff78eb58d 0x000005c3d4400000 0x00007ffff5ad9feb 0x000005c3d4400000 0x00007ffff5749201 0x00000000000003e8 0x0000000000000022 0x000000000000001e 0x00007ffff574fa1f 0x0000000000000000 0x000005c3d442ca40 0x000005c3d4400000 0x0000000000000040 0x0000000000000000 0x00007ffff5751387 0x000005c3d4400000
ORIGIN route=vdso sc=0x00000000000000e4 plugin=0x0000000000000001 site=0x00007ffff7fc2ad6 caller_sp=0x00007fffffffa4d8 copied=0x0000000000000080 0x00007ffff78eb58d 0x00000000000003e8 0x00007ffff5ad9feb 0x00000000000003e8 0x00007ffff5749201 0x00007ffff59dbdc0 0x0000000000000000 0x0000000000000000 0x00007ffff574fbb5 0x0001010000000007 0x00007ffff5751431 0x00007ffff59d1b80 0x00007ffff59d25d8 0x00007ffff59d1b80 0x00007ffff575156c 0x0000000000000000
ORIGIN route=vdso sc=0x00000000000000e4 plugin=0x0000000000000001 site=0x00007ffff7fc2ad6 caller_sp=0x00007ffffffef718 copied=0x0000000000000080 0x00007ffff78eb58d 0x000005c3d4400000 0x00007ffff5ad9feb 0x000005c3d4400000 0x00007ffff5749201 0x00000000000003e8 0x0000000000000023 0x000000000000000d 0x00007ffff574fa1f 0x00007ffff54d273c 0x000005c3d442ce00 0x000005c3d4400000 0x0000000000000048 0x0000000000000000 0x00007ffff5751387 0x000005c3d4400000
ORIGIN route=vdso sc=0x00000000000000e4 plugin=0x0000000000000001 site=0x00007ffff7fc2ad6 caller_sp=0x00007ffffffef758 copied=0x0000000000000080 0x00007ffff78eb58d 0x00000000000003e8 0x00007ffff5ad9feb 0x00000000000003e8 0x00007ffff5749201 0x00007ffff59dbdc0 0x0000000000000000 0x0000000000000000 0x00007ffff574fbb5 0x0001010000000007 0x00007ffff5751431 0x00007ffff59d1b80 0x00007ffff59d2658 0x00007ffff59d1b80 0x00007ffff575156c 0x0000000000000000
MAPS_BEGIN
5c3d4400000-5c414400000 rw-p 00000000 00:00 0                            [anon:mimalloc]
555555554000-555555558000 r--p 00000000 00:2f 987911834                  /home/newton/work/dev-hermit/worktrees/slots/pr-drain-ci-signal-parent-scorecard-20260920/hermit/target/diagnostics/sabre-clock-origin-health-20260922/sabre
555555558000-55555556d000 r-xp 00004000 00:2f 987911834                  /home/newton/work/dev-hermit/worktrees/slots/pr-drain-ci-signal-parent-scorecard-20260920/hermit/target/diagnostics/sabre-clock-origin-health-20260922/sabre
55555556d000-555555574000 r--p 00019000 00:2f 987911834                  /home/newton/work/dev-hermit/worktrees/slots/pr-drain-ci-signal-parent-scorecard-20260920/hermit/target/diagnostics/sabre-clock-origin-health-20260922/sabre
555555574000-555555575000 r--p 0001f000 00:2f 987911834                  /home/newton/work/dev-hermit/worktrees/slots/pr-drain-ci-signal-parent-scorecard-20260920/hermit/target/diagnostics/sabre-clock-origin-health-20260922/sabre
555555575000-555555576000 rw-p 00020000 00:2f 987911834                  /home/newton/work/dev-hermit/worktrees/slots/pr-drain-ci-signal-parent-scorecard-20260920/hermit/target/diagnostics/sabre-clock-origin-health-20260922/sabre
555555576000-55555557e000 rw-p 00000000 00:00 0 
55555557e000-5555555a0000 rw-p 00000000 00:00 0                          [heap]
7ffff34f0000-7ffff3500000 rw-p 00000000 00:00 0                          [anon:mimalloc]
7ffff3510000-7ffff3520000 rw-p 00000000 00:00 0                          [anon:mimalloc]
7ffff3530000-7ffff3540000 rw-p 00000000 00:00 0                          [anon:mimalloc]
7ffff3550000-7ffff3590000 rw-p 00000000 00:00 0                          [anon:mimalloc]
7ffff3592000-7ffff37d2000 rw-p 00000000 00:00 0                          [anon:mimalloc]
7ffff37d2000-7ffff37d3000 rwxp 00000000 00:00 0 
7ffff37d3000-7ffff4e00000 rw-p 00000000 00:00 0 
7ffff4e00000-7ffff504c000 r--p 00000000 00:20 18726669                   /nix/store/0d8g8n0a11v6f5m2h416ajyxmnkwc3md-glibc-2.42-67/lib/libc.so.6
7ffff504c000-7ffff5308000 rw-p 00000000 00:00 0 
7ffff5308000-7ffff5319000 r--p 00000000 00:20 18726676                   /nix/store/0d8g8n0a11v6f5m2h416ajyxmnkwc3md-glibc-2.42-67/lib/libm.so.6
7ffff5319000-7ffff539e000 r-xp 00011000 00:20 18726676                   /nix/store/0d8g8n0a11v6f5m2h416ajyxmnkwc3md-glibc-2.42-67/lib/libm.so.6
7ffff539e000-7ffff53fe000 r--p 00096000 00:20 18726676                   /nix/store/0d8g8n0a11v6f5m2h416ajyxmnkwc3md-glibc-2.42-67/lib/libm.so.6
7ffff53fe000-7ffff53ff000 r--p 000f5000 00:20 18726676                   /nix/store/0d8g8n0a11v6f5m2h416ajyxmnkwc3md-glibc-2.42-67/lib/libm.so.6
7ffff53ff000-7ffff5400000 rw-p 000f6000 00:20 18726676                   /nix/store/0d8g8n0a11v6f5m2h416ajyxmnkwc3md-glibc-2.42-67/lib/libm.so.6
7ffff5400000-7ffff55a3000 r--p 00000000 00:2f 978041056                  /home/newton/work/dev-hermit/worktrees/slots/pr-drain-ci-signal-parent-scorecard-20260920/hermit/target/ci/hermit-e2e-artifacts/37216010831f755680c35f7cc92294b07c73e0f843919583b831afed2ed2bc90/install/rsrcs/libdetcore_sabre.so
7ffff55a3000-7ffff599d000 r-xp 001a2000 00:2f 978041056                  /home/newton/work/dev-hermit/worktrees/slots/pr-drain-ci-signal-parent-scorecard-20260920/hermit/target/ci/hermit-e2e-artifacts/37216010831f755680c35f7cc92294b07c73e0f843919583b831afed2ed2bc90/install/rsrcs/libdetcore_sabre.so
7ffff599d000-7ffff59d0000 r--p 0059b000 00:2f 978041056                  /home/newton/work/dev-hermit/worktrees/slots/pr-drain-ci-signal-parent-scorecard-20260920/hermit/target/ci/hermit-e2e-artifacts/37216010831f755680c35f7cc92294b07c73e0f843919583b831afed2ed2bc90/install/rsrcs/libdetcore_sabre.so
7ffff59d0000-7ffff59d6000 rw-p 005cd000 00:2f 978041056                  /home/newton/work/dev-hermit/worktrees/slots/pr-drain-ci-signal-parent-scorecard-20260920/hermit/target/ci/hermit-e2e-artifacts/37216010831f755680c35f7cc92294b07c73e0f843919583b831afed2ed2bc90/install/rsrcs/libdetcore_sabre.so
7ffff59d6000-7ffff5a68000 rw-p 00000000 00:00 0 
7ffff5a6b000-7ffff5a74000 rw-p 00000000 00:00 0 
7ffff5a77000-7ffff5a81000 rw-p 00000000 00:00 0 
7ffff5a84000-7ffff5a8e000 rw-p 00000000 00:00 0 
7ffff5a91000-7ffff5a98000 rw-p 00000000 00:00 0 
7ffff5a9b000-7ffff5aa1000 rw-p 00000000 00:00 0 
7ffff5aa4000-7ffff5aac000 rw-p 00000000 00:00 0 
7ffff5aac000-7ffff5ab0000 r--p 00000000 00:20 18722267                   /nix/store/v4zcvckzr9hqpg1f6bmkbf2q7fmszzvk-xgcc-15.3.0-libgcc/lib/libgcc_s.so.1
7ffff5ab0000-7ffff5ad3000 r-xp 00004000 00:20 18722267                   /nix/store/v4zcvckzr9hqpg1f6bmkbf2q7fmszzvk-xgcc-15.3.0-libgcc/lib/libgcc_s.so.1
7ffff5ad3000-7ffff5ad7000 r--p 00027000 00:20 18722267                   /nix/store/v4zcvckzr9hqpg1f6bmkbf2q7fmszzvk-xgcc-15.3.0-libgcc/lib/libgcc_s.so.1
7ffff5ad7000-7ffff5ad8000 r--p 0002b000 00:20 18722267                   /nix/store/v4zcvckzr9hqpg1f6bmkbf2q7fmszzvk-xgcc-15.3.0-libgcc/lib/libgcc_s.so.1
7ffff5ad8000-7ffff5ad9000 rw-p 0002c000 00:20 18722267                   /nix/store/v4zcvckzr9hqpg1f6bmkbf2q7fmszzvk-xgcc-15.3.0-libgcc/lib/libgcc_s.so.1
7ffff5ad9000-7ffff5ada000 rwxp 00000000 00:00 0 
7ffff5ada000-7ffff5ae1000 rw-p 00000000 00:00 0 
7ffff5ae1000-7ffff5ae9000 r-xp 00000000 00:00 0 
7ffff5ae9000-7ffff7400000 rw-p 00000000 00:00 0 
7ffff7400000-7ffff7401000 r--p 00000000 00:00 0 
7ffff7401000-7ffff764c000 r--p 00001000 00:20 18726669                   /nix/store/0d8g8n0a11v6f5m2h416ajyxmnkwc3md-glibc-2.42-67/lib/libc.so.6
7ffff764c000-7ffff7800000 rw-p 00000000 00:00 0 
7ffff7800000-7ffff7801000 r--p 00000000 00:00 0 
7ffff7801000-7ffff7828000 r--p 00001000 00:20 18726669                   /nix/store/0d8g8n0a11v6f5m2h416ajyxmnkwc3md-glibc-2.42-67/lib/libc.so.6
7ffff7828000-7ffff79a7000 r-xp 00028000 00:20 18726669                   /nix/store/0d8g8n0a11v6f5m2h416ajyxmnkwc3md-glibc-2.42-67/lib/libc.so.6
7ffff79a7000-7ffff79f6000 r--p 001a7000 00:20 18726669                   /nix/store/0d8g8n0a11v6f5m2h416ajyxmnkwc3md-glibc-2.42-67/lib/libc.so.6
7ffff79f6000-7ffff79fa000 r--p 001f5000 00:20 18726669                   /nix/store/0d8g8n0a11v6f5m2h416ajyxmnkwc3md-glibc-2.42-67/lib/libc.so.6
7ffff79fa000-7ffff79fc000 rw-p 001f9000 00:20 18726669                   /nix/store/0d8g8n0a11v6f5m2h416ajyxmnkwc3md-glibc-2.42-67/lib/libc.so.6
7ffff79fc000-7ffff7b0c000 rw-p 00000000 00:00 0 
7ffff7b0c000-7ffff7b11000 r--p 00000000 00:2f 987967392                  /home/newton/work/dev-hermit/worktrees/slots/ci-signal-main-health-20260919/reverie/ignored/sabre-clock-origin-health-20260922/runtime-v2/pid-probe
7ffff7b11000-7ffff7bbe000 rw-p 00000000 00:00 0 
7ffff7bbe000-7ffff7bbf000 rwxp 00000000 00:00 0 
7ffff7bbf000-7ffff7bc6000 rw-p 00000000 00:00 0 
7ffff7bc6000-7ffff7bc7000 r-xp 00000000 00:00 0 
7ffff7bc7000-7ffff7bff000 rw-p 00000000 00:00 0 
7ffff7bff000-7ffff7c00000 r-xp 00000000 00:00 0 
7ffff7c00000-7ffff7c29000 r--p 00000000 00:20 43905055                   /usr/lib64/libc.so.6
7ffff7c29000-7ffff7d9f000 r-xp 00029000 00:20 43905055                   /usr/lib64/libc.so.6
7ffff7d9f000-7ffff7df8000 r--p 0019f000 00:20 43905055                   /usr/lib64/libc.so.6
7ffff7df8000-7ffff7dfc000 r--p 001f7000 00:20 43905055                   /usr/lib64/libc.so.6
7ffff7dfc000-7ffff7dfe000 rw-p 001fb000 00:20 43905055                   /usr/lib64/libc.so.6
7ffff7dfe000-7ffff7e0b000 rw-p 00000000 00:00 0 
7ffff7e0b000-7ffff7e4c000 r--p 00000000 00:20 18726663                   /nix/store/0d8g8n0a11v6f5m2h416ajyxmnkwc3md-glibc-2.42-67/lib/ld-linux-x86-64.so.2
7ffff7e4c000-7ffff7f3f000 rw-p 00000000 00:00 0 
7ffff7f3f000-7ffff7f40000 r--p 00000000 00:00 0 
7ffff7f40000-7ffff7f6b000 r-xp 00001000 00:20 18726663                   /nix/store/0d8g8n0a11v6f5m2h416ajyxmnkwc3md-glibc-2.42-67/lib/ld-linux-x86-64.so.2
7ffff7f6b000-7ffff7f78000 r--p 0002c000 00:20 18726663                   /nix/store/0d8g8n0a11v6f5m2h416ajyxmnkwc3md-glibc-2.42-67/lib/ld-linux-x86-64.so.2
7ffff7f78000-7ffff7f79000 rw-p 00039000 00:20 18726663                   /nix/store/0d8g8n0a11v6f5m2h416ajyxmnkwc3md-glibc-2.42-67/lib/ld-linux-x86-64.so.2
7ffff7f79000-7ffff7f7c000 rw-p 00000000 00:00 0 
7ffff7f7c000-7ffff7f7f000 r--p 00000000 00:20 110440                     /usr/lib64/libgcc_s-11-20240719.so.1
7ffff7f7f000-7ffff7f93000 r-xp 00003000 00:20 110440                     /usr/lib64/libgcc_s-11-20240719.so.1
7ffff7f93000-7ffff7f97000 r--p 00017000 00:20 110440                     /usr/lib64/libgcc_s-11-20240719.so.1
7ffff7f97000-7ffff7f98000 r--p 0001a000 00:20 110440                     /usr/lib64/libgcc_s-11-20240719.so.1
7ffff7f98000-7ffff7f99000 rw-p 00000000 00:00 0 
7ffff7f99000-7ffff7f9c000 r--p 00000000 00:20 110634                     /usr/lib64/libz.so.1.2.11
7ffff7f9c000-7ffff7faa000 r-xp 00003000 00:20 110634                     /usr/lib64/libz.so.1.2.11
7ffff7faa000-7ffff7fb0000 r--p 00011000 00:20 110634                     /usr/lib64/libz.so.1.2.11
7ffff7fb0000-7ffff7fb1000 ---p 00017000 00:20 110634                     /usr/lib64/libz.so.1.2.11
7ffff7fb1000-7ffff7fb2000 r--p 00017000 00:20 110634                     /usr/lib64/libz.so.1.2.11
7ffff7fb2000-7ffff7fb3000 rw-p 00000000 00:00 0 
7ffff7fb3000-7ffff7fb4000 r--p 00000000 00:00 0 
7ffff7fb4000-7ffff7fb5000 r-xp 00001000 00:2f 987967392                  /home/newton/work/dev-hermit/worktrees/slots/ci-signal-main-health-20260919/reverie/ignored/sabre-clock-origin-health-20260922/runtime-v2/pid-probe
7ffff7fb5000-7ffff7fb6000 r--p 00002000 00:2f 987967392                  /home/newton/work/dev-hermit/worktrees/slots/ci-signal-main-health-20260919/reverie/ignored/sabre-clock-origin-health-20260922/runtime-v2/pid-probe
7ffff7fb6000-7ffff7fb7000 r--p 00002000 00:2f 987967392                  /home/newton/work/dev-hermit/worktrees/slots/ci-signal-main-health-20260919/reverie/ignored/sabre-clock-origin-health-20260922/runtime-v2/pid-probe
7ffff7fb7000-7ffff7fb8000 rw-p 00003000 00:2f 987967392                  /home/newton/work/dev-hermit/worktrees/slots/ci-signal-main-health-20260919/reverie/ignored/sabre-clock-origin-health-20260922/runtime-v2/pid-probe
7ffff7fb8000-7ffff7fbc000 rw-p 00000000 00:00 0 
7ffff7fbc000-7ffff7fc0000 r--p 00000000 00:00 0                          [vvar]
7ffff7fc0000-7ffff7fc2000 r--p 00000000 00:00 0                          [vvar_vclock]
7ffff7fc2000-7ffff7fc4000 r-xp 00000000 00:00 0                          [vdso]
7ffff7fc4000-7ffff7fc6000 r--p 00000000 00:20 43905051                   /usr/lib64/ld-linux-x86-64.so.2
7ffff7fc6000-7ffff7fef000 r-xp 00002000 00:20 43905051                   /usr/lib64/ld-linux-x86-64.so.2
7ffff7fef000-7ffff7ffb000 r--p 0002b000 00:20 43905051                   /usr/lib64/ld-linux-x86-64.so.2
7ffff7ffb000-7ffff7ffd000 r--p 00037000 00:20 43905051                   /usr/lib64/ld-linux-x86-64.so.2
7ffff7ffd000-7ffff7fff000 rw-p 00039000 00:20 43905051                   /usr/lib64/ld-linux-x86-64.so.2
7ffff7fff000-7ffff8000000 rw-p 00000000 00:00 0 
7ffffffde000-7ffffffff000 rw-p 00000000 00:00 0                          [stack]
ffffffffff600000-ffffffffff601000 --xp 00000000 00:00 0                  [vsyscall]
MAPS_END
ORIGIN route=vdso sc=0x00000000000000e4 plugin=0x0000000000000000 site=0x00007ffff7fc2ad6 caller_sp=0x00007fffffffe438 copied=0x0000000000000080 0x00007ffff78eb58d 0x000005c3d4400000 0x00007ffff5ad9feb 0x000005c3d4400000 0x00007ffff5749201 0x00000000000003e8 0x000000000000000e 0x00000000000000a0 0x00007ffff574fa1f 0x000005c3d4640b36 0x000005c3d442bf78 0x000005c3d4400000 0x0000000000000029 0x00007ffff59d1c90 0x00007ffff5751387 0x000005c3d4400000
ORIGIN route=vdso sc=0x00000000000000e4 plugin=0x0000000000000000 site=0x00007ffff7fc2ad6 caller_sp=0x00007fffffffe478 copied=0x0000000000000080 0x00007ffff78eb58d 0x00000000000003e8 0x00007ffff5ad9feb 0x00000000000003e8 0x00007ffff5749201 0x00007ffff59dbdc0 0x0000000000000000 0x0000000000000000 0x00007ffff574fbb5 0x0001010000000007 0x00007ffff5751431 0x00007ffff59d1b80 0x00007ffff59d2238 0x0000000000000018 0x00007ffff575156c 0x00007fffffffe520
ORIGIN route=syscall sc=0x000000000000001c plugin=0x0000000000000000 site=0x00007ffff5ae443e caller_sp=0x00007fffffffe2e8 copied=0x0000000000000080 0x645f74657365725f 0x7374696d6d6f6365 0x00007fffffffe400 0x0000000000000000 0x0000000000000000 0x0000000000000000 0x0000000000000000 0x00007fffffffe3d8 0x00007ffff5745ca4 0x00007fffffffe360 0x0000000000000000 0x000005c3d4690000 0x0000000000010000 0x0000000000000000 0x0000000000000001 0x0000000000010000
ORIGIN route=syscall sc=0x000000000000001c plugin=0x0000000000000000 site=0x00007ffff5ae443e caller_sp=0x00007fffffffe2e8 copied=0x0000000000000080 0x645f74657365725f 0x7374696d6d6f6365 0x00007fffffffe400 0x0000000000000000 0x0000000000000000 0x0000000000000000 0x0000000000000000 0x00007fffffffe3d8 0x00007ffff5745ca4 0x00007fffffffe360 0x0000000000000000 0x000005c3d4770000 0x0000000000010000 0x0000000000000000 0x0000000000000001 0x0000000000010000
ORIGIN route=vdso sc=0x00000000000000e4 plugin=0x0000000000000000 site=0x00007ffff7fc2ad6 caller_sp=0x00007fffffffe438 copied=0x0000000000000080 0x00007ffff78eb58d 0x000005c3d4400000 0x00007ffff5ad9feb 0x000005c3d4400000 0x00007ffff5749201 0x00000000000003e8 0x000000000000000f 0x00000000000000c0 0x00007ffff574fa1f 0x0000000000000001 0x000005c3d442bc30 0x000005c3d4400000 0x0000000000000022 0x00007ffff59d1c90 0x00007ffff5751387 0x000005c3d4400000
ORIGIN route=vdso sc=0x00000000000000e4 plugin=0x0000000000000000 site=0x00007ffff7fc2ad6 caller_sp=0x00007fffffffe478 copied=0x0000000000000080 0x00007ffff78eb58d 0x00000000000003e8 0x00007ffff5ad9feb 0x00000000000003e8 0x00007ffff5749201 0x00007ffff59dbdc0 0x0000000000000000 0x0000000000000000 0x00007ffff574fbb5 0x0001010000000007 0x00007ffff5751431 0x00007ffff59d1b80 0x00007ffff59d2258 0x000000000000001c 0x00007ffff575156c 0x00007fffffff0100
ORIGIN route=vdso sc=0x00000000000000e4 plugin=0x0000000000000000 site=0x00007ffff7fc2ad6 caller_sp=0x00007fffffffe438 copied=0x0000000000000080 0x00007ffff78eb58d 0x000005c3d4400000 0x00007ffff5ad9feb 0x000005c3d4400000 0x00007ffff5749201 0x00000000000003e8 0x0000000000000011 0x0000000000000100 0x00007ffff574fa1f 0x00000000000003e8 0x000005c3d442c248 0x000005c3d4400000 0x000000000000002f 0x00007ffff59d1c90 0x00007ffff5751387 0x000005c3d4400000
ORIGIN route=vdso sc=0x00000000000000e4 plugin=0x0000000000000000 site=0x00007ffff7fc2ad6 caller_sp=0x00007fffffffe478 copied=0x0000000000000080 0x00007ffff78eb58d 0x00000000000003e8 0x00007ffff5ad9feb 0x00000000000003e8 0x00007ffff5749201 0x00007ffff59dbdc0 0x0000000000000000 0x0000000000000000 0x00007ffff574fbb5 0x0001010000000007 0x00007ffff5751431 0x00007ffff59d1b80 0x00007ffff59d2298 0x0000000000000028 0x00007ffff575156c 0x00007fffffff0100
ORIGIN route=vdso sc=0x00000000000000e4 plugin=0x0000000000000000 site=0x00007ffff7fc2ad6 caller_sp=0x00007fffffffe438 copied=0x0000000000000080 0x00007ffff78eb58d 0x000005c3d4400000 0x00007ffff5ad9feb 0x000005c3d4400000 0x00007ffff5749201 0x00000000000003e8 0x0000000000000014 0x00000000000001c0 0x00007ffff574fa1f 0x00000000000003e8 0x000005c3d442c680 0x000005c3d4400000 0x0000000000000038 0x00007ffff59d1c90 0x00007ffff5751387 0x000005c3d4400000
ORIGIN route=vdso sc=0x00000000000000e4 plugin=0x0000000000000000 site=0x00007ffff7fc2ad6 caller_sp=0x00007fffffffe478 copied=0x0000000000000080 0x00007ffff78eb58d 0x00000000000003e8 0x00007ffff5ad9feb 0x00000000000003e8 0x00007ffff5749201 0x00007ffff59dbdc0 0x0000000000000000 0x0000000000000000 0x00007ffff574fbb5 0x0001010000000007 0x00007ffff5751431 0x00007ffff59d1b80 0x00007ffff59d22f8 0x0000000000000040 0x00007ffff575156c 0x00007fffffff0100
ORIGIN route=vdso sc=0x00000000000000e4 plugin=0x0000000000000000 site=0x00007ffff7fc2ad6 caller_sp=0x00007fffffffe438 copied=0x0000000000000080 0x00007ffff78eb58d 0x000005c3d4400000 0x00007ffff5ad9feb 0x000005c3d4400000 0x00007ffff5749201 0x00000000000003e8 0x0000000000000015 0x0000000000000200 0x00007ffff574fa1f 0x00000000000003e8 0x000005c3d442c770 0x000005c3d4400000 0x000000000000003a 0x00007ffff59d1c90 0x00007ffff5751387 0x000005c3d4400000
ORIGIN route=vdso sc=0x00000000000000e4 plugin=0x0000000000000000 site=0x00007ffff7fc2ad6 caller_sp=0x00007fffffffe478 copied=0x0000000000000080 0x00007ffff78eb58d 0x00000000000003e8 0x00007ffff5ad9feb 0x00000000000003e8 0x00007ffff5749201 0x00007ffff59dbdc0 0x0000000000000000 0x0000000000000000 0x00007ffff574fbb5 0x0001010000000007 0x00007ffff5751431 0x00007ffff59d1b80 0x00007ffff59d2318 0x0000000000000050 0x00007ffff575156c 0x00007fffffff0100
ORIGIN route=vdso sc=0x00000000000000e4 plugin=0x0000000000000000 site=0x00007ffff7fc2ad6 caller_sp=0x00007fffffffe438 copied=0x0000000000000080 0x00007ffff78eb58d 0x000005c3d4400000 0x00007ffff5ad9feb 0x000005c3d4400000 0x00007ffff5749201 0x00000000000003e8 0x0000000000000016 0x0000000000000280 0x00007ffff574fa1f 0x00000000000003e8 0x000005c3d442be10 0x000005c3d4400000 0x0000000000000026 0x00007ffff59d1c90 0x00007ffff5751387 0x000005c3d4400000
ORIGIN route=vdso sc=0x00000000000000e4 plugin=0x0000000000000000 site=0x00007ffff7fc2ad6 caller_sp=0x00007fffffffe478 copied=0x0000000000000080 0x00007ffff78eb58d 0x00000000000003e8 0x00007ffff5ad9feb 0x00000000000003e8 0x00007ffff5749201 0x00007ffff59dbdc0 0x0000000000000000 0x0000000000000000 0x00007ffff574fbb5 0x0001010000000007 0x00007ffff5751431 0x00007ffff59d1b80 0x00007ffff59d2338 0x0000000000000060 0x00007ffff575156c 0x00007fffffff0100
ORIGIN route=vdso sc=0x00000000000000e4 plugin=0x0000000000000000 site=0x00007ffff7fc2ad6 caller_sp=0x00007fffffffe438 copied=0x0000000000000080 0x00007ffff78eb58d 0x000005c3d4400000 0x00007ffff5ad9feb 0x000005c3d4400000 0x00007ffff5749201 0x00000000000003e8 0x0000000000000017 0x0000000000000300 0x00007ffff574fa1f 0x00000000000003e8 0x000005c3d442c6f8 0x000005c3d4400000 0x0000000000000039 0x00007ffff59d1c90 0x00007ffff5751387 0x000005c3d4400000
ORIGIN route=vdso sc=0x00000000000000e4 plugin=0x0000000000000000 site=0x00007ffff7fc2ad6 caller_sp=0x00007fffffffe478 copied=0x0000000000000080 0x00007ffff78eb58d 0x00000000000003e8 0x00007ffff5ad9feb 0x00000000000003e8 0x00007ffff5749201 0x00007ffff59dbdc0 0x0000000000000000 0x0000000000000000 0x00007ffff574fbb5 0x0001010000000007 0x00007ffff5751431 0x00007ffff59d1b80 0x00007ffff59d2358 0x0000000000000070 0x00007ffff575156c 0x00007fffffff0100
ORIGIN route=vdso sc=0x00000000000000e4 plugin=0x0000000000000000 site=0x00007ffff7fc2ad6 caller_sp=0x00007fffffffe438 copied=0x0000000000000080 0x00007ffff78eb58d 0x000005c3d4400000 0x00007ffff5ad9feb 0x000005c3d4400000 0x00007ffff5749201 0x00000000000003e8 0x0000000000000000 0x000000000000004a 0x00007ffff574fa1f 0x00000000000003e8 0x000005c3d442c338 0x000005c3d4400000 0x0000000000000031 0x0000000000000001 0x00007ffff5751387 0x000005c3d4400000
ORIGIN route=vdso sc=0x00000000000000e4 plugin=0x0000000000000000 site=0x00007ffff7fc2ad6 caller_sp=0x00007fffffffe478 copied=0x0000000000000080 0x00007ffff78eb58d 0x00000000000003e8 0x00007ffff5ad9feb 0x00000000000003e8 0x00007ffff5749201 0x00007ffff59dbdc0 0x0000000000000000 0x0000000000000000 0x00007ffff574fbb5 0x0000010000000007 0x00007ffff5751431 0x00007ffff59d1b80 0x00007ffff59d23f8 0x00007ffff59d1b80 0x00007ffff575156c 0x00007fffffff0100
ORIGIN route=vdso sc=0x00000000000000e4 plugin=0x0000000000000000 site=0x00007ffff7fc2ad6 caller_sp=0x00007fffffffe438 copied=0x0000000000000080 0x00007ffff78eb58d 0x000005c3d4400000 0x00007ffff5ad9feb 0x000005c3d4400000 0x00007ffff5749201 0x00000000000003e8 0x0000000000000000 0x000000000000004a 0x00007ffff574fa1f 0x00000000000003e8 0x000005c3d442c518 0x000005c3d4400000 0x0000000000000035 0x0000000000000001 0x00007ffff5751387 0x000005c3d4400000
ORIGIN route=vdso sc=0x00000000000000e4 plugin=0x0000000000000000 site=0x00007ffff7fc2ad6 caller_sp=0x00007fffffffe478 copied=0x0000000000000080 0x00007ffff78eb58d 0x00000000000003e8 0x00007ffff5ad9feb 0x00000000000003e8 0x00007ffff5749201 0x00007ffff59dbdc0 0x0000000000000000 0x0000000000000000 0x00007ffff574fbb5 0x0000010000000007 0x00007ffff5751431 0x00007ffff59d1b80 0x00007ffff59d2418 0x00007ffff59d1b80 0x00007ffff575156c 0x00007fffffff0100
ORIGIN route=vdso sc=0x00000000000000e4 plugin=0x0000000000000000 site=0x00007ffff7fc2ad6 caller_sp=0x00007fffffffe438 copied=0x0000000000000080 0x00007ffff78eb58d 0x000005c3d4400000 0x00007ffff5ad9feb 0x000005c3d4400000 0x00007ffff5749201 0x00000000000003e8 0x0000000000000000 0x000000000000004a 0x00007ffff574fa1f 0x00000000000003e8 0x000005c3d442c2c0 0x000005c3d4400000 0x0000000000000030 0x0000000000000001 0x00007ffff5751387 0x000005c3d4400000
ORIGIN route=vdso sc=0x00000000000000e4 plugin=0x0000000000000000 site=0x00007ffff7fc2ad6 caller_sp=0x00007fffffffe478 copied=0x0000000000000080 0x00007ffff78eb58d 0x00000000000003e8 0x00007ffff5ad9feb 0x00000000000003e8 0x00007ffff5749201 0x00007ffff59dbdc0 0x0000000000000000 0x0000000000000000 0x00007ffff574fbb5 0x0000010000000007 0x00007ffff5751431 0x00007ffff59d1b80 0x00007ffff59d2438 0x00007ffff59d1b80 0x00007ffff575156c 0x00007fffffff0100
ORIGIN route=vdso sc=0x00000000000000e4 plugin=0x0000000000000000 site=0x00007ffff7fc2ad6 caller_sp=0x00007fffffffe438 copied=0x0000000000000080 0x00007ffff78eb58d 0x000005c3d4400000 0x00007ffff5ad9feb 0x000005c3d4400000 0x00007ffff5749201 0x00000000000003e8 0x0000000000000000 0x000000000000004a 0x00007ffff574fa1f 0x00000000000003e8 0x000005c3d442c158 0x000005c3d4400000 0x000000000000002d 0x0000000000000001 0x00007ffff5751387 0x000005c3d4400000
ORIGIN route=vdso sc=0x00000000000000e4 plugin=0x0000000000000000 site=0x00007ffff7fc2ad6 caller_sp=0x00007fffffffe478 copied=0x0000000000000080 0x00007ffff78eb58d 0x00000000000003e8 0x00007ffff5ad9feb 0x00000000000003e8 0x00007ffff5749201 0x00007ffff59dbdc0 0x0000000000000000 0x0000000000000000 0x00007ffff574fbb5 0x0001010000000007 0x00007ffff5751431 0x00007ffff59d1b80 0x00007ffff59d2458 0x00007ffff59d1b80 0x00007ffff575156c 0x00007fffffff0100
ORIGIN route=vdso sc=0x00000000000000e4 plugin=0x0000000000000000 site=0x00007ffff7fc2ad6 caller_sp=0x00007fffffffe438 copied=0x0000000000000080 0x00007ffff78eb58d 0x000005c3d4400000 0x00007ffff5ad9feb 0x000005c3d4400000 0x00007ffff5749201 0x00000000000003e8 0x0000000000000000 0x000000000000004a 0x00007ffff574fa1f 0x00000000000003e8 0x000005c3d442c3b0 0x000005c3d4400000 0x0000000000000032 0x0000000000000001 0x00007ffff5751387 0x000005c3d4400000
ORIGIN route=vdso sc=0x00000000000000e4 plugin=0x0000000000000000 site=0x00007ffff7fc2ad6 caller_sp=0x00007fffffffe478 copied=0x0000000000000080 0x00007ffff78eb58d 0x00000000000003e8 0x00007ffff5ad9feb 0x00000000000003e8 0x00007ffff5749201 0x00007ffff59dbdc0 0x0000000000000000 0x0000000000000000 0x00007ffff574fbb5 0x0000010000000007 0x00007ffff5751431 0x00007ffff59d1b80 0x00007ffff59d2478 0x00007ffff59d1b80 0x00007ffff575156c 0x00007fffffff0100
ORIGIN route=vdso sc=0x00000000000000e4 plugin=0x0000000000000000 site=0x00007ffff7fc2ad6 caller_sp=0x00007fffffffe438 copied=0x0000000000000080 0x00007ffff78eb58d 0x000005c3d4400000 0x00007ffff5ad9feb 0x000005c3d4400000 0x00007ffff5749201 0x00000000000003e8 0x0000000000000000 0x000000000000004a 0x00007ffff574fa1f 0x00000000000003e8 0x000005c3d442c590 0x000005c3d4400000 0x0000000000000036 0x0000000000000001 0x00007ffff5751387 0x000005c3d4400000
ORIGIN route=vdso sc=0x00000000000000e4 plugin=0x0000000000000000 site=0x00007ffff7fc2ad6 caller_sp=0x00007fffffffe478 copied=0x0000000000000080 0x00007ffff78eb58d 0x00000000000003e8 0x00007ffff5ad9feb 0x00000000000003e8 0x00007ffff5749201 0x00007ffff59dbdc0 0x0000000000000000 0x0000000000000000 0x00007ffff574fbb5 0x0000010000000007 0x00007ffff5751431 0x00007ffff59d1b80 0x00007ffff59d2498 0x00007ffff59d1b80 0x00007ffff575156c 0x00007fffffff0100
ORIGIN route=vdso sc=0x00000000000000e4 plugin=0x0000000000000000 site=0x00007ffff7fc2ad6 caller_sp=0x00007fffffffe438 copied=0x0000000000000080 0x00007ffff78eb58d 0x000005c3d4400000 0x00007ffff5ad9feb 0x000005c3d4400000 0x00007ffff5749201 0x00000000000003e8 0x0000000000000000 0x000000000000004a 0x00007ffff574fa1f 0x00000000000003e8 0x000005c3d442c1d0 0x000005c3d4400000 0x000000000000002e 0x0000000000000001 0x00007ffff5751387 0x000005c3d4400000
ORIGIN route=vdso sc=0x00000000000000e4 plugin=0x0000000000000000 site=0x00007ffff7fc2ad6 caller_sp=0x00007fffffffe478 copied=0x0000000000000080 0x00007ffff78eb58d 0x00000000000003e8 0x00007ffff5ad9feb 0x00000000000003e8 0x00007ffff5749201 0x00007ffff59dbdc0 0x0000000000000000 0x0000000000000000 0x00007ffff574fbb5 0x0001010000000007 0x00007ffff5751431 0x00007ffff59d1b80 0x00007ffff59d24d8 0x00007ffff59d1b80 0x00007ffff575156c 0x00007fffffff0100
ORIGIN route=vdso sc=0x00000000000000e4 plugin=0x0000000000000000 site=0x00007ffff7fc2ad6 caller_sp=0x00007fffffffe438 copied=0x0000000000000080 0x00007ffff78eb58d 0x000005c3d4400000 0x00007ffff5ad9feb 0x000005c3d4400000 0x00007ffff5749201 0x00000000000003e8 0x0000000000000000 0x000000000000004a 0x00007ffff574fa1f 0x00000000000003e8 0x000005c3d442c428 0x000005c3d4400000 0x0000000000000033 0x0000000000000001 0x00007ffff5751387 0x000005c3d4400000
ORIGIN route=vdso sc=0x00000000000000e4 plugin=0x0000000000000000 site=0x00007ffff7fc2ad6 caller_sp=0x00007fffffffe478 copied=0x0000000000000080 0x00007ffff78eb58d 0x00000000000003e8 0x00007ffff5ad9feb 0x00000000000003e8 0x00007ffff5749201 0x00007ffff59dbdc0 0x0000000000000000 0x0000000000000000 0x00007ffff574fbb5 0x0000010000000007 0x00007ffff5751431 0x00007ffff59d1b80 0x00007ffff59d24f8 0x00007ffff59d1b80 0x00007ffff575156c 0x00007fffffff0100
ORIGIN route=vdso sc=0x00000000000000e4 plugin=0x0000000000000000 site=0x00007ffff7fc2ad6 caller_sp=0x00007fffffffe438 copied=0x0000000000000080 0x00007ffff78eb58d 0x000005c3d4400000 0x00007ffff5ad9feb 0x000005c3d4400000 0x00007ffff5749201 0x00000000000003e8 0x0000000000000000 0x000000000000004a 0x00007ffff574fa1f 0x00000000000003e8 0x000005c3d442ca40 0x000005c3d4400000 0x0000000000000040 0x0000000000000001 0x00007ffff5751387 0x000005c3d4400000
ORIGIN route=vdso sc=0x00000000000000e4 plugin=0x0000000000000000 site=0x00007ffff7fc2ad6 caller_sp=0x00007fffffffe478 copied=0x0000000000000080 0x00007ffff78eb58d 0x00000000000003e8 0x00007ffff5ad9feb 0x00000000000003e8 0x00007ffff5749201 0x00007ffff59dbdc0 0x0000000000000000 0x0000000000000000 0x00007ffff574fbb5 0x0000010000000007 0x00007ffff5751431 0x00007ffff59d1b80 0x00007ffff59d2558 0x00007ffff59d1b80 0x00007ffff575156c 0x00007fffffff0100
ORIGIN route=vdso sc=0x00000000000000e4 plugin=0x0000000000000000 site=0x00007ffff7fc2ad6 caller_sp=0x00007fffffffe438 copied=0x0000000000000080 0x00007ffff78eb58d 0x000005c3d4400000 0x00007ffff5ad9feb 0x000005c3d4400000 0x00007ffff5749201 0x00000000000003e8 0x0000000000000000 0x000000000000004a 0x00007ffff574fa1f 0x00000000000003e8 0x000005c3d442ce00 0x000005c3d4400000 0x0000000000000048 0x0000000000000001 0x00007ffff5751387 0x000005c3d4400000
ORIGIN route=vdso sc=0x00000000000000e4 plugin=0x0000000000000000 site=0x00007ffff7fc2ad6 caller_sp=0x00007fffffffe478 copied=0x0000000000000080 0x00007ffff78eb58d 0x00000000000003e8 0x00007ffff5ad9feb 0x00000000000003e8 0x00007ffff5749201 0x00007ffff59dbdc0 0x0000000000000000 0x0000000000000000 0x00007ffff574fbb5 0x0000010000000007 0x00007ffff5751431 0x00007ffff59d1b80 0x00007ffff59d25d8 0x00007ffff59d1b80 0x00007ffff575156c 0x00007fffffff0100
ORIGIN route=vdso sc=0x00000000000000e4 plugin=0x0000000000000000 site=0x00007ffff7fc2ad6 caller_sp=0x00007fffffffe438 copied=0x0000000000000080 0x00007ffff78eb58d 0x000005c3d4400000 0x00007ffff5ad9feb 0x000005c3d4400000 0x00007ffff5749201 0x00000000000003e8 0x0000000000000000 0x000000000000004a 0x00007ffff574fa1f 0x00000000000003e8 0x000005c3d442d1c0 0x000005c3d4400000 0x0000000000000050 0x0000000000000001 0x00007ffff5751387 0x000005c3d4400000
ORIGIN route=vdso sc=0x00000000000000e4 plugin=0x0000000000000000 site=0x00007ffff7fc2ad6 caller_sp=0x00007fffffffe478 copied=0x0000000000000080 0x00007ffff78eb58d 0x00000000000003e8 0x00007ffff5ad9feb 0x00000000000003e8 0x00007ffff5749201 0x00007ffff59dbdc0 0x0000000000000000 0x0000000000000000 0x00007ffff574fbb5 0x0001010000000007 0x00007ffff5751431 0x00007ffff59d1b80 0x00007ffff59d2658 0x00007ffff59d1b80 0x00007ffff575156c 0x00007fffffff0100
ORIGIN route=vdso sc=0x00000000000000e4 plugin=0x0000000000000000 site=0x00007ffff7fc2ad6 caller_sp=0x00007fffffffe478 copied=0x0000000000000080 0x00007ffff78eb58d 0x000005c3d4400000 0x00007ffff5ad9feb 0x000005c3d4400000 0x00007ffff5749201 0x00000000000003e8 0x0000000000000001 0x000005c3d442bc30 0x00007ffff574fa1f 0x0001010000000007 0x000005c3d442bc30 0x000005c3d4400000 0x0000000000000022 0x00007ffff59d2478 0x00007ffff5751387 0x000005c3d4400000
ORIGIN route=vdso sc=0x00000000000000e4 plugin=0x0000000000000000 site=0x00007ffff7fc2ad6 caller_sp=0x00007fffffffe4b8 copied=0x0000000000000080 0x00007ffff78eb58d 0x00000000000003e8 0x00007ffff5ad9feb 0x00000000000003e8 0x00007ffff5749201 0x00007ffff59dbdc0 0x0000000000000000 0x0000000000000000 0x00007ffff574fbb5 0x0000010000000007 0x00007ffff5751431 0x00007ffff59d1b80 0x00007ffff59d1b80 0x0000000000000001 0x00007ffff575156c 0x000000000000004a
ORIGIN route=vdso sc=0x00000000000000e4 plugin=0x0000000000000000 site=0x00007ffff7fc2ad6 caller_sp=0x00007fffffffe4b8 copied=0x0000000000000080 0x00007ffff78eb58d 0x00000000000003e8 0x00007ffff5ad9feb 0x00000000000003e8 0x00007ffff5749201 0x00007ffff59dbdc0 0x0000000000000001 0x0000000000000000 0x00007ffff574fbb5 0x0100010000000007 0x0000019b76daa800 0x000000008688e89e 0x00007ffff59d1b80 0x0000000000000001 0x00007ffff575156c 0x000000000000004a
ORIGIN route=syscall sc=0x000000000000001c plugin=0x0000000000000000 site=0x00007ffff5ae443e caller_sp=0x00007fffffffe328 copied=0x0000000000000080 0x00000000000000e4 0x0000000000000001 0x00007fffffffe4e0 0x0000000000000000 0x0000000000000000 0x0000000000000000 0x0000000000000000 0x00007fffffffe418 0x0000000000000001 0x00007fffffffe3a0 0x0000000000000000 0x000005c3d4620000 0x0000000000010000 0x0000000000000000 0x0000000000000001 0x0000000000010000
ORIGIN route=syscall sc=0x000000000000001c plugin=0x0000000000000000 site=0x00007ffff5ae443e caller_sp=0x00007fffffffe328 copied=0x0000000000000080 0x00000000000000e4 0x0000000000000001 0x00007fffffffe4e0 0x0000000000000000 0x0000000000000000 0x0000000000000000 0x0000000000000000 0x00007fffffffe418 0x0000000000000001 0x00007fffffffe3a0 0x0000000000000000 0x000005c3d46d0000 0x0000000000070000 0x0000000000000000 0x0000000000000001 0x0000000000070000
ORIGIN route=syscall sc=0x000000000000001c plugin=0x0000000000000000 site=0x00007ffff5ae443e caller_sp=0x00007fffffffe328 copied=0x0000000000000080 0x00000000000000e4 0x0000000000000001 0x00007fffffffe4e0 0x0000000000000000 0x0000000000000000 0x0000000000000000 0x0000000000000000 0x00007fffffffe418 0x0000000000000001 0x00007fffffffe3a0 0x0000000000000000 0x000005c3d4750000 0x0000000000020000 0x0000000000000000 0x0000000000000001 0x0000000000020000
ORIGIN route=syscall sc=0x000000000000001c plugin=0x0000000000000000 site=0x00007ffff5ae443e caller_sp=0x00007fffffffe328 copied=0x0000000000000080 0x00000000000000e4 0x0000000000000001 0x00007fffffffe4e0 0x0000000000000000 0x0000000000000000 0x0000000000000000 0x0000000000000000 0x00007fffffffe418 0x0000000000000001 0x00007fffffffe3a0 0x0000000000000000 0x000005c3d4780000 0x0000000000030000 0x0000000000000000 0x0000000000000001 0x0000000000030000
ORIGIN route=syscall sc=0x000000000000001c plugin=0x0000000000000000 site=0x00007ffff5ae443e caller_sp=0x00007fffffffe328 copied=0x0000000000000080 0x00000000000000e4 0x0000000000000001 0x00007fffffffe4e0 0x0000000000000000 0x0000000000000000 0x0000000000000000 0x0000000000000000 0x00007fffffffe418 0x0000000000000001 0x00007fffffffe3a0 0x0000000000000000 0x000005c3d4800000 0x0000000000180000 0x0000000000000000 0x0000000000000001 0x0000000000180000
ORIGIN route=vdso sc=0x00000000000000e4 plugin=0x0000000000000001 site=0x00007ffff7fc2ad6 caller_sp=0x00007fffffffb7a8 copied=0x0000000000000080 0x00007ffff78eb58d 0x00007fffffffb7f0 0x00007ffff5ad9feb 0x00007ffff35500a0 0x00007ffff59667d3 0x0000000000000010 0x00007ffff35500c0 0x00007ffff35500c8 0x0000000000000003 0x0000000000000000 0x00007ffff57405a1 0x000005c3d4610a90 0x0000000000000001 0x00007fffffffb870 0x00007fffffffb808 0x0000000000000000
