{"event":"case_start","case":1,"route":"exact-syscall","point":"syscall-exit-queued","B":"getpid","O":512,"T_A":0,"T_B":2048}
{"event":"wait","case":1,"phase":"initial","pid":329920,"got":329920,"status":4991,"errno":0}
{"event":"snapshot","case":1,"phase":"initial","pid":329920,"start":13869337,"stop":19,"op":0,"rax":0,"orig_rax":234,"rip":4202532,"current_mask":512,"ptrace_mask":512,"pending":512,"shared_pending":0,"handler_calls":0,"query_word":11936128518282651045}
{"event":"queue_scan","case":1,"phase":"initial","domain":0,"count":1,"complete":true}
{"event":"queued","case":1,"phase":"initial","domain":0,"signo":10,"code":-6,"sender":329920}
{"event":"queue_scan","case":1,"phase":"initial","domain":1,"count":0,"complete":true}
{"event":"delivery_stop","case":1,"phase":"initial","signo":19,"code":-6,"sender":329920,"addr":913238896478400}
{"event":"resume","case":1,"why":"forward-to-original-A-entry","request":24,"delivered_signal":0}
{"event":"wait","case":1,"phase":"A-original-entry","pid":329920,"got":329920,"status":34175,"errno":0}
{"event":"snapshot","case":1,"phase":"A-original-entry","pid":329920,"start":13869337,"stop":133,"op":1,"rax":-38,"orig_rax":271,"rip":4202571,"current_mask":512,"ptrace_mask":512,"pending":512,"shared_pending":0,"handler_calls":0,"query_word":11936128518282651045}
{"event":"queue_scan","case":1,"phase":"A-original-entry","domain":0,"count":1,"complete":true}
{"event":"queued","case":1,"phase":"A-original-entry","domain":0,"signo":10,"code":-6,"sender":329920}
{"event":"queue_scan","case":1,"phase":"A-original-entry","domain":1,"count":0,"complete":true}
{"event":"resume","case":1,"why":"execute-exact-A-exit","request":24,"delivered_signal":0}
{"event":"wait","case":1,"phase":"A-exit","pid":329920,"got":329920,"status":34175,"errno":0}
{"event":"snapshot","case":1,"phase":"A-exit","pid":329920,"start":13869337,"stop":133,"op":2,"rax":-514,"orig_rax":271,"rip":4202571,"current_mask":0,"ptrace_mask":512,"pending":512,"shared_pending":0,"handler_calls":0,"query_word":11936128518282651045}
{"event":"queue_scan","case":1,"phase":"A-exit","domain":0,"count":1,"complete":true}
{"event":"queued","case":1,"phase":"A-exit","domain":0,"signo":10,"code":-6,"sender":329920}
{"event":"queue_scan","case":1,"phase":"A-exit","domain":1,"count":0,"complete":true}
{"event":"install_request","case":1,"nr":39,"rip":4202836,"args":[0,0,0,0,0,0]}
{"event":"resume","case":1,"why":"resume-for-B-suppressing-current-stop-if-any","request":24,"delivered_signal":0}
{"event":"wait","case":1,"phase":"before-B-entry","pid":329920,"got":329920,"status":2687,"errno":0}
{"event":"snapshot","case":1,"phase":"before-B-entry","pid":329920,"start":13869337,"stop":10,"op":0,"rax":39,"orig_rax":39,"rip":4202836,"current_mask":0,"ptrace_mask":512,"pending":0,"shared_pending":0,"handler_calls":0,"query_word":11936128518282651045}
{"event":"queue_scan","case":1,"phase":"before-B-entry","domain":0,"count":0,"complete":true}
{"event":"queue_scan","case":1,"phase":"before-B-entry","domain":1,"count":0,"complete":true}
{"event":"delivery_stop","case":1,"phase":"before-B-entry","signo":10,"code":-6,"sender":329920,"addr":913238896478400}
{"event":"resume","case":1,"why":"suppress-actual-USR1-delivery-before-B","request":24,"delivered_signal":0}
{"event":"wait","case":1,"phase":"before-B-entry","pid":329920,"got":329920,"status":34175,"errno":0}
{"event":"snapshot","case":1,"phase":"before-B-entry","pid":329920,"start":13869337,"stop":133,"op":1,"rax":-38,"orig_rax":39,"rip":4202838,"current_mask":512,"ptrace_mask":512,"pending":0,"shared_pending":0,"handler_calls":0,"query_word":11936128518282651045}
{"event":"queue_scan","case":1,"phase":"before-B-entry","domain":0,"count":0,"complete":true}
{"event":"queue_scan","case":1,"phase":"before-B-entry","domain":1,"count":0,"complete":true}
{"event":"resume","case":1,"why":"execute-B-to-syscall-exit","request":24,"delivered_signal":0}
{"event":"wait","case":1,"phase":"B-exit","pid":329920,"got":329920,"status":34175,"errno":0}
{"event":"snapshot","case":1,"phase":"B-exit","pid":329920,"start":13869337,"stop":133,"op":2,"rax":329920,"orig_rax":39,"rip":4202838,"current_mask":512,"ptrace_mask":512,"pending":0,"shared_pending":0,"handler_calls":0,"query_word":11936128518282651045}
{"event":"queue_scan","case":1,"phase":"B-exit","domain":0,"count":0,"complete":true}
{"event":"queue_scan","case":1,"phase":"B-exit","domain":1,"count":0,"complete":true}
{"event":"case_observed","case":1,"B_result":329920,"query_word":11936128518282651045,"before_B_suppressed_usr1":1,"before_B_stale_step":0,"queued_usr1_after_B":0,"current_after_B":512,"ptrace_mask_after_B":512,"guest_handler_executed":false}
{"event":"retired","case":1,"pid":329920,"start":13869337,"status":9,"signal":9}
{"event":"case_start","case":2,"route":"exact-syscall","point":"syscall-exit-queued","B":"mask-query","O":512,"T_A":0,"T_B":2048}
{"event":"wait","case":2,"phase":"initial","pid":329931,"got":329931,"status":4991,"errno":0}
{"event":"snapshot","case":2,"phase":"initial","pid":329931,"start":13869337,"stop":19,"op":0,"rax":0,"orig_rax":234,"rip":4202532,"current_mask":512,"ptrace_mask":512,"pending":512,"shared_pending":0,"handler_calls":0,"query_word":11936128518282651045}
{"event":"queue_scan","case":2,"phase":"initial","domain":0,"count":1,"complete":true}
{"event":"queued","case":2,"phase":"initial","domain":0,"signo":10,"code":-6,"sender":329931}
{"event":"queue_scan","case":2,"phase":"initial","domain":1,"count":0,"complete":true}
{"event":"delivery_stop","case":2,"phase":"initial","signo":19,"code":-6,"sender":329931,"addr":913238896478411}
{"event":"resume","case":2,"why":"forward-to-original-A-entry","request":24,"delivered_signal":0}
{"event":"wait","case":2,"phase":"A-original-entry","pid":329931,"got":329931,"status":34175,"errno":0}
{"event":"snapshot","case":2,"phase":"A-original-entry","pid":329931,"start":13869337,"stop":133,"op":1,"rax":-38,"orig_rax":271,"rip":4202571,"current_mask":512,"ptrace_mask":512,"pending":512,"shared_pending":0,"handler_calls":0,"query_word":11936128518282651045}
{"event":"queue_scan","case":2,"phase":"A-original-entry","domain":0,"count":1,"complete":true}
{"event":"queued","case":2,"phase":"A-original-entry","domain":0,"signo":10,"code":-6,"sender":329931}
{"event":"queue_scan","case":2,"phase":"A-original-entry","domain":1,"count":0,"complete":true}
{"event":"resume","case":2,"why":"execute-exact-A-exit","request":24,"delivered_signal":0}
{"event":"wait","case":2,"phase":"A-exit","pid":329931,"got":329931,"status":34175,"errno":0}
{"event":"snapshot","case":2,"phase":"A-exit","pid":329931,"start":13869337,"stop":133,"op":2,"rax":-514,"orig_rax":271,"rip":4202571,"current_mask":0,"ptrace_mask":512,"pending":512,"shared_pending":0,"handler_calls":0,"query_word":11936128518282651045}
{"event":"queue_scan","case":2,"phase":"A-exit","domain":0,"count":1,"complete":true}
{"event":"queued","case":2,"phase":"A-exit","domain":0,"signo":10,"code":-6,"sender":329931}
{"event":"queue_scan","case":2,"phase":"A-exit","domain":1,"count":0,"complete":true}
{"event":"install_request","case":2,"nr":14,"rip":4202836,"args":[2,0,139643671318552,8,0,0]}
{"event":"resume","case":2,"why":"resume-for-B-suppressing-current-stop-if-any","request":24,"delivered_signal":0}
{"event":"wait","case":2,"phase":"before-B-entry","pid":329931,"got":329931,"status":2687,"errno":0}
{"event":"snapshot","case":2,"phase":"before-B-entry","pid":329931,"start":13869337,"stop":10,"op":0,"rax":14,"orig_rax":14,"rip":4202836,"current_mask":0,"ptrace_mask":512,"pending":0,"shared_pending":0,"handler_calls":0,"query_word":11936128518282651045}
{"event":"queue_scan","case":2,"phase":"before-B-entry","domain":0,"count":0,"complete":true}
{"event":"queue_scan","case":2,"phase":"before-B-entry","domain":1,"count":0,"complete":true}
{"event":"delivery_stop","case":2,"phase":"before-B-entry","signo":10,"code":-6,"sender":329931,"addr":913238896478411}
{"event":"resume","case":2,"why":"suppress-actual-USR1-delivery-before-B","request":24,"delivered_signal":0}
{"event":"wait","case":2,"phase":"before-B-entry","pid":329931,"got":329931,"status":34175,"errno":0}
{"event":"snapshot","case":2,"phase":"before-B-entry","pid":329931,"start":13869337,"stop":133,"op":1,"rax":-38,"orig_rax":14,"rip":4202838,"current_mask":512,"ptrace_mask":512,"pending":0,"shared_pending":0,"handler_calls":0,"query_word":11936128518282651045}
{"event":"queue_scan","case":2,"phase":"before-B-entry","domain":0,"count":0,"complete":true}
{"event":"queue_scan","case":2,"phase":"before-B-entry","domain":1,"count":0,"complete":true}
{"event":"resume","case":2,"why":"execute-B-to-syscall-exit","request":24,"delivered_signal":0}
{"event":"wait","case":2,"phase":"B-exit","pid":329931,"got":329931,"status":34175,"errno":0}
{"event":"snapshot","case":2,"phase":"B-exit","pid":329931,"start":13869337,"stop":133,"op":2,"rax":0,"orig_rax":14,"rip":4202838,"current_mask":512,"ptrace_mask":512,"pending":0,"shared_pending":0,"handler_calls":0,"query_word":512}
{"event":"queue_scan","case":2,"phase":"B-exit","domain":0,"count":0,"complete":true}
{"event":"queue_scan","case":2,"phase":"B-exit","domain":1,"count":0,"complete":true}
{"event":"case_observed","case":2,"B_result":0,"query_word":512,"before_B_suppressed_usr1":1,"before_B_stale_step":0,"queued_usr1_after_B":0,"current_after_B":512,"ptrace_mask_after_B":512,"guest_handler_executed":false}
{"event":"retired","case":2,"pid":329931,"start":13869337,"status":9,"signal":9}
{"event":"case_start","case":3,"route":"exact-syscall","point":"syscall-exit-queued","B":"second-wait","O":512,"T_A":0,"T_B":2048}
{"event":"wait","case":3,"phase":"initial","pid":329938,"got":329938,"status":4991,"errno":0}
{"event":"snapshot","case":3,"phase":"initial","pid":329938,"start":13869338,"stop":19,"op":0,"rax":0,"orig_rax":234,"rip":4202532,"current_mask":512,"ptrace_mask":512,"pending":512,"shared_pending":0,"handler_calls":0,"query_word":11936128518282651045}
{"event":"queue_scan","case":3,"phase":"initial","domain":0,"count":1,"complete":true}
{"event":"queued","case":3,"phase":"initial","domain":0,"signo":10,"code":-6,"sender":329938}
{"event":"queue_scan","case":3,"phase":"initial","domain":1,"count":0,"complete":true}
{"event":"delivery_stop","case":3,"phase":"initial","signo":19,"code":-6,"sender":329938,"addr":913238896478418}
{"event":"resume","case":3,"why":"forward-to-original-A-entry","request":24,"delivered_signal":0}
{"event":"wait","case":3,"phase":"A-original-entry","pid":329938,"got":329938,"status":34175,"errno":0}
{"event":"snapshot","case":3,"phase":"A-original-entry","pid":329938,"start":13869338,"stop":133,"op":1,"rax":-38,"orig_rax":271,"rip":4202571,"current_mask":512,"ptrace_mask":512,"pending":512,"shared_pending":0,"handler_calls":0,"query_word":11936128518282651045}
{"event":"queue_scan","case":3,"phase":"A-original-entry","domain":0,"count":1,"complete":true}
{"event":"queued","case":3,"phase":"A-original-entry","domain":0,"signo":10,"code":-6,"sender":329938}
{"event":"queue_scan","case":3,"phase":"A-original-entry","domain":1,"count":0,"complete":true}
{"event":"resume","case":3,"why":"execute-exact-A-exit","request":24,"delivered_signal":0}
{"event":"wait","case":3,"phase":"A-exit","pid":329938,"got":329938,"status":34175,"errno":0}
{"event":"snapshot","case":3,"phase":"A-exit","pid":329938,"start":13869338,"stop":133,"op":2,"rax":-514,"orig_rax":271,"rip":4202571,"current_mask":0,"ptrace_mask":512,"pending":512,"shared_pending":0,"handler_calls":0,"query_word":11936128518282651045}
{"event":"queue_scan","case":3,"phase":"A-exit","domain":0,"count":1,"complete":true}
{"event":"queued","case":3,"phase":"A-exit","domain":0,"signo":10,"code":-6,"sender":329938}
{"event":"queue_scan","case":3,"phase":"A-exit","domain":1,"count":0,"complete":true}
{"event":"install_request","case":3,"nr":271,"rip":4202836,"args":[0,0,139643671318592,139643671318544,8,0]}
{"event":"resume","case":3,"why":"resume-for-B-suppressing-current-stop-if-any","request":24,"delivered_signal":0}
{"event":"wait","case":3,"phase":"before-B-entry","pid":329938,"got":329938,"status":2687,"errno":0}
{"event":"snapshot","case":3,"phase":"before-B-entry","pid":329938,"start":13869338,"stop":10,"op":0,"rax":271,"orig_rax":271,"rip":4202836,"current_mask":0,"ptrace_mask":512,"pending":0,"shared_pending":0,"handler_calls":0,"query_word":11936128518282651045}
{"event":"queue_scan","case":3,"phase":"before-B-entry","domain":0,"count":0,"complete":true}
{"event":"queue_scan","case":3,"phase":"before-B-entry","domain":1,"count":0,"complete":true}
{"event":"delivery_stop","case":3,"phase":"before-B-entry","signo":10,"code":-6,"sender":329938,"addr":913238896478418}
{"event":"resume","case":3,"why":"suppress-actual-USR1-delivery-before-B","request":24,"delivered_signal":0}
{"event":"wait","case":3,"phase":"before-B-entry","pid":329938,"got":329938,"status":34175,"errno":0}
{"event":"snapshot","case":3,"phase":"before-B-entry","pid":329938,"start":13869338,"stop":133,"op":1,"rax":-38,"orig_rax":271,"rip":4202838,"current_mask":512,"ptrace_mask":512,"pending":0,"shared_pending":0,"handler_calls":0,"query_word":11936128518282651045}
{"event":"queue_scan","case":3,"phase":"before-B-entry","domain":0,"count":0,"complete":true}
{"event":"queue_scan","case":3,"phase":"before-B-entry","domain":1,"count":0,"complete":true}
{"event":"resume","case":3,"why":"execute-B-to-syscall-exit","request":24,"delivered_signal":0}
{"event":"wait","case":3,"phase":"B-exit","pid":329938,"got":329938,"status":34175,"errno":0}
{"event":"snapshot","case":3,"phase":"B-exit","pid":329938,"start":13869338,"stop":133,"op":2,"rax":0,"orig_rax":271,"rip":4202838,"current_mask":512,"ptrace_mask":512,"pending":0,"shared_pending":0,"handler_calls":0,"query_word":11936128518282651045}
{"event":"queue_scan","case":3,"phase":"B-exit","domain":0,"count":0,"complete":true}
{"event":"queue_scan","case":3,"phase":"B-exit","domain":1,"count":0,"complete":true}
{"event":"case_observed","case":3,"B_result":0,"query_word":11936128518282651045,"before_B_suppressed_usr1":1,"before_B_stale_step":0,"queued_usr1_after_B":0,"current_after_B":512,"ptrace_mask_after_B":512,"guest_handler_executed":false}
{"event":"retired","case":3,"pid":329938,"start":13869338,"status":9,"signal":9}
{"event":"case_start","case":4,"route":"exact-syscall","point":"signal-held","B":"getpid","O":512,"T_A":0,"T_B":2048}
{"event":"wait","case":4,"phase":"initial","pid":329945,"got":329945,"status":4991,"errno":0}
{"event":"snapshot","case":4,"phase":"initial","pid":329945,"start":13869338,"stop":19,"op":0,"rax":0,"orig_rax":234,"rip":4202532,"current_mask":512,"ptrace_mask":512,"pending":512,"shared_pending":0,"handler_calls":0,"query_word":11936128518282651045}
{"event":"queue_scan","case":4,"phase":"initial","domain":0,"count":1,"complete":true}
{"event":"queued","case":4,"phase":"initial","domain":0,"signo":10,"code":-6,"sender":329945}
{"event":"queue_scan","case":4,"phase":"initial","domain":1,"count":0,"complete":true}
{"event":"delivery_stop","case":4,"phase":"initial","signo":19,"code":-6,"sender":329945,"addr":913238896478425}
{"event":"resume","case":4,"why":"forward-to-original-A-entry","request":24,"delivered_signal":0}
{"event":"wait","case":4,"phase":"A-original-entry","pid":329945,"got":329945,"status":34175,"errno":0}
{"event":"snapshot","case":4,"phase":"A-original-entry","pid":329945,"start":13869338,"stop":133,"op":1,"rax":-38,"orig_rax":271,"rip":4202571,"current_mask":512,"ptrace_mask":512,"pending":512,"shared_pending":0,"handler_calls":0,"query_word":11936128518282651045}
{"event":"queue_scan","case":4,"phase":"A-original-entry","domain":0,"count":1,"complete":true}
{"event":"queued","case":4,"phase":"A-original-entry","domain":0,"signo":10,"code":-6,"sender":329945}
{"event":"queue_scan","case":4,"phase":"A-original-entry","domain":1,"count":0,"complete":true}
{"event":"resume","case":4,"why":"execute-exact-A-exit","request":24,"delivered_signal":0}
{"event":"wait","case":4,"phase":"A-exit","pid":329945,"got":329945,"status":34175,"errno":0}
{"event":"snapshot","case":4,"phase":"A-exit","pid":329945,"start":13869338,"stop":133,"op":2,"rax":-514,"orig_rax":271,"rip":4202571,"current_mask":0,"ptrace_mask":512,"pending":512,"shared_pending":0,"handler_calls":0,"query_word":11936128518282651045}
{"event":"queue_scan","case":4,"phase":"A-exit","domain":0,"count":1,"complete":true}
{"event":"queued","case":4,"phase":"A-exit","domain":0,"signo":10,"code":-6,"sender":329945}
{"event":"queue_scan","case":4,"phase":"A-exit","domain":1,"count":0,"complete":true}
{"event":"resume","case":4,"why":"reach-real-SIGUSR1-delivery-stop","request":7,"delivered_signal":0}
{"event":"wait","case":4,"phase":"A-held","pid":329945,"got":329945,"status":2687,"errno":0}
{"event":"snapshot","case":4,"phase":"A-held","pid":329945,"start":13869338,"stop":10,"op":0,"rax":-514,"orig_rax":271,"rip":4202571,"current_mask":0,"ptrace_mask":512,"pending":0,"shared_pending":0,"handler_calls":0,"query_word":11936128518282651045}
{"event":"queue_scan","case":4,"phase":"A-held","domain":0,"count":0,"complete":true}
{"event":"queue_scan","case":4,"phase":"A-held","domain":1,"count":0,"complete":true}
{"event":"delivery_stop","case":4,"phase":"A-held","signo":10,"code":-6,"sender":329945,"addr":913238896478425}
{"event":"install_request","case":4,"nr":39,"rip":4202836,"args":[0,0,0,0,0,0]}
{"event":"resume","case":4,"why":"resume-for-B-suppressing-current-stop-if-any","request":24,"delivered_signal":0}
{"event":"wait","case":4,"phase":"before-B-entry","pid":329945,"got":329945,"status":34175,"errno":0}
{"event":"snapshot","case":4,"phase":"before-B-entry","pid":329945,"start":13869338,"stop":133,"op":1,"rax":-38,"orig_rax":39,"rip":4202838,"current_mask":512,"ptrace_mask":512,"pending":0,"shared_pending":0,"handler_calls":0,"query_word":11936128518282651045}
{"event":"queue_scan","case":4,"phase":"before-B-entry","domain":0,"count":0,"complete":true}
{"event":"queue_scan","case":4,"phase":"before-B-entry","domain":1,"count":0,"complete":true}
{"event":"resume","case":4,"why":"execute-B-to-syscall-exit","request":24,"delivered_signal":0}
{"event":"wait","case":4,"phase":"B-exit","pid":329945,"got":329945,"status":34175,"errno":0}
{"event":"snapshot","case":4,"phase":"B-exit","pid":329945,"start":13869338,"stop":133,"op":2,"rax":329945,"orig_rax":39,"rip":4202838,"current_mask":512,"ptrace_mask":512,"pending":0,"shared_pending":0,"handler_calls":0,"query_word":11936128518282651045}
{"event":"queue_scan","case":4,"phase":"B-exit","domain":0,"count":0,"complete":true}
{"event":"queue_scan","case":4,"phase":"B-exit","domain":1,"count":0,"complete":true}
{"event":"case_observed","case":4,"B_result":329945,"query_word":11936128518282651045,"before_B_suppressed_usr1":0,"before_B_stale_step":0,"queued_usr1_after_B":0,"current_after_B":512,"ptrace_mask_after_B":512,"guest_handler_executed":false}
{"event":"retired","case":4,"pid":329945,"start":13869338,"status":9,"signal":9}
{"event":"case_start","case":5,"route":"exact-syscall","point":"signal-held","B":"mask-query","O":512,"T_A":0,"T_B":2048}
{"event":"wait","case":5,"phase":"initial","pid":329947,"got":329947,"status":4991,"errno":0}
{"event":"snapshot","case":5,"phase":"initial","pid":329947,"start":13869338,"stop":19,"op":0,"rax":0,"orig_rax":234,"rip":4202532,"current_mask":512,"ptrace_mask":512,"pending":512,"shared_pending":0,"handler_calls":0,"query_word":11936128518282651045}
{"event":"queue_scan","case":5,"phase":"initial","domain":0,"count":1,"complete":true}
{"event":"queued","case":5,"phase":"initial","domain":0,"signo":10,"code":-6,"sender":329947}
{"event":"queue_scan","case":5,"phase":"initial","domain":1,"count":0,"complete":true}
{"event":"delivery_stop","case":5,"phase":"initial","signo":19,"code":-6,"sender":329947,"addr":913238896478427}
{"event":"resume","case":5,"why":"forward-to-original-A-entry","request":24,"delivered_signal":0}
{"event":"wait","case":5,"phase":"A-original-entry","pid":329947,"got":329947,"status":34175,"errno":0}
{"event":"snapshot","case":5,"phase":"A-original-entry","pid":329947,"start":13869338,"stop":133,"op":1,"rax":-38,"orig_rax":271,"rip":4202571,"current_mask":512,"ptrace_mask":512,"pending":512,"shared_pending":0,"handler_calls":0,"query_word":11936128518282651045}
{"event":"queue_scan","case":5,"phase":"A-original-entry","domain":0,"count":1,"complete":true}
{"event":"queued","case":5,"phase":"A-original-entry","domain":0,"signo":10,"code":-6,"sender":329947}
{"event":"queue_scan","case":5,"phase":"A-original-entry","domain":1,"count":0,"complete":true}
{"event":"resume","case":5,"why":"execute-exact-A-exit","request":24,"delivered_signal":0}
{"event":"wait","case":5,"phase":"A-exit","pid":329947,"got":329947,"status":34175,"errno":0}
{"event":"snapshot","case":5,"phase":"A-exit","pid":329947,"start":13869338,"stop":133,"op":2,"rax":-514,"orig_rax":271,"rip":4202571,"current_mask":0,"ptrace_mask":512,"pending":512,"shared_pending":0,"handler_calls":0,"query_word":11936128518282651045}
{"event":"queue_scan","case":5,"phase":"A-exit","domain":0,"count":1,"complete":true}
{"event":"queued","case":5,"phase":"A-exit","domain":0,"signo":10,"code":-6,"sender":329947}
{"event":"queue_scan","case":5,"phase":"A-exit","domain":1,"count":0,"complete":true}
{"event":"resume","case":5,"why":"reach-real-SIGUSR1-delivery-stop","request":7,"delivered_signal":0}
{"event":"wait","case":5,"phase":"A-held","pid":329947,"got":329947,"status":2687,"errno":0}
{"event":"snapshot","case":5,"phase":"A-held","pid":329947,"start":13869338,"stop":10,"op":0,"rax":-514,"orig_rax":271,"rip":4202571,"current_mask":0,"ptrace_mask":512,"pending":0,"shared_pending":0,"handler_calls":0,"query_word":11936128518282651045}
{"event":"queue_scan","case":5,"phase":"A-held","domain":0,"count":0,"complete":true}
{"event":"queue_scan","case":5,"phase":"A-held","domain":1,"count":0,"complete":true}
{"event":"delivery_stop","case":5,"phase":"A-held","signo":10,"code":-6,"sender":329947,"addr":913238896478427}
{"event":"install_request","case":5,"nr":14,"rip":4202836,"args":[2,0,139643671318552,8,0,0]}
{"event":"resume","case":5,"why":"resume-for-B-suppressing-current-stop-if-any","request":24,"delivered_signal":0}
{"event":"wait","case":5,"phase":"before-B-entry","pid":329947,"got":329947,"status":34175,"errno":0}
{"event":"snapshot","case":5,"phase":"before-B-entry","pid":329947,"start":13869338,"stop":133,"op":1,"rax":-38,"orig_rax":14,"rip":4202838,"current_mask":512,"ptrace_mask":512,"pending":0,"shared_pending":0,"handler_calls":0,"query_word":11936128518282651045}
{"event":"queue_scan","case":5,"phase":"before-B-entry","domain":0,"count":0,"complete":true}
{"event":"queue_scan","case":5,"phase":"before-B-entry","domain":1,"count":0,"complete":true}
{"event":"resume","case":5,"why":"execute-B-to-syscall-exit","request":24,"delivered_signal":0}
{"event":"wait","case":5,"phase":"B-exit","pid":329947,"got":329947,"status":34175,"errno":0}
{"event":"snapshot","case":5,"phase":"B-exit","pid":329947,"start":13869338,"stop":133,"op":2,"rax":0,"orig_rax":14,"rip":4202838,"current_mask":512,"ptrace_mask":512,"pending":0,"shared_pending":0,"handler_calls":0,"query_word":512}
{"event":"queue_scan","case":5,"phase":"B-exit","domain":0,"count":0,"complete":true}
{"event":"queue_scan","case":5,"phase":"B-exit","domain":1,"count":0,"complete":true}
{"event":"case_observed","case":5,"B_result":0,"query_word":512,"before_B_suppressed_usr1":0,"before_B_stale_step":0,"queued_usr1_after_B":0,"current_after_B":512,"ptrace_mask_after_B":512,"guest_handler_executed":false}
{"event":"retired","case":5,"pid":329947,"start":13869338,"status":9,"signal":9}
{"event":"case_start","case":6,"route":"exact-syscall","point":"signal-held","B":"second-wait","O":512,"T_A":0,"T_B":2048}
{"event":"wait","case":6,"phase":"initial","pid":329951,"got":329951,"status":4991,"errno":0}
{"event":"snapshot","case":6,"phase":"initial","pid":329951,"start":13869338,"stop":19,"op":0,"rax":0,"orig_rax":234,"rip":4202532,"current_mask":512,"ptrace_mask":512,"pending":512,"shared_pending":0,"handler_calls":0,"query_word":11936128518282651045}
{"event":"queue_scan","case":6,"phase":"initial","domain":0,"count":1,"complete":true}
{"event":"queued","case":6,"phase":"initial","domain":0,"signo":10,"code":-6,"sender":329951}
{"event":"queue_scan","case":6,"phase":"initial","domain":1,"count":0,"complete":true}
{"event":"delivery_stop","case":6,"phase":"initial","signo":19,"code":-6,"sender":329951,"addr":913238896478431}
{"event":"resume","case":6,"why":"forward-to-original-A-entry","request":24,"delivered_signal":0}
{"event":"wait","case":6,"phase":"A-original-entry","pid":329951,"got":329951,"status":34175,"errno":0}
{"event":"snapshot","case":6,"phase":"A-original-entry","pid":329951,"start":13869338,"stop":133,"op":1,"rax":-38,"orig_rax":271,"rip":4202571,"current_mask":512,"ptrace_mask":512,"pending":512,"shared_pending":0,"handler_calls":0,"query_word":11936128518282651045}
{"event":"queue_scan","case":6,"phase":"A-original-entry","domain":0,"count":1,"complete":true}
{"event":"queued","case":6,"phase":"A-original-entry","domain":0,"signo":10,"code":-6,"sender":329951}
{"event":"queue_scan","case":6,"phase":"A-original-entry","domain":1,"count":0,"complete":true}
{"event":"resume","case":6,"why":"execute-exact-A-exit","request":24,"delivered_signal":0}
{"event":"wait","case":6,"phase":"A-exit","pid":329951,"got":329951,"status":34175,"errno":0}
{"event":"snapshot","case":6,"phase":"A-exit","pid":329951,"start":13869338,"stop":133,"op":2,"rax":-514,"orig_rax":271,"rip":4202571,"current_mask":0,"ptrace_mask":512,"pending":512,"shared_pending":0,"handler_calls":0,"query_word":11936128518282651045}
{"event":"queue_scan","case":6,"phase":"A-exit","domain":0,"count":1,"complete":true}
{"event":"queued","case":6,"phase":"A-exit","domain":0,"signo":10,"code":-6,"sender":329951}
{"event":"queue_scan","case":6,"phase":"A-exit","domain":1,"count":0,"complete":true}
{"event":"resume","case":6,"why":"reach-real-SIGUSR1-delivery-stop","request":7,"delivered_signal":0}
{"event":"wait","case":6,"phase":"A-held","pid":329951,"got":329951,"status":2687,"errno":0}
{"event":"snapshot","case":6,"phase":"A-held","pid":329951,"start":13869338,"stop":10,"op":0,"rax":-514,"orig_rax":271,"rip":4202571,"current_mask":0,"ptrace_mask":512,"pending":0,"shared_pending":0,"handler_calls":0,"query_word":11936128518282651045}
{"event":"queue_scan","case":6,"phase":"A-held","domain":0,"count":0,"complete":true}
{"event":"queue_scan","case":6,"phase":"A-held","domain":1,"count":0,"complete":true}
{"event":"delivery_stop","case":6,"phase":"A-held","signo":10,"code":-6,"sender":329951,"addr":913238896478431}
{"event":"install_request","case":6,"nr":271,"rip":4202836,"args":[0,0,139643671318592,139643671318544,8,0]}
{"event":"resume","case":6,"why":"resume-for-B-suppressing-current-stop-if-any","request":24,"delivered_signal":0}
{"event":"wait","case":6,"phase":"before-B-entry","pid":329951,"got":329951,"status":34175,"errno":0}
{"event":"snapshot","case":6,"phase":"before-B-entry","pid":329951,"start":13869338,"stop":133,"op":1,"rax":-38,"orig_rax":271,"rip":4202838,"current_mask":512,"ptrace_mask":512,"pending":0,"shared_pending":0,"handler_calls":0,"query_word":11936128518282651045}
{"event":"queue_scan","case":6,"phase":"before-B-entry","domain":0,"count":0,"complete":true}
{"event":"queue_scan","case":6,"phase":"before-B-entry","domain":1,"count":0,"complete":true}
{"event":"resume","case":6,"why":"execute-B-to-syscall-exit","request":24,"delivered_signal":0}
{"event":"wait","case":6,"phase":"B-exit","pid":329951,"got":329951,"status":34175,"errno":0}
{"event":"snapshot","case":6,"phase":"B-exit","pid":329951,"start":13869338,"stop":133,"op":2,"rax":0,"orig_rax":271,"rip":4202838,"current_mask":512,"ptrace_mask":512,"pending":0,"shared_pending":0,"handler_calls":0,"query_word":11936128518282651045}
{"event":"queue_scan","case":6,"phase":"B-exit","domain":0,"count":0,"complete":true}
{"event":"queue_scan","case":6,"phase":"B-exit","domain":1,"count":0,"complete":true}
{"event":"case_observed","case":6,"B_result":0,"query_word":11936128518282651045,"before_B_suppressed_usr1":0,"before_B_stale_step":0,"queued_usr1_after_B":0,"current_after_B":512,"ptrace_mask_after_B":512,"guest_handler_executed":false}
{"event":"retired","case":6,"pid":329951,"start":13869338,"status":9,"signal":9}
{"event":"case_start","case":7,"route":"private-syscall","point":"syscall-exit-queued","B":"getpid","O":512,"T_A":0,"T_B":2048}
{"event":"wait","case":7,"phase":"initial","pid":329956,"got":329956,"status":4991,"errno":0}
{"event":"snapshot","case":7,"phase":"initial","pid":329956,"start":13869338,"stop":19,"op":0,"rax":0,"orig_rax":234,"rip":4202532,"current_mask":512,"ptrace_mask":512,"pending":512,"shared_pending":0,"handler_calls":0,"query_word":11936128518282651045}
{"event":"queue_scan","case":7,"phase":"initial","domain":0,"count":1,"complete":true}
{"event":"queued","case":7,"phase":"initial","domain":0,"signo":10,"code":-6,"sender":329956}
{"event":"queue_scan","case":7,"phase":"initial","domain":1,"count":0,"complete":true}
{"event":"delivery_stop","case":7,"phase":"initial","signo":19,"code":-6,"sender":329956,"addr":913238896478436}
{"event":"resume","case":7,"why":"forward-to-original-A-entry","request":24,"delivered_signal":0}
{"event":"wait","case":7,"phase":"A-original-entry","pid":329956,"got":329956,"status":34175,"errno":0}
{"event":"snapshot","case":7,"phase":"A-original-entry","pid":329956,"start":13869338,"stop":133,"op":1,"rax":-38,"orig_rax":271,"rip":4202571,"current_mask":512,"ptrace_mask":512,"pending":512,"shared_pending":0,"handler_calls":0,"query_word":11936128518282651045}
{"event":"queue_scan","case":7,"phase":"A-original-entry","domain":0,"count":1,"complete":true}
{"event":"queued","case":7,"phase":"A-original-entry","domain":0,"signo":10,"code":-6,"sender":329956}
{"event":"queue_scan","case":7,"phase":"A-original-entry","domain":1,"count":0,"complete":true}
{"event":"resume","case":7,"why":"skip-original-A-before-any-mask-effect","request":24,"delivered_signal":0}
{"event":"wait","case":7,"phase":"A-skipped-exit","pid":329956,"got":329956,"status":34175,"errno":0}
{"event":"snapshot","case":7,"phase":"A-skipped-exit","pid":329956,"start":13869338,"stop":133,"op":2,"rax":-38,"orig_rax":-1,"rip":4202571,"current_mask":512,"ptrace_mask":512,"pending":512,"shared_pending":0,"handler_calls":0,"query_word":11936128518282651045}
{"event":"queue_scan","case":7,"phase":"A-skipped-exit","domain":0,"count":1,"complete":true}
{"event":"queued","case":7,"phase":"A-skipped-exit","domain":0,"signo":10,"code":-6,"sender":329956}
{"event":"queue_scan","case":7,"phase":"A-skipped-exit","domain":1,"count":0,"complete":true}
{"event":"install_request","case":7,"nr":271,"rip":4202832,"args":[0,0,139643671318576,139643671318536,8,0]}
{"event":"resume","case":7,"why":"execute-private-A-entry","request":24,"delivered_signal":0}
{"event":"wait","case":7,"phase":"A-private-entry","pid":329956,"got":329956,"status":34175,"errno":0}
{"event":"snapshot","case":7,"phase":"A-private-entry","pid":329956,"start":13869338,"stop":133,"op":1,"rax":-38,"orig_rax":271,"rip":4202834,"current_mask":512,"ptrace_mask":512,"pending":512,"shared_pending":0,"handler_calls":0,"query_word":11936128518282651045}
{"event":"queue_scan","case":7,"phase":"A-private-entry","domain":0,"count":1,"complete":true}
{"event":"queued","case":7,"phase":"A-private-entry","domain":0,"signo":10,"code":-6,"sender":329956}
{"event":"queue_scan","case":7,"phase":"A-private-entry","domain":1,"count":0,"complete":true}
{"event":"resume","case":7,"why":"execute-private-A-exit","request":24,"delivered_signal":0}
{"event":"wait","case":7,"phase":"A-exit","pid":329956,"got":329956,"status":34175,"errno":0}
{"event":"snapshot","case":7,"phase":"A-exit","pid":329956,"start":13869338,"stop":133,"op":2,"rax":-514,"orig_rax":271,"rip":4202834,"current_mask":0,"ptrace_mask":512,"pending":512,"shared_pending":0,"handler_calls":0,"query_word":11936128518282651045}
{"event":"queue_scan","case":7,"phase":"A-exit","domain":0,"count":1,"complete":true}
{"event":"queued","case":7,"phase":"A-exit","domain":0,"signo":10,"code":-6,"sender":329956}
{"event":"queue_scan","case":7,"phase":"A-exit","domain":1,"count":0,"complete":true}
{"event":"install_request","case":7,"nr":39,"rip":4202836,"args":[0,0,0,0,0,0]}
{"event":"resume","case":7,"why":"resume-for-B-suppressing-current-stop-if-any","request":24,"delivered_signal":0}
{"event":"wait","case":7,"phase":"before-B-entry","pid":329956,"got":329956,"status":2687,"errno":0}
{"event":"snapshot","case":7,"phase":"before-B-entry","pid":329956,"start":13869338,"stop":10,"op":0,"rax":39,"orig_rax":39,"rip":4202836,"current_mask":0,"ptrace_mask":512,"pending":0,"shared_pending":0,"handler_calls":0,"query_word":11936128518282651045}
{"event":"queue_scan","case":7,"phase":"before-B-entry","domain":0,"count":0,"complete":true}
{"event":"queue_scan","case":7,"phase":"before-B-entry","domain":1,"count":0,"complete":true}
{"event":"delivery_stop","case":7,"phase":"before-B-entry","signo":10,"code":-6,"sender":329956,"addr":913238896478436}
{"event":"resume","case":7,"why":"suppress-actual-USR1-delivery-before-B","request":24,"delivered_signal":0}
{"event":"wait","case":7,"phase":"before-B-entry","pid":329956,"got":329956,"status":34175,"errno":0}
{"event":"snapshot","case":7,"phase":"before-B-entry","pid":329956,"start":13869338,"stop":133,"op":1,"rax":-38,"orig_rax":39,"rip":4202838,"current_mask":512,"ptrace_mask":512,"pending":0,"shared_pending":0,"handler_calls":0,"query_word":11936128518282651045}
{"event":"queue_scan","case":7,"phase":"before-B-entry","domain":0,"count":0,"complete":true}
{"event":"queue_scan","case":7,"phase":"before-B-entry","domain":1,"count":0,"complete":true}
{"event":"resume","case":7,"why":"execute-B-to-syscall-exit","request":24,"delivered_signal":0}
{"event":"wait","case":7,"phase":"B-exit","pid":329956,"got":329956,"status":34175,"errno":0}
{"event":"snapshot","case":7,"phase":"B-exit","pid":329956,"start":13869338,"stop":133,"op":2,"rax":329956,"orig_rax":39,"rip":4202838,"current_mask":512,"ptrace_mask":512,"pending":0,"shared_pending":0,"handler_calls":0,"query_word":11936128518282651045}
{"event":"queue_scan","case":7,"phase":"B-exit","domain":0,"count":0,"complete":true}
{"event":"queue_scan","case":7,"phase":"B-exit","domain":1,"count":0,"complete":true}
{"event":"case_observed","case":7,"B_result":329956,"query_word":11936128518282651045,"before_B_suppressed_usr1":1,"before_B_stale_step":0,"queued_usr1_after_B":0,"current_after_B":512,"ptrace_mask_after_B":512,"guest_handler_executed":false}
{"event":"retired","case":7,"pid":329956,"start":13869338,"status":9,"signal":9}
{"event":"case_start","case":8,"route":"private-syscall","point":"syscall-exit-queued","B":"mask-query","O":512,"T_A":0,"T_B":2048}
{"event":"wait","case":8,"phase":"initial","pid":329961,"got":329961,"status":4991,"errno":0}
{"event":"snapshot","case":8,"phase":"initial","pid":329961,"start":13869338,"stop":19,"op":0,"rax":0,"orig_rax":234,"rip":4202532,"current_mask":512,"ptrace_mask":512,"pending":512,"shared_pending":0,"handler_calls":0,"query_word":11936128518282651045}
{"event":"queue_scan","case":8,"phase":"initial","domain":0,"count":1,"complete":true}
{"event":"queued","case":8,"phase":"initial","domain":0,"signo":10,"code":-6,"sender":329961}
{"event":"queue_scan","case":8,"phase":"initial","domain":1,"count":0,"complete":true}
{"event":"delivery_stop","case":8,"phase":"initial","signo":19,"code":-6,"sender":329961,"addr":913238896478441}
{"event":"resume","case":8,"why":"forward-to-original-A-entry","request":24,"delivered_signal":0}
{"event":"wait","case":8,"phase":"A-original-entry","pid":329961,"got":329961,"status":34175,"errno":0}
{"event":"snapshot","case":8,"phase":"A-original-entry","pid":329961,"start":13869338,"stop":133,"op":1,"rax":-38,"orig_rax":271,"rip":4202571,"current_mask":512,"ptrace_mask":512,"pending":512,"shared_pending":0,"handler_calls":0,"query_word":11936128518282651045}
{"event":"queue_scan","case":8,"phase":"A-original-entry","domain":0,"count":1,"complete":true}
{"event":"queued","case":8,"phase":"A-original-entry","domain":0,"signo":10,"code":-6,"sender":329961}
{"event":"queue_scan","case":8,"phase":"A-original-entry","domain":1,"count":0,"complete":true}
{"event":"resume","case":8,"why":"skip-original-A-before-any-mask-effect","request":24,"delivered_signal":0}
{"event":"wait","case":8,"phase":"A-skipped-exit","pid":329961,"got":329961,"status":34175,"errno":0}
{"event":"snapshot","case":8,"phase":"A-skipped-exit","pid":329961,"start":13869338,"stop":133,"op":2,"rax":-38,"orig_rax":-1,"rip":4202571,"current_mask":512,"ptrace_mask":512,"pending":512,"shared_pending":0,"handler_calls":0,"query_word":11936128518282651045}
{"event":"queue_scan","case":8,"phase":"A-skipped-exit","domain":0,"count":1,"complete":true}
{"event":"queued","case":8,"phase":"A-skipped-exit","domain":0,"signo":10,"code":-6,"sender":329961}
{"event":"queue_scan","case":8,"phase":"A-skipped-exit","domain":1,"count":0,"complete":true}
{"event":"install_request","case":8,"nr":271,"rip":4202832,"args":[0,0,139643671318576,139643671318536,8,0]}
{"event":"resume","case":8,"why":"execute-private-A-entry","request":24,"delivered_signal":0}
{"event":"wait","case":8,"phase":"A-private-entry","pid":329961,"got":329961,"status":34175,"errno":0}
{"event":"snapshot","case":8,"phase":"A-private-entry","pid":329961,"start":13869338,"stop":133,"op":1,"rax":-38,"orig_rax":271,"rip":4202834,"current_mask":512,"ptrace_mask":512,"pending":512,"shared_pending":0,"handler_calls":0,"query_word":11936128518282651045}
{"event":"queue_scan","case":8,"phase":"A-private-entry","domain":0,"count":1,"complete":true}
{"event":"queued","case":8,"phase":"A-private-entry","domain":0,"signo":10,"code":-6,"sender":329961}
{"event":"queue_scan","case":8,"phase":"A-private-entry","domain":1,"count":0,"complete":true}
{"event":"resume","case":8,"why":"execute-private-A-exit","request":24,"delivered_signal":0}
{"event":"wait","case":8,"phase":"A-exit","pid":329961,"got":329961,"status":34175,"errno":0}
{"event":"snapshot","case":8,"phase":"A-exit","pid":329961,"start":13869338,"stop":133,"op":2,"rax":-514,"orig_rax":271,"rip":4202834,"current_mask":0,"ptrace_mask":512,"pending":512,"shared_pending":0,"handler_calls":0,"query_word":11936128518282651045}
{"event":"queue_scan","case":8,"phase":"A-exit","domain":0,"count":1,"complete":true}
{"event":"queued","case":8,"phase":"A-exit","domain":0,"signo":10,"code":-6,"sender":329961}
{"event":"queue_scan","case":8,"phase":"A-exit","domain":1,"count":0,"complete":true}
{"event":"install_request","case":8,"nr":14,"rip":4202836,"args":[2,0,139643671318552,8,0,0]}
{"event":"resume","case":8,"why":"resume-for-B-suppressing-current-stop-if-any","request":24,"delivered_signal":0}
{"event":"wait","case":8,"phase":"before-B-entry","pid":329961,"got":329961,"status":2687,"errno":0}
{"event":"snapshot","case":8,"phase":"before-B-entry","pid":329961,"start":13869338,"stop":10,"op":0,"rax":14,"orig_rax":14,"rip":4202836,"current_mask":0,"ptrace_mask":512,"pending":0,"shared_pending":0,"handler_calls":0,"query_word":11936128518282651045}
{"event":"queue_scan","case":8,"phase":"before-B-entry","domain":0,"count":0,"complete":true}
{"event":"queue_scan","case":8,"phase":"before-B-entry","domain":1,"count":0,"complete":true}
{"event":"delivery_stop","case":8,"phase":"before-B-entry","signo":10,"code":-6,"sender":329961,"addr":913238896478441}
{"event":"resume","case":8,"why":"suppress-actual-USR1-delivery-before-B","request":24,"delivered_signal":0}
{"event":"wait","case":8,"phase":"before-B-entry","pid":329961,"got":329961,"status":34175,"errno":0}
{"event":"snapshot","case":8,"phase":"before-B-entry","pid":329961,"start":13869338,"stop":133,"op":1,"rax":-38,"orig_rax":14,"rip":4202838,"current_mask":512,"ptrace_mask":512,"pending":0,"shared_pending":0,"handler_calls":0,"query_word":11936128518282651045}
{"event":"queue_scan","case":8,"phase":"before-B-entry","domain":0,"count":0,"complete":true}
{"event":"queue_scan","case":8,"phase":"before-B-entry","domain":1,"count":0,"complete":true}
{"event":"resume","case":8,"why":"execute-B-to-syscall-exit","request":24,"delivered_signal":0}
{"event":"wait","case":8,"phase":"B-exit","pid":329961,"got":329961,"status":34175,"errno":0}
{"event":"snapshot","case":8,"phase":"B-exit","pid":329961,"start":13869338,"stop":133,"op":2,"rax":0,"orig_rax":14,"rip":4202838,"current_mask":512,"ptrace_mask":512,"pending":0,"shared_pending":0,"handler_calls":0,"query_word":512}
{"event":"queue_scan","case":8,"phase":"B-exit","domain":0,"count":0,"complete":true}
{"event":"queue_scan","case":8,"phase":"B-exit","domain":1,"count":0,"complete":true}
{"event":"case_observed","case":8,"B_result":0,"query_word":512,"before_B_suppressed_usr1":1,"before_B_stale_step":0,"queued_usr1_after_B":0,"current_after_B":512,"ptrace_mask_after_B":512,"guest_handler_executed":false}
{"event":"retired","case":8,"pid":329961,"start":13869338,"status":9,"signal":9}
{"event":"case_start","case":9,"route":"private-syscall","point":"syscall-exit-queued","B":"second-wait","O":512,"T_A":0,"T_B":2048}
{"event":"wait","case":9,"phase":"initial","pid":329965,"got":329965,"status":4991,"errno":0}
{"event":"snapshot","case":9,"phase":"initial","pid":329965,"start":13869338,"stop":19,"op":0,"rax":0,"orig_rax":234,"rip":4202532,"current_mask":512,"ptrace_mask":512,"pending":512,"shared_pending":0,"handler_calls":0,"query_word":11936128518282651045}
{"event":"queue_scan","case":9,"phase":"initial","domain":0,"count":1,"complete":true}
{"event":"queued","case":9,"phase":"initial","domain":0,"signo":10,"code":-6,"sender":329965}
{"event":"queue_scan","case":9,"phase":"initial","domain":1,"count":0,"complete":true}
{"event":"delivery_stop","case":9,"phase":"initial","signo":19,"code":-6,"sender":329965,"addr":913238896478445}
{"event":"resume","case":9,"why":"forward-to-original-A-entry","request":24,"delivered_signal":0}
{"event":"wait","case":9,"phase":"A-original-entry","pid":329965,"got":329965,"status":34175,"errno":0}
{"event":"snapshot","case":9,"phase":"A-original-entry","pid":329965,"start":13869338,"stop":133,"op":1,"rax":-38,"orig_rax":271,"rip":4202571,"current_mask":512,"ptrace_mask":512,"pending":512,"shared_pending":0,"handler_calls":0,"query_word":11936128518282651045}
{"event":"queue_scan","case":9,"phase":"A-original-entry","domain":0,"count":1,"complete":true}
{"event":"queued","case":9,"phase":"A-original-entry","domain":0,"signo":10,"code":-6,"sender":329965}
{"event":"queue_scan","case":9,"phase":"A-original-entry","domain":1,"count":0,"complete":true}
{"event":"resume","case":9,"why":"skip-original-A-before-any-mask-effect","request":24,"delivered_signal":0}
{"event":"wait","case":9,"phase":"A-skipped-exit","pid":329965,"got":329965,"status":34175,"errno":0}
{"event":"snapshot","case":9,"phase":"A-skipped-exit","pid":329965,"start":13869338,"stop":133,"op":2,"rax":-38,"orig_rax":-1,"rip":4202571,"current_mask":512,"ptrace_mask":512,"pending":512,"shared_pending":0,"handler_calls":0,"query_word":11936128518282651045}
{"event":"queue_scan","case":9,"phase":"A-skipped-exit","domain":0,"count":1,"complete":true}
{"event":"queued","case":9,"phase":"A-skipped-exit","domain":0,"signo":10,"code":-6,"sender":329965}
{"event":"queue_scan","case":9,"phase":"A-skipped-exit","domain":1,"count":0,"complete":true}
{"event":"install_request","case":9,"nr":271,"rip":4202832,"args":[0,0,139643671318576,139643671318536,8,0]}
{"event":"resume","case":9,"why":"execute-private-A-entry","request":24,"delivered_signal":0}
{"event":"wait","case":9,"phase":"A-private-entry","pid":329965,"got":329965,"status":34175,"errno":0}
{"event":"snapshot","case":9,"phase":"A-private-entry","pid":329965,"start":13869338,"stop":133,"op":1,"rax":-38,"orig_rax":271,"rip":4202834,"current_mask":512,"ptrace_mask":512,"pending":512,"shared_pending":0,"handler_calls":0,"query_word":11936128518282651045}
{"event":"queue_scan","case":9,"phase":"A-private-entry","domain":0,"count":1,"complete":true}
{"event":"queued","case":9,"phase":"A-private-entry","domain":0,"signo":10,"code":-6,"sender":329965}
{"event":"queue_scan","case":9,"phase":"A-private-entry","domain":1,"count":0,"complete":true}
{"event":"resume","case":9,"why":"execute-private-A-exit","request":24,"delivered_signal":0}
{"event":"wait","case":9,"phase":"A-exit","pid":329965,"got":329965,"status":34175,"errno":0}
{"event":"snapshot","case":9,"phase":"A-exit","pid":329965,"start":13869338,"stop":133,"op":2,"rax":-514,"orig_rax":271,"rip":4202834,"current_mask":0,"ptrace_mask":512,"pending":512,"shared_pending":0,"handler_calls":0,"query_word":11936128518282651045}
{"event":"queue_scan","case":9,"phase":"A-exit","domain":0,"count":1,"complete":true}
{"event":"queued","case":9,"phase":"A-exit","domain":0,"signo":10,"code":-6,"sender":329965}
{"event":"queue_scan","case":9,"phase":"A-exit","domain":1,"count":0,"complete":true}
{"event":"install_request","case":9,"nr":271,"rip":4202836,"args":[0,0,139643671318592,139643671318544,8,0]}
{"event":"resume","case":9,"why":"resume-for-B-suppressing-current-stop-if-any","request":24,"delivered_signal":0}
{"event":"wait","case":9,"phase":"before-B-entry","pid":329965,"got":329965,"status":2687,"errno":0}
{"event":"snapshot","case":9,"phase":"before-B-entry","pid":329965,"start":13869338,"stop":10,"op":0,"rax":271,"orig_rax":271,"rip":4202836,"current_mask":0,"ptrace_mask":512,"pending":0,"shared_pending":0,"handler_calls":0,"query_word":11936128518282651045}
{"event":"queue_scan","case":9,"phase":"before-B-entry","domain":0,"count":0,"complete":true}
{"event":"queue_scan","case":9,"phase":"before-B-entry","domain":1,"count":0,"complete":true}
{"event":"delivery_stop","case":9,"phase":"before-B-entry","signo":10,"code":-6,"sender":329965,"addr":913238896478445}
{"event":"resume","case":9,"why":"suppress-actual-USR1-delivery-before-B","request":24,"delivered_signal":0}
{"event":"wait","case":9,"phase":"before-B-entry","pid":329965,"got":329965,"status":34175,"errno":0}
{"event":"snapshot","case":9,"phase":"before-B-entry","pid":329965,"start":13869338,"stop":133,"op":1,"rax":-38,"orig_rax":271,"rip":4202838,"current_mask":512,"ptrace_mask":512,"pending":0,"shared_pending":0,"handler_calls":0,"query_word":11936128518282651045}
{"event":"queue_scan","case":9,"phase":"before-B-entry","domain":0,"count":0,"complete":true}
{"event":"queue_scan","case":9,"phase":"before-B-entry","domain":1,"count":0,"complete":true}
{"event":"resume","case":9,"why":"execute-B-to-syscall-exit","request":24,"delivered_signal":0}
{"event":"wait","case":9,"phase":"B-exit","pid":329965,"got":329965,"status":34175,"errno":0}
{"event":"snapshot","case":9,"phase":"B-exit","pid":329965,"start":13869338,"stop":133,"op":2,"rax":0,"orig_rax":271,"rip":4202838,"current_mask":512,"ptrace_mask":512,"pending":0,"shared_pending":0,"handler_calls":0,"query_word":11936128518282651045}
{"event":"queue_scan","case":9,"phase":"B-exit","domain":0,"count":0,"complete":true}
{"event":"queue_scan","case":9,"phase":"B-exit","domain":1,"count":0,"complete":true}
{"event":"case_observed","case":9,"B_result":0,"query_word":11936128518282651045,"before_B_suppressed_usr1":1,"before_B_stale_step":0,"queued_usr1_after_B":0,"current_after_B":512,"ptrace_mask_after_B":512,"guest_handler_executed":false}
{"event":"retired","case":9,"pid":329965,"start":13869338,"status":9,"signal":9}
{"event":"case_start","case":10,"route":"private-syscall","point":"signal-held","B":"getpid","O":512,"T_A":0,"T_B":2048}
{"event":"wait","case":10,"phase":"initial","pid":329970,"got":329970,"status":4991,"errno":0}
{"event":"snapshot","case":10,"phase":"initial","pid":329970,"start":13869338,"stop":19,"op":0,"rax":0,"orig_rax":234,"rip":4202532,"current_mask":512,"ptrace_mask":512,"pending":512,"shared_pending":0,"handler_calls":0,"query_word":11936128518282651045}
{"event":"queue_scan","case":10,"phase":"initial","domain":0,"count":1,"complete":true}
{"event":"queued","case":10,"phase":"initial","domain":0,"signo":10,"code":-6,"sender":329970}
{"event":"queue_scan","case":10,"phase":"initial","domain":1,"count":0,"complete":true}
{"event":"delivery_stop","case":10,"phase":"initial","signo":19,"code":-6,"sender":329970,"addr":913238896478450}
{"event":"resume","case":10,"why":"forward-to-original-A-entry","request":24,"delivered_signal":0}
{"event":"wait","case":10,"phase":"A-original-entry","pid":329970,"got":329970,"status":34175,"errno":0}
{"event":"snapshot","case":10,"phase":"A-original-entry","pid":329970,"start":13869338,"stop":133,"op":1,"rax":-38,"orig_rax":271,"rip":4202571,"current_mask":512,"ptrace_mask":512,"pending":512,"shared_pending":0,"handler_calls":0,"query_word":11936128518282651045}
{"event":"queue_scan","case":10,"phase":"A-original-entry","domain":0,"count":1,"complete":true}
{"event":"queued","case":10,"phase":"A-original-entry","domain":0,"signo":10,"code":-6,"sender":329970}
{"event":"queue_scan","case":10,"phase":"A-original-entry","domain":1,"count":0,"complete":true}
{"event":"resume","case":10,"why":"skip-original-A-before-any-mask-effect","request":24,"delivered_signal":0}
{"event":"wait","case":10,"phase":"A-skipped-exit","pid":329970,"got":329970,"status":34175,"errno":0}
{"event":"snapshot","case":10,"phase":"A-skipped-exit","pid":329970,"start":13869338,"stop":133,"op":2,"rax":-38,"orig_rax":-1,"rip":4202571,"current_mask":512,"ptrace_mask":512,"pending":512,"shared_pending":0,"handler_calls":0,"query_word":11936128518282651045}
{"event":"queue_scan","case":10,"phase":"A-skipped-exit","domain":0,"count":1,"complete":true}
{"event":"queued","case":10,"phase":"A-skipped-exit","domain":0,"signo":10,"code":-6,"sender":329970}
{"event":"queue_scan","case":10,"phase":"A-skipped-exit","domain":1,"count":0,"complete":true}
{"event":"install_request","case":10,"nr":271,"rip":4202832,"args":[0,0,139643671318576,139643671318536,8,0]}
{"event":"resume","case":10,"why":"execute-private-A-entry","request":24,"delivered_signal":0}
{"event":"wait","case":10,"phase":"A-private-entry","pid":329970,"got":329970,"status":34175,"errno":0}
{"event":"snapshot","case":10,"phase":"A-private-entry","pid":329970,"start":13869338,"stop":133,"op":1,"rax":-38,"orig_rax":271,"rip":4202834,"current_mask":512,"ptrace_mask":512,"pending":512,"shared_pending":0,"handler_calls":0,"query_word":11936128518282651045}
{"event":"queue_scan","case":10,"phase":"A-private-entry","domain":0,"count":1,"complete":true}
{"event":"queued","case":10,"phase":"A-private-entry","domain":0,"signo":10,"code":-6,"sender":329970}
{"event":"queue_scan","case":10,"phase":"A-private-entry","domain":1,"count":0,"complete":true}
{"event":"resume","case":10,"why":"execute-private-A-exit","request":24,"delivered_signal":0}
{"event":"wait","case":10,"phase":"A-exit","pid":329970,"got":329970,"status":34175,"errno":0}
{"event":"snapshot","case":10,"phase":"A-exit","pid":329970,"start":13869338,"stop":133,"op":2,"rax":-514,"orig_rax":271,"rip":4202834,"current_mask":0,"ptrace_mask":512,"pending":512,"shared_pending":0,"handler_calls":0,"query_word":11936128518282651045}
{"event":"queue_scan","case":10,"phase":"A-exit","domain":0,"count":1,"complete":true}
{"event":"queued","case":10,"phase":"A-exit","domain":0,"signo":10,"code":-6,"sender":329970}
{"event":"queue_scan","case":10,"phase":"A-exit","domain":1,"count":0,"complete":true}
{"event":"resume","case":10,"why":"reach-real-SIGUSR1-delivery-stop","request":7,"delivered_signal":0}
{"event":"wait","case":10,"phase":"A-held","pid":329970,"got":329970,"status":2687,"errno":0}
{"event":"snapshot","case":10,"phase":"A-held","pid":329970,"start":13869338,"stop":10,"op":0,"rax":-514,"orig_rax":271,"rip":4202834,"current_mask":0,"ptrace_mask":512,"pending":0,"shared_pending":0,"handler_calls":0,"query_word":11936128518282651045}
{"event":"queue_scan","case":10,"phase":"A-held","domain":0,"count":0,"complete":true}
{"event":"queue_scan","case":10,"phase":"A-held","domain":1,"count":0,"complete":true}
{"event":"delivery_stop","case":10,"phase":"A-held","signo":10,"code":-6,"sender":329970,"addr":913238896478450}
{"event":"install_request","case":10,"nr":39,"rip":4202836,"args":[0,0,0,0,0,0]}
{"event":"resume","case":10,"why":"resume-for-B-suppressing-current-stop-if-any","request":24,"delivered_signal":0}
{"event":"wait","case":10,"phase":"before-B-entry","pid":329970,"got":329970,"status":34175,"errno":0}
{"event":"snapshot","case":10,"phase":"before-B-entry","pid":329970,"start":13869338,"stop":133,"op":1,"rax":-38,"orig_rax":39,"rip":4202838,"current_mask":512,"ptrace_mask":512,"pending":0,"shared_pending":0,"handler_calls":0,"query_word":11936128518282651045}
{"event":"queue_scan","case":10,"phase":"before-B-entry","domain":0,"count":0,"complete":true}
{"event":"queue_scan","case":10,"phase":"before-B-entry","domain":1,"count":0,"complete":true}
{"event":"resume","case":10,"why":"execute-B-to-syscall-exit","request":24,"delivered_signal":0}
{"event":"wait","case":10,"phase":"B-exit","pid":329970,"got":329970,"status":34175,"errno":0}
{"event":"snapshot","case":10,"phase":"B-exit","pid":329970,"start":13869338,"stop":133,"op":2,"rax":329970,"orig_rax":39,"rip":4202838,"current_mask":512,"ptrace_mask":512,"pending":0,"shared_pending":0,"handler_calls":0,"query_word":11936128518282651045}
{"event":"queue_scan","case":10,"phase":"B-exit","domain":0,"count":0,"complete":true}
{"event":"queue_scan","case":10,"phase":"B-exit","domain":1,"count":0,"complete":true}
{"event":"case_observed","case":10,"B_result":329970,"query_word":11936128518282651045,"before_B_suppressed_usr1":0,"before_B_stale_step":0,"queued_usr1_after_B":0,"current_after_B":512,"ptrace_mask_after_B":512,"guest_handler_executed":false}
{"event":"retired","case":10,"pid":329970,"start":13869338,"status":9,"signal":9}
{"event":"case_start","case":11,"route":"private-syscall","point":"signal-held","B":"mask-query","O":512,"T_A":0,"T_B":2048}
{"event":"wait","case":11,"phase":"initial","pid":329972,"got":329972,"status":4991,"errno":0}
{"event":"snapshot","case":11,"phase":"initial","pid":329972,"start":13869338,"stop":19,"op":0,"rax":0,"orig_rax":234,"rip":4202532,"current_mask":512,"ptrace_mask":512,"pending":512,"shared_pending":0,"handler_calls":0,"query_word":11936128518282651045}
{"event":"queue_scan","case":11,"phase":"initial","domain":0,"count":1,"complete":true}
{"event":"queued","case":11,"phase":"initial","domain":0,"signo":10,"code":-6,"sender":329972}
{"event":"queue_scan","case":11,"phase":"initial","domain":1,"count":0,"complete":true}
{"event":"delivery_stop","case":11,"phase":"initial","signo":19,"code":-6,"sender":329972,"addr":913238896478452}
{"event":"resume","case":11,"why":"forward-to-original-A-entry","request":24,"delivered_signal":0}
{"event":"wait","case":11,"phase":"A-original-entry","pid":329972,"got":329972,"status":34175,"errno":0}
{"event":"snapshot","case":11,"phase":"A-original-entry","pid":329972,"start":13869338,"stop":133,"op":1,"rax":-38,"orig_rax":271,"rip":4202571,"current_mask":512,"ptrace_mask":512,"pending":512,"shared_pending":0,"handler_calls":0,"query_word":11936128518282651045}
{"event":"queue_scan","case":11,"phase":"A-original-entry","domain":0,"count":1,"complete":true}
{"event":"queued","case":11,"phase":"A-original-entry","domain":0,"signo":10,"code":-6,"sender":329972}
{"event":"queue_scan","case":11,"phase":"A-original-entry","domain":1,"count":0,"complete":true}
{"event":"resume","case":11,"why":"skip-original-A-before-any-mask-effect","request":24,"delivered_signal":0}
{"event":"wait","case":11,"phase":"A-skipped-exit","pid":329972,"got":329972,"status":34175,"errno":0}
{"event":"snapshot","case":11,"phase":"A-skipped-exit","pid":329972,"start":13869338,"stop":133,"op":2,"rax":-38,"orig_rax":-1,"rip":4202571,"current_mask":512,"ptrace_mask":512,"pending":512,"shared_pending":0,"handler_calls":0,"query_word":11936128518282651045}
{"event":"queue_scan","case":11,"phase":"A-skipped-exit","domain":0,"count":1,"complete":true}
{"event":"queued","case":11,"phase":"A-skipped-exit","domain":0,"signo":10,"code":-6,"sender":329972}
{"event":"queue_scan","case":11,"phase":"A-skipped-exit","domain":1,"count":0,"complete":true}
{"event":"install_request","case":11,"nr":271,"rip":4202832,"args":[0,0,139643671318576,139643671318536,8,0]}
{"event":"resume","case":11,"why":"execute-private-A-entry","request":24,"delivered_signal":0}
{"event":"wait","case":11,"phase":"A-private-entry","pid":329972,"got":329972,"status":34175,"errno":0}
{"event":"snapshot","case":11,"phase":"A-private-entry","pid":329972,"start":13869338,"stop":133,"op":1,"rax":-38,"orig_rax":271,"rip":4202834,"current_mask":512,"ptrace_mask":512,"pending":512,"shared_pending":0,"handler_calls":0,"query_word":11936128518282651045}
{"event":"queue_scan","case":11,"phase":"A-private-entry","domain":0,"count":1,"complete":true}
{"event":"queued","case":11,"phase":"A-private-entry","domain":0,"signo":10,"code":-6,"sender":329972}
{"event":"queue_scan","case":11,"phase":"A-private-entry","domain":1,"count":0,"complete":true}
{"event":"resume","case":11,"why":"execute-private-A-exit","request":24,"delivered_signal":0}
{"event":"wait","case":11,"phase":"A-exit","pid":329972,"got":329972,"status":34175,"errno":0}
{"event":"snapshot","case":11,"phase":"A-exit","pid":329972,"start":13869338,"stop":133,"op":2,"rax":-514,"orig_rax":271,"rip":4202834,"current_mask":0,"ptrace_mask":512,"pending":512,"shared_pending":0,"handler_calls":0,"query_word":11936128518282651045}
{"event":"queue_scan","case":11,"phase":"A-exit","domain":0,"count":1,"complete":true}
{"event":"queued","case":11,"phase":"A-exit","domain":0,"signo":10,"code":-6,"sender":329972}
{"event":"queue_scan","case":11,"phase":"A-exit","domain":1,"count":0,"complete":true}
{"event":"resume","case":11,"why":"reach-real-SIGUSR1-delivery-stop","request":7,"delivered_signal":0}
{"event":"wait","case":11,"phase":"A-held","pid":329972,"got":329972,"status":2687,"errno":0}
{"event":"snapshot","case":11,"phase":"A-held","pid":329972,"start":13869338,"stop":10,"op":0,"rax":-514,"orig_rax":271,"rip":4202834,"current_mask":0,"ptrace_mask":512,"pending":0,"shared_pending":0,"handler_calls":0,"query_word":11936128518282651045}
{"event":"queue_scan","case":11,"phase":"A-held","domain":0,"count":0,"complete":true}
{"event":"queue_scan","case":11,"phase":"A-held","domain":1,"count":0,"complete":true}
{"event":"delivery_stop","case":11,"phase":"A-held","signo":10,"code":-6,"sender":329972,"addr":913238896478452}
{"event":"install_request","case":11,"nr":14,"rip":4202836,"args":[2,0,139643671318552,8,0,0]}
{"event":"resume","case":11,"why":"resume-for-B-suppressing-current-stop-if-any","request":24,"delivered_signal":0}
{"event":"wait","case":11,"phase":"before-B-entry","pid":329972,"got":329972,"status":34175,"errno":0}
{"event":"snapshot","case":11,"phase":"before-B-entry","pid":329972,"start":13869338,"stop":133,"op":1,"rax":-38,"orig_rax":14,"rip":4202838,"current_mask":512,"ptrace_mask":512,"pending":0,"shared_pending":0,"handler_calls":0,"query_word":11936128518282651045}
{"event":"queue_scan","case":11,"phase":"before-B-entry","domain":0,"count":0,"complete":true}
{"event":"queue_scan","case":11,"phase":"before-B-entry","domain":1,"count":0,"complete":true}
{"event":"resume","case":11,"why":"execute-B-to-syscall-exit","request":24,"delivered_signal":0}
{"event":"wait","case":11,"phase":"B-exit","pid":329972,"got":329972,"status":34175,"errno":0}
{"event":"snapshot","case":11,"phase":"B-exit","pid":329972,"start":13869338,"stop":133,"op":2,"rax":0,"orig_rax":14,"rip":4202838,"current_mask":512,"ptrace_mask":512,"pending":0,"shared_pending":0,"handler_calls":0,"query_word":512}
{"event":"queue_scan","case":11,"phase":"B-exit","domain":0,"count":0,"complete":true}
{"event":"queue_scan","case":11,"phase":"B-exit","domain":1,"count":0,"complete":true}
{"event":"case_observed","case":11,"B_result":0,"query_word":512,"before_B_suppressed_usr1":0,"before_B_stale_step":0,"queued_usr1_after_B":0,"current_after_B":512,"ptrace_mask_after_B":512,"guest_handler_executed":false}
{"event":"retired","case":11,"pid":329972,"start":13869338,"status":9,"signal":9}
{"event":"case_start","case":12,"route":"private-syscall","point":"signal-held","B":"second-wait","O":512,"T_A":0,"T_B":2048}
{"event":"wait","case":12,"phase":"initial","pid":329981,"got":329981,"status":4991,"errno":0}
{"event":"snapshot","case":12,"phase":"initial","pid":329981,"start":13869338,"stop":19,"op":0,"rax":0,"orig_rax":234,"rip":4202532,"current_mask":512,"ptrace_mask":512,"pending":512,"shared_pending":0,"handler_calls":0,"query_word":11936128518282651045}
{"event":"queue_scan","case":12,"phase":"initial","domain":0,"count":1,"complete":true}
{"event":"queued","case":12,"phase":"initial","domain":0,"signo":10,"code":-6,"sender":329981}
{"event":"queue_scan","case":12,"phase":"initial","domain":1,"count":0,"complete":true}
{"event":"delivery_stop","case":12,"phase":"initial","signo":19,"code":-6,"sender":329981,"addr":913238896478461}
{"event":"resume","case":12,"why":"forward-to-original-A-entry","request":24,"delivered_signal":0}
{"event":"wait","case":12,"phase":"A-original-entry","pid":329981,"got":329981,"status":34175,"errno":0}
{"event":"snapshot","case":12,"phase":"A-original-entry","pid":329981,"start":13869338,"stop":133,"op":1,"rax":-38,"orig_rax":271,"rip":4202571,"current_mask":512,"ptrace_mask":512,"pending":512,"shared_pending":0,"handler_calls":0,"query_word":11936128518282651045}
{"event":"queue_scan","case":12,"phase":"A-original-entry","domain":0,"count":1,"complete":true}
{"event":"queued","case":12,"phase":"A-original-entry","domain":0,"signo":10,"code":-6,"sender":329981}
{"event":"queue_scan","case":12,"phase":"A-original-entry","domain":1,"count":0,"complete":true}
{"event":"resume","case":12,"why":"skip-original-A-before-any-mask-effect","request":24,"delivered_signal":0}
{"event":"wait","case":12,"phase":"A-skipped-exit","pid":329981,"got":329981,"status":34175,"errno":0}
{"event":"snapshot","case":12,"phase":"A-skipped-exit","pid":329981,"start":13869338,"stop":133,"op":2,"rax":-38,"orig_rax":-1,"rip":4202571,"current_mask":512,"ptrace_mask":512,"pending":512,"shared_pending":0,"handler_calls":0,"query_word":11936128518282651045}
{"event":"queue_scan","case":12,"phase":"A-skipped-exit","domain":0,"count":1,"complete":true}
{"event":"queued","case":12,"phase":"A-skipped-exit","domain":0,"signo":10,"code":-6,"sender":329981}
{"event":"queue_scan","case":12,"phase":"A-skipped-exit","domain":1,"count":0,"complete":true}
{"event":"install_request","case":12,"nr":271,"rip":4202832,"args":[0,0,139643671318576,139643671318536,8,0]}
{"event":"resume","case":12,"why":"execute-private-A-entry","request":24,"delivered_signal":0}
{"event":"wait","case":12,"phase":"A-private-entry","pid":329981,"got":329981,"status":34175,"errno":0}
{"event":"snapshot","case":12,"phase":"A-private-entry","pid":329981,"start":13869338,"stop":133,"op":1,"rax":-38,"orig_rax":271,"rip":4202834,"current_mask":512,"ptrace_mask":512,"pending":512,"shared_pending":0,"handler_calls":0,"query_word":11936128518282651045}
{"event":"queue_scan","case":12,"phase":"A-private-entry","domain":0,"count":1,"complete":true}
{"event":"queued","case":12,"phase":"A-private-entry","domain":0,"signo":10,"code":-6,"sender":329981}
{"event":"queue_scan","case":12,"phase":"A-private-entry","domain":1,"count":0,"complete":true}
{"event":"resume","case":12,"why":"execute-private-A-exit","request":24,"delivered_signal":0}
{"event":"wait","case":12,"phase":"A-exit","pid":329981,"got":329981,"status":34175,"errno":0}
{"event":"snapshot","case":12,"phase":"A-exit","pid":329981,"start":13869338,"stop":133,"op":2,"rax":-514,"orig_rax":271,"rip":4202834,"current_mask":0,"ptrace_mask":512,"pending":512,"shared_pending":0,"handler_calls":0,"query_word":11936128518282651045}
{"event":"queue_scan","case":12,"phase":"A-exit","domain":0,"count":1,"complete":true}
{"event":"queued","case":12,"phase":"A-exit","domain":0,"signo":10,"code":-6,"sender":329981}
{"event":"queue_scan","case":12,"phase":"A-exit","domain":1,"count":0,"complete":true}
{"event":"resume","case":12,"why":"reach-real-SIGUSR1-delivery-stop","request":7,"delivered_signal":0}
{"event":"wait","case":12,"phase":"A-held","pid":329981,"got":329981,"status":2687,"errno":0}
{"event":"snapshot","case":12,"phase":"A-held","pid":329981,"start":13869338,"stop":10,"op":0,"rax":-514,"orig_rax":271,"rip":4202834,"current_mask":0,"ptrace_mask":512,"pending":0,"shared_pending":0,"handler_calls":0,"query_word":11936128518282651045}
{"event":"queue_scan","case":12,"phase":"A-held","domain":0,"count":0,"complete":true}
{"event":"queue_scan","case":12,"phase":"A-held","domain":1,"count":0,"complete":true}
{"event":"delivery_stop","case":12,"phase":"A-held","signo":10,"code":-6,"sender":329981,"addr":913238896478461}
{"event":"install_request","case":12,"nr":271,"rip":4202836,"args":[0,0,139643671318592,139643671318544,8,0]}
{"event":"resume","case":12,"why":"resume-for-B-suppressing-current-stop-if-any","request":24,"delivered_signal":0}
{"event":"wait","case":12,"phase":"before-B-entry","pid":329981,"got":329981,"status":34175,"errno":0}
{"event":"snapshot","case":12,"phase":"before-B-entry","pid":329981,"start":13869338,"stop":133,"op":1,"rax":-38,"orig_rax":271,"rip":4202838,"current_mask":512,"ptrace_mask":512,"pending":0,"shared_pending":0,"handler_calls":0,"query_word":11936128518282651045}
{"event":"queue_scan","case":12,"phase":"before-B-entry","domain":0,"count":0,"complete":true}
{"event":"queue_scan","case":12,"phase":"before-B-entry","domain":1,"count":0,"complete":true}
{"event":"resume","case":12,"why":"execute-B-to-syscall-exit","request":24,"delivered_signal":0}
{"event":"wait","case":12,"phase":"B-exit","pid":329981,"got":329981,"status":34175,"errno":0}
{"event":"snapshot","case":12,"phase":"B-exit","pid":329981,"start":13869338,"stop":133,"op":2,"rax":0,"orig_rax":271,"rip":4202838,"current_mask":512,"ptrace_mask":512,"pending":0,"shared_pending":0,"handler_calls":0,"query_word":11936128518282651045}
{"event":"queue_scan","case":12,"phase":"B-exit","domain":0,"count":0,"complete":true}
{"event":"queue_scan","case":12,"phase":"B-exit","domain":1,"count":0,"complete":true}
{"event":"case_observed","case":12,"B_result":0,"query_word":11936128518282651045,"before_B_suppressed_usr1":0,"before_B_stale_step":0,"queued_usr1_after_B":0,"current_after_B":512,"ptrace_mask_after_B":512,"guest_handler_executed":false}
{"event":"retired","case":12,"pid":329981,"start":13869338,"status":9,"signal":9}
{"event":"case_start","case":13,"route":"private-step","point":"actual-step-completion","B":"getpid","O":512,"T_A":0,"T_B":2048}
{"event":"wait","case":13,"phase":"initial","pid":329984,"got":329984,"status":4991,"errno":0}
{"event":"snapshot","case":13,"phase":"initial","pid":329984,"start":13869338,"stop":19,"op":0,"rax":0,"orig_rax":234,"rip":4202532,"current_mask":512,"ptrace_mask":512,"pending":512,"shared_pending":0,"handler_calls":0,"query_word":11936128518282651045}
{"event":"queue_scan","case":13,"phase":"initial","domain":0,"count":1,"complete":true}
{"event":"queued","case":13,"phase":"initial","domain":0,"signo":10,"code":-6,"sender":329984}
{"event":"queue_scan","case":13,"phase":"initial","domain":1,"count":0,"complete":true}
{"event":"delivery_stop","case":13,"phase":"initial","signo":19,"code":-6,"sender":329984,"addr":913238896478464}
{"event":"resume","case":13,"why":"forward-to-original-A-entry","request":24,"delivered_signal":0}
{"event":"wait","case":13,"phase":"A-original-entry","pid":329984,"got":329984,"status":34175,"errno":0}
{"event":"snapshot","case":13,"phase":"A-original-entry","pid":329984,"start":13869338,"stop":133,"op":1,"rax":-38,"orig_rax":271,"rip":4202571,"current_mask":512,"ptrace_mask":512,"pending":512,"shared_pending":0,"handler_calls":0,"query_word":11936128518282651045}
{"event":"queue_scan","case":13,"phase":"A-original-entry","domain":0,"count":1,"complete":true}
{"event":"queued","case":13,"phase":"A-original-entry","domain":0,"signo":10,"code":-6,"sender":329984}
{"event":"queue_scan","case":13,"phase":"A-original-entry","domain":1,"count":0,"complete":true}
{"event":"resume","case":13,"why":"skip-original-A-before-any-mask-effect","request":24,"delivered_signal":0}
{"event":"wait","case":13,"phase":"A-skipped-exit","pid":329984,"got":329984,"status":34175,"errno":0}
{"event":"snapshot","case":13,"phase":"A-skipped-exit","pid":329984,"start":13869338,"stop":133,"op":2,"rax":-38,"orig_rax":-1,"rip":4202571,"current_mask":512,"ptrace_mask":512,"pending":512,"shared_pending":0,"handler_calls":0,"query_word":11936128518282651045}
{"event":"queue_scan","case":13,"phase":"A-skipped-exit","domain":0,"count":1,"complete":true}
{"event":"queued","case":13,"phase":"A-skipped-exit","domain":0,"signo":10,"code":-6,"sender":329984}
{"event":"queue_scan","case":13,"phase":"A-skipped-exit","domain":1,"count":0,"complete":true}
{"event":"install_request","case":13,"nr":271,"rip":4202832,"args":[0,0,139643671318576,139643671318536,8,0]}
{"event":"resume","case":13,"why":"execute-private-A-single-step","request":9,"delivered_signal":0}
{"event":"wait","case":13,"phase":"A-step-completion","pid":329984,"got":329984,"status":1407,"errno":0}
{"event":"snapshot","case":13,"phase":"A-step-completion","pid":329984,"start":13869338,"stop":5,"op":0,"rax":-514,"orig_rax":271,"rip":4202834,"current_mask":0,"ptrace_mask":512,"pending":512,"shared_pending":0,"handler_calls":0,"query_word":11936128518282651045}
{"event":"queue_scan","case":13,"phase":"A-step-completion","domain":0,"count":1,"complete":true}
{"event":"queued","case":13,"phase":"A-step-completion","domain":0,"signo":10,"code":-6,"sender":329984}
{"event":"queue_scan","case":13,"phase":"A-step-completion","domain":1,"count":0,"complete":true}
{"event":"delivery_stop","case":13,"phase":"A-step-completion","signo":5,"code":1,"sender":4202834,"addr":4202834}
{"event":"install_request","case":13,"nr":39,"rip":4202836,"args":[0,0,0,0,0,0]}
{"event":"resume","case":13,"why":"resume-for-B-suppressing-current-stop-if-any","request":24,"delivered_signal":0}
{"event":"wait","case":13,"phase":"before-B-entry","pid":329984,"got":329984,"status":2687,"errno":0}
{"event":"snapshot","case":13,"phase":"before-B-entry","pid":329984,"start":13869338,"stop":10,"op":0,"rax":39,"orig_rax":39,"rip":4202836,"current_mask":0,"ptrace_mask":512,"pending":0,"shared_pending":0,"handler_calls":0,"query_word":11936128518282651045}
{"event":"queue_scan","case":13,"phase":"before-B-entry","domain":0,"count":0,"complete":true}
{"event":"queue_scan","case":13,"phase":"before-B-entry","domain":1,"count":0,"complete":true}
{"event":"delivery_stop","case":13,"phase":"before-B-entry","signo":10,"code":-6,"sender":329984,"addr":913238896478464}
{"event":"resume","case":13,"why":"suppress-actual-USR1-delivery-before-B","request":24,"delivered_signal":0}
{"event":"wait","case":13,"phase":"before-B-entry","pid":329984,"got":329984,"status":34175,"errno":0}
{"event":"snapshot","case":13,"phase":"before-B-entry","pid":329984,"start":13869338,"stop":133,"op":1,"rax":-38,"orig_rax":39,"rip":4202838,"current_mask":512,"ptrace_mask":512,"pending":0,"shared_pending":0,"handler_calls":0,"query_word":11936128518282651045}
{"event":"queue_scan","case":13,"phase":"before-B-entry","domain":0,"count":0,"complete":true}
{"event":"queue_scan","case":13,"phase":"before-B-entry","domain":1,"count":0,"complete":true}
{"event":"resume","case":13,"why":"execute-B-to-syscall-exit","request":24,"delivered_signal":0}
{"event":"wait","case":13,"phase":"B-exit","pid":329984,"got":329984,"status":34175,"errno":0}
{"event":"snapshot","case":13,"phase":"B-exit","pid":329984,"start":13869338,"stop":133,"op":2,"rax":329984,"orig_rax":39,"rip":4202838,"current_mask":512,"ptrace_mask":512,"pending":0,"shared_pending":0,"handler_calls":0,"query_word":11936128518282651045}
{"event":"queue_scan","case":13,"phase":"B-exit","domain":0,"count":0,"complete":true}
{"event":"queue_scan","case":13,"phase":"B-exit","domain":1,"count":0,"complete":true}
{"event":"case_observed","case":13,"B_result":329984,"query_word":11936128518282651045,"before_B_suppressed_usr1":1,"before_B_stale_step":0,"queued_usr1_after_B":0,"current_after_B":512,"ptrace_mask_after_B":512,"guest_handler_executed":false}
{"event":"retired","case":13,"pid":329984,"start":13869338,"status":9,"signal":9}
{"event":"case_start","case":14,"route":"private-step","point":"actual-step-completion","B":"mask-query","O":512,"T_A":0,"T_B":2048}
{"event":"wait","case":14,"phase":"initial","pid":329989,"got":329989,"status":4991,"errno":0}
{"event":"snapshot","case":14,"phase":"initial","pid":329989,"start":13869338,"stop":19,"op":0,"rax":0,"orig_rax":234,"rip":4202532,"current_mask":512,"ptrace_mask":512,"pending":512,"shared_pending":0,"handler_calls":0,"query_word":11936128518282651045}
{"event":"queue_scan","case":14,"phase":"initial","domain":0,"count":1,"complete":true}
{"event":"queued","case":14,"phase":"initial","domain":0,"signo":10,"code":-6,"sender":329989}
{"event":"queue_scan","case":14,"phase":"initial","domain":1,"count":0,"complete":true}
{"event":"delivery_stop","case":14,"phase":"initial","signo":19,"code":-6,"sender":329989,"addr":913238896478469}
{"event":"resume","case":14,"why":"forward-to-original-A-entry","request":24,"delivered_signal":0}
{"event":"wait","case":14,"phase":"A-original-entry","pid":329989,"got":329989,"status":34175,"errno":0}
{"event":"snapshot","case":14,"phase":"A-original-entry","pid":329989,"start":13869338,"stop":133,"op":1,"rax":-38,"orig_rax":271,"rip":4202571,"current_mask":512,"ptrace_mask":512,"pending":512,"shared_pending":0,"handler_calls":0,"query_word":11936128518282651045}
{"event":"queue_scan","case":14,"phase":"A-original-entry","domain":0,"count":1,"complete":true}
{"event":"queued","case":14,"phase":"A-original-entry","domain":0,"signo":10,"code":-6,"sender":329989}
{"event":"queue_scan","case":14,"phase":"A-original-entry","domain":1,"count":0,"complete":true}
{"event":"resume","case":14,"why":"skip-original-A-before-any-mask-effect","request":24,"delivered_signal":0}
{"event":"wait","case":14,"phase":"A-skipped-exit","pid":329989,"got":329989,"status":34175,"errno":0}
{"event":"snapshot","case":14,"phase":"A-skipped-exit","pid":329989,"start":13869338,"stop":133,"op":2,"rax":-38,"orig_rax":-1,"rip":4202571,"current_mask":512,"ptrace_mask":512,"pending":512,"shared_pending":0,"handler_calls":0,"query_word":11936128518282651045}
{"event":"queue_scan","case":14,"phase":"A-skipped-exit","domain":0,"count":1,"complete":true}
{"event":"queued","case":14,"phase":"A-skipped-exit","domain":0,"signo":10,"code":-6,"sender":329989}
{"event":"queue_scan","case":14,"phase":"A-skipped-exit","domain":1,"count":0,"complete":true}
{"event":"install_request","case":14,"nr":271,"rip":4202832,"args":[0,0,139643671318576,139643671318536,8,0]}
{"event":"resume","case":14,"why":"execute-private-A-single-step","request":9,"delivered_signal":0}
{"event":"wait","case":14,"phase":"A-step-completion","pid":329989,"got":329989,"status":1407,"errno":0}
{"event":"snapshot","case":14,"phase":"A-step-completion","pid":329989,"start":13869338,"stop":5,"op":0,"rax":-514,"orig_rax":271,"rip":4202834,"current_mask":0,"ptrace_mask":512,"pending":512,"shared_pending":0,"handler_calls":0,"query_word":11936128518282651045}
{"event":"queue_scan","case":14,"phase":"A-step-completion","domain":0,"count":1,"complete":true}
{"event":"queued","case":14,"phase":"A-step-completion","domain":0,"signo":10,"code":-6,"sender":329989}
{"event":"queue_scan","case":14,"phase":"A-step-completion","domain":1,"count":0,"complete":true}
{"event":"delivery_stop","case":14,"phase":"A-step-completion","signo":5,"code":1,"sender":4202834,"addr":4202834}
{"event":"install_request","case":14,"nr":14,"rip":4202836,"args":[2,0,139643671318552,8,0,0]}
{"event":"resume","case":14,"why":"resume-for-B-suppressing-current-stop-if-any","request":24,"delivered_signal":0}
{"event":"wait","case":14,"phase":"before-B-entry","pid":329989,"got":329989,"status":2687,"errno":0}
{"event":"snapshot","case":14,"phase":"before-B-entry","pid":329989,"start":13869338,"stop":10,"op":0,"rax":14,"orig_rax":14,"rip":4202836,"current_mask":0,"ptrace_mask":512,"pending":0,"shared_pending":0,"handler_calls":0,"query_word":11936128518282651045}
{"event":"queue_scan","case":14,"phase":"before-B-entry","domain":0,"count":0,"complete":true}
{"event":"queue_scan","case":14,"phase":"before-B-entry","domain":1,"count":0,"complete":true}
{"event":"delivery_stop","case":14,"phase":"before-B-entry","signo":10,"code":-6,"sender":329989,"addr":913238896478469}
{"event":"resume","case":14,"why":"suppress-actual-USR1-delivery-before-B","request":24,"delivered_signal":0}
{"event":"wait","case":14,"phase":"before-B-entry","pid":329989,"got":329989,"status":34175,"errno":0}
{"event":"snapshot","case":14,"phase":"before-B-entry","pid":329989,"start":13869338,"stop":133,"op":1,"rax":-38,"orig_rax":14,"rip":4202838,"current_mask":512,"ptrace_mask":512,"pending":0,"shared_pending":0,"handler_calls":0,"query_word":11936128518282651045}
{"event":"queue_scan","case":14,"phase":"before-B-entry","domain":0,"count":0,"complete":true}
{"event":"queue_scan","case":14,"phase":"before-B-entry","domain":1,"count":0,"complete":true}
{"event":"resume","case":14,"why":"execute-B-to-syscall-exit","request":24,"delivered_signal":0}
{"event":"wait","case":14,"phase":"B-exit","pid":329989,"got":329989,"status":34175,"errno":0}
{"event":"snapshot","case":14,"phase":"B-exit","pid":329989,"start":13869338,"stop":133,"op":2,"rax":0,"orig_rax":14,"rip":4202838,"current_mask":512,"ptrace_mask":512,"pending":0,"shared_pending":0,"handler_calls":0,"query_word":512}
{"event":"queue_scan","case":14,"phase":"B-exit","domain":0,"count":0,"complete":true}
{"event":"queue_scan","case":14,"phase":"B-exit","domain":1,"count":0,"complete":true}
{"event":"case_observed","case":14,"B_result":0,"query_word":512,"before_B_suppressed_usr1":1,"before_B_stale_step":0,"queued_usr1_after_B":0,"current_after_B":512,"ptrace_mask_after_B":512,"guest_handler_executed":false}
{"event":"retired","case":14,"pid":329989,"start":13869338,"status":9,"signal":9}
{"event":"case_start","case":15,"route":"private-step","point":"actual-step-completion","B":"second-wait","O":512,"T_A":0,"T_B":2048}
{"event":"wait","case":15,"phase":"initial","pid":329990,"got":329990,"status":4991,"errno":0}
{"event":"snapshot","case":15,"phase":"initial","pid":329990,"start":13869338,"stop":19,"op":0,"rax":0,"orig_rax":234,"rip":4202532,"current_mask":512,"ptrace_mask":512,"pending":512,"shared_pending":0,"handler_calls":0,"query_word":11936128518282651045}
{"event":"queue_scan","case":15,"phase":"initial","domain":0,"count":1,"complete":true}
{"event":"queued","case":15,"phase":"initial","domain":0,"signo":10,"code":-6,"sender":329990}
{"event":"queue_scan","case":15,"phase":"initial","domain":1,"count":0,"complete":true}
{"event":"delivery_stop","case":15,"phase":"initial","signo":19,"code":-6,"sender":329990,"addr":913238896478470}
{"event":"resume","case":15,"why":"forward-to-original-A-entry","request":24,"delivered_signal":0}
{"event":"wait","case":15,"phase":"A-original-entry","pid":329990,"got":329990,"status":34175,"errno":0}
{"event":"snapshot","case":15,"phase":"A-original-entry","pid":329990,"start":13869338,"stop":133,"op":1,"rax":-38,"orig_rax":271,"rip":4202571,"current_mask":512,"ptrace_mask":512,"pending":512,"shared_pending":0,"handler_calls":0,"query_word":11936128518282651045}
{"event":"queue_scan","case":15,"phase":"A-original-entry","domain":0,"count":1,"complete":true}
{"event":"queued","case":15,"phase":"A-original-entry","domain":0,"signo":10,"code":-6,"sender":329990}
{"event":"queue_scan","case":15,"phase":"A-original-entry","domain":1,"count":0,"complete":true}
{"event":"resume","case":15,"why":"skip-original-A-before-any-mask-effect","request":24,"delivered_signal":0}
{"event":"wait","case":15,"phase":"A-skipped-exit","pid":329990,"got":329990,"status":34175,"errno":0}
{"event":"snapshot","case":15,"phase":"A-skipped-exit","pid":329990,"start":13869338,"stop":133,"op":2,"rax":-38,"orig_rax":-1,"rip":4202571,"current_mask":512,"ptrace_mask":512,"pending":512,"shared_pending":0,"handler_calls":0,"query_word":11936128518282651045}
{"event":"queue_scan","case":15,"phase":"A-skipped-exit","domain":0,"count":1,"complete":true}
{"event":"queued","case":15,"phase":"A-skipped-exit","domain":0,"signo":10,"code":-6,"sender":329990}
{"event":"queue_scan","case":15,"phase":"A-skipped-exit","domain":1,"count":0,"complete":true}
{"event":"install_request","case":15,"nr":271,"rip":4202832,"args":[0,0,139643671318576,139643671318536,8,0]}
{"event":"resume","case":15,"why":"execute-private-A-single-step","request":9,"delivered_signal":0}
{"event":"wait","case":15,"phase":"A-step-completion","pid":329990,"got":329990,"status":1407,"errno":0}
{"event":"snapshot","case":15,"phase":"A-step-completion","pid":329990,"start":13869338,"stop":5,"op":0,"rax":-514,"orig_rax":271,"rip":4202834,"current_mask":0,"ptrace_mask":512,"pending":512,"shared_pending":0,"handler_calls":0,"query_word":11936128518282651045}
{"event":"queue_scan","case":15,"phase":"A-step-completion","domain":0,"count":1,"complete":true}
{"event":"queued","case":15,"phase":"A-step-completion","domain":0,"signo":10,"code":-6,"sender":329990}
{"event":"queue_scan","case":15,"phase":"A-step-completion","domain":1,"count":0,"complete":true}
{"event":"delivery_stop","case":15,"phase":"A-step-completion","signo":5,"code":1,"sender":4202834,"addr":4202834}
{"event":"install_request","case":15,"nr":271,"rip":4202836,"args":[0,0,139643671318592,139643671318544,8,0]}
{"event":"resume","case":15,"why":"resume-for-B-suppressing-current-stop-if-any","request":24,"delivered_signal":0}
{"event":"wait","case":15,"phase":"before-B-entry","pid":329990,"got":329990,"status":2687,"errno":0}
{"event":"snapshot","case":15,"phase":"before-B-entry","pid":329990,"start":13869338,"stop":10,"op":0,"rax":271,"orig_rax":271,"rip":4202836,"current_mask":0,"ptrace_mask":512,"pending":0,"shared_pending":0,"handler_calls":0,"query_word":11936128518282651045}
{"event":"queue_scan","case":15,"phase":"before-B-entry","domain":0,"count":0,"complete":true}
{"event":"queue_scan","case":15,"phase":"before-B-entry","domain":1,"count":0,"complete":true}
{"event":"delivery_stop","case":15,"phase":"before-B-entry","signo":10,"code":-6,"sender":329990,"addr":913238896478470}
{"event":"resume","case":15,"why":"suppress-actual-USR1-delivery-before-B","request":24,"delivered_signal":0}
{"event":"wait","case":15,"phase":"before-B-entry","pid":329990,"got":329990,"status":34175,"errno":0}
{"event":"snapshot","case":15,"phase":"before-B-entry","pid":329990,"start":13869338,"stop":133,"op":1,"rax":-38,"orig_rax":271,"rip":4202838,"current_mask":512,"ptrace_mask":512,"pending":0,"shared_pending":0,"handler_calls":0,"query_word":11936128518282651045}
{"event":"queue_scan","case":15,"phase":"before-B-entry","domain":0,"count":0,"complete":true}
{"event":"queue_scan","case":15,"phase":"before-B-entry","domain":1,"count":0,"complete":true}
{"event":"resume","case":15,"why":"execute-B-to-syscall-exit","request":24,"delivered_signal":0}
{"event":"wait","case":15,"phase":"B-exit","pid":329990,"got":329990,"status":34175,"errno":0}
{"event":"snapshot","case":15,"phase":"B-exit","pid":329990,"start":13869338,"stop":133,"op":2,"rax":0,"orig_rax":271,"rip":4202838,"current_mask":512,"ptrace_mask":512,"pending":0,"shared_pending":0,"handler_calls":0,"query_word":11936128518282651045}
{"event":"queue_scan","case":15,"phase":"B-exit","domain":0,"count":0,"complete":true}
{"event":"queue_scan","case":15,"phase":"B-exit","domain":1,"count":0,"complete":true}
{"event":"case_observed","case":15,"B_result":0,"query_word":11936128518282651045,"before_B_suppressed_usr1":1,"before_B_stale_step":0,"queued_usr1_after_B":0,"current_after_B":512,"ptrace_mask_after_B":512,"guest_handler_executed":false}
{"event":"retired","case":15,"pid":329990,"start":13869338,"status":9,"signal":9}
{"event":"experiment_complete","cases":15,"all_children_reaped":true,"hypothesis_verdict":"requires-raw-comparison"}
