   Compiling proc-macro2 v1.0.107
   Compiling unicode-ident v1.0.26
   Compiling quote v1.0.47
   Compiling libc v0.2.189
   Compiling serde_core v1.0.229
   Compiling syn v3.0.6
   Compiling cfg-if v1.0.5
   Compiling autocfg v1.5.1
   Compiling serde v1.0.229
   Compiling serde_derive v1.0.229
   Compiling unicode-segmentation v1.13.3
   Compiling crc32fast v1.5.2
   Compiling memchr v2.8.3
   Compiling bitflags v2.13.2
   Compiling simd-adler32 v0.3.10
   Compiling syscalls v0.6.18
   Compiling adler2 v2.0.1
   Compiling miniz_oxide v0.9.1
   Compiling num-traits v0.2.19
   Compiling memoffset v0.9.1
   Compiling serde_repr v0.1.21
   Compiling cfg_aliases v0.2.2
   Compiling pin-project-lite v0.2.17
   Compiling futures-core v0.3.34
   Compiling smallvec v1.16.1
   Compiling parking_lot_core v0.9.12
   Compiling futures-sink v0.3.34
   Compiling futures-channel v0.3.34
   Compiling nix v0.30.1
   Compiling flate2 v1.1.10
   Compiling futures-macro v0.3.34
   Compiling scopeguard v1.2.0
   Compiling slab v0.4.12
   Compiling syn v1.0.109
   Compiling futures-task v0.3.34
   Compiling futures-io v0.3.34
   Compiling futures v0.1.31
   Compiling lock_api v0.4.14
   Compiling futures-util v0.3.34
   Compiling convert_case v0.6.0
   Compiling errno v0.3.14
   Compiling syn v2.0.119
   Compiling twox-hash v2.1.4
   Compiling virtue v0.0.18
   Compiling object v0.39.1
   Compiling rustix v1.1.5
   Compiling shlex v2.0.1
   Compiling cpp_demangle v0.5.1
   Compiling unicode-xid v0.2.6
   Compiling thiserror v2.0.20
   Compiling paste v1.0.15
   Compiling static_assertions v1.1.0
   Compiling iana-time-zone v0.1.65
   Compiling find-msvc-tools v0.1.13
   Compiling cc v1.4.7
   Compiling chrono v0.4.45
   Compiling twox-hash v1.6.3
   Compiling derive_more-impl v1.0.0
   Compiling bincode_derive v2.0.1
   Compiling ruzstd v0.8.3
   Compiling futures-executor v0.3.34
   Compiling signal-hook-registry v1.4.8
   Compiling parking_lot v0.12.5
   Compiling thiserror-impl v2.0.20
   Compiling tokio-macros v2.7.2
   Compiling mio v1.2.3
   Compiling socket2 v0.6.5
   Compiling hex v0.4.3
   Compiling foldhash v0.1.5
   Compiling unty v0.0.4
   Compiling strsim v0.10.0
   Compiling object v0.36.7
   Compiling fnv v1.0.7
   Compiling bytes v1.12.1
   Compiling anyhow v1.0.104
   Compiling hashbrown v0.17.1
   Compiling equivalent v1.0.2
   Compiling procfs v0.18.0
   Compiling linux-raw-sys v0.12.1
   Compiling ident_case v1.0.1
   Compiling lazy_static v1.5.0
   Compiling byteorder v1.5.0
   Compiling colored v2.2.0
   Compiling darling_core v0.14.4
   Compiling indexmap v2.14.2
   Compiling tokio v1.53.1
   Compiling bincode v2.0.1
   Compiling procfs-core v0.18.0
   Compiling hashbrown v0.15.5
   Compiling derive_more v1.0.0
   Compiling futures v0.3.34
   Compiling ruzstd v0.7.3
   Compiling reverie-memory v0.2.0 (/home/newton/work/dev-hermit/worktrees/slots/ci-signal-main-health-20260919/reverie/reverie-memory)
   Compiling async-trait v0.1.92
   Compiling memmap2 v0.9.11
   Compiling typed-arena v2.0.2
   Compiling bitflags v1.3.2
   Compiling rustc-demangle v0.1.28
   Compiling gimli v0.33.0
   Compiling fallible-iterator v0.3.0
   Compiling raw-cpuid v10.7.0
   Compiling reverie-syscalls v0.2.0 (/home/newton/work/dev-hermit/worktrees/slots/ci-signal-main-health-20260919/reverie/reverie-syscalls)
   Compiling addr2line v0.26.1
   Compiling reverie-process v0.2.0 (/home/newton/work/dev-hermit/worktrees/slots/ci-signal-main-health-20260919/reverie/reverie-process)
   Compiling darling_macro v0.14.4
   Compiling linked-hash-map v0.5.6
   Compiling never-say-never v6.6.666
   Compiling reverie-core v0.2.0 (/home/newton/work/dev-hermit/worktrees/slots/ci-signal-main-health-20260919/reverie/reverie)
   Compiling darling v0.14.4
   Compiling libmimalloc-sys v0.1.49
   Compiling heck v0.3.3
   Compiling heapless v0.8.0
   Compiling reverie-rpc-macros v0.2.0 (/home/newton/work/dev-hermit/worktrees/slots/ci-signal-main-health-20260919/reverie/experimental/reverie-rpc-macros)
   Compiling hash32 v0.3.1
   Compiling reverie-sabre v0.2.0 (/home/newton/work/dev-hermit/worktrees/slots/ci-signal-main-health-20260919/reverie/experimental/reverie-sabre)
   Compiling bincode v1.3.3
   Compiling stable_deref_trait v1.2.1
   Compiling reverie-preload v0.2.0 (/home/newton/work/dev-hermit/worktrees/slots/ci-signal-main-health-20260919/reverie/reverie-preload)
   Compiling reverie-rpc v0.2.0 (/home/newton/work/dev-hermit/worktrees/slots/ci-signal-main-health-20260919/reverie/experimental/reverie-rpc)
   Compiling mimalloc v0.1.52
   Compiling reverie-rpc-transport v0.2.0 (/home/newton/work/dev-hermit/worktrees/slots/ci-signal-main-health-20260919/reverie/reverie-rpc-transport)
   Compiling reverie-sabre-stats v0.2.0 (/home/newton/work/dev-hermit/worktrees/slots/ci-signal-main-health-20260919/reverie/experimental/reverie-sabre-stats)
   Compiling reverie-sabre-macros v0.2.0 (/home/newton/work/dev-hermit/worktrees/slots/ci-signal-main-health-20260919/reverie/experimental/reverie-sabre-macros)
   Compiling nostd-print v0.2.0 (/home/newton/work/dev-hermit/worktrees/slots/ci-signal-main-health-20260919/reverie/experimental/nostd-print)
   Compiling atomic v0.5.3
warning: reverie-sabre@0.2.0: /home/newton/work/dev-hermit/worktrees/slots/ci-signal-main-health-20260919/reverie/experimental/reverie-sabre/vendor/libelf/elf_begin.c: In function 'elf_begin':
warning: reverie-sabre@0.2.0: /home/newton/work/dev-hermit/worktrees/slots/ci-signal-main-health-20260919/reverie/experimental/reverie-sabre/vendor/libelf/elf_begin.c:1176:10: warning: this statement may fall through [-Wimplicit-fallthrough=]
warning: reverie-sabre@0.2.0:  1176 |       if (unlikely (ref != NULL && ref->cmd != ELF_C_READ_MMAP_PRIVATE))
warning: reverie-sabre@0.2.0:       |          ^
warning: reverie-sabre@0.2.0: /home/newton/work/dev-hermit/worktrees/slots/ci-signal-main-health-20260919/reverie/experimental/reverie-sabre/vendor/libelf/elf_begin.c:1184:5: note: here
warning: reverie-sabre@0.2.0:  1184 |     case ELF_C_READ:
warning: reverie-sabre@0.2.0:       |     ^~~~
warning: reverie-sabre@0.2.0: /home/newton/work/dev-hermit/worktrees/slots/ci-signal-main-health-20260919/reverie/experimental/reverie-sabre/vendor/libelf/elf_cntl.c: In function 'elf_cntl':
warning: reverie-sabre@0.2.0: /home/newton/work/dev-hermit/worktrees/slots/ci-signal-main-health-20260919/reverie/experimental/reverie-sabre/vendor/libelf/elf_cntl.c:57:10: warning: this statement may fall through [-Wimplicit-fallthrough=]
warning: reverie-sabre@0.2.0:    57 |       if (elf->map_address == NULL && __libelf_readall (elf) == NULL)
warning: reverie-sabre@0.2.0:       |          ^
warning: reverie-sabre@0.2.0: /home/newton/work/dev-hermit/worktrees/slots/ci-signal-main-health-20260919/reverie/experimental/reverie-sabre/vendor/libelf/elf_cntl.c:65:5: note: here
warning: reverie-sabre@0.2.0:    65 |     case ELF_C_FDDONE:
warning: reverie-sabre@0.2.0:       |     ^~~~
warning: reverie-sabre@0.2.0: SaBRe source build completed in 1.93s (jobs=2)
    Finished `test` profile [unoptimized + debuginfo] target(s) in 42.85s
     Running tests/late_function_registration.rs (/home/newton/work/dev-hermit/worktrees/slots/pr-drain-ci-signal-parent-scorecard-20260920/hermit/target/debug/deps/late_function_registration-f191ce6d185f908d)

running 2 tests
late detour fixture retained at /tmp/reverie-late-detours-295258
test declared_detours_register_before_actual_stats_initialization ... ok
late detour dynamic: Output { status: ExitStatus(unix_wait_status(0)), stdout: "CLIENT_OK\n", stderr: "" }
late detour static: Output { status: ExitStatus(unix_wait_status(0)), stdout: "STATIC_OK\n", stderr: "" }
late detour conflict: Output { status: ExitStatus(unix_wait_status(256)), stdout: "", stderr: "sabre: conflicting function intercept registration\n" }
late detour capacity: Output { status: ExitStatus(unix_wait_status(256)), stdout: "", stderr: "sabre: function intercept table is full\n" }
late detour alias-prefix: Output { status: ExitStatus(unix_wait_status(32512)), stdout: "", stderr: "Fatal error in /home/newton/work/dev-hermit/worktrees/slots/ci-signal-main-health-20260919/reverie/experimental/reverie-sabre/vendor/sabre/loader/rewriter.c:625\noverlapping function intercept target\n" }
late detour alias-elf: Output { status: ExitStatus(unix_wait_status(32512)), stdout: "", stderr: "Fatal error in /home/newton/work/dev-hermit/worktrees/slots/ci-signal-main-health-20260919/reverie/experimental/reverie-sabre/vendor/sabre/loader/rewriter.c:625\noverlapping function intercept target\n" }
late detour alias-conflict: Output { status: ExitStatus(unix_wait_status(32512)), stdout: "", stderr: "Fatal error in /home/newton/work/dev-hermit/worktrees/slots/ci-signal-main-health-20260919/reverie/experimental/reverie-sabre/vendor/sabre/loader/rewriter.c:625\noverlapping function intercept target\n" }
late detour static-alias: Output { status: ExitStatus(unix_wait_status(11)), stdout: "", stderr: "Fatal error in /home/newton/work/dev-hermit/worktrees/slots/ci-signal-main-health-20260919/reverie/experimental/reverie-sabre/vendor/sabre/loader/rewriter.c:625\noverlapping function intercept target\ntimeout: the monitored command dumped core\n" }

thread 'late_detours_preserve_tls_original_calls_and_reject_aliases' (295261) panicked at experimental/reverie-sabre/tests/late_function_registration.rs:119:9:
assertion `left == right` failed: static-alias: Output { status: ExitStatus(unix_wait_status(11)), stdout: "", stderr: "Fatal error in /home/newton/work/dev-hermit/worktrees/slots/ci-signal-main-health-20260919/reverie/experimental/reverie-sabre/vendor/sabre/loader/rewriter.c:625\noverlapping function intercept target\ntimeout: the monitored command dumped core\n" }
  left: None
 right: Some(127)
note: run with `RUST_BACKTRACE=1` environment variable to display a backtrace
test late_detours_preserve_tls_original_calls_and_reject_aliases ... FAILED

failures:

failures:
    late_detours_preserve_tls_original_calls_and_reject_aliases

test result: FAILED. 1 passed; 1 failed; 0 ignored; 0 measured; 0 filtered out; finished in 1.48s

error: test failed, to rerun pass `-p reverie-sabre --test late_function_registration`
