   Compiling reverie-kvm v0.2.0 (/home/newton/work/dev-hermit/worktrees/slots/kvm-sendfile-lseek-lowword-20260923/reverie-kvm)
    Finished `test` profile [unoptimized + debuginfo] target(s) in 4.60s
     Running tests/static_elf.rs (target/debug/deps/static_elf-631e2c0a95c3bdc8)

running 1 test
[kvm-strace] brk(NULL) = 4214784
[kvm-strace] arch_prctl(12289, 0xfffed10) = -22
[kvm-strace] mmap(NULL, 8192, ProtFlags(PROT_READ | PROT_WRITE), MapFlags(MAP_PRIVATE | MAP_ANON), -1, 0) = 18067456
[kvm-strace] access(0x102ee60 -> "/etc/ld.so.preload", Mode(S_IROTH)) = -2
[kvm-strace] openat(-100, 0x102d266 -> "/etc/ld.so.cache", OFlag(O_CLOEXEC)) = 3
[kvm-strace] fstat(3, 0xfffdf40 -> {st_mode=SFlag(S_IFREG) | 0644, st_size=28479, ...}) = 0
[kvm-strace] mmap(NULL, 28479, ProtFlags(PROT_READ), MapFlags(MAP_PRIVATE), 3, 0) = 18075648
[kvm-strace] close(3) = 0
[kvm-strace] openat(-100, 0x113b700 -> "/lib64/libc.so.6", OFlag(O_CLOEXEC)) = 3
[kvm-strace] read(3, 0xfffe0a8, 832) = 832
[kvm-strace] pread64(3, 0xfffdca0, 784, 64) = 784
[kvm-strace] pread64(3, 0xfffdc60, 48, 848) = 48
[kvm-strace] pread64(3, 0xfffdc10, 68, 896) = 68
[kvm-strace] fstat(3, 0xfffdf40 -> {st_mode=SFlag(S_IFREG) | 0755, st_size=2553784, ...}) = 0
[kvm-strace] pread64(3, 0xfffdb90, 784, 64) = 784
[kvm-strace] mmap(NULL, 2142160, ProtFlags(PROT_READ), MapFlags(MAP_PRIVATE | MAP_DENYWRITE), 3, 0) = 18104320
[kvm-strace] mmap(0x116d000, 1531904, ProtFlags(PROT_READ | PROT_EXEC), MapFlags(MAP_PRIVATE | MAP_FIXED | MAP_DENYWRITE), 3, 167936) = 18272256
[kvm-strace] mmap(0x12e3000, 364544, ProtFlags(PROT_READ), MapFlags(MAP_PRIVATE | MAP_FIXED | MAP_DENYWRITE), 3, 1699840) = 19804160
[kvm-strace] mmap(0x133c000, 24576, ProtFlags(PROT_READ | PROT_WRITE), MapFlags(MAP_PRIVATE | MAP_FIXED | MAP_DENYWRITE), 3, 2060288) = 20168704
[kvm-strace] mmap(0x1342000, 53200, ProtFlags(PROT_READ | PROT_WRITE), MapFlags(MAP_PRIVATE | MAP_FIXED | MAP_ANON), -1, 0) = 20193280
[kvm-strace] close(3) = 0
[kvm-strace] mmap(NULL, 12288, ProtFlags(PROT_READ | PROT_WRITE), MapFlags(MAP_PRIVATE | MAP_ANON), -1, 0) = 20246528
[kvm-strace] arch_prctl(ARCH_SET_FS, 20248384) = 0
[kvm-strace] set_tid_address(0x134fa10) = 1
[kvm-strace] set_robust_list(0x134fa20, 24) = 0
[kvm-strace] rseq(20250848, 32, 0, 1392848979, 0, 0) = -38
[kvm-strace] mprotect(0x133c000, 16384, ProtFlags(PROT_READ)) = 0
[kvm-strace] mprotect(0x403000, 4096, ProtFlags(PROT_READ)) = 0
[kvm-strace] mprotect(0x1037000, 8192, ProtFlags(PROT_READ)) = 0
[kvm-strace] prlimit64(0, 3, NULL, 0xfffea80) = 0
[kvm-strace] munmap(0x113d000, 28479) = 0
[kvm-strace] openat(-100, 0xfffef7f -> "/tmp/reverie-kvm-coreutils-2076813-0/sendfile-lseek-low-word-source", 0) = 3
[kvm-strace] pipe2(0xfffec8c, OFlag(O_NDELAY)) = 0
[kvm-strace] socketpair(1, 2049, 0, 0xfffec94) = 0
[kvm-strace] pipe(0xfffec9c) = 0
[kvm-strace] openat(-100, 0x402010 -> ".", OFlag(O_DIRECTORY), Mode(0x0)) = 10
[kvm-strace] dup(3) = 11
[kvm-strace] close(11) = 0
[kvm-strace] write(5, 0xfffec2c, 1) = 1
[kvm-strace] sendfile(-2147483647, 4, NULL, 1) = -9
[kvm-strace] read(4, 0xfffec3f, 1) = 1
[kvm-strace] write(7, 0xfffec2c, 1) = 1
[kvm-strace] sendfile(-2147483647, 6, NULL, 1) = -9
[kvm-strace] read(6, 0xfffec3f, 1) = 1
[kvm-strace] write(5, 0xfffec2c, 1) = 1
[kvm-strace] sendfile(-1, 4, NULL, 1) = -9
[kvm-strace] read(4, 0xfffec3f, 1) = 1
[kvm-strace] write(7, 0xfffec2c, 1) = 1
[kvm-strace] sendfile(-1, 6, NULL, 1) = -9
[kvm-strace] read(6, 0xfffec3f, 1) = 1
[kvm-strace] write(5, 0xfffec2c, 1) = 1
[kvm-strace] sendfile(11, 4, NULL, 1) = -9
[kvm-strace] read(4, 0xfffec3f, 1) = 1
[kvm-strace] write(7, 0xfffec2c, 1) = 1
[kvm-strace] sendfile(11, 6, NULL, 1) = -9
[kvm-strace] read(6, 0xfffec3f, 1) = 1
[kvm-strace] sendfile(11, 10, NULL, 1) = -9
[kvm-strace] sendfile(11, 1, NULL, 1) = -9
[kvm-strace] write(5, 0xfffec2c, 1) = 1
[kvm-strace] sendfile(3, 4, NULL, 1) = -9
[kvm-strace] read(4, 0xfffec3f, 1) = 1
[kvm-strace] write(7, 0xfffec2c, 1) = 1
[kvm-strace] sendfile(3, 6, NULL, 1) = -9
[kvm-strace] read(6, 0xfffec3f, 1) = 1
[kvm-strace] sendfile(3, 10, NULL, 1) = -9
[kvm-strace] sendfile(3, 1, NULL, 1) = -9
[kvm-strace] write(5, 0xfffec2c, 1) = 1
[kvm-strace] sendfile(8, 4, NULL, 1) = -9
[kvm-strace] read(4, 0xfffec3f, 1) = 1
[kvm-strace] write(7, 0xfffec2c, 1) = 1
[kvm-strace] sendfile(8, 6, NULL, 1) = -9
[kvm-strace] read(6, 0xfffec3f, 1) = 1
[kvm-strace] sendfile(8, 10, NULL, 1) = -9
[kvm-strace] sendfile(8, 1, NULL, 1) = -9
[kvm-strace] write(5, 0xfffec2c, 1) = 1
[kvm-strace] sendfile(11, 4, NULL, 1) = -9
[kvm-strace] read(4, 0xfffec3f, 1) = 1
[kvm-strace] write(7, 0xfffec2c, 1) = 1
[kvm-strace] sendfile(11, 6, NULL, 1) = -9
[kvm-strace] read(6, 0xfffec3f, 1) = 1
[kvm-strace] sendfile(11, 10, NULL, 1) = -9
[kvm-strace] sendfile(11, 1, NULL, 1) = -9
[kvm-strace] write(5, 0xfffec2c, 1) = 1
[kvm-strace] sendfile(3, 4, NULL, 1) = -9
[kvm-strace] read(4, 0xfffec3f, 1) = 1
[kvm-strace] write(7, 0xfffec2c, 1) = 1
[kvm-strace] sendfile(3, 6, NULL, 1) = -9
[kvm-strace] read(6, 0xfffec3f, 1) = 1
[kvm-strace] sendfile(3, 10, NULL, 1) = -9
[kvm-strace] sendfile(3, 1, NULL, 1) = -9
[kvm-strace] write(5, 0xfffec2c, 1) = 1
[kvm-strace] sendfile(8, 4, NULL, 1) = -9
[kvm-strace] read(4, 0xfffec3f, 1) = 1
[kvm-strace] write(7, 0xfffec2c, 1) = 1
[kvm-strace] sendfile(8, 6, NULL, 1) = -9
[kvm-strace] read(6, 0xfffec3f, 1) = 1
[kvm-strace] sendfile(8, 10, NULL, 1) = -9
[kvm-strace] sendfile(8, 1, NULL, 1) = -9
[kvm-strace] sendfile(-2147483647, 3, 0xfffec80, 1) = -9
[kvm-strace] sendfile(1, -2147483645, 0xfffec80, 1) = -9
[kvm-strace] lseek(-2147483645, 0, SEEK_SET) = -9
[kvm-strace] lseek(3, 0, SEEK_CUR) = 0
[kvm-strace] lseek(3, 3, SEEK_SET) = 3
[kvm-strace] lseek(3, 0, SEEK_CUR) = 3
[kvm-strace] lseek(1, 0, SEEK_CUR) = -29
[kvm-strace] sendfile(1, 3, 0xfffec80, 13) = 13
[kvm-strace] lseek(3, 0, SEEK_CUR) = 3
[kvm-strace] sendfile(1, 3, 0xfffec80, 14) = 14
[kvm-strace] lseek(3, 0, SEEK_CUR) = 3
[kvm-strace] close(4) = 0
[kvm-strace] close(5) = 0
[kvm-strace] close(6) = 0
[kvm-strace] close(7) = 0
[kvm-strace] close(8) = 0
[kvm-strace] close(9) = 0
[kvm-strace] close(10) = 0
[kvm-strace] close(3) = 0
[kvm-strace] exit_group(0) = ?
[kvm-strace] brk(NULL) = 4214784
[kvm-strace] arch_prctl(12289, 0xfffed10) = -22
[kvm-strace] mmap(NULL, 8192, ProtFlags(PROT_READ | PROT_WRITE), MapFlags(MAP_PRIVATE | MAP_ANON), -1, 0) = 18067456
[kvm-strace] access(0x102ee60 -> "/etc/ld.so.preload", Mode(S_IROTH)) = -2
[kvm-strace] openat(-100, 0x102d266 -> "/etc/ld.so.cache", OFlag(O_CLOEXEC)) = 3
[kvm-strace] fstat(3, 0xfffdf40 -> {st_mode=SFlag(S_IFREG) | 0644, st_size=28479, ...}) = 0
[kvm-strace] mmap(NULL, 28479, ProtFlags(PROT_READ), MapFlags(MAP_PRIVATE), 3, 0) = 18075648
[kvm-strace] close(3) = 0
[kvm-strace] openat(-100, 0x113b700 -> "/lib64/libc.so.6", OFlag(O_CLOEXEC)) = 3
[kvm-strace] read(3, 0xfffe0a8, 832) = 832
[kvm-strace] pread64(3, 0xfffdca0, 784, 64) = 784
[kvm-strace] pread64(3, 0xfffdc60, 48, 848) = 48
[kvm-strace] pread64(3, 0xfffdc10, 68, 896) = 68
[kvm-strace] fstat(3, 0xfffdf40 -> {st_mode=SFlag(S_IFREG) | 0755, st_size=2553784, ...}) = 0
[kvm-strace] pread64(3, 0xfffdb90, 784, 64) = 784
[kvm-strace] mmap(NULL, 2142160, ProtFlags(PROT_READ), MapFlags(MAP_PRIVATE | MAP_DENYWRITE), 3, 0) = 18104320
[kvm-strace] mmap(0x116d000, 1531904, ProtFlags(PROT_READ | PROT_EXEC), MapFlags(MAP_PRIVATE | MAP_FIXED | MAP_DENYWRITE), 3, 167936) = 18272256
[kvm-strace] mmap(0x12e3000, 364544, ProtFlags(PROT_READ), MapFlags(MAP_PRIVATE | MAP_FIXED | MAP_DENYWRITE), 3, 1699840) = 19804160
[kvm-strace] mmap(0x133c000, 24576, ProtFlags(PROT_READ | PROT_WRITE), MapFlags(MAP_PRIVATE | MAP_FIXED | MAP_DENYWRITE), 3, 2060288) = 20168704
[kvm-strace] mmap(0x1342000, 53200, ProtFlags(PROT_READ | PROT_WRITE), MapFlags(MAP_PRIVATE | MAP_FIXED | MAP_ANON), -1, 0) = 20193280
[kvm-strace] close(3) = 0
[kvm-strace] mmap(NULL, 12288, ProtFlags(PROT_READ | PROT_WRITE), MapFlags(MAP_PRIVATE | MAP_ANON), -1, 0) = 20246528
[kvm-strace] arch_prctl(ARCH_SET_FS, 20248384) = 0
[kvm-strace] set_tid_address(0x134fa10) = 1
[kvm-strace] set_robust_list(0x134fa20, 24) = 0
[kvm-strace] rseq(20250848, 32, 0, 1392848979, 0, 0) = -38
[kvm-strace] mprotect(0x133c000, 16384, ProtFlags(PROT_READ)) = 0
[kvm-strace] mprotect(0x403000, 4096, ProtFlags(PROT_READ)) = 0
[kvm-strace] mprotect(0x1037000, 8192, ProtFlags(PROT_READ)) = 0
[kvm-strace] prlimit64(0, 3, NULL, 0xfffea80) = 0
[kvm-strace] munmap(0x113d000, 28479) = 0
[kvm-strace] openat(-100, 0xfffef7f -> "/tmp/reverie-kvm-coreutils-2076813-0/sendfile-lseek-low-word-source", 0) = 3
[kvm-strace] pipe2(0xfffec8c, OFlag(O_NDELAY)) = 0
[kvm-strace] socketpair(1, 2049, 0, 0xfffec94) = 0
[kvm-strace] pipe(0xfffec9c) = 0
[kvm-strace] openat(-100, 0x402010 -> ".", OFlag(O_DIRECTORY), Mode(0x0)) = 10
[kvm-strace] dup(3) = 11
[kvm-strace] close(11) = 0
[kvm-strace] write(5, 0xfffec2c, 1) = 1
[kvm-strace] sendfile(-2147483647, 4, NULL, 1) = -9
[kvm-strace] read(4, 0xfffec3f, 1) = 1
[kvm-strace] write(7, 0xfffec2c, 1) = 1
[kvm-strace] sendfile(-2147483647, 6, NULL, 1) = -9
[kvm-strace] read(6, 0xfffec3f, 1) = 1
[kvm-strace] write(5, 0xfffec2c, 1) = 1
[kvm-strace] sendfile(-1, 4, NULL, 1) = -9
[kvm-strace] read(4, 0xfffec3f, 1) = 1
[kvm-strace] write(7, 0xfffec2c, 1) = 1
[kvm-strace] sendfile(-1, 6, NULL, 1) = -9
[kvm-strace] read(6, 0xfffec3f, 1) = 1
[kvm-strace] write(5, 0xfffec2c, 1) = 1
[kvm-strace] sendfile(11, 4, NULL, 1) = -9
[kvm-strace] read(4, 0xfffec3f, 1) = 1
[kvm-strace] write(7, 0xfffec2c, 1) = 1
[kvm-strace] sendfile(11, 6, NULL, 1) = -9
[kvm-strace] read(6, 0xfffec3f, 1) = 1
[kvm-strace] sendfile(11, 10, NULL, 1) = -9
[kvm-strace] sendfile(11, 1, NULL, 1) = -9
[kvm-strace] write(5, 0xfffec2c, 1) = 1
[kvm-strace] sendfile(3, 4, NULL, 1) = -9
[kvm-strace] read(4, 0xfffec3f, 1) = 1
[kvm-strace] write(7, 0xfffec2c, 1) = 1
[kvm-strace] sendfile(3, 6, NULL, 1) = -9
[kvm-strace] read(6, 0xfffec3f, 1) = 1
[kvm-strace] sendfile(3, 10, NULL, 1) = -9
[kvm-strace] sendfile(3, 1, NULL, 1) = -9
[kvm-strace] write(5, 0xfffec2c, 1) = 1
[kvm-strace] sendfile(8, 4, NULL, 1) = -9
[kvm-strace] read(4, 0xfffec3f, 1) = 1
[kvm-strace] write(7, 0xfffec2c, 1) = 1
[kvm-strace] sendfile(8, 6, NULL, 1) = -9
[kvm-strace] read(6, 0xfffec3f, 1) = 1
[kvm-strace] sendfile(8, 10, NULL, 1) = -9
[kvm-strace] sendfile(8, 1, NULL, 1) = -9
[kvm-strace] write(5, 0xfffec2c, 1) = 1
[kvm-strace] sendfile(11, 4, NULL, 1) = -9
[kvm-strace] read(4, 0xfffec3f, 1) = 1
[kvm-strace] write(7, 0xfffec2c, 1) = 1
[kvm-strace] sendfile(11, 6, NULL, 1) = -9
[kvm-strace] read(6, 0xfffec3f, 1) = 1
[kvm-strace] sendfile(11, 10, NULL, 1) = -9
[kvm-strace] sendfile(11, 1, NULL, 1) = -9
[kvm-strace] write(5, 0xfffec2c, 1) = 1
[kvm-strace] sendfile(3, 4, NULL, 1) = -9
[kvm-strace] read(4, 0xfffec3f, 1) = 1
[kvm-strace] write(7, 0xfffec2c, 1) = 1
[kvm-strace] sendfile(3, 6, NULL, 1) = -9
[kvm-strace] read(6, 0xfffec3f, 1) = 1
[kvm-strace] sendfile(3, 10, NULL, 1) = -9
[kvm-strace] sendfile(3, 1, NULL, 1) = -9
[kvm-strace] write(5, 0xfffec2c, 1) = 1
[kvm-strace] sendfile(8, 4, NULL, 1) = -9
[kvm-strace] read(4, 0xfffec3f, 1) = 1
[kvm-strace] write(7, 0xfffec2c, 1) = 1
[kvm-strace] sendfile(8, 6, NULL, 1) = -9
[kvm-strace] read(6, 0xfffec3f, 1) = 1
[kvm-strace] sendfile(8, 10, NULL, 1) = -9
[kvm-strace] sendfile(8, 1, NULL, 1) = -9
[kvm-strace] sendfile(-2147483647, 3, 0xfffec80, 1) = -9
[kvm-strace] sendfile(1, -2147483645, 0xfffec80, 1) = -9
[kvm-strace] lseek(-2147483645, 0, SEEK_SET) = -9
[kvm-strace] lseek(3, 0, SEEK_CUR) = 0
[kvm-strace] lseek(3, 3, SEEK_SET) = 3
[kvm-strace] lseek(3, 0, SEEK_CUR) = 3
[kvm-strace] lseek(1, 0, SEEK_CUR) = -29
[kvm-strace] sendfile(1, 3, 0xfffec80, 13) = 13
[kvm-strace] lseek(3, 0, SEEK_CUR) = 3
[kvm-strace] sendfile(1, 3, 0xfffec80, 14) = 14
[kvm-strace] lseek(3, 0, SEEK_CUR) = 3
[kvm-strace] close(4) = 0
[kvm-strace] close(5) = 0
[kvm-strace] close(6) = 0
[kvm-strace] close(7) = 0
[kvm-strace] close(8) = 0
[kvm-strace] close(9) = 0
[kvm-strace] close(10) = 0
[kvm-strace] close(3) = 0
[kvm-strace] exit_group(0) = ?
test sendfile_and_lseek_consume_low_descriptor_words_on_kvm ... ok

test result: ok. 1 passed; 0 failed; 0 ignored; 0 measured; 341 filtered out; finished in 0.29s

