   Compiling reverie-kvm v0.2.0 (/home/newton/work/dev-hermit/worktrees/slots/kvm-pr611-recovery-20260922/reverie-kvm)
    Finished `test` profile [unoptimized + debuginfo] target(s) in 9.59s
     Running tests/static_elf.rs (target/debug/deps/static_elf-00b7a9dec96f5de3)

running 1 test
[kvm-strace] brk(NULL) = 4214784
[kvm-strace] arch_prctl(12289, 0xfffed60) = -22
[kvm-strace] mmap(NULL, 8192, ProtFlags(PROT_READ | PROT_WRITE), MapFlags(MAP_PRIVATE | MAP_ANON), -1, 0) = 18067456
[kvm-strace] access(0x102ee60 -> "/etc/ld.so.preload", Mode(S_IROTH)) = -2
[kvm-strace] openat(-100, 0x102d266 -> "/etc/ld.so.cache", OFlag(O_CLOEXEC)) = 3
[kvm-strace] fstat(3, 0xfffdf90 -> {st_mode=SFlag(S_IFREG) | 0644, st_size=28479, ...}) = 0
[kvm-strace] mmap(NULL, 28479, ProtFlags(PROT_READ), MapFlags(MAP_PRIVATE), 3, 0) = 18075648
[kvm-strace] close(3) = 0
[kvm-strace] openat(-100, 0x113b700 -> "/lib64/libc.so.6", OFlag(O_CLOEXEC)) = 3
[kvm-strace] read(3, 0xfffe0f8, 832) = 832
[kvm-strace] pread64(3, 0xfffdcf0, 784, 64) = 784
[kvm-strace] pread64(3, 0xfffdcb0, 48, 848) = 48
[kvm-strace] pread64(3, 0xfffdc60, 68, 896) = 68
[kvm-strace] fstat(3, 0xfffdf90 -> {st_mode=SFlag(S_IFREG) | 0755, st_size=2553784, ...}) = 0
[kvm-strace] pread64(3, 0xfffdbe0, 784, 64) = 784
[kvm-strace] mmap(NULL, 2142160, ProtFlags(PROT_READ), MapFlags(MAP_PRIVATE | MAP_DENYWRITE), 3, 0) = 18104320
[kvm-strace] mmap(0x116d000, 1531904, ProtFlags(PROT_READ | PROT_EXEC), MapFlags(MAP_PRIVATE | MAP_FIXED | MAP_DENYWRITE), 3, 167936) = 18272256
[kvm-strace] mmap(0x12e3000, 364544, ProtFlags(PROT_READ), MapFlags(MAP_PRIVATE | MAP_FIXED | MAP_DENYWRITE), 3, 1699840) = 19804160
[kvm-strace] mmap(0x133c000, 24576, ProtFlags(PROT_READ | PROT_WRITE), MapFlags(MAP_PRIVATE | MAP_FIXED | MAP_DENYWRITE), 3, 2060288) = 20168704
[kvm-strace] mmap(0x1342000, 53200, ProtFlags(PROT_READ | PROT_WRITE), MapFlags(MAP_PRIVATE | MAP_FIXED | MAP_ANON), -1, 0) = 20193280
[kvm-strace] close(3) = 0
[kvm-strace] mmap(NULL, 12288, ProtFlags(PROT_READ | PROT_WRITE), MapFlags(MAP_PRIVATE | MAP_ANON), -1, 0) = 20246528
[kvm-strace] arch_prctl(ARCH_SET_FS, 20248384) = 0
[kvm-strace] set_tid_address(0x134fa10) = 1
[kvm-strace] set_robust_list(0x134fa20, 24) = 0
[kvm-strace] rseq(20250848, 32, 0, 1392848979, 0, 0) = -38
[kvm-strace] mprotect(0x133c000, 16384, ProtFlags(PROT_READ)) = 0
[kvm-strace] mprotect(0x403000, 4096, ProtFlags(PROT_READ)) = 0
[kvm-strace] mprotect(0x1037000, 8192, ProtFlags(PROT_READ)) = 0
[kvm-strace] prlimit64(0, 3, NULL, 0xfffead0) = 0
[kvm-strace] munmap(0x113d000, 28479) = 0
[kvm-strace] prctl(15, 268422402, 0, 0, 0) = 0
[kvm-strace] pipe2(0x4040d8, OFlag(O_CLOEXEC)) = 0
[kvm-strace] pipe2(0x4040d0, OFlag(O_CLOEXEC)) = 0
[kvm-strace] rt_sigaction(33, 0xfffca00, NULL, 8) = 0
[kvm-strace] rt_sigprocmask(1, 0xfffcc08, NULL, 8) = 0
[kvm-strace] mmap(NULL, 8392704, ProtFlags(0x0), MapFlags(MAP_PRIVATE | MAP_ANON | MAP_STACK), -1, 0) = 20258816
[kvm-strace] mprotect(0x1353000, 8388608, ProtFlags(PROT_READ | PROT_WRITE)) = 0
[kvm-strace] getrandom(0x13474f8, 8, 1) = 8
[kvm-strace] brk(NULL) = 4214784
[kvm-strace] brk(0x426000) = 4349952
[kvm-strace] rt_sigprocmask(0, 0x12f8820, 0xfffcc00, 8) = 0
[kvm-strace] clone3(0xfffcac0, 88) = 2
[kvm-strace] rt_sigprocmask(2, 0xfffcc00, NULL, 8) = 0
[kvm-strace] set_robust_list(0x1b52920, 24) = 0
[kvm-strace] rt_sigprocmask(2, 0x1b52f30, NULL, 8) = 0
[kvm-strace] prctl(15, 28646946, 0, 0, 0) = 0
[kvm-strace] gettid() = 2
[kvm-strace] getpid() = 1
[kvm-strace] getpid() = 1
[kvm-strace] getppid() = 0
[kvm-strace] openat(-100, 0x402028 -> "/proc/self/stat", OFlag(O_CLOEXEC)) = 7
[kvm-strace] read(7, 0x1b4fde0, 4095) = 121
[kvm-strace] read(7, 0x1b4fe59, 3974) = 0
[kvm-strace] close(7) = 0
[kvm-strace] openat(-100, 0x40205b -> "/proc/self/status", OFlag(O_CLOEXEC)) = 7
[kvm-strace] read(7, 0x1b50de0, 4095) = 143
[kvm-strace] read(7, 0x1b50e6f, 3952) = 0
[kvm-strace] close(7) = 0
[kvm-strace] openat(-100, 0x40206d -> "/proc/thread-self/stat", OFlag(O_CLOEXEC)) = 7
[kvm-strace] openat(-100, 0x402084 -> "/proc/thread-self/status", OFlag(O_CLOEXEC)) = 8
[kvm-strace] write(4, 0x1b51e21, 1) = 1
[kvm-strace] read(3, 0xfffdd30, 1) = 1
[kvm-strace] getpid() = 1
[kvm-strace] getppid() = 0
[kvm-strace] read(7, 0xfffcd30, 4095) = 121
[kvm-strace] read(7, 0xfffcda9, 3974) = 0
[kvm-strace] read(8, 0xfffdd30, 4095) = 143
[kvm-strace] read(8, 0xfffddbf, 3952) = 0
[kvm-strace] write(6, 0xfffccf8, 1) = 1
[kvm-strace] read(5, 0x1b51e21, 1) = 1
[kvm-strace] close(7) = 0
[kvm-strace] close(8) = 0
[kvm-strace] rt_sigprocmask(0, 0x1b52f30, NULL, 8) = 0
[kvm-strace] madvise(0x1352000, 8368128, 4) = 0
[kvm-strace] exit(0) = ?
[kvm-strace] futex(0x1b52910, 265, 2, NULL, NULL, -1) = 0
[kvm-strace] fstat(1, 0xfffcb60 -> {st_mode=SFlag(S_IFIFO) | 0600, st_size=0, ...}) = 0
[kvm-strace] write(1, 0x4053c0, 118) = 118
[kvm-strace] exit_group(0) = ?
[kvm-strace] brk(NULL) = 4214784
[kvm-strace] arch_prctl(12289, 0xfffed60) = -22
[kvm-strace] mmap(NULL, 8192, ProtFlags(PROT_READ | PROT_WRITE), MapFlags(MAP_PRIVATE | MAP_ANON), -1, 0) = 18067456
[kvm-strace] access(0x102ee60 -> "/etc/ld.so.preload", Mode(S_IROTH)) = -2
[kvm-strace] openat(-100, 0x102d266 -> "/etc/ld.so.cache", OFlag(O_CLOEXEC)) = 3
[kvm-strace] fstat(3, 0xfffdf90 -> {st_mode=SFlag(S_IFREG) | 0644, st_size=28479, ...}) = 0
[kvm-strace] mmap(NULL, 28479, ProtFlags(PROT_READ), MapFlags(MAP_PRIVATE), 3, 0) = 18075648
[kvm-strace] close(3) = 0
[kvm-strace] openat(-100, 0x113b700 -> "/lib64/libc.so.6", OFlag(O_CLOEXEC)) = 3
[kvm-strace] read(3, 0xfffe0f8, 832) = 832
[kvm-strace] pread64(3, 0xfffdcf0, 784, 64) = 784
[kvm-strace] pread64(3, 0xfffdcb0, 48, 848) = 48
[kvm-strace] pread64(3, 0xfffdc60, 68, 896) = 68
[kvm-strace] fstat(3, 0xfffdf90 -> {st_mode=SFlag(S_IFREG) | 0755, st_size=2553784, ...}) = 0
[kvm-strace] pread64(3, 0xfffdbe0, 784, 64) = 784
[kvm-strace] mmap(NULL, 2142160, ProtFlags(PROT_READ), MapFlags(MAP_PRIVATE | MAP_DENYWRITE), 3, 0) = 18104320
[kvm-strace] mmap(0x116d000, 1531904, ProtFlags(PROT_READ | PROT_EXEC), MapFlags(MAP_PRIVATE | MAP_FIXED | MAP_DENYWRITE), 3, 167936) = 18272256
[kvm-strace] mmap(0x12e3000, 364544, ProtFlags(PROT_READ), MapFlags(MAP_PRIVATE | MAP_FIXED | MAP_DENYWRITE), 3, 1699840) = 19804160
[kvm-strace] mmap(0x133c000, 24576, ProtFlags(PROT_READ | PROT_WRITE), MapFlags(MAP_PRIVATE | MAP_FIXED | MAP_DENYWRITE), 3, 2060288) = 20168704
[kvm-strace] mmap(0x1342000, 53200, ProtFlags(PROT_READ | PROT_WRITE), MapFlags(MAP_PRIVATE | MAP_FIXED | MAP_ANON), -1, 0) = 20193280
[kvm-strace] close(3) = 0
[kvm-strace] mmap(NULL, 12288, ProtFlags(PROT_READ | PROT_WRITE), MapFlags(MAP_PRIVATE | MAP_ANON), -1, 0) = 20246528
[kvm-strace] arch_prctl(ARCH_SET_FS, 20248384) = 0
[kvm-strace] set_tid_address(0x134fa10) = 1
[kvm-strace] set_robust_list(0x134fa20, 24) = 0
[kvm-strace] rseq(20250848, 32, 0, 1392848979, 0, 0) = -38
[kvm-strace] mprotect(0x133c000, 16384, ProtFlags(PROT_READ)) = 0
[kvm-strace] mprotect(0x403000, 4096, ProtFlags(PROT_READ)) = 0
[kvm-strace] mprotect(0x1037000, 8192, ProtFlags(PROT_READ)) = 0
[kvm-strace] prlimit64(0, 3, NULL, 0xfffead0) = 0
[kvm-strace] munmap(0x113d000, 28479) = 0
[kvm-strace] prctl(15, 268422402, 0, 0, 0) = 0
[kvm-strace] pipe2(0x4040d8, OFlag(O_CLOEXEC)) = 0
[kvm-strace] pipe2(0x4040d0, OFlag(O_CLOEXEC)) = 0
[kvm-strace] rt_sigaction(33, 0xfffca00, NULL, 8) = 0
[kvm-strace] rt_sigprocmask(1, 0xfffcc08, NULL, 8) = 0
[kvm-strace] mmap(NULL, 8392704, ProtFlags(0x0), MapFlags(MAP_PRIVATE | MAP_ANON | MAP_STACK), -1, 0) = 20258816
[kvm-strace] mprotect(0x1353000, 8388608, ProtFlags(PROT_READ | PROT_WRITE)) = 0
[kvm-strace] getrandom(0x13474f8, 8, 1) = 8
[kvm-strace] brk(NULL) = 4214784
[kvm-strace] brk(0x426000) = 4349952
[kvm-strace] rt_sigprocmask(0, 0x12f8820, 0xfffcc00, 8) = 0
[kvm-strace] clone3(0xfffcac0, 88) = 2
[kvm-strace] rt_sigprocmask(2, 0xfffcc00, NULL, 8) = 0
[kvm-strace] set_robust_list(0x1b52920, 24) = 0
[kvm-strace] rt_sigprocmask(2, 0x1b52f30, NULL, 8) = 0
[kvm-strace] prctl(15, 28646946, 0, 0, 0) = 0
[kvm-strace] gettid() = 2
[kvm-strace] getpid() = 1
[kvm-strace] getpid() = 1
[kvm-strace] getppid() = 0
[kvm-strace] openat(-100, 0x402028 -> "/proc/self/stat", OFlag(O_CLOEXEC)) = 7
[kvm-strace] read(7, 0x1b4fde0, 4095) = 121
[kvm-strace] read(7, 0x1b4fe59, 3974) = 0
[kvm-strace] close(7) = 0
[kvm-strace] openat(-100, 0x40205b -> "/proc/self/status", OFlag(O_CLOEXEC)) = 7
[kvm-strace] read(7, 0x1b50de0, 4095) = 143
[kvm-strace] read(7, 0x1b50e6f, 3952) = 0
[kvm-strace] close(7) = 0
[kvm-strace] openat(-100, 0x40206d -> "/proc/thread-self/stat", OFlag(O_CLOEXEC)) = 7
[kvm-strace] openat(-100, 0x402084 -> "/proc/thread-self/status", OFlag(O_CLOEXEC)) = 8
[kvm-strace] write(4, 0x1b51e21, 1) = 1
[kvm-strace] read(3, 0xfffdd30, 1) = 1
[kvm-strace] getpid() = 1
[kvm-strace] getppid() = 0
[kvm-strace] read(7, 0xfffcd30, 4095) = 121
[kvm-strace] read(7, 0xfffcda9, 3974) = 0
[kvm-strace] read(8, 0xfffdd30, 4095) = 143
[kvm-strace] read(8, 0xfffddbf, 3952) = 0
[kvm-strace] write(6, 0xfffccf8, 1) = 1
[kvm-strace] read(5, 0x1b51e21, 1) = 1
[kvm-strace] close(7) = 0
[kvm-strace] close(8) = 0
[kvm-strace] rt_sigprocmask(0, 0x1b52f30, NULL, 8) = 0
[kvm-strace] madvise(0x1352000, 8368128, 4) = 0
[kvm-strace] exit(0) = ?
[kvm-strace] futex(0x1b52910, 265, 2, NULL, NULL, -1) = 0
[kvm-strace] fstat(1, 0xfffcb60 -> {st_mode=SFlag(S_IFIFO) | 0600, st_size=0, ...}) = 0
[kvm-strace] write(1, 0x4053c0, 118) = 118
[kvm-strace] exit_group(0) = ?
test kvm_thread_self_procfs_binds_opener_identity_across_handoff ... ok

test result: ok. 1 passed; 0 failed; 0 ignored; 0 measured; 341 filtered out; finished in 0.47s

