iter=0 sc=S3p L=2917834 [t,0] zombie_1792_samples=0 exec_msg=0x2c85cc T=2917836 waitid_formerT=ECHILD proc_formerT=- held_leader_tid_now=t leader_exit_stop=1 exec=1 leader_wexit_before_exec=0 order=EXIT@L,EXEC@L,EXIT@L,XL:0,
iter=1 sc=S3p L=2918020 [t,0] [R,1792] [R,0] [R,1029] [t,1029] zombie_1792_samples=0 exec_msg=0x2c8685 T=2918021 waitid_formerT=ECHILD proc_formerT=- held_leader_tid_now=t leader_exit_stop=1 exec=1 leader_wexit_before_exec=0 order=EXIT@L,EXEC@L,EXIT@L,XL:0,
iter=2 sc=S3p L=2918195 [t,0] [t,1792] [R,0] [R,1029] [t,1029] zombie_1792_samples=0 exec_msg=0x2c8735 T=2918197 waitid_formerT=ECHILD proc_formerT=- held_leader_tid_now=t leader_exit_stop=1 exec=1 leader_wexit_before_exec=0 order=EXIT@L,EXEC@L,EXIT@L,XL:0,
iter=3 sc=S3p L=2918374 [t,0] [R,0] [t,1029] zombie_1792_samples=0 exec_msg=0x2c87ea T=2918378 waitid_formerT=ECHILD proc_formerT=- held_leader_tid_now=t leader_exit_stop=1 exec=1 leader_wexit_before_exec=0 order=EXIT@L,EXEC@L,EXIT@L,XL:0,
iter=4 sc=S3p L=2918556 [t,0] zombie_1792_samples=0 exec_msg=0x2c889e T=2918558 waitid_formerT=ECHILD proc_formerT=- held_leader_tid_now=t leader_exit_stop=1 exec=1 leader_wexit_before_exec=0 order=EXIT@L,EXEC@L,EXIT@L,XL:0,
iter=5 sc=S3p L=2918811 [t,0] [R,1792] [R,0] [R,1029] [t,1029] zombie_1792_samples=0 exec_msg=0x2c899d T=2918813 waitid_formerT=ECHILD proc_formerT=- held_leader_tid_now=t leader_exit_stop=1 exec=1 leader_wexit_before_exec=0 order=EXIT@L,EXEC@L,EXIT@L,XL:0,
iter=6 sc=S3p L=2919022 [t,0] [R,1792] [R,0] [t,1029] zombie_1792_samples=0 exec_msg=0x2c8a72 T=2919026 waitid_formerT=ECHILD proc_formerT=- held_leader_tid_now=t leader_exit_stop=1 exec=1 leader_wexit_before_exec=0 order=EXIT@L,EXEC@L,EXIT@L,XL:0,
iter=7 sc=S3p L=2919316 [t,0] [Z,0] [R,0] [t,1029] zombie_1792_samples=0 exec_msg=0x2c8b99 T=2919321 waitid_formerT=ECHILD proc_formerT=- held_leader_tid_now=t leader_exit_stop=1 exec=1 leader_wexit_before_exec=0 order=EXIT@L,EXEC@L,EXIT@L,XL:0,
iter=8 sc=S3p L=2919553 [t,0] [t,1792] [Z,0] [R,0] [R,1029] [t,1029] zombie_1792_samples=0 exec_msg=0x2c8c83 T=2919555 waitid_formerT=ECHILD proc_formerT=- held_leader_tid_now=t leader_exit_stop=1 exec=1 leader_wexit_before_exec=0 order=EXIT@L,EXEC@L,EXIT@L,XL:0,
iter=9 sc=S3p L=2919829 [t,0] [t,1792] [Z,0] [R,0] [t,1029] zombie_1792_samples=0 exec_msg=0x2c8d99 T=2919833 waitid_formerT=ECHILD proc_formerT=- held_leader_tid_now=t leader_exit_stop=1 exec=1 leader_wexit_before_exec=0 order=EXIT@L,EXEC@L,EXIT@L,XL:0,
iter=10 sc=S3p L=2920191 [t,0] [Z,0] [R,0] [R,1029] [t,1029] zombie_1792_samples=0 exec_msg=0x2c8f02 T=2920194 waitid_formerT=ECHILD proc_formerT=- held_leader_tid_now=t leader_exit_stop=1 exec=1 leader_wexit_before_exec=0 order=EXIT@L,EXEC@L,EXIT@L,XL:0,
iter=11 sc=S3p L=2920417 [t,0] [R,1792] [R,0] [t,1029] zombie_1792_samples=0 exec_msg=0x2c8fe3 T=2920419 waitid_formerT=ECHILD proc_formerT=- held_leader_tid_now=t leader_exit_stop=1 exec=1 leader_wexit_before_exec=0 order=EXIT@L,EXEC@L,EXIT@L,XL:0,
iter=12 sc=S3p L=2920658 [t,0] [t,1792] [R,1792] [R,0] [t,1029] zombie_1792_samples=0 exec_msg=0x2c90d6 T=2920662 waitid_formerT=ECHILD proc_formerT=- held_leader_tid_now=t leader_exit_stop=1 exec=1 leader_wexit_before_exec=0 order=EXIT@L,EXEC@L,EXIT@L,XL:0,
iter=13 sc=S3p L=2920883 [t,0] [t,1792] [Z,0] [R,0] [R,1029] [t,1029] zombie_1792_samples=0 exec_msg=0x2c91b8 T=2920888 waitid_formerT=ECHILD proc_formerT=- held_leader_tid_now=t leader_exit_stop=1 exec=1 leader_wexit_before_exec=0 order=EXIT@L,EXEC@L,EXIT@L,XL:0,
iter=14 sc=S3p L=2921149 [t,0] [R,1792] [R,0] [t,1029] zombie_1792_samples=0 exec_msg=0x2c92c2 T=2921154 waitid_formerT=ECHILD proc_formerT=- held_leader_tid_now=t leader_exit_stop=1 exec=1 leader_wexit_before_exec=0 order=EXIT@L,EXEC@L,EXIT@L,XL:0,
iter=15 sc=S3p L=2921415 [t,0] [R,1792] [R,0] [t,1029] zombie_1792_samples=0 exec_msg=0x2c93cb T=2921419 waitid_formerT=ECHILD proc_formerT=- held_leader_tid_now=t leader_exit_stop=1 exec=1 leader_wexit_before_exec=0 order=EXIT@L,EXEC@L,EXIT@L,XL:0,
iter=16 sc=S3p L=2921662 [t,0] [R,1792] [Z,0] [R,0] [t,1029] zombie_1792_samples=0 exec_msg=0x2c94bf T=2921663 waitid_formerT=ECHILD proc_formerT=- held_leader_tid_now=t leader_exit_stop=1 exec=1 leader_wexit_before_exec=0 order=EXIT@L,EXEC@L,EXIT@L,XL:0,
iter=17 sc=S3p L=2921884 [t,0] zombie_1792_samples=0 exec_msg=0x2c959f T=2921887 waitid_formerT=ECHILD proc_formerT=- held_leader_tid_now=t leader_exit_stop=1 exec=1 leader_wexit_before_exec=0 order=EXIT@L,EXEC@L,EXIT@L,XL:0,
iter=18 sc=S3p L=2922125 [t,0] [R,1792] [R,0] [t,1029] zombie_1792_samples=0 exec_msg=0x2c968f T=2922127 waitid_formerT=ECHILD proc_formerT=- held_leader_tid_now=t leader_exit_stop=1 exec=1 leader_wexit_before_exec=0 order=EXIT@L,EXEC@L,EXIT@L,XL:0,
iter=19 sc=S3p L=2922331 [t,0] zombie_1792_samples=0 exec_msg=0x2c975e T=2922334 waitid_formerT=ECHILD proc_formerT=- held_leader_tid_now=t leader_exit_stop=1 exec=1 leader_wexit_before_exec=0 order=EXIT@L,EXEC@L,EXIT@L,XL:0,
iter=20 sc=S3p L=2922534 [t,0] [R,1792] [R,0] [R,1029] [t,1029] zombie_1792_samples=0 exec_msg=0x2c9827 T=2922535 waitid_formerT=ECHILD proc_formerT=- held_leader_tid_now=t leader_exit_stop=1 exec=1 leader_wexit_before_exec=0 order=EXIT@L,EXEC@L,EXIT@L,XL:0,
iter=21 sc=S3p L=2922831 [t,0] [t,1792] [Z,0] [R,0] [R,1029] [t,1029] zombie_1792_samples=0 exec_msg=0x2c9950 T=2922832 waitid_formerT=ECHILD proc_formerT=- held_leader_tid_now=t leader_exit_stop=1 exec=1 leader_wexit_before_exec=0 order=EXIT@L,EXEC@L,EXIT@L,XL:0,
iter=22 sc=S3p L=2923037 [t,0] [R,1792] [R,0] [t,1029] zombie_1792_samples=0 exec_msg=0x2c9a1f T=2923039 waitid_formerT=ECHILD proc_formerT=- held_leader_tid_now=t leader_exit_stop=1 exec=1 leader_wexit_before_exec=0 order=EXIT@L,EXEC@L,EXIT@L,XL:0,
iter=23 sc=S3p L=2923146 [t,0] [R,1792] [R,0] [R,1029] [t,1029] zombie_1792_samples=0 exec_msg=0x2c9a8b T=2923147 waitid_formerT=ECHILD proc_formerT=- held_leader_tid_now=t leader_exit_stop=1 exec=1 leader_wexit_before_exec=0 order=EXIT@L,EXEC@L,EXIT@L,XL:0,
iter=24 sc=S3p L=2923351 [t,0] [t,1792] [R,1792] [R,0] [t,1029] zombie_1792_samples=0 exec_msg=0x2c9b5a T=2923354 waitid_formerT=ECHILD proc_formerT=- held_leader_tid_now=t leader_exit_stop=1 exec=1 leader_wexit_before_exec=0 order=EXIT@L,EXEC@L,EXIT@L,XL:0,
iter=25 sc=S3p L=2923534 [t,0] [R,0] [R,1029] [t,1029] zombie_1792_samples=0 exec_msg=0x2c9c10 T=2923536 waitid_formerT=ECHILD proc_formerT=- held_leader_tid_now=t leader_exit_stop=1 exec=1 leader_wexit_before_exec=0 order=EXIT@L,EXEC@L,EXIT@L,XL:0,
iter=26 sc=S3p L=2923672 [t,0] [R,0] [R,1029] [t,1029] zombie_1792_samples=0 exec_msg=0x2c9c9a T=2923674 waitid_formerT=ECHILD proc_formerT=- held_leader_tid_now=t leader_exit_stop=1 exec=1 leader_wexit_before_exec=0 order=EXIT@L,EXEC@L,EXIT@L,XL:0,
iter=27 sc=S3p L=2923908 [t,0] [R,1792] [R,0] [t,1029] zombie_1792_samples=0 exec_msg=0x2c9d87 T=2923911 waitid_formerT=ECHILD proc_formerT=- held_leader_tid_now=t leader_exit_stop=1 exec=1 leader_wexit_before_exec=0 order=EXIT@L,EXEC@L,EXIT@L,XL:0,
iter=28 sc=S3p L=2924132 [t,0] [t,1792] [R,0] [t,1029] zombie_1792_samples=0 exec_msg=0x2c9e66 T=2924134 waitid_formerT=ECHILD proc_formerT=- held_leader_tid_now=t leader_exit_stop=1 exec=1 leader_wexit_before_exec=0 order=EXIT@L,EXEC@L,EXIT@L,XL:0,
iter=29 sc=S3p L=2924504 [t,0] [R,0] [t,1029] zombie_1792_samples=0 exec_msg=0x2c9fde T=2924510 waitid_formerT=ECHILD proc_formerT=- held_leader_tid_now=t leader_exit_stop=1 exec=1 leader_wexit_before_exec=0 order=EXIT@L,EXEC@L,EXIT@L,XL:0,
iter=30 sc=S3p L=2924910 [t,0] [R,1792] [Z,0] [R,0] [t,1029] zombie_1792_samples=0 exec_msg=0x2ca170 T=2924912 waitid_formerT=ECHILD proc_formerT=- held_leader_tid_now=t leader_exit_stop=1 exec=1 leader_wexit_before_exec=0 order=EXIT@L,EXEC@L,EXIT@L,XL:0,
iter=31 sc=S3p L=2925160 [t,0] [R,0] [R,1029] [t,1029] zombie_1792_samples=0 exec_msg=0x2ca26a T=2925162 waitid_formerT=ECHILD proc_formerT=- held_leader_tid_now=t leader_exit_stop=1 exec=1 leader_wexit_before_exec=0 order=EXIT@L,EXEC@L,EXIT@L,XL:0,
iter=32 sc=S3p L=2925376 [t,0] [t,1792] [R,0] [t,1029] zombie_1792_samples=0 exec_msg=0x2ca341 T=2925377 waitid_formerT=ECHILD proc_formerT=- held_leader_tid_now=t leader_exit_stop=1 exec=1 leader_wexit_before_exec=0 order=EXIT@L,EXEC@L,EXIT@L,XL:0,
iter=33 sc=S3p L=2925574 [t,0] zombie_1792_samples=0 exec_msg=0x2ca408 T=2925576 waitid_formerT=ECHILD proc_formerT=- held_leader_tid_now=t leader_exit_stop=1 exec=1 leader_wexit_before_exec=0 order=EXIT@L,EXEC@L,EXIT@L,XL:0,
iter=34 sc=S3p L=2925803 [t,0] zombie_1792_samples=0 exec_msg=0x2ca4ee T=2925806 waitid_formerT=ECHILD proc_formerT=- held_leader_tid_now=t leader_exit_stop=1 exec=1 leader_wexit_before_exec=0 order=EXIT@L,EXEC@L,EXIT@L,XL:0,
iter=35 sc=S3p L=2926083 [t,0] [R,0] [R,1029] [t,1029] zombie_1792_samples=0 exec_msg=0x2ca605 T=2926085 waitid_formerT=ECHILD proc_formerT=- held_leader_tid_now=t leader_exit_stop=1 exec=1 leader_wexit_before_exec=0 order=EXIT@L,EXEC@L,EXIT@L,XL:0,
iter=36 sc=S3p L=2926169 [t,0] [t,1792] [R,0] [R,1029] [t,1029] zombie_1792_samples=0 exec_msg=0x2ca65a T=2926170 waitid_formerT=ECHILD proc_formerT=- held_leader_tid_now=t leader_exit_stop=1 exec=1 leader_wexit_before_exec=0 order=EXIT@L,EXEC@L,EXIT@L,XL:0,
iter=37 sc=S3p L=2926295 [t,0] [R,1792] [R,0] [R,1029] [t,1029] zombie_1792_samples=0 exec_msg=0x2ca6d9 T=2926297 waitid_formerT=ECHILD proc_formerT=- held_leader_tid_now=t leader_exit_stop=1 exec=1 leader_wexit_before_exec=0 order=EXIT@L,EXEC@L,EXIT@L,XL:0,
iter=38 sc=S3p L=2926489 [t,0] [R,1792] [R,0] [t,1029] zombie_1792_samples=0 exec_msg=0x2ca79a T=2926490 waitid_formerT=ECHILD proc_formerT=- held_leader_tid_now=t leader_exit_stop=1 exec=1 leader_wexit_before_exec=0 order=EXIT@L,EXEC@L,EXIT@L,XL:0,
iter=39 sc=S3p L=2926629 [t,0] [R,1792] [R,0] [R,1029] [t,1029] zombie_1792_samples=0 exec_msg=0x2ca826 T=2926630 waitid_formerT=ECHILD proc_formerT=- held_leader_tid_now=t leader_exit_stop=1 exec=1 leader_wexit_before_exec=0 order=EXIT@L,EXEC@L,EXIT@L,XL:0,
iter=40 sc=S3p L=2926949 [t,0] zombie_1792_samples=0 exec_msg=0x2ca969 T=2926953 waitid_formerT=ECHILD proc_formerT=- held_leader_tid_now=t leader_exit_stop=1 exec=1 leader_wexit_before_exec=0 order=EXIT@L,EXEC@L,EXIT@L,XL:0,
iter=41 sc=S3p L=2927331 [t,0] [t,1792] [R,0] [R,1029] [t,1029] zombie_1792_samples=0 exec_msg=0x2caaec T=2927340 waitid_formerT=ECHILD proc_formerT=- held_leader_tid_now=t leader_exit_stop=1 exec=1 leader_wexit_before_exec=0 order=EXIT@L,EXEC@L,EXIT@L,XL:0,
iter=42 sc=S3p L=2927565 [t,0] [R,1792] [R,0] [R,1029] [t,1029] zombie_1792_samples=0 exec_msg=0x2cabd2 T=2927570 waitid_formerT=ECHILD proc_formerT=- held_leader_tid_now=t leader_exit_stop=1 exec=1 leader_wexit_before_exec=0 order=EXIT@L,EXEC@L,EXIT@L,XL:0,
iter=43 sc=S3p L=2927806 [t,0] [Z,0] [R,0] [R,1029] [t,1029] zombie_1792_samples=0 exec_msg=0x2cacc1 T=2927809 waitid_formerT=ECHILD proc_formerT=- held_leader_tid_now=t leader_exit_stop=1 exec=1 leader_wexit_before_exec=0 order=EXIT@L,EXEC@L,EXIT@L,XL:0,
iter=44 sc=S3p L=2928035 [t,0] [R,1792] [R,0] [t,1029] zombie_1792_samples=0 exec_msg=0x2cada5 T=2928037 waitid_formerT=ECHILD proc_formerT=- held_leader_tid_now=t leader_exit_stop=1 exec=1 leader_wexit_before_exec=0 order=EXIT@L,EXEC@L,EXIT@L,XL:0,
iter=45 sc=S3p L=2928237 [t,0] [t,1792] [R,0] [t,1029] zombie_1792_samples=0 exec_msg=0x2cae6f T=2928239 waitid_formerT=ECHILD proc_formerT=- held_leader_tid_now=t leader_exit_stop=1 exec=1 leader_wexit_before_exec=0 order=EXIT@L,EXEC@L,EXIT@L,XL:0,
iter=46 sc=S3p L=2928452 [t,0] [R,1792] [Z,0] [R,0] [t,1029] zombie_1792_samples=0 exec_msg=0x2caf46 T=2928454 waitid_formerT=ECHILD proc_formerT=- held_leader_tid_now=t leader_exit_stop=1 exec=1 leader_wexit_before_exec=0 order=EXIT@L,EXEC@L,EXIT@L,XL:0,
iter=47 sc=S3p L=2928619 [t,0] [R,0] [R,1029] [t,1029] zombie_1792_samples=0 exec_msg=0x2cafec T=2928620 waitid_formerT=ECHILD proc_formerT=- held_leader_tid_now=t leader_exit_stop=1 exec=1 leader_wexit_before_exec=0 order=EXIT@L,EXEC@L,EXIT@L,XL:0,
iter=48 sc=S3p L=2928913 [t,0] [R,0] [t,1029] zombie_1792_samples=0 exec_msg=0x2cb112 T=2928914 waitid_formerT=ECHILD proc_formerT=- held_leader_tid_now=t leader_exit_stop=1 exec=1 leader_wexit_before_exec=0 order=EXIT@L,EXEC@L,EXIT@L,XL:0,
iter=49 sc=S3p L=2929105 [t,0] [R,0] [R,1029] [t,1029] zombie_1792_samples=0 exec_msg=0x2cb1d3 T=2929107 waitid_formerT=ECHILD proc_formerT=- held_leader_tid_now=t leader_exit_stop=1 exec=1 leader_wexit_before_exec=0 order=EXIT@L,EXEC@L,EXIT@L,XL:0,
iter=50 sc=S3p L=2929685 [t,0] [R,1792] [R,0] [t,1029] zombie_1792_samples=0 exec_msg=0x2cb416 T=2929686 waitid_formerT=ECHILD proc_formerT=- held_leader_tid_now=t leader_exit_stop=1 exec=1 leader_wexit_before_exec=0 order=EXIT@L,EXEC@L,EXIT@L,XL:0,
iter=51 sc=S3p L=2930161 [t,0] [t,1792] [Z,0] [R,0] [t,1029] zombie_1792_samples=0 exec_msg=0x2cb5f2 T=2930162 waitid_formerT=ECHILD proc_formerT=- held_leader_tid_now=t leader_exit_stop=1 exec=1 leader_wexit_before_exec=0 order=EXIT@L,EXEC@L,EXIT@L,XL:0,
iter=52 sc=S3p L=2930391 [t,0] [t,1792] [Z,0] [R,0] [t,1029] zombie_1792_samples=0 exec_msg=0x2cb6d9 T=2930393 waitid_formerT=ECHILD proc_formerT=- held_leader_tid_now=t leader_exit_stop=1 exec=1 leader_wexit_before_exec=0 order=EXIT@L,EXEC@L,EXIT@L,XL:0,
iter=53 sc=S3p L=2930675 [t,0] [R,0] [R,1029] [t,1029] zombie_1792_samples=0 exec_msg=0x2cb7f6 T=2930678 waitid_formerT=ECHILD proc_formerT=- held_leader_tid_now=t leader_exit_stop=1 exec=1 leader_wexit_before_exec=0 order=EXIT@L,EXEC@L,EXIT@L,XL:0,
iter=54 sc=S3p L=2930864 [t,0] [t,1792] [Z,0] [R,0] [R,1029] [t,1029] zombie_1792_samples=0 exec_msg=0x2cb8b4 T=2930868 waitid_formerT=ECHILD proc_formerT=- held_leader_tid_now=t leader_exit_stop=1 exec=1 leader_wexit_before_exec=0 order=EXIT@L,EXEC@L,EXIT@L,XL:0,
iter=55 sc=S3p L=2931116 [t,0] [t,1792] [R,0] [R,1029] [t,1029] zombie_1792_samples=0 exec_msg=0x2cb9ad T=2931117 waitid_formerT=ECHILD proc_formerT=- held_leader_tid_now=t leader_exit_stop=1 exec=1 leader_wexit_before_exec=0 order=EXIT@L,EXEC@L,EXIT@L,XL:0,
iter=56 sc=S3p L=2931439 [t,0] [R,0] [R,1029] [t,1029] zombie_1792_samples=0 exec_msg=0x2cbaf1 T=2931441 waitid_formerT=ECHILD proc_formerT=- held_leader_tid_now=t leader_exit_stop=1 exec=1 leader_wexit_before_exec=0 order=EXIT@L,EXEC@L,EXIT@L,XL:0,
iter=57 sc=S3p L=2931777 [t,0] [R,1792] [Z,0] [R,0] [t,1029] zombie_1792_samples=0 exec_msg=0x2cbc44 T=2931780 waitid_formerT=ECHILD proc_formerT=- held_leader_tid_now=t leader_exit_stop=1 exec=1 leader_wexit_before_exec=0 order=EXIT@L,EXEC@L,EXIT@L,XL:0,
iter=58 sc=S3p L=2932059 [t,0] [Z,0] [R,0] [t,1029] zombie_1792_samples=0 exec_msg=0x2cbd5e T=2932062 waitid_formerT=ECHILD proc_formerT=- held_leader_tid_now=t leader_exit_stop=1 exec=1 leader_wexit_before_exec=0 order=EXIT@L,EXEC@L,EXIT@L,XL:0,
iter=59 sc=S3p L=2932399 [t,0] [R,1792] [R,0] [t,1029] zombie_1792_samples=0 exec_msg=0x2cbeb0 T=2932400 waitid_formerT=ECHILD proc_formerT=- held_leader_tid_now=t leader_exit_stop=1 exec=1 leader_wexit_before_exec=0 order=EXIT@L,EXEC@L,EXIT@L,XL:0,
iter=60 sc=S3p L=2932648 [t,0] [R,0] [t,1029] zombie_1792_samples=0 exec_msg=0x2cbfaa T=2932650 waitid_formerT=ECHILD proc_formerT=- held_leader_tid_now=t leader_exit_stop=1 exec=1 leader_wexit_before_exec=0 order=EXIT@L,EXEC@L,EXIT@L,XL:0,
iter=61 sc=S3p L=2932961 [t,0] [t,1792] [Z,0] [R,0] [t,1029] zombie_1792_samples=0 exec_msg=0x2cc0ed T=2932973 waitid_formerT=ECHILD proc_formerT=- held_leader_tid_now=t leader_exit_stop=1 exec=1 leader_wexit_before_exec=0 order=EXIT@L,EXEC@L,EXIT@L,XL:0,
iter=62 sc=S3p L=2933260 [t,0] [Z,0] [R,0] [t,1029] zombie_1792_samples=0 exec_msg=0x2cc20e T=2933262 waitid_formerT=ECHILD proc_formerT=- held_leader_tid_now=t leader_exit_stop=1 exec=1 leader_wexit_before_exec=0 order=EXIT@L,EXEC@L,EXIT@L,XL:0,
iter=63 sc=S3p L=2933557 [t,0] [R,1792] [R,0] [R,1029] [t,1029] zombie_1792_samples=0 exec_msg=0x2cc339 T=2933561 waitid_formerT=ECHILD proc_formerT=- held_leader_tid_now=t leader_exit_stop=1 exec=1 leader_wexit_before_exec=0 order=EXIT@L,EXEC@L,EXIT@L,XL:0,
iter=64 sc=S3p L=2933776 [t,0] [R,1792] [R,0] [t,1029] zombie_1792_samples=0 exec_msg=0x2cc412 T=2933778 waitid_formerT=ECHILD proc_formerT=- held_leader_tid_now=t leader_exit_stop=1 exec=1 leader_wexit_before_exec=0 order=EXIT@L,EXEC@L,EXIT@L,XL:0,
iter=65 sc=S3p L=2933973 [t,0] [t,1792] [R,0] [t,1029] zombie_1792_samples=0 exec_msg=0x2cc4d7 T=2933975 waitid_formerT=ECHILD proc_formerT=- held_leader_tid_now=t leader_exit_stop=1 exec=1 leader_wexit_before_exec=0 order=EXIT@L,EXEC@L,EXIT@L,XL:0,
iter=66 sc=S3p L=2934241 [t,0] zombie_1792_samples=0 exec_msg=0x2cc5e4 T=2934244 waitid_formerT=ECHILD proc_formerT=- held_leader_tid_now=t leader_exit_stop=1 exec=1 leader_wexit_before_exec=0 order=EXIT@L,EXEC@L,EXIT@L,XL:0,
iter=67 sc=S3p L=2934683 [t,0] [t,1792] [Z,0] [R,0] [R,1029] [t,1029] zombie_1792_samples=0 exec_msg=0x2cc79d T=2934685 waitid_formerT=ECHILD proc_formerT=- held_leader_tid_now=t leader_exit_stop=1 exec=1 leader_wexit_before_exec=0 order=EXIT@L,EXEC@L,EXIT@L,XL:0,
iter=68 sc=S3p L=2934950 [t,0] [Z,0] [R,0] [R,1029] [t,1029] zombie_1792_samples=0 exec_msg=0x2cc8a9 T=2934953 waitid_formerT=ECHILD proc_formerT=- held_leader_tid_now=t leader_exit_stop=1 exec=1 leader_wexit_before_exec=0 order=EXIT@L,EXEC@L,EXIT@L,XL:0,
iter=69 sc=S3p L=2935145 [t,0] [t,1792] [R,0] [t,1029] zombie_1792_samples=0 exec_msg=0x2cc96a T=2935146 waitid_formerT=ECHILD proc_formerT=- held_leader_tid_now=t leader_exit_stop=1 exec=1 leader_wexit_before_exec=0 order=EXIT@L,EXEC@L,EXIT@L,XL:0,
iter=70 sc=S3p L=2935332 [t,0] [R,1792] [R,0] [t,1029] zombie_1792_samples=0 exec_msg=0x2cca26 T=2935334 waitid_formerT=ECHILD proc_formerT=- held_leader_tid_now=t leader_exit_stop=1 exec=1 leader_wexit_before_exec=0 order=EXIT@L,EXEC@L,EXIT@L,XL:0,
iter=71 sc=S3p L=2935691 [t,0] [R,0] [t,1029] zombie_1792_samples=0 exec_msg=0x2ccb8e T=2935694 waitid_formerT=ECHILD proc_formerT=- held_leader_tid_now=t leader_exit_stop=1 exec=1 leader_wexit_before_exec=0 order=EXIT@L,EXEC@L,EXIT@L,XL:0,
iter=72 sc=S3p L=2936005 [t,0] [R,1792] [R,0] [R,1029] [t,1029] zombie_1792_samples=0 exec_msg=0x2cccc6 T=2936006 waitid_formerT=ECHILD proc_formerT=- held_leader_tid_now=t leader_exit_stop=1 exec=1 leader_wexit_before_exec=0 order=EXIT@L,EXEC@L,EXIT@L,XL:0,
iter=73 sc=S3p L=2936566 [t,0] [Z,0] [R,0] [R,1029] [t,1029] zombie_1792_samples=0 exec_msg=0x2ccefa T=2936570 waitid_formerT=ECHILD proc_formerT=- held_leader_tid_now=t leader_exit_stop=1 exec=1 leader_wexit_before_exec=0 order=EXIT@L,EXEC@L,EXIT@L,XL:0,
iter=74 sc=S3p L=2936758 [t,0] zombie_1792_samples=0 exec_msg=0x2ccfb7 T=2936759 waitid_formerT=ECHILD proc_formerT=- held_leader_tid_now=t leader_exit_stop=1 exec=1 leader_wexit_before_exec=0 order=EXIT@L,EXEC@L,EXIT@L,XL:0,
iter=75 sc=S3p L=2936883 [t,0] [t,1792] [R,0] [R,1029] [t,1029] zombie_1792_samples=0 exec_msg=0x2cd034 T=2936884 waitid_formerT=ECHILD proc_formerT=- held_leader_tid_now=t leader_exit_stop=1 exec=1 leader_wexit_before_exec=0 order=EXIT@L,EXEC@L,EXIT@L,XL:0,
iter=76 sc=S3p L=2937018 [t,0] [t,1792] [R,0] [t,1029] zombie_1792_samples=0 exec_msg=0x2cd0be T=2937022 waitid_formerT=ECHILD proc_formerT=- held_leader_tid_now=t leader_exit_stop=1 exec=1 leader_wexit_before_exec=0 order=EXIT@L,EXEC@L,EXIT@L,XL:0,
iter=77 sc=S3p L=2937228 [t,0] zombie_1792_samples=0 exec_msg=0x2cd18e T=2937230 waitid_formerT=ECHILD proc_formerT=- held_leader_tid_now=t leader_exit_stop=1 exec=1 leader_wexit_before_exec=0 order=EXIT@L,EXEC@L,EXIT@L,XL:0,
iter=78 sc=S3p L=2937369 [t,0] [R,1792] [R,0] [t,1029] zombie_1792_samples=0 exec_msg=0x2cd21a T=2937370 waitid_formerT=ECHILD proc_formerT=- held_leader_tid_now=t leader_exit_stop=1 exec=1 leader_wexit_before_exec=0 order=EXIT@L,EXEC@L,EXIT@L,XL:0,
iter=79 sc=S3p L=2937513 [t,0] [R,1792] [R,0] [t,1029] zombie_1792_samples=0 exec_msg=0x2cd2ae T=2937518 waitid_formerT=ECHILD proc_formerT=- held_leader_tid_now=t leader_exit_stop=1 exec=1 leader_wexit_before_exec=0 order=EXIT@L,EXEC@L,EXIT@L,XL:0,
iter=80 sc=S3p L=2937751 [t,0] [t,1792] [R,0] [t,1029] zombie_1792_samples=0 exec_msg=0x2cd399 T=2937753 waitid_formerT=ECHILD proc_formerT=- held_leader_tid_now=t leader_exit_stop=1 exec=1 leader_wexit_before_exec=0 order=EXIT@L,EXEC@L,EXIT@L,XL:0,
iter=81 sc=S3p L=2938194 [t,0] [t,1792] [R,0] [R,1029] [t,1029] zombie_1792_samples=0 exec_msg=0x2cd556 T=2938198 waitid_formerT=ECHILD proc_formerT=- held_leader_tid_now=t leader_exit_stop=1 exec=1 leader_wexit_before_exec=0 order=EXIT@L,EXEC@L,EXIT@L,XL:0,
iter=82 sc=S3p L=2938482 [t,0] [R,1792] [R,0] [R,1029] [t,1029] zombie_1792_samples=0 exec_msg=0x2cd674 T=2938484 waitid_formerT=ECHILD proc_formerT=- held_leader_tid_now=t leader_exit_stop=1 exec=1 leader_wexit_before_exec=0 order=EXIT@L,EXEC@L,EXIT@L,XL:0,
iter=83 sc=S3p L=2938643 [t,0] [t,1792] [R,0] [t,1029] zombie_1792_samples=0 exec_msg=0x2cd716 T=2938646 waitid_formerT=ECHILD proc_formerT=- held_leader_tid_now=t leader_exit_stop=1 exec=1 leader_wexit_before_exec=0 order=EXIT@L,EXEC@L,EXIT@L,XL:0,
iter=84 sc=S3p L=2938978 [t,0] [R,0] [t,1029] zombie_1792_samples=0 exec_msg=0x2cd864 T=2938980 waitid_formerT=ECHILD proc_formerT=- held_leader_tid_now=t leader_exit_stop=1 exec=1 leader_wexit_before_exec=0 order=EXIT@L,EXEC@L,EXIT@L,XL:0,
iter=85 sc=S3p L=2939130 [t,0] [R,1792] [R,0] [R,1029] [t,1029] zombie_1792_samples=0 exec_msg=0x2cd8fb T=2939131 waitid_formerT=ECHILD proc_formerT=- held_leader_tid_now=t leader_exit_stop=1 exec=1 leader_wexit_before_exec=0 order=EXIT@L,EXEC@L,EXIT@L,XL:0,
iter=86 sc=S3p L=2939265 [t,0] [R,0] [R,1029] [t,1029] zombie_1792_samples=0 exec_msg=0x2cd982 T=2939266 waitid_formerT=ECHILD proc_formerT=- held_leader_tid_now=t leader_exit_stop=1 exec=1 leader_wexit_before_exec=0 order=EXIT@L,EXEC@L,EXIT@L,XL:0,
iter=87 sc=S3p L=2939529 [t,0] zombie_1792_samples=0 exec_msg=0x2cda8c T=2939532 waitid_formerT=ECHILD proc_formerT=- held_leader_tid_now=t leader_exit_stop=1 exec=1 leader_wexit_before_exec=0 order=EXIT@L,EXEC@L,EXIT@L,XL:0,
iter=88 sc=S3p L=2939795 [t,0] zombie_1792_samples=0 exec_msg=0x2cdb95 T=2939797 waitid_formerT=ECHILD proc_formerT=- held_leader_tid_now=t leader_exit_stop=1 exec=1 leader_wexit_before_exec=0 order=EXIT@L,EXEC@L,EXIT@L,XL:0,
iter=89 sc=S3p L=2940028 [t,0] [t,1792] [Z,0] [R,0] [R,1029] [t,1029] zombie_1792_samples=0 exec_msg=0x2cdc7f T=2940031 waitid_formerT=ECHILD proc_formerT=- held_leader_tid_now=t leader_exit_stop=1 exec=1 leader_wexit_before_exec=0 order=EXIT@L,EXEC@L,EXIT@L,XL:0,
iter=90 sc=S3p L=2940292 [t,0] [R,0] [t,1029] zombie_1792_samples=0 exec_msg=0x2cdd87 T=2940295 waitid_formerT=ECHILD proc_formerT=- held_leader_tid_now=t leader_exit_stop=1 exec=1 leader_wexit_before_exec=0 order=EXIT@L,EXEC@L,EXIT@L,XL:0,
iter=91 sc=S3p L=2940493 [t,0] zombie_1792_samples=0 exec_msg=0x2cde51 T=2940497 waitid_formerT=ECHILD proc_formerT=- held_leader_tid_now=t leader_exit_stop=1 exec=1 leader_wexit_before_exec=0 order=EXIT@L,EXEC@L,EXIT@L,XL:0,
iter=92 sc=S3p L=2941074 [t,0] [R,1792] [R,0] [t,1029] zombie_1792_samples=0 exec_msg=0x2ce095 T=2941077 waitid_formerT=ECHILD proc_formerT=- held_leader_tid_now=t leader_exit_stop=1 exec=1 leader_wexit_before_exec=0 order=EXIT@L,EXEC@L,EXIT@L,XL:0,
iter=93 sc=S3p L=2941322 [t,0] [Z,1792] [Z,0] [R,0] [t,1029] zombie_1792_samples=4 exec_msg=0x2ce18c T=2941324 waitid_formerT=ECHILD proc_formerT=- held_leader_tid_now=t leader_exit_stop=1 exec=1 leader_wexit_before_exec=0 order=EXIT@L,EXEC@L,EXIT@L,XL:0,
iter=94 sc=S3p L=2941571 [t,0] [t,1792] [Z,0] [R,0] [R,1029] [t,1029] zombie_1792_samples=0 exec_msg=0x2ce285 T=2941573 waitid_formerT=ECHILD proc_formerT=- held_leader_tid_now=t leader_exit_stop=1 exec=1 leader_wexit_before_exec=0 order=EXIT@L,EXEC@L,EXIT@L,XL:0,
iter=95 sc=S3p L=2941894 [t,0] [R,1792] [R,0] [t,1029] zombie_1792_samples=0 exec_msg=0x2ce3c7 T=2941895 waitid_formerT=ECHILD proc_formerT=- held_leader_tid_now=t leader_exit_stop=1 exec=1 leader_wexit_before_exec=0 order=EXIT@L,EXEC@L,EXIT@L,XL:0,
iter=96 sc=S3p L=2942068 [t,0] [t,1792] [R,0] [t,1029] zombie_1792_samples=0 exec_msg=0x2ce475 T=2942069 waitid_formerT=ECHILD proc_formerT=- held_leader_tid_now=t leader_exit_stop=1 exec=1 leader_wexit_before_exec=0 order=EXIT@L,EXEC@L,EXIT@L,XL:0,
iter=97 sc=S3p L=2942294 [t,0] [t,1792] [Z,0] [R,0] [t,1029] zombie_1792_samples=0 exec_msg=0x2ce559 T=2942297 waitid_formerT=ECHILD proc_formerT=- held_leader_tid_now=t leader_exit_stop=1 exec=1 leader_wexit_before_exec=0 order=EXIT@L,EXEC@L,EXIT@L,XL:0,
iter=98 sc=S3p L=2942612 [t,0] [R,1792] [R,0] [R,1029] [t,1029] zombie_1792_samples=0 exec_msg=0x2ce69b T=2942619 waitid_formerT=ECHILD proc_formerT=- held_leader_tid_now=t leader_exit_stop=1 exec=1 leader_wexit_before_exec=0 order=EXIT@L,EXEC@L,EXIT@L,XL:0,
iter=99 sc=S3p L=2942860 [t,0] [R,1792] [R,0] [R,1029] [t,1029] zombie_1792_samples=0 exec_msg=0x2ce78f T=2942863 waitid_formerT=ECHILD proc_formerT=- held_leader_tid_now=t leader_exit_stop=1 exec=1 leader_wexit_before_exec=0 order=EXIT@L,EXEC@L,EXIT@L,XL:0,
iter=100 sc=S3p L=2943116 [t,0] [t,1792] [Z,0] [R,0] [t,1029] zombie_1792_samples=0 exec_msg=0x2ce88d T=2943117 waitid_formerT=ECHILD proc_formerT=- held_leader_tid_now=t leader_exit_stop=1 exec=1 leader_wexit_before_exec=0 order=EXIT@L,EXEC@L,EXIT@L,XL:0,
iter=101 sc=S3p L=2943292 [t,0] [R,1792] [R,0] [R,1029] [t,1029] zombie_1792_samples=0 exec_msg=0x2ce93e T=2943294 waitid_formerT=ECHILD proc_formerT=- held_leader_tid_now=t leader_exit_stop=1 exec=1 leader_wexit_before_exec=0 order=EXIT@L,EXEC@L,EXIT@L,XL:0,
iter=102 sc=S3p L=2943554 [t,0] [t,1792] [R,0] [t,1029] zombie_1792_samples=0 exec_msg=0x2cea45 T=2943557 waitid_formerT=ECHILD proc_formerT=- held_leader_tid_now=t leader_exit_stop=1 exec=1 leader_wexit_before_exec=0 order=EXIT@L,EXEC@L,EXIT@L,XL:0,
iter=103 sc=S3p L=2943855 [t,0] [t,1792] [Z,0] [R,0] [t,1029] zombie_1792_samples=0 exec_msg=0x2ceb75 T=2943861 waitid_formerT=ECHILD proc_formerT=- held_leader_tid_now=t leader_exit_stop=1 exec=1 leader_wexit_before_exec=0 order=EXIT@L,EXEC@L,EXIT@L,XL:0,
iter=104 sc=S3p L=2944104 [t,0] [R,1792] [R,0] [R,1029] [t,1029] zombie_1792_samples=0 exec_msg=0x2cec6b T=2944107 waitid_formerT=ECHILD proc_formerT=- held_leader_tid_now=t leader_exit_stop=1 exec=1 leader_wexit_before_exec=0 order=EXIT@L,EXEC@L,EXIT@L,XL:0,
iter=105 sc=S3p L=2944401 [t,0] [R,1792] [R,0] [t,1029] zombie_1792_samples=0 exec_msg=0x2ced98 T=2944408 waitid_formerT=ECHILD proc_formerT=- held_leader_tid_now=t leader_exit_stop=1 exec=1 leader_wexit_before_exec=0 order=EXIT@L,EXEC@L,EXIT@L,XL:0,
iter=106 sc=S3p L=2944670 [t,0] [t,1792] [R,0] [t,1029] zombie_1792_samples=0 exec_msg=0x2cee9f T=2944671 waitid_formerT=ECHILD proc_formerT=- held_leader_tid_now=t leader_exit_stop=1 exec=1 leader_wexit_before_exec=0 order=EXIT@L,EXEC@L,EXIT@L,XL:0,
iter=107 sc=S3p L=2944919 [t,0] zombie_1792_samples=0 exec_msg=0x2cefa0 T=2944928 waitid_formerT=ECHILD proc_formerT=- held_leader_tid_now=t leader_exit_stop=1 exec=1 leader_wexit_before_exec=0 order=EXIT@L,EXEC@L,EXIT@L,XL:0,
iter=108 sc=S3p L=2945188 [t,0] [R,1792] [R,0] [t,1029] zombie_1792_samples=0 exec_msg=0x2cf0af T=2945199 waitid_formerT=ECHILD proc_formerT=- held_leader_tid_now=t leader_exit_stop=1 exec=1 leader_wexit_before_exec=0 order=EXIT@L,EXEC@L,EXIT@L,XL:0,
iter=109 sc=S3p L=2945438 [t,0] [R,1792] [R,0] [t,1029] zombie_1792_samples=0 exec_msg=0x2cf1a1 T=2945441 waitid_formerT=ECHILD proc_formerT=- held_leader_tid_now=t leader_exit_stop=1 exec=1 leader_wexit_before_exec=0 order=EXIT@L,EXEC@L,EXIT@L,XL:0,
iter=110 sc=S3p L=2945620 [t,0] [t,1792] [Z,0] [R,0] [t,1029] zombie_1792_samples=0 exec_msg=0x2cf256 T=2945622 waitid_formerT=ECHILD proc_formerT=- held_leader_tid_now=t leader_exit_stop=1 exec=1 leader_wexit_before_exec=0 order=EXIT@L,EXEC@L,EXIT@L,XL:0,
iter=111 sc=S3p L=2945812 [t,0] [R,1792] [R,0] [R,1029] [t,1029] zombie_1792_samples=0 exec_msg=0x2cf318 T=2945816 waitid_formerT=ECHILD proc_formerT=- held_leader_tid_now=t leader_exit_stop=1 exec=1 leader_wexit_before_exec=0 order=EXIT@L,EXEC@L,EXIT@L,XL:0,
iter=112 sc=S3p L=2946107 [t,0] [R,1792] [R,0] [t,1029] zombie_1792_samples=0 exec_msg=0x2cf43d T=2946109 waitid_formerT=ECHILD proc_formerT=- held_leader_tid_now=t leader_exit_stop=1 exec=1 leader_wexit_before_exec=0 order=EXIT@L,EXEC@L,EXIT@L,XL:0,
iter=113 sc=S3p L=2946313 [t,0] [R,1792] [Z,0] [R,0] [R,1029] [t,1029] zombie_1792_samples=0 exec_msg=0x2cf50a T=2946314 waitid_formerT=ECHILD proc_formerT=- held_leader_tid_now=t leader_exit_stop=1 exec=1 leader_wexit_before_exec=0 order=EXIT@L,EXEC@L,EXIT@L,XL:0,
iter=114 sc=S3p L=2946558 [t,0] [R,0] [R,1029] [t,1029] zombie_1792_samples=0 exec_msg=0x2cf5ff T=2946559 waitid_formerT=ECHILD proc_formerT=- held_leader_tid_now=t leader_exit_stop=1 exec=1 leader_wexit_before_exec=0 order=EXIT@L,EXEC@L,EXIT@L,XL:0,
iter=115 sc=S3p L=2946730 [t,0] [R,1792] [R,0] [R,1029] [t,1029] zombie_1792_samples=0 exec_msg=0x2cf6ac T=2946732 waitid_formerT=ECHILD proc_formerT=- held_leader_tid_now=t leader_exit_stop=1 exec=1 leader_wexit_before_exec=0 order=EXIT@L,EXEC@L,EXIT@L,XL:0,
iter=116 sc=S3p L=2946966 [t,0] [t,1792] [Z,0] [R,0] [t,1029] zombie_1792_samples=0 exec_msg=0x2cf798 T=2946968 waitid_formerT=ECHILD proc_formerT=- held_leader_tid_now=t leader_exit_stop=1 exec=1 leader_wexit_before_exec=0 order=EXIT@L,EXEC@L,EXIT@L,XL:0,
iter=117 sc=S3p L=2947169 [t,0] [R,0] [R,1029] [t,1029] zombie_1792_samples=0 exec_msg=0x2cf864 T=2947172 waitid_formerT=ECHILD proc_formerT=- held_leader_tid_now=t leader_exit_stop=1 exec=1 leader_wexit_before_exec=0 order=EXIT@L,EXEC@L,EXIT@L,XL:0,
iter=118 sc=S3p L=2947320 [t,0] [R,1792] [R,0] [t,1029] zombie_1792_samples=0 exec_msg=0x2cf8fc T=2947324 waitid_formerT=ECHILD proc_formerT=- held_leader_tid_now=t leader_exit_stop=1 exec=1 leader_wexit_before_exec=0 order=EXIT@L,EXEC@L,EXIT@L,XL:0,
iter=119 sc=S3p L=2947575 [t,0] [R,1792] [R,0] [t,1029] zombie_1792_samples=0 exec_msg=0x2cf9f9 T=2947577 waitid_formerT=ECHILD proc_formerT=- held_leader_tid_now=t leader_exit_stop=1 exec=1 leader_wexit_before_exec=0 order=EXIT@L,EXEC@L,EXIT@L,XL:0,
iter=120 sc=S3p L=2947774 [t,0] zombie_1792_samples=0 exec_msg=0x2cfac1 T=2947777 waitid_formerT=ECHILD proc_formerT=- held_leader_tid_now=t leader_exit_stop=1 exec=1 leader_wexit_before_exec=0 order=EXIT@L,EXEC@L,EXIT@L,XL:0,
iter=121 sc=S3p L=2948023 [t,0] [R,0] [t,1029] zombie_1792_samples=0 exec_msg=0x2cfbb8 T=2948024 waitid_formerT=ECHILD proc_formerT=- held_leader_tid_now=t leader_exit_stop=1 exec=1 leader_wexit_before_exec=0 order=EXIT@L,EXEC@L,EXIT@L,XL:0,
iter=122 sc=S3p L=2948205 [t,0] [R,1792] [R,0] [t,1029] zombie_1792_samples=0 exec_msg=0x2cfc6f T=2948207 waitid_formerT=ECHILD proc_formerT=- held_leader_tid_now=t leader_exit_stop=1 exec=1 leader_wexit_before_exec=0 order=EXIT@L,EXEC@L,EXIT@L,XL:0,
iter=123 sc=S3p L=2948370 [t,0] [Z,0] [R,0] [t,1029] zombie_1792_samples=0 exec_msg=0x2cfd15 T=2948373 waitid_formerT=ECHILD proc_formerT=- held_leader_tid_now=t leader_exit_stop=1 exec=1 leader_wexit_before_exec=0 order=EXIT@L,EXEC@L,EXIT@L,XL:0,
iter=124 sc=S3p L=2948595 [t,0] [t,1792] [Z,0] [R,0] [R,1029] [t,1029] zombie_1792_samples=0 exec_msg=0x2cfdf5 T=2948597 waitid_formerT=ECHILD proc_formerT=- held_leader_tid_now=t leader_exit_stop=1 exec=1 leader_wexit_before_exec=0 order=EXIT@L,EXEC@L,EXIT@L,XL:0,
iter=125 sc=S3p L=2948860 [t,0] [t,1792] [R,0] [t,1029] zombie_1792_samples=0 exec_msg=0x2cfefd T=2948861 waitid_formerT=ECHILD proc_formerT=- held_leader_tid_now=t leader_exit_stop=1 exec=1 leader_wexit_before_exec=0 order=EXIT@L,EXEC@L,EXIT@L,XL:0,
iter=126 sc=S3p L=2949122 [t,0] [R,1792] [Z,0] [R,0] [t,1029] zombie_1792_samples=0 exec_msg=0x2d0005 T=2949125 waitid_formerT=ECHILD proc_formerT=- held_leader_tid_now=t leader_exit_stop=1 exec=1 leader_wexit_before_exec=0 order=EXIT@L,EXEC@L,EXIT@L,XL:0,
iter=127 sc=S3p L=2949348 [t,0] [t,1792] [R,0] [t,1029] zombie_1792_samples=0 exec_msg=0x2d00ea T=2949354 waitid_formerT=ECHILD proc_formerT=- held_leader_tid_now=t leader_exit_stop=1 exec=1 leader_wexit_before_exec=0 order=EXIT@L,EXEC@L,EXIT@L,XL:0,
iter=128 sc=S3p L=2949604 [t,0] [R,0] [t,1029] zombie_1792_samples=0 exec_msg=0x2d01e6 T=2949606 waitid_formerT=ECHILD proc_formerT=- held_leader_tid_now=t leader_exit_stop=1 exec=1 leader_wexit_before_exec=0 order=EXIT@L,EXEC@L,EXIT@L,XL:0,
iter=129 sc=S3p L=2949829 [t,0] [R,0] [R,1029] [t,1029] zombie_1792_samples=0 exec_msg=0x2d02c8 T=2949832 waitid_formerT=ECHILD proc_formerT=- held_leader_tid_now=t leader_exit_stop=1 exec=1 leader_wexit_before_exec=0 order=EXIT@L,EXEC@L,EXIT@L,XL:0,
iter=130 sc=S3p L=2950090 [t,0] [R,1792] [R,0] [R,1029] [t,1029] zombie_1792_samples=0 exec_msg=0x2d03cb T=2950091 waitid_formerT=ECHILD proc_formerT=- held_leader_tid_now=t leader_exit_stop=1 exec=1 leader_wexit_before_exec=0 order=EXIT@L,EXEC@L,EXIT@L,XL:0,
iter=131 sc=S3p L=2950241 [t,0] [R,1792] [R,0] [R,1029] [t,1029] zombie_1792_samples=0 exec_msg=0x2d0462 T=2950242 waitid_formerT=ECHILD proc_formerT=- held_leader_tid_now=t leader_exit_stop=1 exec=1 leader_wexit_before_exec=0 order=EXIT@L,EXEC@L,EXIT@L,XL:0,
iter=132 sc=S3p L=2950440 [t,0] [t,1792] [Z,0] [R,0] [t,1029] zombie_1792_samples=0 exec_msg=0x2d052b T=2950443 waitid_formerT=ECHILD proc_formerT=- held_leader_tid_now=t leader_exit_stop=1 exec=1 leader_wexit_before_exec=0 order=EXIT@L,EXEC@L,EXIT@L,XL:0,
iter=133 sc=S3p L=2950717 [t,0] [R,1792] [R,0] [t,1029] zombie_1792_samples=0 exec_msg=0x2d063e T=2950718 waitid_formerT=ECHILD proc_formerT=- held_leader_tid_now=t leader_exit_stop=1 exec=1 leader_wexit_before_exec=0 order=EXIT@L,EXEC@L,EXIT@L,XL:0,
iter=134 sc=S3p L=2951075 [t,0] [R,0] [t,1029] zombie_1792_samples=0 exec_msg=0x2d07a5 T=2951077 waitid_formerT=ECHILD proc_formerT=- held_leader_tid_now=t leader_exit_stop=1 exec=1 leader_wexit_before_exec=0 order=EXIT@L,EXEC@L,EXIT@L,XL:0,
iter=135 sc=S3p L=2951311 [t,0] [R,1792] [R,0] [t,1029] zombie_1792_samples=0 exec_msg=0x2d0892 T=2951314 waitid_formerT=ECHILD proc_formerT=- held_leader_tid_now=t leader_exit_stop=1 exec=1 leader_wexit_before_exec=0 order=EXIT@L,EXEC@L,EXIT@L,XL:0,
iter=136 sc=S3p L=2951506 [t,0] [R,0] [R,1029] [t,1029] zombie_1792_samples=0 exec_msg=0x2d095f T=2951519 waitid_formerT=ECHILD proc_formerT=- held_leader_tid_now=t leader_exit_stop=1 exec=1 leader_wexit_before_exec=0 order=EXIT@L,EXEC@L,EXIT@L,XL:0,
iter=137 sc=S3p L=2951780 [t,0] [R,1792] [R,0] [t,1029] zombie_1792_samples=0 exec_msg=0x2d0a66 T=2951782 waitid_formerT=ECHILD proc_formerT=- held_leader_tid_now=t leader_exit_stop=1 exec=1 leader_wexit_before_exec=0 order=EXIT@L,EXEC@L,EXIT@L,XL:0,
iter=138 sc=S3p L=2952010 [t,0] [t,1792] [Z,0] [R,0] [t,1029] zombie_1792_samples=0 exec_msg=0x2d0b4c T=2952012 waitid_formerT=ECHILD proc_formerT=- held_leader_tid_now=t leader_exit_stop=1 exec=1 leader_wexit_before_exec=0 order=EXIT@L,EXEC@L,EXIT@L,XL:0,
iter=139 sc=S3p L=2952208 [t,0] [R,1792] [R,0] [R,1029] [t,1029] zombie_1792_samples=0 exec_msg=0x2d0c11 T=2952209 waitid_formerT=ECHILD proc_formerT=- held_leader_tid_now=t leader_exit_stop=1 exec=1 leader_wexit_before_exec=0 order=EXIT@L,EXEC@L,EXIT@L,XL:0,
iter=140 sc=S3p L=2952441 [t,0] [R,0] [t,1029] zombie_1792_samples=0 exec_msg=0x2d0cfb T=2952443 waitid_formerT=ECHILD proc_formerT=- held_leader_tid_now=t leader_exit_stop=1 exec=1 leader_wexit_before_exec=0 order=EXIT@L,EXEC@L,EXIT@L,XL:0,
iter=141 sc=S3p L=2952649 [t,0] [R,0] [R,1029] [t,1029] zombie_1792_samples=0 exec_msg=0x2d0dca T=2952650 waitid_formerT=ECHILD proc_formerT=- held_leader_tid_now=t leader_exit_stop=1 exec=1 leader_wexit_before_exec=0 order=EXIT@L,EXEC@L,EXIT@L,XL:0,
iter=142 sc=S3p L=2952841 [t,0] [R,0] [R,1029] [t,1029] zombie_1792_samples=0 exec_msg=0x2d0e8a T=2952842 waitid_formerT=ECHILD proc_formerT=- held_leader_tid_now=t leader_exit_stop=1 exec=1 leader_wexit_before_exec=0 order=EXIT@L,EXEC@L,EXIT@L,XL:0,
iter=143 sc=S3p L=2952935 [t,0] zombie_1792_samples=0 exec_msg=0x2d0ee8 T=2952936 waitid_formerT=ECHILD proc_formerT=- held_leader_tid_now=t leader_exit_stop=1 exec=1 leader_wexit_before_exec=0 order=EXIT@L,EXEC@L,EXIT@L,XL:0,
iter=144 sc=S3p L=2953260 [t,0] [t,1792] [Z,0] [R,0] [t,1029] zombie_1792_samples=0 exec_msg=0x2d102f T=2953263 waitid_formerT=ECHILD proc_formerT=- held_leader_tid_now=t leader_exit_stop=1 exec=1 leader_wexit_before_exec=0 order=EXIT@L,EXEC@L,EXIT@L,XL:0,
iter=145 sc=S3p L=2953488 [t,0] [t,1792] [Z,0] [R,0] [t,1029] zombie_1792_samples=0 exec_msg=0x2d1115 T=2953493 waitid_formerT=ECHILD proc_formerT=- held_leader_tid_now=t leader_exit_stop=1 exec=1 leader_wexit_before_exec=0 order=EXIT@L,EXEC@L,EXIT@L,XL:0,
iter=146 sc=S3p L=2953783 [t,0] [Z,0] [R,0] [t,1029] zombie_1792_samples=0 exec_msg=0x2d1238 T=2953784 waitid_formerT=ECHILD proc_formerT=- held_leader_tid_now=t leader_exit_stop=1 exec=1 leader_wexit_before_exec=0 order=EXIT@L,EXEC@L,EXIT@L,XL:0,
iter=147 sc=S3p L=2953982 [t,0] [t,1792] [R,0] [t,1029] zombie_1792_samples=0 exec_msg=0x2d1302 T=2953986 waitid_formerT=ECHILD proc_formerT=- held_leader_tid_now=t leader_exit_stop=1 exec=1 leader_wexit_before_exec=0 order=EXIT@L,EXEC@L,EXIT@L,XL:0,
iter=148 sc=S3p L=2954184 [t,0] [R,1792] [R,0] [R,1029] [t,1029] zombie_1792_samples=0 exec_msg=0x2d13cb T=2954187 waitid_formerT=ECHILD proc_formerT=- held_leader_tid_now=t leader_exit_stop=1 exec=1 leader_wexit_before_exec=0 order=EXIT@L,EXEC@L,EXIT@L,XL:0,
iter=149 sc=S3p L=2954400 [t,0] zombie_1792_samples=0 exec_msg=0x2d14a1 T=2954401 waitid_formerT=ECHILD proc_formerT=- held_leader_tid_now=t leader_exit_stop=1 exec=1 leader_wexit_before_exec=0 order=EXIT@L,EXEC@L,EXIT@L,XL:0,
iter=150 sc=S3p L=2954696 [t,0] [R,0] [t,1029] zombie_1792_samples=0 exec_msg=0x2d15cb T=2954699 waitid_formerT=ECHILD proc_formerT=- held_leader_tid_now=t leader_exit_stop=1 exec=1 leader_wexit_before_exec=0 order=EXIT@L,EXEC@L,EXIT@L,XL:0,
iter=151 sc=S3p L=2954915 [t,0] [t,1792] [Z,0] [R,0] [R,1029] [t,1029] zombie_1792_samples=0 exec_msg=0x2d16a6 T=2954918 waitid_formerT=ECHILD proc_formerT=- held_leader_tid_now=t leader_exit_stop=1 exec=1 leader_wexit_before_exec=0 order=EXIT@L,EXEC@L,EXIT@L,XL:0,
iter=152 sc=S3p L=2955207 [t,0] [t,1792] [R,0] [R,1029] [t,1029] zombie_1792_samples=0 exec_msg=0x2d17ce T=2955214 waitid_formerT=ECHILD proc_formerT=- held_leader_tid_now=t leader_exit_stop=1 exec=1 leader_wexit_before_exec=0 order=EXIT@L,EXEC@L,EXIT@L,XL:0,
iter=153 sc=S3p L=2955539 [t,0] [R,0] [t,1029] zombie_1792_samples=0 exec_msg=0x2d1915 T=2955541 waitid_formerT=ECHILD proc_formerT=- held_leader_tid_now=t leader_exit_stop=1 exec=1 leader_wexit_before_exec=0 order=EXIT@L,EXEC@L,EXIT@L,XL:0,
iter=154 sc=S3p L=2955817 [t,0] [t,1792] [R,0] [R,1029] [t,1029] zombie_1792_samples=0 exec_msg=0x2d1a2b T=2955819 waitid_formerT=ECHILD proc_formerT=- held_leader_tid_now=t leader_exit_stop=1 exec=1 leader_wexit_before_exec=0 order=EXIT@L,EXEC@L,EXIT@L,XL:0,
iter=155 sc=S3p L=2956131 [t,0] [R,1792] [R,0] [t,1029] zombie_1792_samples=0 exec_msg=0x2d1b64 T=2956132 waitid_formerT=ECHILD proc_formerT=- held_leader_tid_now=t leader_exit_stop=1 exec=1 leader_wexit_before_exec=0 order=EXIT@L,EXEC@L,EXIT@L,XL:0,
iter=156 sc=S3p L=2956381 [t,0] zombie_1792_samples=0 exec_msg=0x2d1c60 T=2956384 waitid_formerT=ECHILD proc_formerT=- held_leader_tid_now=t leader_exit_stop=1 exec=1 leader_wexit_before_exec=0 order=EXIT@L,EXEC@L,EXIT@L,XL:0,
iter=157 sc=S3p L=2956730 [t,0] zombie_1792_samples=0 exec_msg=0x2d1dbd T=2956733 waitid_formerT=ECHILD proc_formerT=- held_leader_tid_now=t leader_exit_stop=1 exec=1 leader_wexit_before_exec=0 order=EXIT@L,EXEC@L,EXIT@L,XL:0,
iter=158 sc=S3p L=2956932 [t,0] [t,1792] [R,1792] [R,0] [R,1029] [t,1029] zombie_1792_samples=0 exec_msg=0x2d1e89 T=2956937 waitid_formerT=ECHILD proc_formerT=- held_leader_tid_now=t leader_exit_stop=1 exec=1 leader_wexit_before_exec=0 order=EXIT@L,EXEC@L,EXIT@L,XL:0,
iter=159 sc=S3p L=2957190 [t,0] [t,1792] [R,0] [R,1029] [t,1029] zombie_1792_samples=0 exec_msg=0x2d1f89 T=2957193 waitid_formerT=ECHILD proc_formerT=- held_leader_tid_now=t leader_exit_stop=1 exec=1 leader_wexit_before_exec=0 order=EXIT@L,EXEC@L,EXIT@L,XL:0,
iter=160 sc=S3p L=2957487 [t,0] [t,1792] [R,0] [R,1029] [t,1029] zombie_1792_samples=0 exec_msg=0x2d20b0 T=2957488 waitid_formerT=ECHILD proc_formerT=- held_leader_tid_now=t leader_exit_stop=1 exec=1 leader_wexit_before_exec=0 order=EXIT@L,EXEC@L,EXIT@L,XL:0,
iter=161 sc=S3p L=2957661 [t,0] [R,1792] [R,0] [R,1029] [t,1029] zombie_1792_samples=0 exec_msg=0x2d215f T=2957663 waitid_formerT=ECHILD proc_formerT=- held_leader_tid_now=t leader_exit_stop=1 exec=1 leader_wexit_before_exec=0 order=EXIT@L,EXEC@L,EXIT@L,XL:0,
iter=162 sc=S3p L=2957980 [t,0] [Z,0] [R,0] [R,1029] [t,1029] zombie_1792_samples=0 exec_msg=0x2d229d T=2957981 waitid_formerT=ECHILD proc_formerT=- held_leader_tid_now=t leader_exit_stop=1 exec=1 leader_wexit_before_exec=0 order=EXIT@L,EXEC@L,EXIT@L,XL:0,
iter=163 sc=S3p L=2958197 [t,0] [t,1792] [R,0] [R,1029] [t,1029] zombie_1792_samples=0 exec_msg=0x2d2379 T=2958201 waitid_formerT=ECHILD proc_formerT=- held_leader_tid_now=t leader_exit_stop=1 exec=1 leader_wexit_before_exec=0 order=EXIT@L,EXEC@L,EXIT@L,XL:0,
iter=164 sc=S3p L=2958416 [t,0] [R,1792] [R,0] [t,1029] zombie_1792_samples=0 exec_msg=0x2d2455 T=2958421 waitid_formerT=ECHILD proc_formerT=- held_leader_tid_now=t leader_exit_stop=1 exec=1 leader_wexit_before_exec=0 order=EXIT@L,EXEC@L,EXIT@L,XL:0,
iter=165 sc=S3p L=2958706 [t,0] [t,1792] [Z,0] [R,0] [t,1029] zombie_1792_samples=0 exec_msg=0x2d2578 T=2958712 waitid_formerT=ECHILD proc_formerT=- held_leader_tid_now=t leader_exit_stop=1 exec=1 leader_wexit_before_exec=0 order=EXIT@L,EXEC@L,EXIT@L,XL:0,
iter=166 sc=S3p L=2958976 [t,0] [R,1792] [R,0] [t,1029] zombie_1792_samples=0 exec_msg=0x2d2682 T=2958978 waitid_formerT=ECHILD proc_formerT=- held_leader_tid_now=t leader_exit_stop=1 exec=1 leader_wexit_before_exec=0 order=EXIT@L,EXEC@L,EXIT@L,XL:0,
iter=167 sc=S3p L=2959215 [t,0] [t,1792] [R,0] [t,1029] zombie_1792_samples=0 exec_msg=0x2d2772 T=2959218 waitid_formerT=ECHILD proc_formerT=- held_leader_tid_now=t leader_exit_stop=1 exec=1 leader_wexit_before_exec=0 order=EXIT@L,EXEC@L,EXIT@L,XL:0,
iter=168 sc=S3p L=2959466 [t,0] [R,0] [R,1029] [t,1029] zombie_1792_samples=0 exec_msg=0x2d286b T=2959467 waitid_formerT=ECHILD proc_formerT=- held_leader_tid_now=t leader_exit_stop=1 exec=1 leader_wexit_before_exec=0 order=EXIT@L,EXEC@L,EXIT@L,XL:0,
iter=169 sc=S3p L=2959733 [t,0] [t,1792] [Z,0] [R,0] [R,1029] [t,1029] zombie_1792_samples=0 exec_msg=0x2d297a T=2959738 waitid_formerT=ECHILD proc_formerT=- held_leader_tid_now=t leader_exit_stop=1 exec=1 leader_wexit_before_exec=0 order=EXIT@L,EXEC@L,EXIT@L,XL:0,
iter=170 sc=S3p L=2959993 [t,0] [t,1792] [Z,0] [R,0] [R,1029] [t,1029] zombie_1792_samples=0 exec_msg=0x2d2a7b T=2959995 waitid_formerT=ECHILD proc_formerT=- held_leader_tid_now=t leader_exit_stop=1 exec=1 leader_wexit_before_exec=0 order=EXIT@L,EXEC@L,EXIT@L,XL:0,
iter=171 sc=S3p L=2960256 [t,0] [t,1792] [R,0] [R,1029] [t,1029] zombie_1792_samples=0 exec_msg=0x2d2b81 T=2960257 waitid_formerT=ECHILD proc_formerT=- held_leader_tid_now=t leader_exit_stop=1 exec=1 leader_wexit_before_exec=0 order=EXIT@L,EXEC@L,EXIT@L,XL:0,
iter=172 sc=S3p L=2960497 [t,0] [Z,0] [R,0] [t,1029] zombie_1792_samples=0 exec_msg=0x2d2c72 T=2960498 waitid_formerT=ECHILD proc_formerT=- held_leader_tid_now=t leader_exit_stop=1 exec=1 leader_wexit_before_exec=0 order=EXIT@L,EXEC@L,EXIT@L,XL:0,
iter=173 sc=S3p L=2960770 [t,0] [R,1792] [R,0] [t,1029] zombie_1792_samples=0 exec_msg=0x2d2d86 T=2960774 waitid_formerT=ECHILD proc_formerT=- held_leader_tid_now=t leader_exit_stop=1 exec=1 leader_wexit_before_exec=0 order=EXIT@L,EXEC@L,EXIT@L,XL:0,
iter=174 sc=S3p L=2961017 [t,0] [R,1792] [R,0] [t,1029] zombie_1792_samples=0 exec_msg=0x2d2e7b T=2961019 waitid_formerT=ECHILD proc_formerT=- held_leader_tid_now=t leader_exit_stop=1 exec=1 leader_wexit_before_exec=0 order=EXIT@L,EXEC@L,EXIT@L,XL:0,
iter=175 sc=S3p L=2961232 [t,0] [R,1792] [R,0] [R,1029] [t,1029] zombie_1792_samples=0 exec_msg=0x2d2f52 T=2961234 waitid_formerT=ECHILD proc_formerT=- held_leader_tid_now=t leader_exit_stop=1 exec=1 leader_wexit_before_exec=0 order=EXIT@L,EXEC@L,EXIT@L,XL:0,
iter=176 sc=S3p L=2961528 [t,0] [t,1792] [Z,1792] [R,0] [t,1029] zombie_1792_samples=6 exec_msg=0x2d307f T=2961535 waitid_formerT=ECHILD proc_formerT=- held_leader_tid_now=t leader_exit_stop=1 exec=1 leader_wexit_before_exec=0 order=EXIT@L,EXEC@L,EXIT@L,XL:0,
iter=177 sc=S3p L=2961788 [t,0] [R,0] [R,1029] [t,1029] zombie_1792_samples=0 exec_msg=0x2d317d T=2961789 waitid_formerT=ECHILD proc_formerT=- held_leader_tid_now=t leader_exit_stop=1 exec=1 leader_wexit_before_exec=0 order=EXIT@L,EXEC@L,EXIT@L,XL:0,
iter=178 sc=S3p L=2962007 [t,0] [R,0] [t,1029] zombie_1792_samples=0 exec_msg=0x2d325c T=2962012 waitid_formerT=ECHILD proc_formerT=- held_leader_tid_now=t leader_exit_stop=1 exec=1 leader_wexit_before_exec=0 order=EXIT@L,EXEC@L,EXIT@L,XL:0,
iter=179 sc=S3p L=2962255 [t,0] [Z,0] [R,0] [t,1029] zombie_1792_samples=0 exec_msg=0x2d3355 T=2962261 waitid_formerT=ECHILD proc_formerT=- held_leader_tid_now=t leader_exit_stop=1 exec=1 leader_wexit_before_exec=0 order=EXIT@L,EXEC@L,EXIT@L,XL:0,
iter=180 sc=S3p L=2962455 [t,0] [R,0] [t,1029] zombie_1792_samples=0 exec_msg=0x2d3418 T=2962456 waitid_formerT=ECHILD proc_formerT=- held_leader_tid_now=t leader_exit_stop=1 exec=1 leader_wexit_before_exec=0 order=EXIT@L,EXEC@L,EXIT@L,XL:0,
iter=181 sc=S3p L=2962678 [t,0] [R,1792] [R,0] [R,1029] [t,1029] zombie_1792_samples=0 exec_msg=0x2d34f8 T=2962680 waitid_formerT=ECHILD proc_formerT=- held_leader_tid_now=t leader_exit_stop=1 exec=1 leader_wexit_before_exec=0 order=EXIT@L,EXEC@L,EXIT@L,XL:0,
iter=182 sc=S3p L=2962915 [t,0] [t,1792] [R,0] [t,1029] zombie_1792_samples=0 exec_msg=0x2d35e7 T=2962919 waitid_formerT=ECHILD proc_formerT=- held_leader_tid_now=t leader_exit_stop=1 exec=1 leader_wexit_before_exec=0 order=EXIT@L,EXEC@L,EXIT@L,XL:0,
iter=183 sc=S3p L=2963229 [t,0] [t,1792] [R,0] [R,1029] [t,1029] zombie_1792_samples=0 exec_msg=0x2d371e T=2963230 waitid_formerT=ECHILD proc_formerT=- held_leader_tid_now=t leader_exit_stop=1 exec=1 leader_wexit_before_exec=0 order=EXIT@L,EXEC@L,EXIT@L,XL:0,
iter=184 sc=S3p L=2963475 [t,0] [t,1792] [Z,0] [R,0] [t,1029] zombie_1792_samples=0 exec_msg=0x2d3817 T=2963479 waitid_formerT=ECHILD proc_formerT=- held_leader_tid_now=t leader_exit_stop=1 exec=1 leader_wexit_before_exec=0 order=EXIT@L,EXEC@L,EXIT@L,XL:0,
iter=185 sc=S3p L=2963732 [t,0] [t,1792] [Z,0] [R,0] [t,1029] zombie_1792_samples=0 exec_msg=0x2d3918 T=2963736 waitid_formerT=ECHILD proc_formerT=- held_leader_tid_now=t leader_exit_stop=1 exec=1 leader_wexit_before_exec=0 order=EXIT@L,EXEC@L,EXIT@L,XL:0,
iter=186 sc=S3p L=2964013 [t,0] [R,1792] [R,0] [t,1029] zombie_1792_samples=0 exec_msg=0x2d3a30 T=2964016 waitid_formerT=ECHILD proc_formerT=- held_leader_tid_now=t leader_exit_stop=1 exec=1 leader_wexit_before_exec=0 order=EXIT@L,EXEC@L,EXIT@L,XL:0,
iter=187 sc=S3p L=2964171 [t,0] [R,1792] [R,0] [R,1029] [t,1029] zombie_1792_samples=0 exec_msg=0x2d3acd T=2964173 waitid_formerT=ECHILD proc_formerT=- held_leader_tid_now=t leader_exit_stop=1 exec=1 leader_wexit_before_exec=0 order=EXIT@L,EXEC@L,EXIT@L,XL:0,
iter=188 sc=S3p L=2964303 [t,0] [R,0] [R,1029] [t,1029] zombie_1792_samples=0 exec_msg=0x2d3b50 T=2964304 waitid_formerT=ECHILD proc_formerT=- held_leader_tid_now=t leader_exit_stop=1 exec=1 leader_wexit_before_exec=0 order=EXIT@L,EXEC@L,EXIT@L,XL:0,
iter=189 sc=S3p L=2964329 [t,0] [Z,0] [R,0] [t,1029] zombie_1792_samples=0 exec_msg=0x2d3b6a T=2964330 waitid_formerT=ECHILD proc_formerT=- held_leader_tid_now=t leader_exit_stop=1 exec=1 leader_wexit_before_exec=0 order=EXIT@L,EXEC@L,EXIT@L,XL:0,
iter=190 sc=S3p L=2964404 [t,0] [R,1792] [R,0] [R,1029] [t,1029] zombie_1792_samples=0 exec_msg=0x2d3bb6 T=2964406 waitid_formerT=ECHILD proc_formerT=- held_leader_tid_now=t leader_exit_stop=1 exec=1 leader_wexit_before_exec=0 order=EXIT@L,EXEC@L,EXIT@L,XL:0,
iter=191 sc=S3p L=2964514 [t,0] [R,1792] [R,0] [t,1029] zombie_1792_samples=0 exec_msg=0x2d3c24 T=2964516 waitid_formerT=ECHILD proc_formerT=- held_leader_tid_now=t leader_exit_stop=1 exec=1 leader_wexit_before_exec=0 order=EXIT@L,EXEC@L,EXIT@L,XL:0,
iter=192 sc=S3p L=2964665 [t,0] [t,1792] [Z,0] [R,0] [t,1029] zombie_1792_samples=0 exec_msg=0x2d3cbf T=2964671 waitid_formerT=ECHILD proc_formerT=- held_leader_tid_now=t leader_exit_stop=1 exec=1 leader_wexit_before_exec=0 order=EXIT@L,EXEC@L,EXIT@L,XL:0,
iter=193 sc=S3p L=2965171 [t,0] [R,0] [t,1029] zombie_1792_samples=0 exec_msg=0x2d3eb4 T=2965172 waitid_formerT=ECHILD proc_formerT=- held_leader_tid_now=t leader_exit_stop=1 exec=1 leader_wexit_before_exec=0 order=EXIT@L,EXEC@L,EXIT@L,XL:0,
iter=194 sc=S3p L=2965409 [t,0] [Z,0] [R,0] [t,1029] zombie_1792_samples=0 exec_msg=0x2d3fa3 T=2965411 waitid_formerT=ECHILD proc_formerT=- held_leader_tid_now=t leader_exit_stop=1 exec=1 leader_wexit_before_exec=0 order=EXIT@L,EXEC@L,EXIT@L,XL:0,
iter=195 sc=S3p L=2965585 [t,0] [R,1792] [R,0] [t,1029] zombie_1792_samples=0 exec_msg=0x2d4052 T=2965586 waitid_formerT=ECHILD proc_formerT=- held_leader_tid_now=t leader_exit_stop=1 exec=1 leader_wexit_before_exec=0 order=EXIT@L,EXEC@L,EXIT@L,XL:0,
iter=196 sc=S3p L=2965820 [t,0] [R,0] [t,1029] zombie_1792_samples=0 exec_msg=0x2d413f T=2965823 waitid_formerT=ECHILD proc_formerT=- held_leader_tid_now=t leader_exit_stop=1 exec=1 leader_wexit_before_exec=0 order=EXIT@L,EXEC@L,EXIT@L,XL:0,
iter=197 sc=S3p L=2966128 [t,0] [t,1792] [R,0] [t,1029] zombie_1792_samples=0 exec_msg=0x2d4274 T=2966132 waitid_formerT=ECHILD proc_formerT=- held_leader_tid_now=t leader_exit_stop=1 exec=1 leader_wexit_before_exec=0 order=EXIT@L,EXEC@L,EXIT@L,XL:0,
iter=198 sc=S3p L=2966385 [t,0] [R,0] [t,1029] zombie_1792_samples=0 exec_msg=0x2d4372 T=2966386 waitid_formerT=ECHILD proc_formerT=- held_leader_tid_now=t leader_exit_stop=1 exec=1 leader_wexit_before_exec=0 order=EXIT@L,EXEC@L,EXIT@L,XL:0,
iter=199 sc=S3p L=2966669 [t,0] [R,1792] [R,0] [t,1029] zombie_1792_samples=0 exec_msg=0x2d448e T=2966670 waitid_formerT=ECHILD proc_formerT=- held_leader_tid_now=t leader_exit_stop=1 exec=1 leader_wexit_before_exec=0 order=EXIT@L,EXEC@L,EXIT@L,XL:0,
iter=200 sc=S3p L=2966906 [t,0] [t,1792] [R,1792] [R,0] [R,1029] [t,1029] zombie_1792_samples=0 exec_msg=0x2d457f T=2966911 waitid_formerT=ECHILD proc_formerT=- held_leader_tid_now=t leader_exit_stop=1 exec=1 leader_wexit_before_exec=0 order=EXIT@L,EXEC@L,EXIT@L,XL:0,
iter=201 sc=S3p L=2967152 [t,0] [R,1792] [R,0] [t,1029] zombie_1792_samples=0 exec_msg=0x2d4672 T=2967154 waitid_formerT=ECHILD proc_formerT=- held_leader_tid_now=t leader_exit_stop=1 exec=1 leader_wexit_before_exec=0 order=EXIT@L,EXEC@L,EXIT@L,XL:0,
iter=202 sc=S3p L=2967393 [t,0] [R,0] [t,1029] zombie_1792_samples=0 exec_msg=0x2d4763 T=2967395 waitid_formerT=ECHILD proc_formerT=- held_leader_tid_now=t leader_exit_stop=1 exec=1 leader_wexit_before_exec=0 order=EXIT@L,EXEC@L,EXIT@L,XL:0,
iter=203 sc=S3p L=2967652 [t,0] [R,0] [R,1029] [t,1029] zombie_1792_samples=0 exec_msg=0x2d4867 T=2967655 waitid_formerT=ECHILD proc_formerT=- held_leader_tid_now=t leader_exit_stop=1 exec=1 leader_wexit_before_exec=0 order=EXIT@L,EXEC@L,EXIT@L,XL:0,
iter=204 sc=S3p L=2967885 [t,0] [R,0] [t,1029] zombie_1792_samples=0 exec_msg=0x2d494e T=2967886 waitid_formerT=ECHILD proc_formerT=- held_leader_tid_now=t leader_exit_stop=1 exec=1 leader_wexit_before_exec=0 order=EXIT@L,EXEC@L,EXIT@L,XL:0,
iter=205 sc=S3p L=2968159 [t,0] [R,1792] [R,0] [R,1029] [t,1029] zombie_1792_samples=0 exec_msg=0x2d4a63 T=2968163 waitid_formerT=ECHILD proc_formerT=- held_leader_tid_now=t leader_exit_stop=1 exec=1 leader_wexit_before_exec=0 order=EXIT@L,EXEC@L,EXIT@L,XL:0,
iter=206 sc=S3p L=2968364 [t,0] [R,0] [R,1029] [t,1029] zombie_1792_samples=0 exec_msg=0x2d4b2d T=2968365 waitid_formerT=ECHILD proc_formerT=- held_leader_tid_now=t leader_exit_stop=1 exec=1 leader_wexit_before_exec=0 order=EXIT@L,EXEC@L,EXIT@L,XL:0,
iter=207 sc=S3p L=2968628 [t,0] [R,1792] [Z,0] [R,0] [t,1029] zombie_1792_samples=0 exec_msg=0x2d4c35 T=2968629 waitid_formerT=ECHILD proc_formerT=- held_leader_tid_now=t leader_exit_stop=1 exec=1 leader_wexit_before_exec=0 order=EXIT@L,EXEC@L,EXIT@L,XL:0,
iter=208 sc=S3p L=2968900 [t,0] zombie_1792_samples=0 exec_msg=0x2d4d45 T=2968901 waitid_formerT=ECHILD proc_formerT=- held_leader_tid_now=t leader_exit_stop=1 exec=1 leader_wexit_before_exec=0 order=EXIT@L,EXEC@L,EXIT@L,XL:0,
iter=209 sc=S3p L=2969153 [t,0] [R,1792] [R,0] [t,1029] zombie_1792_samples=0 exec_msg=0x2d4e43 T=2969155 waitid_formerT=ECHILD proc_formerT=- held_leader_tid_now=t leader_exit_stop=1 exec=1 leader_wexit_before_exec=0 order=EXIT@L,EXEC@L,EXIT@L,XL:0,
iter=210 sc=S3p L=2969410 [t,0] [R,1792] [R,0] [R,1029] [t,1029] zombie_1792_samples=0 exec_msg=0x2d4f43 T=2969411 waitid_formerT=ECHILD proc_formerT=- held_leader_tid_now=t leader_exit_stop=1 exec=1 leader_wexit_before_exec=0 order=EXIT@L,EXEC@L,EXIT@L,XL:0,
iter=211 sc=S3p L=2969670 [t,0] [R,0] [t,1029] zombie_1792_samples=0 exec_msg=0x2d504a T=2969674 waitid_formerT=ECHILD proc_formerT=- held_leader_tid_now=t leader_exit_stop=1 exec=1 leader_wexit_before_exec=0 order=EXIT@L,EXEC@L,EXIT@L,XL:0,
iter=212 sc=S3p L=2969895 [t,0] [t,1792] [R,0] [t,1029] zombie_1792_samples=0 exec_msg=0x2d5129 T=2969897 waitid_formerT=ECHILD proc_formerT=- held_leader_tid_now=t leader_exit_stop=1 exec=1 leader_wexit_before_exec=0 order=EXIT@L,EXEC@L,EXIT@L,XL:0,
iter=213 sc=S3p L=2970124 [t,0] [t,1792] [R,0] [R,1029] [t,1029] zombie_1792_samples=0 exec_msg=0x2d520e T=2970126 waitid_formerT=ECHILD proc_formerT=- held_leader_tid_now=t leader_exit_stop=1 exec=1 leader_wexit_before_exec=0 order=EXIT@L,EXEC@L,EXIT@L,XL:0,
iter=214 sc=S3p L=2970363 [t,0] [R,1792] [R,0] [t,1029] zombie_1792_samples=0 exec_msg=0x2d52fe T=2970366 waitid_formerT=ECHILD proc_formerT=- held_leader_tid_now=t leader_exit_stop=1 exec=1 leader_wexit_before_exec=0 order=EXIT@L,EXEC@L,EXIT@L,XL:0,
iter=215 sc=S3p L=2970601 [t,0] [R,1792] [R,0] [t,1029] zombie_1792_samples=0 exec_msg=0x2d53ea T=2970602 waitid_formerT=ECHILD proc_formerT=- held_leader_tid_now=t leader_exit_stop=1 exec=1 leader_wexit_before_exec=0 order=EXIT@L,EXEC@L,EXIT@L,XL:0,
iter=216 sc=S3p L=2970908 [t,0] [R,0] [t,1029] zombie_1792_samples=0 exec_msg=0x2d5523 T=2970915 waitid_formerT=ECHILD proc_formerT=- held_leader_tid_now=t leader_exit_stop=1 exec=1 leader_wexit_before_exec=0 order=EXIT@L,EXEC@L,EXIT@L,XL:0,
iter=217 sc=S3p L=2971153 [t,0] [R,1792] [R,0] [t,1029] zombie_1792_samples=0 exec_msg=0x2d5613 T=2971155 waitid_formerT=ECHILD proc_formerT=- held_leader_tid_now=t leader_exit_stop=1 exec=1 leader_wexit_before_exec=0 order=EXIT@L,EXEC@L,EXIT@L,XL:0,
iter=218 sc=S3p L=2971401 [t,0] [R,0] [t,1029] zombie_1792_samples=0 exec_msg=0x2d570a T=2971402 waitid_formerT=ECHILD proc_formerT=- held_leader_tid_now=t leader_exit_stop=1 exec=1 leader_wexit_before_exec=0 order=EXIT@L,EXEC@L,EXIT@L,XL:0,
iter=219 sc=S3p L=2971679 [t,0] [R,1792] [R,0] [R,1029] [t,1029] zombie_1792_samples=0 exec_msg=0x2d5821 T=2971681 waitid_formerT=ECHILD proc_formerT=- held_leader_tid_now=t leader_exit_stop=1 exec=1 leader_wexit_before_exec=0 order=EXIT@L,EXEC@L,EXIT@L,XL:0,
iter=220 sc=S3p L=2971910 [t,0] [R,1792] [Z,0] [R,0] [t,1029] zombie_1792_samples=0 exec_msg=0x2d5908 T=2971912 waitid_formerT=ECHILD proc_formerT=- held_leader_tid_now=t leader_exit_stop=1 exec=1 leader_wexit_before_exec=0 order=EXIT@L,EXEC@L,EXIT@L,XL:0,
iter=221 sc=S3p L=2972150 [t,0] [R,0] [R,1029] [t,1029] zombie_1792_samples=0 exec_msg=0x2d59fa T=2972154 waitid_formerT=ECHILD proc_formerT=- held_leader_tid_now=t leader_exit_stop=1 exec=1 leader_wexit_before_exec=0 order=EXIT@L,EXEC@L,EXIT@L,XL:0,
iter=222 sc=S3p L=2972496 [t,0] [R,0] [R,1029] [t,1029] zombie_1792_samples=0 exec_msg=0x2d5b52 T=2972498 waitid_formerT=ECHILD proc_formerT=- held_leader_tid_now=t leader_exit_stop=1 exec=1 leader_wexit_before_exec=0 order=EXIT@L,EXEC@L,EXIT@L,XL:0,
iter=223 sc=S3p L=2972740 [t,0] zombie_1792_samples=0 exec_msg=0x2d5c47 T=2972743 waitid_formerT=ECHILD proc_formerT=- held_leader_tid_now=t leader_exit_stop=1 exec=1 leader_wexit_before_exec=0 order=EXIT@L,EXEC@L,EXIT@L,XL:0,
iter=224 sc=S3p L=2973137 [t,0] zombie_1792_samples=0 exec_msg=0x2d5dd4 T=2973140 waitid_formerT=ECHILD proc_formerT=- held_leader_tid_now=t leader_exit_stop=1 exec=1 leader_wexit_before_exec=0 order=EXIT@L,EXEC@L,EXIT@L,XL:0,
iter=225 sc=S3p L=2973429 [t,0] [R,1792] [R,0] [R,1029] [t,1029] zombie_1792_samples=0 exec_msg=0x2d5efa T=2973434 waitid_formerT=ECHILD proc_formerT=- held_leader_tid_now=t leader_exit_stop=1 exec=1 leader_wexit_before_exec=0 order=EXIT@L,EXEC@L,EXIT@L,XL:0,
iter=226 sc=S3p L=2973675 [t,0] [t,1792] [R,0] [t,1029] zombie_1792_samples=0 exec_msg=0x2d5fed T=2973677 waitid_formerT=ECHILD proc_formerT=- held_leader_tid_now=t leader_exit_stop=1 exec=1 leader_wexit_before_exec=0 order=EXIT@L,EXEC@L,EXIT@L,XL:0,
iter=227 sc=S3p L=2974005 [t,0] [R,1792] [R,0] [t,1029] zombie_1792_samples=0 exec_msg=0x2d6136 T=2974006 waitid_formerT=ECHILD proc_formerT=- held_leader_tid_now=t leader_exit_stop=1 exec=1 leader_wexit_before_exec=0 order=EXIT@L,EXEC@L,EXIT@L,XL:0,
iter=228 sc=S3p L=2974263 [t,0] [R,0] [R,1029] [t,1029] zombie_1792_samples=0 exec_msg=0x2d623a T=2974266 waitid_formerT=ECHILD proc_formerT=- held_leader_tid_now=t leader_exit_stop=1 exec=1 leader_wexit_before_exec=0 order=EXIT@L,EXEC@L,EXIT@L,XL:0,
iter=229 sc=S3p L=2974556 [t,0] [R,0] [t,1029] zombie_1792_samples=0 exec_msg=0x2d635d T=2974557 waitid_formerT=ECHILD proc_formerT=- held_leader_tid_now=t leader_exit_stop=1 exec=1 leader_wexit_before_exec=0 order=EXIT@L,EXEC@L,EXIT@L,XL:0,
iter=230 sc=S3p L=2974828 [t,0] zombie_1792_samples=0 exec_msg=0x2d6473 T=2974835 waitid_formerT=ECHILD proc_formerT=- held_leader_tid_now=t leader_exit_stop=1 exec=1 leader_wexit_before_exec=0 order=EXIT@L,EXEC@L,EXIT@L,XL:0,
iter=231 sc=S3p L=2975090 [t,0] [R,0] [R,1029] [t,1029] zombie_1792_samples=0 exec_msg=0x2d6573 T=2975091 waitid_formerT=ECHILD proc_formerT=- held_leader_tid_now=t leader_exit_stop=1 exec=1 leader_wexit_before_exec=0 order=EXIT@L,EXEC@L,EXIT@L,XL:0,
iter=232 sc=S3p L=2975313 [t,0] [t,1792] [Z,1792] [R,0] [R,1029] [t,1029] zombie_1792_samples=1 exec_msg=0x2d6655 T=2975317 waitid_formerT=ECHILD proc_formerT=- held_leader_tid_now=t leader_exit_stop=1 exec=1 leader_wexit_before_exec=0 order=EXIT@L,EXEC@L,EXIT@L,XL:0,
iter=233 sc=S3p L=2975605 [t,0] [R,1792] [R,0] [R,1029] [t,1029] zombie_1792_samples=0 exec_msg=0x2d6778 T=2975608 waitid_formerT=ECHILD proc_formerT=- held_leader_tid_now=t leader_exit_stop=1 exec=1 leader_wexit_before_exec=0 order=EXIT@L,EXEC@L,EXIT@L,XL:0,
iter=234 sc=S3p L=2975869 [t,0] [R,0] [R,1029] [t,1029] zombie_1792_samples=0 exec_msg=0x2d687f T=2975871 waitid_formerT=ECHILD proc_formerT=- held_leader_tid_now=t leader_exit_stop=1 exec=1 leader_wexit_before_exec=0 order=EXIT@L,EXEC@L,EXIT@L,XL:0,
iter=235 sc=S3p L=2976114 [t,0] [t,1792] [R,0] [t,1029] zombie_1792_samples=0 exec_msg=0x2d6976 T=2976118 waitid_formerT=ECHILD proc_formerT=- held_leader_tid_now=t leader_exit_stop=1 exec=1 leader_wexit_before_exec=0 order=EXIT@L,EXEC@L,EXIT@L,XL:0,
iter=236 sc=S3p L=2976365 [t,0] [Z,0] [R,0] [R,1029] [t,1029] zombie_1792_samples=0 exec_msg=0x2d6a71 T=2976369 waitid_formerT=ECHILD proc_formerT=- held_leader_tid_now=t leader_exit_stop=1 exec=1 leader_wexit_before_exec=0 order=EXIT@L,EXEC@L,EXIT@L,XL:0,
iter=237 sc=S3p L=2976627 [t,0] [t,1792] [Z,0] [R,0] [t,1029] zombie_1792_samples=0 exec_msg=0x2d6b77 T=2976631 waitid_formerT=ECHILD proc_formerT=- held_leader_tid_now=t leader_exit_stop=1 exec=1 leader_wexit_before_exec=0 order=EXIT@L,EXEC@L,EXIT@L,XL:0,
iter=238 sc=S3p L=2976900 [t,0] [R,0] [t,1029] zombie_1792_samples=0 exec_msg=0x2d6c85 T=2976901 waitid_formerT=ECHILD proc_formerT=- held_leader_tid_now=t leader_exit_stop=1 exec=1 leader_wexit_before_exec=0 order=EXIT@L,EXEC@L,EXIT@L,XL:0,
iter=239 sc=S3p L=2977121 [t,0] [t,1792] [Z,0] [R,0] [R,1029] [t,1029] zombie_1792_samples=0 exec_msg=0x2d6d64 T=2977124 waitid_formerT=ECHILD proc_formerT=- held_leader_tid_now=t leader_exit_stop=1 exec=1 leader_wexit_before_exec=0 order=EXIT@L,EXEC@L,EXIT@L,XL:0,
iter=240 sc=S3p L=2977336 [t,0] [R,1792] [R,0] [R,1029] [t,1029] zombie_1792_samples=0 exec_msg=0x2d6e3b T=2977339 waitid_formerT=ECHILD proc_formerT=- held_leader_tid_now=t leader_exit_stop=1 exec=1 leader_wexit_before_exec=0 order=EXIT@L,EXEC@L,EXIT@L,XL:0,
iter=241 sc=S3p L=2977584 [t,0] [t,1792] [Z,0] [R,0] [t,1029] zombie_1792_samples=0 exec_msg=0x2d6f31 T=2977585 waitid_formerT=ECHILD proc_formerT=- held_leader_tid_now=t leader_exit_stop=1 exec=1 leader_wexit_before_exec=0 order=EXIT@L,EXEC@L,EXIT@L,XL:0,
iter=242 sc=S3p L=2977878 [t,0] [t,1792] [R,0] [t,1029] zombie_1792_samples=0 exec_msg=0x2d7058 T=2977880 waitid_formerT=ECHILD proc_formerT=- held_leader_tid_now=t leader_exit_stop=1 exec=1 leader_wexit_before_exec=0 order=EXIT@L,EXEC@L,EXIT@L,XL:0,
iter=243 sc=S3p L=2978100 [t,0] [t,1792] [Z,0] [R,0] [t,1029] zombie_1792_samples=0 exec_msg=0x2d7136 T=2978102 waitid_formerT=ECHILD proc_formerT=- held_leader_tid_now=t leader_exit_stop=1 exec=1 leader_wexit_before_exec=0 order=EXIT@L,EXEC@L,EXIT@L,XL:0,
iter=244 sc=S3p L=2978379 [t,0] [R,0] [R,1029] [t,1029] zombie_1792_samples=0 exec_msg=0x2d724f T=2978383 waitid_formerT=ECHILD proc_formerT=- held_leader_tid_now=t leader_exit_stop=1 exec=1 leader_wexit_before_exec=0 order=EXIT@L,EXEC@L,EXIT@L,XL:0,
iter=245 sc=S3p L=2978624 [t,0] [t,1792] [R,0] [R,1029] [t,1029] zombie_1792_samples=0 exec_msg=0x2d7348 T=2978632 waitid_formerT=ECHILD proc_formerT=- held_leader_tid_now=t leader_exit_stop=1 exec=1 leader_wexit_before_exec=0 order=EXIT@L,EXEC@L,EXIT@L,XL:0,
iter=246 sc=S3p L=2978888 [t,0] [Z,0] [R,0] [R,1029] [t,1029] zombie_1792_samples=0 exec_msg=0x2d744a T=2978890 waitid_formerT=ECHILD proc_formerT=- held_leader_tid_now=t leader_exit_stop=1 exec=1 leader_wexit_before_exec=0 order=EXIT@L,EXEC@L,EXIT@L,XL:0,
iter=247 sc=S3p L=2979067 [t,0] [R,0] [R,1029] [t,1029] zombie_1792_samples=0 exec_msg=0x2d7503 T=2979075 waitid_formerT=ECHILD proc_formerT=- held_leader_tid_now=t leader_exit_stop=1 exec=1 leader_wexit_before_exec=0 order=EXIT@L,EXEC@L,EXIT@L,XL:0,
iter=248 sc=S3p L=2979336 [t,0] [t,1792] [Z,0] [R,0] [R,1029] [t,1029] zombie_1792_samples=0 exec_msg=0x2d760b T=2979339 waitid_formerT=ECHILD proc_formerT=- held_leader_tid_now=t leader_exit_stop=1 exec=1 leader_wexit_before_exec=0 order=EXIT@L,EXEC@L,EXIT@L,XL:0,
iter=249 sc=S3p L=2979523 [t,0] [t,1792] [Z,0] [R,0] [t,1029] zombie_1792_samples=0 exec_msg=0x2d76c4 T=2979524 waitid_formerT=ECHILD proc_formerT=- held_leader_tid_now=t leader_exit_stop=1 exec=1 leader_wexit_before_exec=0 order=EXIT@L,EXEC@L,EXIT@L,XL:0,
