
Elf file type is DYN (Shared object file)
Entry point 0x20210
There are 13 program headers, starting at offset 64

Program Headers:
  Type           Offset   VirtAddr           PhysAddr           FileSiz  MemSiz   Flg Align
  PHDR           0x000040 0x0000000000000040 0x0000000000000040 0x0002d8 0x0002d8 R   0x8
  INTERP         0x000318 0x0000000000000318 0x0000000000000318 0x00001c 0x00001c R   0x1
      [Requesting program interpreter: /lib64/ld-linux-x86-64.so.2]
  LOAD           0x000000 0x0000000000000000 0x0000000000000000 0x01da88 0x01da88 R   0x1000
  LOAD           0x01e000 0x000000000001e000 0x000000000001e000 0x3203b1 0x3203b1 R E 0x1000
  LOAD           0x33f000 0x000000000033f000 0x000000000033f000 0x0ce370 0x0ce370 R   0x1000
  LOAD           0x40de30 0x000000000040ee30 0x000000000040ee30 0x014d50 0x03abd0 RW  0x1000
  DYNAMIC        0x411568 0x0000000000412568 0x0000000000412568 0x000220 0x000220 RW  0x8
  NOTE           0x000338 0x0000000000000338 0x0000000000000338 0x000030 0x000030 R   0x8
  NOTE           0x000368 0x0000000000000368 0x0000000000000368 0x000044 0x000044 R   0x4
  GNU_PROPERTY   0x000338 0x0000000000000338 0x0000000000000338 0x000030 0x000030 R   0x8
  GNU_EH_FRAME   0x3b8580 0x00000000003b8580 0x00000000003b8580 0x009b54 0x009b54 R   0x4
  GNU_STACK      0x000000 0x0000000000000000 0x0000000000000000 0x000000 0x000000 RW  0x10
  GNU_RELRO      0x40de30 0x000000000040ee30 0x000000000040ee30 0x0041d0 0x0041d0 R   0x1

 Section to Segment mapping:
  Segment Sections...
   00     
   01     .interp 
   02     .interp .note.gnu.property .note.gnu.build-id .note.ABI-tag .gnu.hash .dynsym .dynstr .gnu.version .gnu.version_r .rela.dyn .rela.plt 
   03     .init .plt .plt.sec .text .fini 
   04     .rodata .eh_frame_hdr .eh_frame 
   05     .init_array .fini_array .data.rel.ro .dynamic .got .data .bss 
   06     .dynamic 
   07     .note.gnu.property 
   08     .note.gnu.build-id .note.ABI-tag 
   09     .note.gnu.property 
   10     .eh_frame_hdr 
   11     
   12     .init_array .fini_array .data.rel.ro .dynamic .got 

Dynamic section at offset 0x411568 contains 30 entries:
  Tag        Type                         Name/Value
 0x0000000000000001 (NEEDED)             Shared library: [libpcre2-8.so.0]
 0x0000000000000001 (NEEDED)             Shared library: [libz.so.1]
 0x0000000000000001 (NEEDED)             Shared library: [libcrypto.so.3]
 0x0000000000000001 (NEEDED)             Shared library: [libc.so.6]
 0x000000000000000c (INIT)               0x1e000
 0x000000000000000d (FINI)               0x33e3a4
 0x0000000000000019 (INIT_ARRAY)         0x40ee30
 0x000000000000001b (INIT_ARRAYSZ)       8 (bytes)
 0x000000000000001a (FINI_ARRAY)         0x40ee38
 0x000000000000001c (FINI_ARRAYSZ)       8 (bytes)
 0x000000006ffffef5 (GNU_HASH)           0x3b0
 0x0000000000000005 (STRTAB)             0x1ce0
 0x0000000000000006 (SYMTAB)             0x3f0
 0x000000000000000a (STRSZ)              3045 (bytes)
 0x000000000000000b (SYMENT)             24 (bytes)
 0x0000000000000015 (DEBUG)              0x0
 0x0000000000000003 (PLTGOT)             0x412788
 0x0000000000000002 (PLTRELSZ)           6120 (bytes)
 0x0000000000000014 (PLTREL)             RELA
 0x0000000000000017 (JMPREL)             0x1c2a0
 0x0000000000000007 (RELA)               0x2c20
 0x0000000000000008 (RELASZ)             104064 (bytes)
 0x0000000000000009 (RELAENT)            24 (bytes)
 0x0000000000000018 (BIND_NOW)           
 0x000000006ffffffb (FLAGS_1)            Flags: NOW PIE
 0x000000006ffffffe (VERNEED)            0x2ae0
 0x000000006fffffff (VERNEEDNUM)         3
 0x000000006ffffff0 (VERSYM)             0x28c6
 0x000000006ffffff9 (RELACOUNT)          4321
 0x0000000000000000 (NULL)               0x0
