
Elf file type is DYN (Shared object file)
Entry point 0x12dc30
There are 12 program headers, starting at offset 64

Program Headers:
  Type           Offset   VirtAddr           PhysAddr           FileSiz  MemSiz   Flg Align
  PHDR           0x000040 0x0000000000000040 0x0000000000000040 0x0002a0 0x0002a0 R   0x8
  INTERP         0x0002e0 0x00000000000002e0 0x00000000000002e0 0x00001c 0x00001c R   0x1
      [Requesting program interpreter: /lib64/ld-linux-x86-64.so.2]
  LOAD           0x000000 0x0000000000000000 0x0000000000000000 0x12cc30 0x12cc30 R   0x1000
  LOAD           0x12cc30 0x000000000012dc30 0x000000000012dc30 0x2c3ab0 0x2c3ab0 R E 0x1000
  LOAD           0x3f06e0 0x00000000003f26e0 0x00000000003f26e0 0x039198 0x039920 RW  0x1000
  LOAD           0x429878 0x000000000042c878 0x000000000042c878 0x000988 0x0009d0 RW  0x1000
  TLS            0x3f06e0 0x00000000003f26e0 0x00000000003f26e0 0x000080 0x0000d8 R   0x8
  DYNAMIC        0x427178 0x0000000000429178 0x0000000000429178 0x000200 0x000200 RW  0x8
  GNU_RELRO      0x3f06e0 0x00000000003f26e0 0x00000000003f26e0 0x039198 0x039920 R   0x1
  GNU_EH_FRAME   0x0e142c 0x00000000000e142c 0x00000000000e142c 0x008dd4 0x008dd4 R   0x4
  GNU_STACK      0x000000 0x0000000000000000 0x0000000000000000 0x000000 0x000000 RW  0
  NOTE           0x0002fc 0x00000000000002fc 0x00000000000002fc 0x000020 0x000020 R   0x4

 Section to Segment mapping:
  Segment Sections...
   00     
   01     .interp 
   02     .interp .note.ABI-tag .dynsym .gnu.version .gnu.version_r .gnu.hash .dynstr .rela.dyn .rela.plt .gcc_except_table .rodata .eh_frame_hdr .eh_frame 
   03     .text .init .fini .plt 
   04     .tdata .fini_array .init_array .data.rel.ro .dynamic .got .got.plt .relro_padding 
   05     .tm_clone_table .data .bss 
   06     .tdata .tbss 
   07     .dynamic 
   08     .tdata .fini_array .init_array .data.rel.ro .dynamic .got .got.plt .relro_padding 
   09     .eh_frame_hdr 
   10     
   11     .note.ABI-tag 

Dynamic section at offset 0x427178 contains 32 entries:
  Tag        Type                         Name/Value
 0x000000000000001d (RUNPATH)            Library runpath: [$ORIGIN/../lib]
 0x0000000000000001 (NEEDED)             Shared library: [librustc_driver-dac3ae0f1ba99007.so]
 0x0000000000000001 (NEEDED)             Shared library: [libgcc_s.so.1]
 0x0000000000000001 (NEEDED)             Shared library: [libpthread.so.0]
 0x0000000000000001 (NEEDED)             Shared library: [libm.so.6]
 0x0000000000000001 (NEEDED)             Shared library: [libc.so.6]
 0x000000000000001e (FLAGS)              ORIGIN BIND_NOW
 0x000000006ffffffb (FLAGS_1)            Flags: NOW ORIGIN PIE
 0x0000000000000015 (DEBUG)              0x0
 0x0000000000000007 (RELA)               0xb630
 0x0000000000000008 (RELASZ)             300456 (bytes)
 0x0000000000000009 (RELAENT)            24 (bytes)
 0x000000006ffffff9 (RELACOUNT)          12044
 0x0000000000000017 (JMPREL)             0x54bd8
 0x0000000000000002 (PLTRELSZ)           96 (bytes)
 0x0000000000000003 (PLTGOT)             0x42b840
 0x0000000000000014 (PLTREL)             RELA
 0x0000000000000006 (SYMTAB)             0x320
 0x000000000000000b (SYMENT)             24 (bytes)
 0x0000000000000005 (STRTAB)             0x30d4
 0x000000000000000a (STRSZ)              34133 (bytes)
 0x000000006ffffef5 (GNU_HASH)           0x30b0
 0x0000000000000019 (INIT_ARRAY)         0x3f2768
 0x000000000000001b (INIT_ARRAYSZ)       8 (bytes)
 0x000000000000001a (FINI_ARRAY)         0x3f2760
 0x000000000000001c (FINI_ARRAYSZ)       8 (bytes)
 0x000000000000000c (INIT)               0x3f1664
 0x000000000000000d (FINI)               0x3f1680
 0x000000006ffffff0 (VERSYM)             0x2ca8
 0x000000006ffffffe (VERNEED)            0x3020
 0x000000006fffffff (VERNEEDNUM)         4
 0x0000000000000000 (NULL)               0x0
