kernel=7.1.3-0_fbk0_rc18_0_gd373cd4b8dbf euid=212630
pwrite path=/proc/uptime count1_offset0=result=-1 errno=29(ESPIPE) count0_offset0=result=-1 errno=29(ESPIPE) count0_offset-1=result=-1 errno=22(EINVAL)
pwrite path=/proc/loadavg count1_offset0=result=-1 errno=29(ESPIPE) count0_offset0=result=-1 errno=29(ESPIPE) count0_offset-1=result=-1 errno=22(EINVAL)
pwrite path=/proc/version count1_offset0=result=-1 errno=29(ESPIPE) count0_offset0=result=-1 errno=29(ESPIPE) count0_offset-1=result=-1 errno=22(EINVAL)
pwrite path=/proc/filesystems count1_offset0=result=-1 errno=29(ESPIPE) count0_offset0=result=-1 errno=29(ESPIPE) count0_offset-1=result=-1 errno=22(EINVAL)
pwrite path=/proc/mounts count1_offset0=result=-1 errno=29(ESPIPE) count0_offset0=result=-1 errno=29(ESPIPE) count0_offset-1=result=-1 errno=22(EINVAL)
pwrite path=/proc/self/mounts count1_offset0=result=-1 errno=29(ESPIPE) count0_offset0=result=-1 errno=29(ESPIPE) count0_offset-1=result=-1 errno=22(EINVAL)
pwrite path=/proc/self/mountinfo count1_offset0=result=-1 errno=29(ESPIPE) count0_offset0=result=-1 errno=29(ESPIPE) count0_offset-1=result=-1 errno=22(EINVAL)
pwrite path=/proc/stat count1_offset0=result=-1 errno=29(ESPIPE) count0_offset0=result=-1 errno=29(ESPIPE) count0_offset-1=result=-1 errno=22(EINVAL)
pwrite path=/proc/meminfo count1_offset0=result=-1 errno=29(ESPIPE) count0_offset0=result=-1 errno=29(ESPIPE) count0_offset-1=result=-1 errno=22(EINVAL)
pwrite path=/proc/cpuinfo count1_offset0=result=-1 errno=29(ESPIPE) count0_offset0=result=-1 errno=29(ESPIPE) count0_offset-1=result=-1 errno=22(EINVAL)
pwrite path=/proc/locks count1_offset0=result=-1 errno=29(ESPIPE) count0_offset0=result=-1 errno=29(ESPIPE) count0_offset-1=result=-1 errno=22(EINVAL)
pwrite path=/proc/self/stat count1_offset0=result=-1 errno=29(ESPIPE) count0_offset0=result=-1 errno=29(ESPIPE) count0_offset-1=result=-1 errno=22(EINVAL)
pwrite path=/proc/self/status count1_offset0=result=-1 errno=29(ESPIPE) count0_offset0=result=-1 errno=29(ESPIPE) count0_offset-1=result=-1 errno=22(EINVAL)
pwrite path=/proc/self/cmdline count1_offset0=result=-1 errno=9(EBADF) count0_offset0=result=-1 errno=9(EBADF) count0_offset-1=result=-1 errno=22(EINVAL)
pwrite path=/proc/vmstat count1_offset0=result=-1 errno=29(ESPIPE) count0_offset0=result=-1 errno=29(ESPIPE) count0_offset-1=result=-1 errno=22(EINVAL)
pwrite path=/proc/sys/kernel/osrelease count1_offset0=result=-1 errno=9(EBADF) count0_offset0=result=-1 errno=9(EBADF) count0_offset-1=result=-1 errno=22(EINVAL)
pwrite path=/proc/self/maps count1_offset0=result=-1 errno=29(ESPIPE) count0_offset0=result=-1 errno=29(ESPIPE) count0_offset-1=result=-1 errno=22(EINVAL)
open path=/proc/uptime flags=rdonly_directory result=-1 errno=20(ENOTDIR)
open path=/proc/uptime flags=wronly_directory result=-1 errno=20(ENOTDIR)
open path=/proc/uptime flags=rdwr_directory result=-1 errno=20(ENOTDIR)
open path=/proc/uptime flags=path_directory result=-1 errno=20(ENOTDIR)
open path=/proc/uptime flags=rdonly_trunc result=-1 errno=13(EACCES)
open path=/proc/uptime flags=wronly_trunc result=-1 errno=13(EACCES)
open path=/proc/uptime flags=rdwr_trunc result=-1 errno=13(EACCES)
open path=/proc/uptime flags=rdonly_direct result=-1 errno=22(EINVAL)
open path=/proc/uptime flags=rdonly_nonblock result=fd F_GETFL=0x8800 mode=0o100444
open path=/proc/uptime flags=rdonly_append result=fd F_GETFL=0x8400 mode=0o100444
open path=/proc/uptime flags=rdonly_sync result=fd F_GETFL=0x109000 mode=0o100444
open path=/proc/uptime flags=rdonly_dsync result=fd F_GETFL=0x9000 mode=0o100444
open path=/proc/uptime flags=rdonly_nofollow result=fd F_GETFL=0x28000 mode=0o100444
open path=/proc/uptime flags=path_ignored result=fd F_GETFL=0x200000 mode=0o100444
open path=/proc/uptime flags=path_nofollow result=fd F_GETFL=0x220000 mode=0o100444
open path=/proc/loadavg flags=rdonly_directory result=-1 errno=20(ENOTDIR)
open path=/proc/loadavg flags=wronly_directory result=-1 errno=20(ENOTDIR)
open path=/proc/loadavg flags=rdwr_directory result=-1 errno=20(ENOTDIR)
open path=/proc/loadavg flags=path_directory result=-1 errno=20(ENOTDIR)
open path=/proc/loadavg flags=rdonly_trunc result=-1 errno=13(EACCES)
open path=/proc/loadavg flags=wronly_trunc result=-1 errno=13(EACCES)
open path=/proc/loadavg flags=rdwr_trunc result=-1 errno=13(EACCES)
open path=/proc/loadavg flags=rdonly_direct result=-1 errno=22(EINVAL)
open path=/proc/loadavg flags=rdonly_nonblock result=fd F_GETFL=0x8800 mode=0o100444
open path=/proc/loadavg flags=rdonly_append result=fd F_GETFL=0x8400 mode=0o100444
open path=/proc/loadavg flags=rdonly_sync result=fd F_GETFL=0x109000 mode=0o100444
open path=/proc/loadavg flags=rdonly_dsync result=fd F_GETFL=0x9000 mode=0o100444
open path=/proc/loadavg flags=rdonly_nofollow result=fd F_GETFL=0x28000 mode=0o100444
open path=/proc/loadavg flags=path_ignored result=fd F_GETFL=0x200000 mode=0o100444
open path=/proc/loadavg flags=path_nofollow result=fd F_GETFL=0x220000 mode=0o100444
open path=/proc/version flags=rdonly_directory result=-1 errno=20(ENOTDIR)
open path=/proc/version flags=wronly_directory result=-1 errno=20(ENOTDIR)
open path=/proc/version flags=rdwr_directory result=-1 errno=20(ENOTDIR)
open path=/proc/version flags=path_directory result=-1 errno=20(ENOTDIR)
open path=/proc/version flags=rdonly_trunc result=-1 errno=13(EACCES)
open path=/proc/version flags=wronly_trunc result=-1 errno=13(EACCES)
open path=/proc/version flags=rdwr_trunc result=-1 errno=13(EACCES)
open path=/proc/version flags=rdonly_direct result=-1 errno=22(EINVAL)
open path=/proc/version flags=rdonly_nonblock result=fd F_GETFL=0x8800 mode=0o100444
open path=/proc/version flags=rdonly_append result=fd F_GETFL=0x8400 mode=0o100444
open path=/proc/version flags=rdonly_sync result=fd F_GETFL=0x109000 mode=0o100444
open path=/proc/version flags=rdonly_dsync result=fd F_GETFL=0x9000 mode=0o100444
open path=/proc/version flags=rdonly_nofollow result=fd F_GETFL=0x28000 mode=0o100444
open path=/proc/version flags=path_ignored result=fd F_GETFL=0x200000 mode=0o100444
open path=/proc/version flags=path_nofollow result=fd F_GETFL=0x220000 mode=0o100444
open path=/proc/filesystems flags=rdonly_directory result=-1 errno=20(ENOTDIR)
open path=/proc/filesystems flags=wronly_directory result=-1 errno=20(ENOTDIR)
open path=/proc/filesystems flags=rdwr_directory result=-1 errno=20(ENOTDIR)
open path=/proc/filesystems flags=path_directory result=-1 errno=20(ENOTDIR)
open path=/proc/filesystems flags=rdonly_trunc result=-1 errno=13(EACCES)
open path=/proc/filesystems flags=wronly_trunc result=-1 errno=13(EACCES)
open path=/proc/filesystems flags=rdwr_trunc result=-1 errno=13(EACCES)
open path=/proc/filesystems flags=rdonly_direct result=-1 errno=22(EINVAL)
open path=/proc/filesystems flags=rdonly_nonblock result=fd F_GETFL=0x8800 mode=0o100444
open path=/proc/filesystems flags=rdonly_append result=fd F_GETFL=0x8400 mode=0o100444
open path=/proc/filesystems flags=rdonly_sync result=fd F_GETFL=0x109000 mode=0o100444
open path=/proc/filesystems flags=rdonly_dsync result=fd F_GETFL=0x9000 mode=0o100444
open path=/proc/filesystems flags=rdonly_nofollow result=fd F_GETFL=0x28000 mode=0o100444
open path=/proc/filesystems flags=path_ignored result=fd F_GETFL=0x200000 mode=0o100444
open path=/proc/filesystems flags=path_nofollow result=fd F_GETFL=0x220000 mode=0o100444
open path=/proc/mounts flags=rdonly_directory result=-1 errno=20(ENOTDIR)
open path=/proc/mounts flags=wronly_directory result=-1 errno=20(ENOTDIR)
open path=/proc/mounts flags=rdwr_directory result=-1 errno=20(ENOTDIR)
open path=/proc/mounts flags=path_directory result=-1 errno=20(ENOTDIR)
open path=/proc/mounts flags=rdonly_trunc result=-1 errno=13(EACCES)
open path=/proc/mounts flags=wronly_trunc result=-1 errno=13(EACCES)
open path=/proc/mounts flags=rdwr_trunc result=-1 errno=13(EACCES)
open path=/proc/mounts flags=rdonly_direct result=-1 errno=22(EINVAL)
open path=/proc/mounts flags=rdonly_nonblock result=fd F_GETFL=0x8800 mode=0o100444
open path=/proc/mounts flags=rdonly_append result=fd F_GETFL=0x8400 mode=0o100444
open path=/proc/mounts flags=rdonly_sync result=fd F_GETFL=0x109000 mode=0o100444
open path=/proc/mounts flags=rdonly_dsync result=fd F_GETFL=0x9000 mode=0o100444
open path=/proc/mounts flags=rdonly_nofollow result=-1 errno=40(ELOOP)
open path=/proc/mounts flags=path_ignored result=fd F_GETFL=0x200000 mode=0o100444
open path=/proc/mounts flags=path_nofollow result=fd F_GETFL=0x220000 mode=0o120777
open path=/proc/self/mounts flags=rdonly_directory result=-1 errno=20(ENOTDIR)
open path=/proc/self/mounts flags=wronly_directory result=-1 errno=20(ENOTDIR)
open path=/proc/self/mounts flags=rdwr_directory result=-1 errno=20(ENOTDIR)
open path=/proc/self/mounts flags=path_directory result=-1 errno=20(ENOTDIR)
open path=/proc/self/mounts flags=rdonly_trunc result=-1 errno=13(EACCES)
open path=/proc/self/mounts flags=wronly_trunc result=-1 errno=13(EACCES)
open path=/proc/self/mounts flags=rdwr_trunc result=-1 errno=13(EACCES)
open path=/proc/self/mounts flags=rdonly_direct result=-1 errno=22(EINVAL)
open path=/proc/self/mounts flags=rdonly_nonblock result=fd F_GETFL=0x8800 mode=0o100444
open path=/proc/self/mounts flags=rdonly_append result=fd F_GETFL=0x8400 mode=0o100444
open path=/proc/self/mounts flags=rdonly_sync result=fd F_GETFL=0x109000 mode=0o100444
open path=/proc/self/mounts flags=rdonly_dsync result=fd F_GETFL=0x9000 mode=0o100444
open path=/proc/self/mounts flags=rdonly_nofollow result=fd F_GETFL=0x28000 mode=0o100444
open path=/proc/self/mounts flags=path_ignored result=fd F_GETFL=0x200000 mode=0o100444
open path=/proc/self/mounts flags=path_nofollow result=fd F_GETFL=0x220000 mode=0o100444
open path=/proc/self/mountinfo flags=rdonly_directory result=-1 errno=20(ENOTDIR)
open path=/proc/self/mountinfo flags=wronly_directory result=-1 errno=20(ENOTDIR)
open path=/proc/self/mountinfo flags=rdwr_directory result=-1 errno=20(ENOTDIR)
open path=/proc/self/mountinfo flags=path_directory result=-1 errno=20(ENOTDIR)
open path=/proc/self/mountinfo flags=rdonly_trunc result=-1 errno=13(EACCES)
open path=/proc/self/mountinfo flags=wronly_trunc result=-1 errno=13(EACCES)
open path=/proc/self/mountinfo flags=rdwr_trunc result=-1 errno=13(EACCES)
open path=/proc/self/mountinfo flags=rdonly_direct result=-1 errno=22(EINVAL)
open path=/proc/self/mountinfo flags=rdonly_nonblock result=fd F_GETFL=0x8800 mode=0o100444
open path=/proc/self/mountinfo flags=rdonly_append result=fd F_GETFL=0x8400 mode=0o100444
open path=/proc/self/mountinfo flags=rdonly_sync result=fd F_GETFL=0x109000 mode=0o100444
open path=/proc/self/mountinfo flags=rdonly_dsync result=fd F_GETFL=0x9000 mode=0o100444
open path=/proc/self/mountinfo flags=rdonly_nofollow result=fd F_GETFL=0x28000 mode=0o100444
open path=/proc/self/mountinfo flags=path_ignored result=fd F_GETFL=0x200000 mode=0o100444
open path=/proc/self/mountinfo flags=path_nofollow result=fd F_GETFL=0x220000 mode=0o100444
open path=/proc/stat flags=rdonly_directory result=-1 errno=20(ENOTDIR)
open path=/proc/stat flags=wronly_directory result=-1 errno=20(ENOTDIR)
open path=/proc/stat flags=rdwr_directory result=-1 errno=20(ENOTDIR)
open path=/proc/stat flags=path_directory result=-1 errno=20(ENOTDIR)
open path=/proc/stat flags=rdonly_trunc result=-1 errno=13(EACCES)
open path=/proc/stat flags=wronly_trunc result=-1 errno=13(EACCES)
open path=/proc/stat flags=rdwr_trunc result=-1 errno=13(EACCES)
open path=/proc/stat flags=rdonly_direct result=-1 errno=22(EINVAL)
open path=/proc/stat flags=rdonly_nonblock result=fd F_GETFL=0x8800 mode=0o100444
open path=/proc/stat flags=rdonly_append result=fd F_GETFL=0x8400 mode=0o100444
open path=/proc/stat flags=rdonly_sync result=fd F_GETFL=0x109000 mode=0o100444
open path=/proc/stat flags=rdonly_dsync result=fd F_GETFL=0x9000 mode=0o100444
open path=/proc/stat flags=rdonly_nofollow result=fd F_GETFL=0x28000 mode=0o100444
open path=/proc/stat flags=path_ignored result=fd F_GETFL=0x200000 mode=0o100444
open path=/proc/stat flags=path_nofollow result=fd F_GETFL=0x220000 mode=0o100444
open path=/proc/meminfo flags=rdonly_directory result=-1 errno=20(ENOTDIR)
open path=/proc/meminfo flags=wronly_directory result=-1 errno=20(ENOTDIR)
open path=/proc/meminfo flags=rdwr_directory result=-1 errno=20(ENOTDIR)
open path=/proc/meminfo flags=path_directory result=-1 errno=20(ENOTDIR)
open path=/proc/meminfo flags=rdonly_trunc result=-1 errno=13(EACCES)
open path=/proc/meminfo flags=wronly_trunc result=-1 errno=13(EACCES)
open path=/proc/meminfo flags=rdwr_trunc result=-1 errno=13(EACCES)
open path=/proc/meminfo flags=rdonly_direct result=-1 errno=22(EINVAL)
open path=/proc/meminfo flags=rdonly_nonblock result=fd F_GETFL=0x8800 mode=0o100444
open path=/proc/meminfo flags=rdonly_append result=fd F_GETFL=0x8400 mode=0o100444
open path=/proc/meminfo flags=rdonly_sync result=fd F_GETFL=0x109000 mode=0o100444
open path=/proc/meminfo flags=rdonly_dsync result=fd F_GETFL=0x9000 mode=0o100444
open path=/proc/meminfo flags=rdonly_nofollow result=fd F_GETFL=0x28000 mode=0o100444
open path=/proc/meminfo flags=path_ignored result=fd F_GETFL=0x200000 mode=0o100444
open path=/proc/meminfo flags=path_nofollow result=fd F_GETFL=0x220000 mode=0o100444
open path=/proc/cpuinfo flags=rdonly_directory result=-1 errno=20(ENOTDIR)
open path=/proc/cpuinfo flags=wronly_directory result=-1 errno=20(ENOTDIR)
open path=/proc/cpuinfo flags=rdwr_directory result=-1 errno=20(ENOTDIR)
open path=/proc/cpuinfo flags=path_directory result=-1 errno=20(ENOTDIR)
open path=/proc/cpuinfo flags=rdonly_trunc result=-1 errno=13(EACCES)
open path=/proc/cpuinfo flags=wronly_trunc result=-1 errno=13(EACCES)
open path=/proc/cpuinfo flags=rdwr_trunc result=-1 errno=13(EACCES)
open path=/proc/cpuinfo flags=rdonly_direct result=-1 errno=22(EINVAL)
open path=/proc/cpuinfo flags=rdonly_nonblock result=fd F_GETFL=0x8800 mode=0o100444
open path=/proc/cpuinfo flags=rdonly_append result=fd F_GETFL=0x8400 mode=0o100444
open path=/proc/cpuinfo flags=rdonly_sync result=fd F_GETFL=0x109000 mode=0o100444
open path=/proc/cpuinfo flags=rdonly_dsync result=fd F_GETFL=0x9000 mode=0o100444
open path=/proc/cpuinfo flags=rdonly_nofollow result=fd F_GETFL=0x28000 mode=0o100444
open path=/proc/cpuinfo flags=path_ignored result=fd F_GETFL=0x200000 mode=0o100444
open path=/proc/cpuinfo flags=path_nofollow result=fd F_GETFL=0x220000 mode=0o100444
open path=/proc/locks flags=rdonly_directory result=-1 errno=20(ENOTDIR)
open path=/proc/locks flags=wronly_directory result=-1 errno=20(ENOTDIR)
open path=/proc/locks flags=rdwr_directory result=-1 errno=20(ENOTDIR)
open path=/proc/locks flags=path_directory result=-1 errno=20(ENOTDIR)
open path=/proc/locks flags=rdonly_trunc result=-1 errno=13(EACCES)
open path=/proc/locks flags=wronly_trunc result=-1 errno=13(EACCES)
open path=/proc/locks flags=rdwr_trunc result=-1 errno=13(EACCES)
open path=/proc/locks flags=rdonly_direct result=-1 errno=22(EINVAL)
open path=/proc/locks flags=rdonly_nonblock result=fd F_GETFL=0x8800 mode=0o100444
open path=/proc/locks flags=rdonly_append result=fd F_GETFL=0x8400 mode=0o100444
open path=/proc/locks flags=rdonly_sync result=fd F_GETFL=0x109000 mode=0o100444
open path=/proc/locks flags=rdonly_dsync result=fd F_GETFL=0x9000 mode=0o100444
open path=/proc/locks flags=rdonly_nofollow result=fd F_GETFL=0x28000 mode=0o100444
open path=/proc/locks flags=path_ignored result=fd F_GETFL=0x200000 mode=0o100444
open path=/proc/locks flags=path_nofollow result=fd F_GETFL=0x220000 mode=0o100444
open path=/proc/self/stat flags=rdonly_directory result=-1 errno=20(ENOTDIR)
open path=/proc/self/stat flags=wronly_directory result=-1 errno=20(ENOTDIR)
open path=/proc/self/stat flags=rdwr_directory result=-1 errno=20(ENOTDIR)
open path=/proc/self/stat flags=path_directory result=-1 errno=20(ENOTDIR)
open path=/proc/self/stat flags=rdonly_trunc result=-1 errno=13(EACCES)
open path=/proc/self/stat flags=wronly_trunc result=-1 errno=13(EACCES)
open path=/proc/self/stat flags=rdwr_trunc result=-1 errno=13(EACCES)
open path=/proc/self/stat flags=rdonly_direct result=-1 errno=22(EINVAL)
open path=/proc/self/stat flags=rdonly_nonblock result=fd F_GETFL=0x8800 mode=0o100444
open path=/proc/self/stat flags=rdonly_append result=fd F_GETFL=0x8400 mode=0o100444
open path=/proc/self/stat flags=rdonly_sync result=fd F_GETFL=0x109000 mode=0o100444
open path=/proc/self/stat flags=rdonly_dsync result=fd F_GETFL=0x9000 mode=0o100444
open path=/proc/self/stat flags=rdonly_nofollow result=fd F_GETFL=0x28000 mode=0o100444
open path=/proc/self/stat flags=path_ignored result=fd F_GETFL=0x200000 mode=0o100444
open path=/proc/self/stat flags=path_nofollow result=fd F_GETFL=0x220000 mode=0o100444
open path=/proc/self/status flags=rdonly_directory result=-1 errno=20(ENOTDIR)
open path=/proc/self/status flags=wronly_directory result=-1 errno=20(ENOTDIR)
open path=/proc/self/status flags=rdwr_directory result=-1 errno=20(ENOTDIR)
open path=/proc/self/status flags=path_directory result=-1 errno=20(ENOTDIR)
open path=/proc/self/status flags=rdonly_trunc result=-1 errno=13(EACCES)
open path=/proc/self/status flags=wronly_trunc result=-1 errno=13(EACCES)
open path=/proc/self/status flags=rdwr_trunc result=-1 errno=13(EACCES)
open path=/proc/self/status flags=rdonly_direct result=-1 errno=22(EINVAL)
open path=/proc/self/status flags=rdonly_nonblock result=fd F_GETFL=0x8800 mode=0o100444
open path=/proc/self/status flags=rdonly_append result=fd F_GETFL=0x8400 mode=0o100444
open path=/proc/self/status flags=rdonly_sync result=fd F_GETFL=0x109000 mode=0o100444
open path=/proc/self/status flags=rdonly_dsync result=fd F_GETFL=0x9000 mode=0o100444
open path=/proc/self/status flags=rdonly_nofollow result=fd F_GETFL=0x28000 mode=0o100444
open path=/proc/self/status flags=path_ignored result=fd F_GETFL=0x200000 mode=0o100444
open path=/proc/self/status flags=path_nofollow result=fd F_GETFL=0x220000 mode=0o100444
open path=/proc/self/cmdline flags=rdonly_directory result=-1 errno=20(ENOTDIR)
open path=/proc/self/cmdline flags=wronly_directory result=-1 errno=20(ENOTDIR)
open path=/proc/self/cmdline flags=rdwr_directory result=-1 errno=20(ENOTDIR)
open path=/proc/self/cmdline flags=path_directory result=-1 errno=20(ENOTDIR)
open path=/proc/self/cmdline flags=rdonly_trunc result=-1 errno=13(EACCES)
open path=/proc/self/cmdline flags=wronly_trunc result=-1 errno=13(EACCES)
open path=/proc/self/cmdline flags=rdwr_trunc result=-1 errno=13(EACCES)
open path=/proc/self/cmdline flags=rdonly_direct result=-1 errno=22(EINVAL)
open path=/proc/self/cmdline flags=rdonly_nonblock result=fd F_GETFL=0x8800 mode=0o100444
open path=/proc/self/cmdline flags=rdonly_append result=fd F_GETFL=0x8400 mode=0o100444
open path=/proc/self/cmdline flags=rdonly_sync result=fd F_GETFL=0x109000 mode=0o100444
open path=/proc/self/cmdline flags=rdonly_dsync result=fd F_GETFL=0x9000 mode=0o100444
open path=/proc/self/cmdline flags=rdonly_nofollow result=fd F_GETFL=0x28000 mode=0o100444
open path=/proc/self/cmdline flags=path_ignored result=fd F_GETFL=0x200000 mode=0o100444
open path=/proc/self/cmdline flags=path_nofollow result=fd F_GETFL=0x220000 mode=0o100444
open path=/proc/vmstat flags=rdonly_directory result=-1 errno=20(ENOTDIR)
open path=/proc/vmstat flags=wronly_directory result=-1 errno=20(ENOTDIR)
open path=/proc/vmstat flags=rdwr_directory result=-1 errno=20(ENOTDIR)
open path=/proc/vmstat flags=path_directory result=-1 errno=20(ENOTDIR)
open path=/proc/vmstat flags=rdonly_trunc result=-1 errno=13(EACCES)
open path=/proc/vmstat flags=wronly_trunc result=-1 errno=13(EACCES)
open path=/proc/vmstat flags=rdwr_trunc result=-1 errno=13(EACCES)
open path=/proc/vmstat flags=rdonly_direct result=-1 errno=22(EINVAL)
open path=/proc/vmstat flags=rdonly_nonblock result=fd F_GETFL=0x8800 mode=0o100444
open path=/proc/vmstat flags=rdonly_append result=fd F_GETFL=0x8400 mode=0o100444
open path=/proc/vmstat flags=rdonly_sync result=fd F_GETFL=0x109000 mode=0o100444
open path=/proc/vmstat flags=rdonly_dsync result=fd F_GETFL=0x9000 mode=0o100444
open path=/proc/vmstat flags=rdonly_nofollow result=fd F_GETFL=0x28000 mode=0o100444
open path=/proc/vmstat flags=path_ignored result=fd F_GETFL=0x200000 mode=0o100444
open path=/proc/vmstat flags=path_nofollow result=fd F_GETFL=0x220000 mode=0o100444
open path=/proc/sys/kernel/osrelease flags=rdonly_directory result=-1 errno=20(ENOTDIR)
open path=/proc/sys/kernel/osrelease flags=wronly_directory result=-1 errno=20(ENOTDIR)
open path=/proc/sys/kernel/osrelease flags=rdwr_directory result=-1 errno=20(ENOTDIR)
open path=/proc/sys/kernel/osrelease flags=path_directory result=-1 errno=20(ENOTDIR)
open path=/proc/sys/kernel/osrelease flags=rdonly_trunc result=-1 errno=13(EACCES)
open path=/proc/sys/kernel/osrelease flags=wronly_trunc result=-1 errno=13(EACCES)
open path=/proc/sys/kernel/osrelease flags=rdwr_trunc result=-1 errno=13(EACCES)
open path=/proc/sys/kernel/osrelease flags=rdonly_direct result=-1 errno=22(EINVAL)
open path=/proc/sys/kernel/osrelease flags=rdonly_nonblock result=fd F_GETFL=0x8800 mode=0o100444
open path=/proc/sys/kernel/osrelease flags=rdonly_append result=fd F_GETFL=0x8400 mode=0o100444
open path=/proc/sys/kernel/osrelease flags=rdonly_sync result=fd F_GETFL=0x109000 mode=0o100444
open path=/proc/sys/kernel/osrelease flags=rdonly_dsync result=fd F_GETFL=0x9000 mode=0o100444
open path=/proc/sys/kernel/osrelease flags=rdonly_nofollow result=fd F_GETFL=0x28000 mode=0o100444
open path=/proc/sys/kernel/osrelease flags=path_ignored result=fd F_GETFL=0x200000 mode=0o100444
open path=/proc/sys/kernel/osrelease flags=path_nofollow result=fd F_GETFL=0x220000 mode=0o100444
open path=/proc/self/maps flags=rdonly_directory result=-1 errno=20(ENOTDIR)
open path=/proc/self/maps flags=wronly_directory result=-1 errno=20(ENOTDIR)
open path=/proc/self/maps flags=rdwr_directory result=-1 errno=20(ENOTDIR)
open path=/proc/self/maps flags=path_directory result=-1 errno=20(ENOTDIR)
open path=/proc/self/maps flags=rdonly_trunc result=-1 errno=13(EACCES)
open path=/proc/self/maps flags=wronly_trunc result=-1 errno=13(EACCES)
open path=/proc/self/maps flags=rdwr_trunc result=-1 errno=13(EACCES)
open path=/proc/self/maps flags=rdonly_direct result=-1 errno=22(EINVAL)
open path=/proc/self/maps flags=rdonly_nonblock result=fd F_GETFL=0x8800 mode=0o100444
open path=/proc/self/maps flags=rdonly_append result=fd F_GETFL=0x8400 mode=0o100444
open path=/proc/self/maps flags=rdonly_sync result=fd F_GETFL=0x109000 mode=0o100444
open path=/proc/self/maps flags=rdonly_dsync result=fd F_GETFL=0x9000 mode=0o100444
open path=/proc/self/maps flags=rdonly_nofollow result=fd F_GETFL=0x28000 mode=0o100444
open path=/proc/self/maps flags=path_ignored result=fd F_GETFL=0x200000 mode=0o100444
open path=/proc/self/maps flags=path_nofollow result=fd F_GETFL=0x220000 mode=0o100444
procfd flags=rdonly_trunc result=-1 errno=13(EACCES)
procfd flags=rdonly_direct result=-1 errno=22(EINVAL)
procfd flags=rdonly_directory result=-1 errno=20(ENOTDIR)
procfd flags=path_directory result=-1 errno=20(ENOTDIR)
procfd flags=path_nofollow result=fd F_GETFL=0x220000 mode=0o120500
procfd flags=rdonly_status result=fd F_GETFL=0x109c00 mode=0o100444
loginuid access=rdonly F_GETFL=0x8000 count1_offset0=result=-1 errno=9(EBADF) count0_offset-1=result=-1 errno=22(EINVAL)
loginuid access=rdwr F_GETFL=0x8002 count1_offset0=result=-1 errno=22(EINVAL) count0_offset-1=result=-1 errno=22(EINVAL)
vm.memfd_noexec=0
create-directory-policy=EarlyEinval errno=22
combined-direct total=4896 results={'EACCES': 160, 'EEXIST': 408, 'EINVAL': 832, 'ELOOP': 12, 'ENOTDIR': 1836, 'success': 1648}
combined-procfd total=60 results={'EEXIST': 24, 'ELOOP': 12, 'ENOTDIR': 24}
tmpfile-direct-and-fdinfo total=180 results={'EINVAL': 108, 'ENOTDIR': 72}
global-tmpfile-ordering total=36 results={'EBADF': 3, 'EFAULT': 3, 'EINVAL': 9, 'ENOENT': 12, 'ENOTDIR': 9}
