    Checking libc v0.2.189
    Checking cfg-if v1.0.5
    Checking serde_core v1.0.229
    Checking bitflags v2.13.2
    Checking memchr v2.8.3
    Checking serde v1.0.229
    Checking simd-adler32 v0.3.10
    Checking adler2 v2.0.1
    Checking miniz_oxide v0.9.1
    Checking crc32fast v1.5.2
    Checking futures-sink v0.3.34
    Checking futures-core v0.3.34
    Checking smallvec v1.16.1
    Checking pin-project-lite v0.2.17
    Checking futures-channel v0.3.34
    Checking flate2 v1.1.10
    Checking futures v0.1.31
    Checking scopeguard v1.2.0
    Checking bitflags v1.3.2
    Checking futures-io v0.3.34
    Checking futures-task v0.3.34
    Checking slab v0.4.12
    Checking futures-util v0.3.34
    Checking lock_api v0.4.14
    Checking syscalls v0.6.18
    Checking num-traits v0.2.19
    Checking memoffset v0.9.1
    Checking parking_lot_core v0.9.12
    Checking errno v0.3.14
    Checking twox-hash v2.1.4
    Checking static_assertions v1.1.0
    Checking iana-time-zone v0.1.65
    Checking chrono v0.4.45
    Checking twox-hash v1.6.3
    Checking ruzstd v0.8.3
    Checking signal-hook-registry v1.4.8
    Checking nix v0.30.1
    Checking parking_lot v0.12.5
    Checking futures-executor v0.3.34
    Checking socket2 v0.6.5
    Checking mio v1.2.3
    Checking bytes v1.12.1
    Checking hashbrown v0.17.1
    Checking equivalent v1.0.2
    Checking lazy_static v1.5.0
    Checking linux-raw-sys v0.12.1
    Checking foldhash v0.1.5
    Checking hex v0.4.3
    Checking unty v0.0.4
    Checking bincode v2.0.1
    Checking procfs-core v0.18.0
    Checking hashbrown v0.15.5
    Checking rustix v1.1.5
    Checking colored v2.2.0
    Checking indexmap v2.14.2
    Checking tokio v1.53.1
    Checking thiserror v2.0.20
    Checking futures v0.3.34
    Checking object v0.39.1
    Checking derive_more v1.0.0
    Checking ruzstd v0.7.3
    Checking cpp_demangle v0.5.1
    Checking reverie-memory v0.2.0 (/home/newton/work/dev-hermit/worktrees/slots/kvm-reverie-landing-20260918/reverie-memory)
    Checking vmm-sys-util v0.15.0
    Checking memmap2 v0.9.11
    Checking rustc-demangle v0.1.28
    Checking gimli v0.33.0
    Checking typed-arena v2.0.2
    Checking fallible-iterator v0.3.0
    Checking addr2line v0.26.1
    Checking scroll v0.13.0
    Checking kvm-bindings v0.14.1
    Checking reverie-syscalls v0.2.0 (/home/newton/work/dev-hermit/worktrees/slots/kvm-reverie-landing-20260918/reverie-syscalls)
    Checking object v0.36.7
    Checking reverie-process v0.2.0 (/home/newton/work/dev-hermit/worktrees/slots/kvm-reverie-landing-20260918/reverie-process)
    Checking procfs v0.18.0
    Checking anyhow v1.0.104
    Checking raw-cpuid v10.7.0
    Checking linked-hash-map v0.5.6
    Checking byteorder v1.5.0
    Checking never-say-never v6.6.666
    Checking plain v0.2.3
    Checking log v0.4.34
    Checking goblin v0.10.7
    Checking reverie-core v0.2.0 (/home/newton/work/dev-hermit/worktrees/slots/kvm-reverie-landing-20260918/reverie)
    Checking kvm-ioctls v0.25.0
    Checking perf-event-open-sys v5.0.0
    Checking reverie-kvm v0.2.0 (/home/newton/work/dev-hermit/worktrees/slots/kvm-reverie-landing-20260918/reverie-kvm)
    Finished `dev` profile [unoptimized + debuginfo] target(s) in 44.12s
