    Updating crates.io index
    Updating git repository `https://github.com/rrnewton/liteinst2`
     Locking 263 packages to latest compatible versions
      Adding addr2line v0.26.1 (available: v0.27.1)
      Adding atomic v0.5.3 (available: v0.6.1)
      Adding bincode v1.3.3 (available: v3.0.0)
      Adding bincode v2.0.1 (available: v3.0.0)
      Adding clap v3.2.25 (available: v4.6.7)
      Adding colored v2.2.0 (available: v3.1.1)
      Adding darling v0.14.4 (available: v0.24.1)
      Adding derive_more v1.0.0 (available: v2.1.1)
      Adding dirs v2.0.2 (available: v7.0.0)
      Adding generic-array v0.14.7 (available: v0.14.9)
      Adding heapless v0.8.0 (available: v0.9.3)
      Adding heck v0.3.3 (available: v0.5.0)
      Adding nix v0.30.1 (available: v0.31.3)
      Adding object v0.36.7 (available: v0.40.0)
      Adding perf-event-open-sys v5.0.0 (available: v7.0.0)
      Adding raw-cpuid v10.7.0 (available: v11.6.0)
      Adding sha2 v0.10.9 (available: v0.11.0)
      Adding syn v1.0.109 (available: v3.0.6)
      Adding syscalls v0.6.18 (available: v0.8.1)
 Downloading crates ...
  Downloaded syn v3.0.6
  Downloaded unicode-ident v1.0.25
   Compiling proc-macro2 v1.0.107
   Compiling unicode-ident v1.0.25
   Compiling quote v1.0.47
   Compiling libc v0.2.189
   Compiling cfg-if v1.0.5
   Compiling serde_core v1.0.229
   Compiling serde v1.0.229
   Compiling autocfg v1.5.1
   Compiling pin-project-lite v0.2.17
   Compiling syn v3.0.6
   Compiling memchr v2.8.3
   Compiling syn v2.0.119
   Compiling parking_lot_core v0.9.12
   Compiling smallvec v1.16.1
   Compiling futures-sink v0.3.34
   Compiling scopeguard v1.2.0
   Compiling futures-core v0.3.34
   Compiling lock_api v0.4.14
   Compiling bitflags v2.13.2
   Compiling crc32fast v1.5.2
   Compiling parking_lot v0.12.5
   Compiling errno v0.3.14
   Compiling memoffset v0.9.1
   Compiling num-traits v0.2.19
   Compiling simd-adler32 v0.3.10
   Compiling adler2 v2.0.1
   Compiling cfg_aliases v0.2.2
   Compiling syscalls v0.6.18
   Compiling lazy_static v1.5.0
   Compiling nix v0.30.1
   Compiling miniz_oxide v0.9.1
   Compiling signal-hook-registry v1.4.8
   Compiling futures-channel v0.3.34
   Compiling socket2 v0.6.5
   Compiling mio v1.2.3
   Compiling futures-task v0.3.34
   Compiling serde_derive v1.0.229
   Compiling futures-macro v0.3.34
   Compiling tokio-macros v2.7.2
   Compiling serde_repr v0.1.21
   Compiling slab v0.4.12
   Compiling futures-io v0.3.34
   Compiling futures v0.1.31
   Compiling flate2 v1.1.10
   Compiling virtue v0.0.18
   Compiling futures-util v0.3.34
   Compiling unicode-segmentation v1.13.3
   Compiling pkg-config v0.3.34
   Compiling iana-time-zone v0.1.65
   Compiling thiserror v2.0.20
   Compiling once_cell v1.21.4
   Compiling unwind-sys v0.1.4
   Compiling tracing-core v0.1.36
   Compiling chrono v0.4.45
   Compiling bytes v1.12.1
   Compiling tokio v1.53.1
   Compiling bincode_derive v2.0.1
   Compiling futures-executor v0.3.34
   Compiling convert_case v0.6.0
   Compiling thiserror-impl v2.0.20
   Compiling zmij v1.0.23
   Compiling paste v1.0.15
   Compiling rustix v1.1.4
   Compiling twox-hash v2.1.4
   Compiling static_assertions v1.1.0
   Compiling cpp_demangle v0.5.1
   Compiling unicode-xid v0.2.6
   Compiling object v0.39.1
   Compiling unty v0.0.4
   Compiling bincode v2.0.1
   Compiling derive_more-impl v1.0.0
   Compiling twox-hash v1.6.3
   Compiling ruzstd v0.8.3
   Compiling futures v0.3.34
   Compiling reverie-memory v0.2.0 (/home/newton/work/dev-hermit/worktrees/slots/dev-hermit-gdb-vfile-20260916/reverie-memory)
   Compiling colored v2.2.0
   Compiling linux-raw-sys v0.12.1
   Compiling procfs v0.18.0
   Compiling foldhash v0.1.5
   Compiling regex-syntax v0.8.11
   Compiling object v0.36.7
   Compiling hex v0.4.3
   Compiling serde_json v1.0.151
   Compiling anyhow v1.0.104
   Compiling log v0.4.34
   Compiling hashbrown v0.17.1
   Compiling equivalent v1.0.2
   Compiling procfs-core v0.18.0
   Compiling indexmap v2.14.2
   Compiling regex-automata v0.4.18
   Compiling derive_more v1.0.0
   Compiling hashbrown v0.15.5
   Compiling reverie-process v0.2.0 (/home/newton/work/dev-hermit/worktrees/slots/dev-hermit-gdb-vfile-20260916/reverie-process)
   Compiling ruzstd v0.7.3
   Compiling tracing-attributes v0.1.31
   Compiling test-case-core v3.3.1
   Compiling foreign-types-macros v0.2.4
   Compiling scroll_derive v0.13.2
   Compiling memmap2 v0.9.11
   Compiling fallible-iterator v0.3.0
   Compiling typed-arena v2.0.2
   Compiling unwind v0.4.2
   Compiling bitflags v1.3.2
   Compiling itoa v1.0.18
   Compiling num_threads v0.1.7
   Compiling powerfmt v0.2.0
   Compiling num-conv v0.2.2
   Compiling time-core v0.1.9
   Compiling foreign-types-shared v0.3.1
   Compiling deranged v0.5.8
   Compiling gimli v0.33.0
   Compiling rustc-demangle v0.1.28
   Compiling foreign-types v0.5.0
   Compiling raw-cpuid v10.7.0
   Compiling time v0.3.55
   Compiling scroll v0.13.0
   Compiling tracing v0.1.44
   Compiling test-case-macros v3.3.1
   Compiling addr2line v0.26.1
   Compiling reverie-syscalls v0.2.0 (/home/newton/work/dev-hermit/worktrees/slots/dev-hermit-gdb-vfile-20260916/reverie-syscalls)
   Compiling matchers v0.2.0
   Compiling tracing-log v0.2.0
   Compiling tokio-util v0.7.19
   Compiling tracing-serde v0.2.0
   Compiling linked-hash-map v0.5.6
   Compiling async-trait v0.1.92
   Compiling sharded-slab v0.1.7
   Compiling thread_local v1.1.10
   Compiling plain v0.2.3
   Compiling byteorder v1.5.0
   Compiling nu-ansi-term v0.50.3
   Compiling never-say-never v6.6.666
   Compiling tracing-subscriber v0.3.23
   Compiling goblin v0.10.7
   Compiling tokio-stream v0.1.19
   Compiling test-case v3.3.1
   Compiling safeptrace v0.2.0 (/home/newton/work/dev-hermit/worktrees/slots/dev-hermit-gdb-vfile-20260916/safeptrace)
   Compiling reverie-core v0.2.0 (/home/newton/work/dev-hermit/worktrees/slots/dev-hermit-gdb-vfile-20260916/reverie)
   Compiling iced-x86 v1.21.0
   Compiling perf-event-open-sys v5.0.0
   Compiling close-err v1.0.2
   Compiling reverie-ptrace v0.2.0 (/home/newton/work/dev-hermit/worktrees/slots/dev-hermit-gdb-vfile-20260916/reverie-ptrace)
    Finished `test` profile [unoptimized + debuginfo] target(s) in 37.41s
