WARNING: registry/storage state remains INCONSISTENT (87 finding(s)); this create target is distinct and none of the reported state was changed
INCONSISTENT kind=directory-without-row target=agent/chat-pin-d81: /home/newton/work/dev-hermit/worktrees/slots/chat-pin-d81 exists but no active agent row claims it
  REMEDY: inspect the directory, then run 'wrkslots register chat-pin-d81 --help' to record a live agent slot
INCONSISTENT kind=git-registration-without-row target=agent/chat-pin-d81: source repository /home/newton/work/dev-hermit/hermit (Git common directory /home/newton/work/dev-hermit/hermit/.git) registers /home/newton/work/dev-hermit/worktrees/slots/chat-pin-d81 inside the managed agent root, but no active checkout row for that repository names it
  REMEDY: inspect 'git -C /home/newton/work/dev-hermit/hermit worktree list --porcelain'; restore and register the live slot or remove the stale Git registration before reusing any overlapping path
INCONSISTENT kind=directory-without-row target=agent/ci-signal-au-history-20260919: /home/newton/work/dev-hermit/worktrees/slots/ci-signal-au-history-20260919 exists but no active agent row claims it
  REMEDY: inspect the directory, then run 'wrkslots register ci-signal-au-history-20260919 --help' to record a live agent slot
INCONSISTENT kind=directory-without-row target=agent/ci-signal-au-history-integration-20260920: /home/newton/work/dev-hermit/worktrees/slots/ci-signal-au-history-integration-20260920 exists but no active agent row claims it
  REMEDY: inspect the directory, then run 'wrkslots register ci-signal-au-history-integration-20260920 --help' to record a live agent slot
INCONSISTENT kind=directory-without-row target=agent/ci-signal-au-history-pin-20260920: /home/newton/work/dev-hermit/worktrees/slots/ci-signal-au-history-pin-20260920 exists but no active agent row claims it
  REMEDY: inspect the directory, then run 'wrkslots register ci-signal-au-history-pin-20260920 --help' to record a live agent slot
INCONSISTENT kind=git-registration-without-row target=agent/ci-signal-au-history-pin-20260920: source repository /home/newton/work/dev-hermit/hermit (Git common directory /home/newton/work/dev-hermit/hermit/.git) registers /home/newton/work/dev-hermit/worktrees/slots/ci-signal-au-history-pin-20260920/hermit inside the managed agent root, but no active checkout row for that repository names it
  REMEDY: inspect 'git -C /home/newton/work/dev-hermit/hermit worktree list --porcelain'; restore and register the live slot or remove the stale Git registration before reusing any overlapping path
INCONSISTENT kind=directory-without-row target=agent/ci-signal-main-health-20260919: /home/newton/work/dev-hermit/worktrees/slots/ci-signal-main-health-20260919 exists but no active agent row claims it
  REMEDY: inspect the directory, then run 'wrkslots register ci-signal-main-health-20260919 --help' to record a live agent slot
INCONSISTENT kind=git-registration-without-row target=agent/ci-signal-main-health-20260919: source repository /home/newton/work/dev-hermit/reverie (Git common directory /home/newton/work/dev-hermit/.git/modules/reverie) registers /home/newton/work/dev-hermit/worktrees/slots/ci-signal-main-health-20260919/reverie inside the managed agent root, but no active checkout row for that repository names it
  REMEDY: inspect 'git -C /home/newton/work/dev-hermit/reverie worktree list --porcelain'; restore and register the live slot or remove the stale Git registration before reusing any overlapping path
INCONSISTENT kind=directory-without-row target=agent/ci-signal-main-health-integration-20260919: /home/newton/work/dev-hermit/worktrees/slots/ci-signal-main-health-integration-20260919 exists but no active agent row claims it
  REMEDY: inspect the directory, then run 'wrkslots register ci-signal-main-health-integration-20260919 --help' to record a live agent slot
INCONSISTENT kind=git-registration-without-row target=agent/ci-signal-main-health-integration-20260919: source repository /home/newton/work/dev-hermit/reverie (Git common directory /home/newton/work/dev-hermit/.git/modules/reverie) registers /home/newton/work/dev-hermit/worktrees/slots/ci-signal-main-health-integration-20260919/reverie inside the managed agent root, but no active checkout row for that repository names it
  REMEDY: inspect 'git -C /home/newton/work/dev-hermit/reverie worktree list --porcelain'; restore and register the live slot or remove the stale Git registration before reusing any overlapping path
INCONSISTENT kind=directory-without-row target=agent/ci-signal-nextest-cpu-20260920: /home/newton/work/dev-hermit/worktrees/slots/ci-signal-nextest-cpu-20260920 exists but no active agent row claims it
  REMEDY: inspect the directory, then run 'wrkslots register ci-signal-nextest-cpu-20260920 --help' to record a live agent slot
INCONSISTENT kind=git-registration-without-row target=agent/ci-signal-nextest-cpu-20260920: source repository /home/newton/work/dev-hermit (Git common directory /home/newton/work/dev-hermit/.git) registers /home/newton/work/dev-hermit/worktrees/slots/ci-signal-nextest-cpu-20260920 inside the managed agent root, but no active checkout row for that repository names it
  REMEDY: inspect 'git -C /home/newton/work/dev-hermit worktree list --porcelain'; restore and register the live slot or remove the stale Git registration before reusing any overlapping path
INCONSISTENT kind=git-registration-without-row target=agent/ci-signal-nextest-cpu-20260920: source repository /home/newton/work/dev-hermit/hermit (Git common directory /home/newton/work/dev-hermit/hermit/.git) registers /home/newton/work/dev-hermit/worktrees/slots/ci-signal-nextest-cpu-20260920/hermit inside the managed agent root, but no active checkout row for that repository names it
  REMEDY: inspect 'git -C /home/newton/work/dev-hermit/hermit worktree list --porcelain'; restore and register the live slot or remove the stale Git registration before reusing any overlapping path
INCONSISTENT kind=directory-without-row target=agent/ci-signal-proccpu-emission-20260920: /home/newton/work/dev-hermit/worktrees/slots/ci-signal-proccpu-emission-20260920 exists but no active agent row claims it
  REMEDY: inspect the directory, then run 'wrkslots register ci-signal-proccpu-emission-20260920 --help' to record a live agent slot
INCONSISTENT kind=git-registration-without-row target=agent/ci-signal-proccpu-emission-20260920: source repository /home/newton/work/dev-hermit (Git common directory /home/newton/work/dev-hermit/.git) registers /home/newton/work/dev-hermit/worktrees/slots/ci-signal-proccpu-emission-20260920 inside the managed agent root, but no active checkout row for that repository names it
  REMEDY: inspect 'git -C /home/newton/work/dev-hermit worktree list --porcelain'; restore and register the live slot or remove the stale Git registration before reusing any overlapping path
INCONSISTENT kind=git-registration-without-row target=agent/ci-signal-proccpu-emission-20260920: source repository /home/newton/work/dev-hermit/hermit (Git common directory /home/newton/work/dev-hermit/hermit/.git) registers /home/newton/work/dev-hermit/worktrees/slots/ci-signal-proccpu-emission-20260920/hermit inside the managed agent root, but no active checkout row for that repository names it
  REMEDY: inspect 'git -C /home/newton/work/dev-hermit/hermit worktree list --porcelain'; restore and register the live slot or remove the stale Git registration before reusing any overlapping path
INCONSISTENT kind=directory-without-row target=agent/ci-signal-ptrace-fatal-cleanup-20260920: /home/newton/work/dev-hermit/worktrees/slots/ci-signal-ptrace-fatal-cleanup-20260920 exists but no active agent row claims it
  REMEDY: inspect the directory, then run 'wrkslots register ci-signal-ptrace-fatal-cleanup-20260920 --help' to record a live agent slot
INCONSISTENT kind=git-registration-without-row target=agent/ci-signal-ptrace-fatal-cleanup-20260920: source repository /home/newton/work/dev-hermit (Git common directory /home/newton/work/dev-hermit/.git) registers /home/newton/work/dev-hermit/worktrees/slots/ci-signal-ptrace-fatal-cleanup-20260920 inside the managed agent root, but no active checkout row for that repository names it
  REMEDY: inspect 'git -C /home/newton/work/dev-hermit worktree list --porcelain'; restore and register the live slot or remove the stale Git registration before reusing any overlapping path
INCONSISTENT kind=directory-without-row target=agent/ci-signal-record-artifact-20260920: /home/newton/work/dev-hermit/worktrees/slots/ci-signal-record-artifact-20260920 exists but no active agent row claims it
  REMEDY: inspect the directory, then run 'wrkslots register ci-signal-record-artifact-20260920 --help' to record a live agent slot
INCONSISTENT kind=git-registration-without-row target=agent/ci-signal-record-artifact-20260920: source repository /home/newton/work/dev-hermit/hermit (Git common directory /home/newton/work/dev-hermit/hermit/.git) registers /home/newton/work/dev-hermit/worktrees/slots/ci-signal-record-artifact-20260920/hermit inside the managed agent root, but no active checkout row for that repository names it
  REMEDY: inspect 'git -C /home/newton/work/dev-hermit/hermit worktree list --porcelain'; restore and register the live slot or remove the stale Git registration before reusing any overlapping path
INCONSISTENT kind=git-registration-without-row target=agent/ci-signal-record-artifact-20260920: source repository /home/newton/work/dev-hermit/hermit/agent-utils (Git common directory /home/newton/work/dev-hermit/hermit/.git/modules/agent-utils) registers /home/newton/work/dev-hermit/worktrees/slots/ci-signal-record-artifact-20260920/hermit/agent-utils inside the managed agent root, but no active checkout row for that repository names it
  REMEDY: inspect 'git -C /home/newton/work/dev-hermit/hermit/agent-utils worktree list --porcelain'; restore and register the live slot or remove the stale Git registration before reusing any overlapping path
INCONSISTENT kind=directory-without-row target=agent/ci-signal-reverie-run-identity-20260920: /home/newton/work/dev-hermit/worktrees/slots/ci-signal-reverie-run-identity-20260920 exists but no active agent row claims it
  REMEDY: inspect the directory, then run 'wrkslots register ci-signal-reverie-run-identity-20260920 --help' to record a live agent slot
INCONSISTENT kind=git-registration-without-row target=agent/ci-signal-reverie-run-identity-20260920: source repository /home/newton/work/dev-hermit (Git common directory /home/newton/work/dev-hermit/.git) registers /home/newton/work/dev-hermit/worktrees/slots/ci-signal-reverie-run-identity-20260920 inside the managed agent root, but no active checkout row for that repository names it
  REMEDY: inspect 'git -C /home/newton/work/dev-hermit worktree list --porcelain'; restore and register the live slot or remove the stale Git registration before reusing any overlapping path
INCONSISTENT kind=git-registration-without-row target=agent/ci-signal-reverie-run-identity-20260920: source repository /home/newton/work/dev-hermit/hermit (Git common directory /home/newton/work/dev-hermit/hermit/.git) registers /home/newton/work/dev-hermit/worktrees/slots/ci-signal-reverie-run-identity-20260920/hermit inside the managed agent root, but no active checkout row for that repository names it
  REMEDY: inspect 'git -C /home/newton/work/dev-hermit/hermit worktree list --porcelain'; restore and register the live slot or remove the stale Git registration before reusing any overlapping path
INCONSISTENT kind=git-registration-without-row target=agent/ci-signal-reverie-run-identity-20260920: source repository /home/newton/work/dev-hermit/hermit/agent-utils (Git common directory /home/newton/work/dev-hermit/hermit/.git/modules/agent-utils) registers /home/newton/work/dev-hermit/worktrees/slots/ci-signal-reverie-run-identity-20260920/hermit/agent-utils inside the managed agent root, but no active checkout row for that repository names it
  REMEDY: inspect 'git -C /home/newton/work/dev-hermit/hermit/agent-utils worktree list --porcelain'; restore and register the live slot or remove the stale Git registration before reusing any overlapping path
INCONSISTENT kind=directory-without-row target=agent/ci-signal-rng-integration-20260920: /home/newton/work/dev-hermit/worktrees/slots/ci-signal-rng-integration-20260920 exists but no active agent row claims it
  REMEDY: inspect the directory, then run 'wrkslots register ci-signal-rng-integration-20260920 --help' to record a live agent slot
INCONSISTENT kind=directory-without-row target=agent/ci-signal-version-provenance-20260920: /home/newton/work/dev-hermit/worktrees/slots/ci-signal-version-provenance-20260920 exists but no active agent row claims it
  REMEDY: inspect the directory, then run 'wrkslots register ci-signal-version-provenance-20260920 --help' to record a live agent slot
INCONSISTENT kind=git-registration-without-row target=agent/ci-signal-version-provenance-20260920: source repository /home/newton/work/dev-hermit/hermit (Git common directory /home/newton/work/dev-hermit/hermit/.git) registers /home/newton/work/dev-hermit/worktrees/slots/ci-signal-version-provenance-20260920/hermit inside the managed agent root, but no active checkout row for that repository names it
  REMEDY: inspect 'git -C /home/newton/work/dev-hermit/hermit worktree list --porcelain'; restore and register the live slot or remove the stale Git registration before reusing any overlapping path
INCONSISTENT kind=git-registration-without-row target=agent/ci-signal-version-provenance-20260920: source repository /home/newton/work/dev-hermit/hermit/agent-utils (Git common directory /home/newton/work/dev-hermit/hermit/.git/modules/agent-utils) registers /home/newton/work/dev-hermit/worktrees/slots/ci-signal-version-provenance-20260920/hermit/agent-utils inside the managed agent root, but no active checkout row for that repository names it
  REMEDY: inspect 'git -C /home/newton/work/dev-hermit/hermit/agent-utils worktree list --porcelain'; restore and register the live slot or remove the stale Git registration before reusing any overlapping path
INCONSISTENT kind=directory-without-row target=agent/fix-2953: /home/newton/work/dev-hermit/worktrees/slots/fix-2953 exists but no active agent row claims it
  REMEDY: inspect the directory, then run 'wrkslots register fix-2953 --help' to record a live agent slot
INCONSISTENT kind=directory-without-row target=agent/ignored: /home/newton/work/dev-hermit/worktrees/slots/ignored exists but no active agent row claims it
  REMEDY: inspect the directory, then run 'wrkslots register ignored --help' to record a live agent slot
INCONSISTENT kind=directory-without-row target=agent/kvm-sysinfo-tool-2979: /home/newton/work/dev-hermit/worktrees/slots/kvm-sysinfo-tool-2979 exists but no active agent row claims it
  REMEDY: inspect the directory, then run 'wrkslots register kvm-sysinfo-tool-2979 --help' to record a live agent slot
INCONSISTENT kind=git-registration-without-row target=agent/kvm-sysinfo-tool-2979: source repository /home/newton/work/dev-hermit (Git common directory /home/newton/work/dev-hermit/.git) registers /home/newton/work/dev-hermit/worktrees/slots/kvm-sysinfo-tool-2979 inside the managed agent root, but no active checkout row for that repository names it
  REMEDY: inspect 'git -C /home/newton/work/dev-hermit worktree list --porcelain'; restore and register the live slot or remove the stale Git registration before reusing any overlapping path
INCONSISTENT kind=directory-without-row target=agent/lander-2-pr2799-final: /home/newton/work/dev-hermit/worktrees/slots/lander-2-pr2799-final exists but no active agent row claims it
  REMEDY: inspect the directory, then run 'wrkslots register lander-2-pr2799-final --help' to record a live agent slot
INCONSISTENT kind=git-registration-without-row target=agent/lander-2-pr2799-final: source repository /home/newton/work/dev-hermit/hermit (Git common directory /home/newton/work/dev-hermit/hermit/.git) registers /home/newton/work/dev-hermit/worktrees/slots/lander-2-pr2799-final inside the managed agent root, but no active checkout row for that repository names it
  REMEDY: inspect 'git -C /home/newton/work/dev-hermit/hermit worktree list --porcelain'; restore and register the live slot or remove the stale Git registration before reusing any overlapping path
INCONSISTENT kind=directory-without-row target=agent/liteinst-ratchet: /home/newton/work/dev-hermit/worktrees/slots/liteinst-ratchet exists but no active agent row claims it
  REMEDY: inspect the directory, then run 'wrkslots register liteinst-ratchet --help' to record a live agent slot
INCONSISTENT kind=git-registration-without-row target=agent/liteinst-ratchet: source repository /home/newton/work/dev-hermit/hermit (Git common directory /home/newton/work/dev-hermit/hermit/.git) registers /home/newton/work/dev-hermit/worktrees/slots/liteinst-ratchet inside the managed agent root, but no active checkout row for that repository names it
  REMEDY: inspect 'git -C /home/newton/work/dev-hermit/hermit worktree list --porcelain'; restore and register the live slot or remove the stale Git registration before reusing any overlapping path
INCONSISTENT kind=directory-without-row target=agent/pr-drain-ci-signal-parent-operational-help-20260920: /home/newton/work/dev-hermit/worktrees/slots/pr-drain-ci-signal-parent-operational-help-20260920 exists but no active agent row claims it
  REMEDY: inspect the directory, then run 'wrkslots register pr-drain-ci-signal-parent-operational-help-20260920 --help' to record a live agent slot
INCONSISTENT kind=git-registration-without-row target=agent/pr-drain-ci-signal-parent-operational-help-20260920: source repository /home/newton/work/dev-hermit (Git common directory /home/newton/work/dev-hermit/.git) registers /home/newton/work/dev-hermit/worktrees/slots/pr-drain-ci-signal-parent-operational-help-20260920 inside the managed agent root, but no active checkout row for that repository names it
  REMEDY: inspect 'git -C /home/newton/work/dev-hermit worktree list --porcelain'; restore and register the live slot or remove the stale Git registration before reusing any overlapping path
INCONSISTENT kind=directory-without-row target=agent/pr-drain-ci-signal-parent-scorecard-20260920: /home/newton/work/dev-hermit/worktrees/slots/pr-drain-ci-signal-parent-scorecard-20260920 exists but no active agent row claims it
  REMEDY: inspect the directory, then run 'wrkslots register pr-drain-ci-signal-parent-scorecard-20260920 --help' to record a live agent slot
INCONSISTENT kind=git-registration-without-row target=agent/pr-drain-ci-signal-parent-scorecard-20260920: source repository /home/newton/work/dev-hermit (Git common directory /home/newton/work/dev-hermit/.git) registers /home/newton/work/dev-hermit/worktrees/slots/pr-drain-ci-signal-parent-scorecard-20260920 inside the managed agent root, but no active checkout row for that repository names it
  REMEDY: inspect 'git -C /home/newton/work/dev-hermit worktree list --porcelain'; restore and register the live slot or remove the stale Git registration before reusing any overlapping path
INCONSISTENT kind=git-registration-without-row target=agent/pr-drain-ci-signal-parent-scorecard-20260920: source repository /home/newton/work/dev-hermit/hermit (Git common directory /home/newton/work/dev-hermit/hermit/.git) registers /home/newton/work/dev-hermit/worktrees/slots/pr-drain-ci-signal-parent-scorecard-20260920/hermit inside the managed agent root, but no active checkout row for that repository names it
  REMEDY: inspect 'git -C /home/newton/work/dev-hermit/hermit worktree list --porcelain'; restore and register the live slot or remove the stale Git registration before reusing any overlapping path
INCONSISTENT kind=directory-without-row target=agent/review-521-fix: /home/newton/work/dev-hermit/worktrees/slots/review-521-fix exists but no active agent row claims it
  REMEDY: inspect the directory, then run 'wrkslots register review-521-fix --help' to record a live agent slot
INCONSISTENT kind=git-registration-without-row target=agent/review-521-fix: source repository /home/newton/work/dev-hermit (Git common directory /home/newton/work/dev-hermit/.git) registers /home/newton/work/dev-hermit/worktrees/slots/review-521-fix inside the managed agent root, but no active checkout row for that repository names it
  REMEDY: inspect 'git -C /home/newton/work/dev-hermit worktree list --porcelain'; restore and register the live slot or remove the stale Git registration before reusing any overlapping path
INCONSISTENT kind=directory-without-row target=agent/review-reverie-529: /home/newton/work/dev-hermit/worktrees/slots/review-reverie-529 exists but no active agent row claims it
  REMEDY: inspect the directory, then run 'wrkslots register review-reverie-529 --help' to record a live agent slot
INCONSISTENT kind=git-registration-without-row target=agent/review-reverie-529: source repository /home/newton/work/dev-hermit/reverie (Git common directory /home/newton/work/dev-hermit/.git/modules/reverie) registers /home/newton/work/dev-hermit/worktrees/slots/review-reverie-529 inside the managed agent root, but no active checkout row for that repository names it
  REMEDY: inspect 'git -C /home/newton/work/dev-hermit/reverie worktree list --porcelain'; restore and register the live slot or remove the stale Git registration before reusing any overlapping path
INCONSISTENT kind=directory-without-row target=agent/scorecard-combined-writer-stack-c: /home/newton/work/dev-hermit/worktrees/slots/scorecard-combined-writer-stack-c exists but no active agent row claims it
  REMEDY: inspect the directory, then run 'wrkslots register scorecard-combined-writer-stack-c --help' to record a live agent slot
INCONSISTENT kind=git-registration-without-row target=agent/scorecard-combined-writer-stack-c: source repository /home/newton/work/dev-hermit/hermit (Git common directory /home/newton/work/dev-hermit/hermit/.git) registers /home/newton/work/dev-hermit/worktrees/slots/scorecard-combined-writer-stack-c inside the managed agent root, but no active checkout row for that repository names it
  REMEDY: inspect 'git -C /home/newton/work/dev-hermit/hermit worktree list --porcelain'; restore and register the live slot or remove the stale Git registration before reusing any overlapping path
INCONSISTENT kind=directory-without-row target=agent/series-rows: /home/newton/work/dev-hermit/worktrees/slots/series-rows exists but no active agent row claims it
  REMEDY: inspect the directory, then run 'wrkslots register series-rows --help' to record a live agent slot
INCONSISTENT kind=git-registration-without-row target=agent/series-rows: source repository /home/newton/work/dev-hermit (Git common directory /home/newton/work/dev-hermit/.git) registers /home/newton/work/dev-hermit/worktrees/slots/series-rows inside the managed agent root, but no active checkout row for that repository names it
  REMEDY: inspect 'git -C /home/newton/work/dev-hermit worktree list --porcelain'; restore and register the live slot or remove the stale Git registration before reusing any overlapping path
INCONSISTENT kind=git-registration-without-row target=agent/series-rows: source repository /home/newton/work/dev-hermit (Git common directory /home/newton/work/dev-hermit/.git) registers /home/newton/work/dev-hermit/worktrees/slots/series-rows/ignored/series-rows/tool-root inside the managed agent root, but no active checkout row for that repository names it
  REMEDY: inspect 'git -C /home/newton/work/dev-hermit worktree list --porcelain'; restore and register the live slot or remove the stale Git registration before reusing any overlapping path
INCONSISTENT kind=directory-without-row target=validate/buck-oss-main-verify-20260921-1515: /home/newton/work/dev-hermit/worktrees/validate/buck-oss-main-verify-20260921-1515 exists but no active validate row claims it
  REMEDY: inspect the retained validation directory, then run 'wrkslots import-existing --help'
INCONSISTENT kind=git-registration-without-row target=validate/buck-oss-main-verify-20260921-1515: source repository /home/newton/work/dev-hermit/hermit (Git common directory /home/newton/work/dev-hermit/hermit/.git) registers /home/newton/work/dev-hermit/worktrees/validate/buck-oss-main-verify-20260921-1515 inside the managed validate root, but no active checkout row for that repository names it
  REMEDY: inspect 'git -C /home/newton/work/dev-hermit/hermit worktree list --porcelain'; restore and register the live slot or remove the stale Git registration before reusing any overlapping path
INCONSISTENT kind=directory-without-row target=validate/ignored: /home/newton/work/dev-hermit/worktrees/validate/ignored exists but no active validate row claims it
  REMEDY: inspect the retained validation directory, then run 'wrkslots import-existing --help'
INCONSISTENT kind=directory-without-row target=validate/scorecard-interactive-20260922: /home/newton/work/dev-hermit/worktrees/validate/scorecard-interactive-20260922 exists but no active validate row claims it
  REMEDY: inspect the retained validation directory, then run 'wrkslots import-existing --help'
INCONSISTENT kind=git-registration-without-row target=validate/scorecard-interactive-20260922: source repository /home/newton/work/dev-hermit (Git common directory /home/newton/work/dev-hermit/.git) registers /home/newton/work/dev-hermit/worktrees/validate/scorecard-interactive-20260922 inside the managed validate root, but no active checkout row for that repository names it
  REMEDY: inspect 'git -C /home/newton/work/dev-hermit worktree list --porcelain'; restore and register the live slot or remove the stale Git registration before reusing any overlapping path
INCONSISTENT kind=directory-without-row target=validate/scorecard-interactive-final-20260922: /home/newton/work/dev-hermit/worktrees/validate/scorecard-interactive-final-20260922 exists but no active validate row claims it
  REMEDY: inspect the retained validation directory, then run 'wrkslots import-existing --help'
INCONSISTENT kind=git-registration-without-row target=validate/scorecard-interactive-final-20260922: source repository /home/newton/work/dev-hermit (Git common directory /home/newton/work/dev-hermit/.git) registers /home/newton/work/dev-hermit/worktrees/validate/scorecard-interactive-final-20260922 inside the managed validate root, but no active checkout row for that repository names it
  REMEDY: inspect 'git -C /home/newton/work/dev-hermit worktree list --porcelain'; restore and register the live slot or remove the stale Git registration before reusing any overlapping path
INCONSISTENT kind=directory-without-row target=validate/validate-profile-manifest-1872-dev-hermit-20260918: /home/newton/work/dev-hermit/worktrees/validate/validate-profile-manifest-1872-dev-hermit-20260918 exists but no active validate row claims it
  REMEDY: inspect the retained validation directory, then run 'wrkslots import-existing --help'
INCONSISTENT kind=row-without-directory target=devbig014/agent/agent-utils-sibling-owner-pin: active row but no slot directory at /home/newton/work/dev-hermit/worktrees/slots/agent-utils-sibling-owner-pin
  REMEDY: preserve the active row; restore its exact slot directory or use the supported recovery command after proving the storage is intentionally absent
INCONSISTENT kind=row-without-directory target=devbig014/agent/audit-2765: active row but no slot directory at /home/newton/work/dev-hermit/worktrees/slots/audit-2765
  REMEDY: preserve the active row; restore its exact slot directory or use the supported recovery command after proving the storage is intentionally absent
INCONSISTENT kind=row-without-directory target=devbig014/agent/capfree: active row but no slot directory at /home/newton/work/dev-hermit/worktrees/slots/capfree
  REMEDY: preserve the active row; restore its exact slot directory or use the supported recovery command after proving the storage is intentionally absent
INCONSISTENT kind=row-without-directory target=devbig014/agent/command-strict-timeout-30s: active row but no slot directory at /home/newton/work/dev-hermit/worktrees/slots/command-strict-timeout-30s
  REMEDY: preserve the active row; restore its exact slot directory or use the supported recovery command after proving the storage is intentionally absent
INCONSISTENT kind=row-without-directory target=devbig014/agent/concurrent-registry-fix: active row but no slot directory at /home/newton/work/dev-hermit/worktrees/slots/concurrent-registry-fix
  REMEDY: preserve the active row; restore its exact slot directory or use the supported recovery command after proving the storage is intentionally absent
INCONSISTENT kind=row-without-directory target=devbig014/agent/implement_2799_r5: active row but no slot directory at /home/newton/work/dev-hermit/worktrees/slots/implement_2799_r5
  REMEDY: preserve the active row; restore its exact slot directory or use the supported recovery command after proving the storage is intentionally absent
INCONSISTENT kind=row-without-directory target=devbig014/agent/integration-artifact-consumers: active row but no slot directory at /home/newton/work/dev-hermit/worktrees/slots/integration-artifact-consumers
  REMEDY: preserve the active row; restore its exact slot directory or use the supported recovery command after proving the storage is intentionally absent
INCONSISTENT kind=git-registration-without-row target=devbig014/agent/kvm-replay-prerequisites-20260918: source repository /home/newton/work/dev-hermit/hermit (Git common directory /home/newton/work/dev-hermit/hermit/.git) registers /home/newton/work/dev-hermit/worktrees/slots/kvm-replay-prerequisites-20260918/ignored/exact-main-c6d9df63 inside the managed agent root, but no active checkout row for that repository names it
  REMEDY: inspect 'git -C /home/newton/work/dev-hermit/hermit worktree list --porcelain'; restore and register the live slot or remove the stale Git registration before reusing any overlapping path
INCONSISTENT kind=git-registration-without-row target=devbig014/agent/kvm-replay-prerequisites-20260918: source repository /home/newton/work/dev-hermit/hermit (Git common directory /home/newton/work/dev-hermit/hermit/.git) registers /home/newton/work/dev-hermit/worktrees/slots/kvm-replay-prerequisites-20260918/ignored/exact-main-de8a349a inside the managed agent root, but no active checkout row for that repository names it
  REMEDY: inspect 'git -C /home/newton/work/dev-hermit/hermit worktree list --porcelain'; restore and register the live slot or remove the stale Git registration before reusing any overlapping path
INCONSISTENT kind=git-registration-without-row target=devbig014/agent/kvm-reverie-landing-20260918: source repository /home/newton/work/dev-hermit/reverie (Git common directory /home/newton/work/dev-hermit/.git/modules/reverie) registers /home/newton/work/dev-hermit/worktrees/slots/kvm-reverie-landing-20260918/ignored/kvm-pselect6-sig64-base-negative inside the managed agent root, but no active checkout row for that repository names it
  REMEDY: inspect 'git -C /home/newton/work/dev-hermit/reverie worktree list --porcelain'; restore and register the live slot or remove the stale Git registration before reusing any overlapping path
INCONSISTENT kind=row-without-directory target=devbig014/agent/lander-3: active row but no slot directory at /home/newton/work/dev-hermit/worktrees/slots/lander-3
  REMEDY: preserve the active row; restore its exact slot directory or use the supported recovery command after proving the storage is intentionally absent
INCONSISTENT kind=row-without-directory target=devbig014/agent/lint-fixture-verify: active row but no slot directory at /home/newton/work/dev-hermit/worktrees/slots/lint-fixture-verify
  REMEDY: preserve the active row; restore its exact slot directory or use the supported recovery command after proving the storage is intentionally absent
INCONSISTENT kind=git-registration-without-row target=devbig014/agent/liteinst-session-recovery: source repository /home/newton/work/dev-hermit (Git common directory /home/newton/work/dev-hermit/.git) registers /home/newton/work/dev-hermit/worktrees/slots/liteinst-session-recovery/target/reverie-emergency-drain/parent-validation-v4 inside the managed agent root, but no active checkout row for that repository names it
  REMEDY: inspect 'git -C /home/newton/work/dev-hermit worktree list --porcelain'; restore and register the live slot or remove the stale Git registration before reusing any overlapping path
INCONSISTENT kind=git-registration-without-row target=devbig014/agent/liteinst-session-recovery: source repository /home/newton/work/dev-hermit/hermit (Git common directory /home/newton/work/dev-hermit/hermit/.git) registers /home/newton/work/dev-hermit/worktrees/slots/liteinst-session-recovery/target/reverie-emergency-drain/parent-validation-v4/hermit inside the managed agent root, but no active checkout row for that repository names it
  REMEDY: inspect 'git -C /home/newton/work/dev-hermit/hermit worktree list --porcelain'; restore and register the live slot or remove the stale Git registration before reusing any overlapping path
INCONSISTENT kind=git-registration-without-row target=devbig014/agent/liteinst-session-recovery: source repository /home/newton/work/dev-hermit/hermit/agent-utils (Git common directory /home/newton/work/dev-hermit/hermit/.git/modules/agent-utils) registers /home/newton/work/dev-hermit/worktrees/slots/liteinst-session-recovery/target/reverie-emergency-drain/parent-validation-v4/hermit/agent-utils inside the managed agent root, but no active checkout row for that repository names it
  REMEDY: inspect 'git -C /home/newton/work/dev-hermit/hermit/agent-utils worktree list --porcelain'; restore and register the live slot or remove the stale Git registration before reusing any overlapping path
INCONSISTENT kind=row-without-directory target=devbig014/agent/make-validate-entry-fix: active row but no slot directory at /home/newton/work/dev-hermit/worktrees/slots/make-validate-entry-fix
  REMEDY: preserve the active row; restore its exact slot directory or use the supported recovery command after proving the storage is intentionally absent
INCONSISTENT kind=git-registration-without-row target=devbig014/agent/recon-2-plugin-workflow-fix: source repository /home/newton/work/dev-hermit/hermit/agent-utils (Git common directory /home/newton/work/dev-hermit/hermit/.git/modules/agent-utils) registers /home/newton/work/dev-hermit/worktrees/slots/recon-2-plugin-workflow-fix/ignored/assertions-3/au-tail inside the managed agent root, but no active checkout row for that repository names it
  REMEDY: inspect 'git -C /home/newton/work/dev-hermit/hermit/agent-utils worktree list --porcelain'; restore and register the live slot or remove the stale Git registration before reusing any overlapping path
INCONSISTENT kind=row-without-directory target=devbig014/agent/scorecard-notrun: active row but no slot directory at /home/newton/work/dev-hermit/worktrees/slots/scorecard-notrun
  REMEDY: preserve the active row; restore its exact slot directory or use the supported recovery command after proving the storage is intentionally absent
INCONSISTENT kind=git-registration-without-row target=devbig014/agent/scorecard-website: source repository /home/newton/work/dev-hermit (Git common directory /home/newton/work/dev-hermit/.git) registers /home/newton/work/dev-hermit/worktrees/slots/scorecard-website/.keep-validate-status inside the managed agent root, but no active checkout row for that repository names it
  REMEDY: inspect 'git -C /home/newton/work/dev-hermit worktree list --porcelain'; restore and register the live slot or remove the stale Git registration before reusing any overlapping path
INCONSISTENT kind=git-registration-without-row target=devbig014/agent/scorecard-website: source repository /home/newton/work/dev-hermit (Git common directory /home/newton/work/dev-hermit/.git) registers /home/newton/work/dev-hermit/worktrees/slots/scorecard-website/.keep-validate-status-final inside the managed agent root, but no active checkout row for that repository names it
  REMEDY: inspect 'git -C /home/newton/work/dev-hermit worktree list --porcelain'; restore and register the live slot or remove the stale Git registration before reusing any overlapping path
INCONSISTENT kind=git-registration-without-row target=devbig014/agent/scorecard-website: source repository /home/newton/work/dev-hermit (Git common directory /home/newton/work/dev-hermit/.git) registers /home/newton/work/dev-hermit/worktrees/slots/scorecard-website/ignored/ci-hub-inflight inside the managed agent root, but no active checkout row for that repository names it
  REMEDY: inspect 'git -C /home/newton/work/dev-hermit worktree list --porcelain'; restore and register the live slot or remove the stale Git registration before reusing any overlapping path
INCONSISTENT kind=row-without-directory target=devbig014/agent/strict-compat-flat: active row but no slot directory at /home/newton/work/dev-hermit/worktrees/slots/strict-compat-flat
  REMEDY: preserve the active row; restore its exact slot directory or use the supported recovery command after proving the storage is intentionally absent
INCONSISTENT kind=row-without-directory target=devbig014/agent/submodule-visibility-hermit-pin: active row but no slot directory at /home/newton/work/dev-hermit/worktrees/slots/submodule-visibility-hermit-pin
  REMEDY: preserve the active row; restore its exact slot directory or use the supported recovery command after proving the storage is intentionally absent
INCONSISTENT kind=row-without-directory target=devbig014/agent/unselected-cells: active row but no slot directory at /home/newton/work/dev-hermit/worktrees/slots/unselected-cells
  REMEDY: preserve the active row; restore its exact slot directory or use the supported recovery command after proving the storage is intentionally absent
INCONSISTENT kind=row-without-directory target=devbig014/agent/validate-self-attribution: active row but no slot directory at /home/newton/work/dev-hermit/worktrees/slots/validate-self-attribution
  REMEDY: preserve the active row; restore its exact slot directory or use the supported recovery command after proving the storage is intentionally absent
INCONSISTENT kind=row-without-directory target=devbig014/agent/validate-submodule-recursion: active row but no slot directory at /home/newton/work/dev-hermit/worktrees/slots/validate-submodule-recursion
  REMEDY: preserve the active row; restore its exact slot directory or use the supported recovery command after proving the storage is intentionally absent
INCONSISTENT kind=row-without-directory target=devbig014/agent/wrkslots-registry-repair: active row but no slot directory at /home/newton/work/dev-hermit/worktrees/slots/wrkslots-registry-repair
  REMEDY: preserve the active row; restore its exact slot directory or use the supported recovery command after proving the storage is intentionally absent
INCONSISTENT kind=row-without-directory target=devbig014/agent/wrkslots-registry-repair-hermit: active row but no slot directory at /home/newton/work/dev-hermit/worktrees/slots/wrkslots-registry-repair-hermit
  REMEDY: preserve the active row; restore its exact slot directory or use the supported recovery command after proving the storage is intentionally absent
post-provision hook 1/1 checkout=reverie: git submodule update --init --recursive
created slot=kvm-sendfile-lseek-lowword-20260923 agent=kvm_sendfile_lseek_lowword generation=1 checkouts=1 retained_storage_inconsistencies=87
checkout=reverie path=/home/newton/work/dev-hermit/worktrees/slots/kvm-sendfile-lseek-lowword-20260923 head=dc7dac97995fee2393d2bcef147116134314781a
