ignored/kvm-syncfs-identity-v9/proof-frozen-executor.rs: OK
ignored/kvm-syncfs-identity-v9/proof-frozen-executor.sha256: OK
ignored/kvm-syncfs-identity-v9/proof-mounts.command: OK
ignored/kvm-syncfs-identity-v9/proof-mounts.disk: OK
ignored/kvm-syncfs-identity-v9/proof-mounts.forward-dry-run.log: OK
ignored/kvm-syncfs-identity-v9/proof-mounts.log: OK
ignored/kvm-syncfs-identity-v9/proof-mounts.mutated-source.sha256: OK
ignored/kvm-syncfs-identity-v9/proof-mounts.mutation-patch.sha256: OK
ignored/kvm-syncfs-identity-v9/proof-mounts.mutation-patch.status: OK
ignored/kvm-syncfs-identity-v9/proof-mounts.mutation.patch: OK
ignored/kvm-syncfs-identity-v9/proof-mounts.post-base-patch.sha256: OK
ignored/kvm-syncfs-identity-v9/proof-mounts.post-base.patch: OK
ignored/kvm-syncfs-identity-v9/proof-mounts.post-source.sha256: OK
ignored/kvm-syncfs-identity-v9/proof-mounts.pre-base-patch.sha256: OK
ignored/kvm-syncfs-identity-v9/proof-mounts.pre-source.sha256: OK
ignored/kvm-syncfs-identity-v9/proof-mounts.recipe.sh: OK
ignored/kvm-syncfs-identity-v9/proof-mounts.restore.status: OK
ignored/kvm-syncfs-identity-v9/proof-mounts.reverse-dry-run.log: OK
ignored/kvm-syncfs-identity-v9/proof-mounts.reverse-dry-run.status: OK
ignored/kvm-syncfs-identity-v9/proof-mounts.seconds: OK
ignored/kvm-syncfs-identity-v9/proof-mounts.status: OK
ignored/kvm-syncfs-identity-v9/proof-fdinfo-trailing.command: OK
ignored/kvm-syncfs-identity-v9/proof-fdinfo-trailing.disk: OK
ignored/kvm-syncfs-identity-v9/proof-fdinfo-trailing.forward-dry-run.log: OK
ignored/kvm-syncfs-identity-v9/proof-fdinfo-trailing.log: OK
ignored/kvm-syncfs-identity-v9/proof-fdinfo-trailing.mutated-source.sha256: OK
ignored/kvm-syncfs-identity-v9/proof-fdinfo-trailing.mutation-patch.sha256: OK
ignored/kvm-syncfs-identity-v9/proof-fdinfo-trailing.mutation-patch.status: OK
ignored/kvm-syncfs-identity-v9/proof-fdinfo-trailing.mutation.patch: OK
ignored/kvm-syncfs-identity-v9/proof-fdinfo-trailing.post-base-patch.sha256: OK
ignored/kvm-syncfs-identity-v9/proof-fdinfo-trailing.post-base.patch: OK
ignored/kvm-syncfs-identity-v9/proof-fdinfo-trailing.post-source.sha256: OK
ignored/kvm-syncfs-identity-v9/proof-fdinfo-trailing.pre-base-patch.sha256: OK
ignored/kvm-syncfs-identity-v9/proof-fdinfo-trailing.pre-source.sha256: OK
ignored/kvm-syncfs-identity-v9/proof-fdinfo-trailing.recipe.sh: OK
ignored/kvm-syncfs-identity-v9/proof-fdinfo-trailing.restore.status: OK
ignored/kvm-syncfs-identity-v9/proof-fdinfo-trailing.reverse-dry-run.log: OK
ignored/kvm-syncfs-identity-v9/proof-fdinfo-trailing.reverse-dry-run.status: OK
ignored/kvm-syncfs-identity-v9/proof-fdinfo-trailing.seconds: OK
ignored/kvm-syncfs-identity-v9/proof-fdinfo-trailing.status: OK
ignored/kvm-syncfs-identity-v9/proof-stale-nofollow.command: OK
ignored/kvm-syncfs-identity-v9/proof-stale-nofollow.disk: OK
ignored/kvm-syncfs-identity-v9/proof-stale-nofollow.forward-dry-run.log: OK
ignored/kvm-syncfs-identity-v9/proof-stale-nofollow.log: OK
ignored/kvm-syncfs-identity-v9/proof-stale-nofollow.mutated-source.sha256: OK
ignored/kvm-syncfs-identity-v9/proof-stale-nofollow.mutation-patch.sha256: OK
ignored/kvm-syncfs-identity-v9/proof-stale-nofollow.mutation-patch.status: OK
ignored/kvm-syncfs-identity-v9/proof-stale-nofollow.mutation.patch: OK
ignored/kvm-syncfs-identity-v9/proof-stale-nofollow.post-base-patch.sha256: OK
ignored/kvm-syncfs-identity-v9/proof-stale-nofollow.post-base.patch: OK
ignored/kvm-syncfs-identity-v9/proof-stale-nofollow.post-source.sha256: OK
ignored/kvm-syncfs-identity-v9/proof-stale-nofollow.pre-base-patch.sha256: OK
ignored/kvm-syncfs-identity-v9/proof-stale-nofollow.pre-source.sha256: OK
ignored/kvm-syncfs-identity-v9/proof-stale-nofollow.recipe.sh: OK
ignored/kvm-syncfs-identity-v9/proof-stale-nofollow.restore.status: OK
ignored/kvm-syncfs-identity-v9/proof-stale-nofollow.reverse-dry-run.log: OK
ignored/kvm-syncfs-identity-v9/proof-stale-nofollow.reverse-dry-run.status: OK
ignored/kvm-syncfs-identity-v9/proof-stale-nofollow.seconds: OK
ignored/kvm-syncfs-identity-v9/proof-stale-nofollow.status: OK
ignored/kvm-syncfs-identity-v9/proof-seal-write.command: OK
ignored/kvm-syncfs-identity-v9/proof-seal-write.disk: OK
ignored/kvm-syncfs-identity-v9/proof-seal-write.forward-dry-run.log: OK
ignored/kvm-syncfs-identity-v9/proof-seal-write.log: OK
ignored/kvm-syncfs-identity-v9/proof-seal-write.mutated-source.sha256: OK
ignored/kvm-syncfs-identity-v9/proof-seal-write.mutation-patch.sha256: OK
ignored/kvm-syncfs-identity-v9/proof-seal-write.mutation-patch.status: OK
ignored/kvm-syncfs-identity-v9/proof-seal-write.mutation.patch: OK
ignored/kvm-syncfs-identity-v9/proof-seal-write.post-base-patch.sha256: OK
ignored/kvm-syncfs-identity-v9/proof-seal-write.post-base.patch: OK
ignored/kvm-syncfs-identity-v9/proof-seal-write.post-source.sha256: OK
ignored/kvm-syncfs-identity-v9/proof-seal-write.pre-base-patch.sha256: OK
ignored/kvm-syncfs-identity-v9/proof-seal-write.pre-source.sha256: OK
ignored/kvm-syncfs-identity-v9/proof-seal-write.recipe.sh: OK
ignored/kvm-syncfs-identity-v9/proof-seal-write.restore.status: OK
ignored/kvm-syncfs-identity-v9/proof-seal-write.reverse-dry-run.log: OK
ignored/kvm-syncfs-identity-v9/proof-seal-write.reverse-dry-run.status: OK
ignored/kvm-syncfs-identity-v9/proof-seal-write.seconds: OK
ignored/kvm-syncfs-identity-v9/proof-seal-write.status: OK
