[kvm-strace] clone3(0x2001a0, 88) = 2
[kvm-strace] futex(0x201808, 0, 2, NULL, NULL, 0) = -11
[kvm-strace] futex(0x201808, 0, 2, NULL, NULL, 0) = -11
[kvm-strace] futex(0x201808, 0, 2, NULL, NULL, 0) = -11
[kvm-strace] futex(0x201808, 0, 2, NULL, NULL, 0) = -11
[kvm-strace] futex(0x201808, 0, 2, NULL, NULL, 0) = -11
[kvm-strace] futex(0x201808, 0, 2, NULL, NULL, 0) = -11
[kvm-strace] arch_prctl(ARCH_GET_FS, 0x201818) = 0
[kvm-strace] futex(0x201808, 0, 2, NULL, NULL, 0) = -11
[kvm-strace] futex(0x201808, 0, 2, NULL, NULL, 0) = -11
[kvm-strace] gettid() = 2
[kvm-strace] futex(0x201808, 0, 2, NULL, NULL, 0) = -11
[kvm-strace] exit(0) = ?
[kvm-strace] futex(0x201808, 0, 2, NULL, NULL, 0) = -11
[kvm-strace] gettid() = 1
[kvm-strace] exit_group(0) = ?
[kvm-strace] clone3(0x2001a0, 88) = 2
[kvm-strace] gettid() = 1
[kvm-strace] exit_group(0) = ?
[kvm-strace] clone3(0x2001a0, 88) = 2
[kvm-strace] futex(0x201808, 0, 2, NULL, NULL, 0) = -11
[kvm-strace] futex(0x201808, 0, 2, NULL, NULL, 0) = -11
[kvm-strace] futex(0x201808, 0, 2, NULL, NULL, 0) = -11
[kvm-strace] futex(0x201808, 0, 2, NULL, NULL, 0) = -11
[kvm-strace] futex(0x201808, 0, 2, NULL, NULL, 0) = -11
[kvm-strace] futex(0x201808, 0, 2, NULL, NULL, 0) = -11
[kvm-strace] arch_prctl(ARCH_GET_FS, 0x201818) = 0
[kvm-strace] futex(0x201808, 0, 2, NULL, NULL, 0) = -11
[kvm-strace] futex(0x201808, 0, 2, NULL, NULL, 0) = -11
[kvm-strace] gettid() = 2
[kvm-strace] futex(0x201808, 0, 2, NULL, NULL, 0) = -11
[kvm-strace] exit(0) = ?
[kvm-strace] futex(0x201808, 0, 2, NULL, NULL, 0) = -11
[kvm-strace] gettid() = 1
[kvm-strace] exit_group(0) = ?
