gdbstub::commands::base::_vFile::test::hostio_sanity: test
gdbstub::commands::base::_vFile::test::hostio_stat_size_check: test
gdbstub::commands::base::_vFile::test::malformed_supported_vfile_operations_remain_errors: test
gdbstub::commands::base::_vFile::test::unknown_vfile_operations_are_valid_commands: test
gdbstub::commands::base::_x_upper::test::can_parse_X_special: test
gdbstub::commands::test::decode_vcont_test: test
gdbstub::commands::test::malformed_command: test
gdbstub::commands::test::parse_g_upper_with_thread_suffix: test
gdbstub::commands::test::parse_g_with_thread_suffix: test
gdbstub::commands::test::parse_lldb_query_packets: test
gdbstub::commands::test::parse_qregisterinfo_hex_index: test
gdbstub::commands::test::qthreadsuffix_not_shadowed_by_qthreadevents: test
gdbstub::commands::test::split_thread_suffix_forms: test
gdbstub::commands::test::unknown_command: test
gdbstub::hex::test::decode_gdb_binary_test: test
gdbstub::hex::test::decode_gdb_hex_test: test
gdbstub::hex::test::encode_decode_sanity: test
gdbstub::hex::test::serde_sanity: test
gdbstub::packet::test::can_decode_packet: test
gdbstub::packet::test::escaped_checksum_marker_is_packet_data: test
gdbstub::packet::test::partial_checksum_is_an_error_instead_of_a_panic: test
gdbstub::regs::x86_64::test::amd64_core_regs_sanity: test
gdbstub::regs::x86_64::test::amd64_core_regs_serde: test
gdbstub::regs::x86_64::test::fp80_sanity: test
gdbstub::regs::x86_64::test::register_infos_match_coreregs_layout: test
gdbstub::regs::x86_64::test::st_sanity: test
gdbstub::regs::x86_64::test::xmm_sanity: test
gdbstub::response::test::response_plain_string: test
gdbstub::server::tests::framing_honors_the_advertised_packet_limit: test
gdbstub::server::tests::framing_keeps_checksum_header_and_incomplete_eof_refusals: test
gdbstub::server::tests::framing_preserves_ack_nack_interrupt_and_combined_ack: test
gdbstub::server::tests::framing_preserves_an_escaped_checksum_marker: test
gdbstub::server::tests::framing_preserves_binary_escapes_at_every_read_boundary: test
gdbstub::server::tests::malformed_vfile_operations_close_session: test
gdbstub::server::tests::the_listener_is_closed_once_the_client_is_accepted: test
gdbstub::server::tests::the_relay_closes_the_session_channel_when_the_peer_departs: test
gdbstub::server::tests::unsupported_vfile_operations_keep_session_connected: test
gdbstub::server::tests::vfile_frames_survive_coalesced_reads: test
gdbstub::server::tests::vfile_frames_survive_fragmented_reads: test

39 tests, 0 benchmarks
