
Elf file type is DYN (Shared object file)
Entry point 0x2a7380
There are 12 program headers, starting at offset 64

Program Headers:
  Type           Offset   VirtAddr           PhysAddr           FileSiz  MemSiz   Flg Align
  PHDR           0x000040 0x0000000000000040 0x0000000000000040 0x0002a0 0x0002a0 R   0x8
  INTERP         0x0002e0 0x00000000000002e0 0x00000000000002e0 0x00001c 0x00001c R   0x1
      [Requesting program interpreter: /lib64/ld-linux-x86-64.so.2]
  LOAD           0x000000 0x0000000000000000 0x0000000000000000 0x2a6380 0x2a6380 R   0x1000
  LOAD           0x2a6380 0x00000000002a7380 0x00000000002a7380 0x5afb20 0x5afb20 R E 0x1000
  LOAD           0x855ea0 0x0000000000857ea0 0x0000000000857ea0 0x079950 0x07a160 RW  0x1000
  LOAD           0x8cf7f0 0x00000000008d27f0 0x00000000008d27f0 0x002db0 0x002f13 RW  0x1000
  TLS            0x855ea0 0x0000000000857ea0 0x0000000000857ea0 0x000140 0x000200 R   0x8
  DYNAMIC        0x8ae138 0x00000000008b0138 0x00000000008b0138 0x0001e0 0x0001e0 RW  0x8
  GNU_RELRO      0x855ea0 0x0000000000857ea0 0x0000000000857ea0 0x079950 0x07a160 R   0x1
  GNU_EH_FRAME   0x1b6390 0x00000000001b6390 0x00000000001b6390 0x037fcc 0x037fcc R   0x4
  GNU_STACK      0x000000 0x0000000000000000 0x0000000000000000 0x000000 0x000000 RW  0
  NOTE           0x0002fc 0x00000000000002fc 0x00000000000002fc 0x000044 0x000044 R   0x4

 Section to Segment mapping:
  Segment Sections...
   00     
   01     .interp 
   02     .interp .note.ABI-tag .note.gnu.build-id .dynsym .gnu.version .gnu.version_r .gnu.hash .dynstr .rela.dyn .rela.plt .debug_gdb_scripts .rodata .gcc_except_table .eh_frame_hdr .eh_frame 
   03     .text .init .fini .plt 
   04     .tdata .data.rel.ro .fini_array .init_array .dynamic .got .got.plt .relro_padding 
   05     .tm_clone_table .data .bss 
   06     .tdata .tbss 
   07     .dynamic 
   08     .tdata .data.rel.ro .fini_array .init_array .dynamic .got .got.plt .relro_padding 
   09     .eh_frame_hdr 
   10     
   11     .note.ABI-tag .note.gnu.build-id 

Dynamic section at offset 0x8ae138 contains 30 entries:
  Tag        Type                         Name/Value
 0x0000000000000001 (NEEDED)             Shared library: [libgcc_s.so.1]
 0x0000000000000001 (NEEDED)             Shared library: [libm.so.6]
 0x0000000000000001 (NEEDED)             Shared library: [libc.so.6]
 0x0000000000000001 (NEEDED)             Shared library: [ld-linux-x86-64.so.2]
 0x000000000000001e (FLAGS)              BIND_NOW
 0x000000006ffffffb (FLAGS_1)            Flags: NOW PIE
 0x0000000000000015 (DEBUG)              0x0
 0x0000000000000007 (RELA)               0x1c40
 0x0000000000000008 (RELASZ)             838632 (bytes)
 0x0000000000000009 (RELAENT)            24 (bytes)
 0x000000006ffffff9 (RELACOUNT)          34800
 0x0000000000000017 (JMPREL)             0xce828
 0x0000000000000002 (PLTRELSZ)           96 (bytes)
 0x0000000000000003 (PLTGOT)             0x8d17b8
 0x0000000000000014 (PLTREL)             RELA
 0x0000000000000006 (SYMTAB)             0x340
 0x000000000000000b (SYMENT)             24 (bytes)
 0x0000000000000005 (STRTAB)             0x13e4
 0x000000000000000a (STRSZ)              2136 (bytes)
 0x000000006ffffef5 (GNU_HASH)           0x13c8
 0x0000000000000019 (INIT_ARRAY)         0x8b0128
 0x000000000000001b (INIT_ARRAYSZ)       16 (bytes)
 0x000000000000001a (FINI_ARRAY)         0x8b0120
 0x000000000000001c (FINI_ARRAYSZ)       8 (bytes)
 0x000000000000000c (INIT)               0x856e20
 0x000000000000000d (FINI)               0x856e3c
 0x000000006ffffff0 (VERSYM)             0x10f0
 0x000000006ffffffe (VERNEED)            0x1214
 0x000000006fffffff (VERNEEDNUM)         4
 0x0000000000000000 (NULL)               0x0
