
Elf file type is DYN (Shared object file)
Entry point 0x558d0
There are 14 program headers, starting at offset 64

Program Headers:
  Type           Offset   VirtAddr           PhysAddr           FileSiz  MemSiz   Flg Align
  PHDR           0x000040 0x0000000000000040 0x0000000000000040 0x000310 0x000310 R   0x8
  INTERP         0x000350 0x0000000000000350 0x0000000000000350 0x00001c 0x00001c R   0x1
      [Requesting program interpreter: /lib64/ld-linux-x86-64.so.2]
  LOAD           0x000000 0x0000000000000000 0x0000000000000000 0x024ec0 0x024ec0 R   0x1000
  LOAD           0x025000 0x0000000000025000 0x0000000000025000 0x05ced1 0x05ced1 R E 0x1000
  LOAD           0x082000 0x0000000000082000 0x0000000000082000 0x04a339 0x04a339 R   0x1000
  LOAD           0x0cccb8 0x00000000000cdcb8 0x00000000000cdcb8 0x037f78 0x03b630 RW  0x1000
  DYNAMIC        0x1039b8 0x00000000001049b8 0x00000000001049b8 0x000210 0x000210 RW  0x8
  NOTE           0x000370 0x0000000000000370 0x0000000000000370 0x000030 0x000030 R   0x8
  NOTE           0x0003a0 0x00000000000003a0 0x00000000000003a0 0x000044 0x000044 R   0x4
  TLS            0x0cccb8 0x00000000000cdcb8 0x00000000000cdcb8 0x000000 0x000010 R   0x8
  GNU_PROPERTY   0x000370 0x0000000000000370 0x0000000000000370 0x000030 0x000030 R   0x8
  GNU_EH_FRAME   0x0b9cd4 0x00000000000b9cd4 0x00000000000b9cd4 0x003034 0x003034 R   0x4
  GNU_STACK      0x000000 0x0000000000000000 0x0000000000000000 0x000000 0x000000 RW  0x10
  GNU_RELRO      0x0cccb8 0x00000000000cdcb8 0x00000000000cdcb8 0x037348 0x037348 R   0x1

 Section to Segment mapping:
  Segment Sections...
   00     
   01     .interp 
   02     .interp .note.gnu.property .note.gnu.build-id .note.ABI-tag .gnu.hash .dynsym .dynstr .gnu.version .gnu.version_r .rela.dyn .rela.plt 
   03     .init .plt .plt.sec .text .fini 
   04     .rodata .stapsdt.base .eh_frame_hdr .eh_frame .gcc_except_table 
   05     .init_array .fini_array .data.rel.ro .dynamic .got .data .bss 
   06     .dynamic 
   07     .note.gnu.property 
   08     .note.gnu.build-id .note.ABI-tag 
   09     .tbss 
   10     .note.gnu.property 
   11     .eh_frame_hdr 
   12     
   13     .init_array .fini_array .data.rel.ro .dynamic .got 

Dynamic section at offset 0x1039b8 contains 29 entries:
  Tag        Type                         Name/Value
 0x0000000000000001 (NEEDED)             Shared library: [libm.so.6]
 0x0000000000000001 (NEEDED)             Shared library: [libc.so.6]
 0x0000000000000001 (NEEDED)             Shared library: [ld-linux-x86-64.so.2]
 0x000000000000000c (INIT)               0x25000
 0x000000000000000d (FINI)               0x81ec4
 0x0000000000000019 (INIT_ARRAY)         0xcdcb8
 0x000000000000001b (INIT_ARRAYSZ)       24 (bytes)
 0x000000000000001a (FINI_ARRAY)         0xcdcd0
 0x000000000000001c (FINI_ARRAYSZ)       16 (bytes)
 0x000000006ffffef5 (GNU_HASH)           0x3e8
 0x0000000000000005 (STRTAB)             0x1180
 0x0000000000000006 (SYMTAB)             0x448
 0x000000000000000a (STRSZ)              1458 (bytes)
 0x000000000000000b (SYMENT)             24 (bytes)
 0x0000000000000015 (DEBUG)              0x0
 0x0000000000000003 (PLTGOT)             0x104bc8
 0x0000000000000002 (PLTRELSZ)           2928 (bytes)
 0x0000000000000014 (PLTREL)             RELA
 0x0000000000000017 (JMPREL)             0x24350
 0x0000000000000007 (RELA)               0x1940
 0x0000000000000008 (RELASZ)             141840 (bytes)
 0x0000000000000009 (RELAENT)            24 (bytes)
 0x0000000000000018 (BIND_NOW)           
 0x000000006ffffffb (FLAGS_1)            Flags: NOW PIE
 0x000000006ffffffe (VERNEED)            0x1850
 0x000000006fffffff (VERNEEDNUM)         2
 0x000000006ffffff0 (VERSYM)             0x1732
 0x000000006ffffff9 (RELACOUNT)          5898
 0x0000000000000000 (NULL)               0x0
