{"phase": "compile-1", "raw_status": 0, "accepted": true, "elapsed_seconds": 10.295419764937833, "refusals": []}
{"binding": "EXECUTABLE-1.json", "bytes": 2559, "sha256": "457c9b1819ed93ac7fcab351f1b9dda654d9b1974acb58a4bc22bf495e0a195f"}
{"phase": "check-1", "raw_status": 0, "accepted": true, "elapsed_seconds": 0.7139191110618412, "refusals": []}
{"phase": "format-check-1", "raw_status": 0, "accepted": true, "elapsed_seconds": 2.0151006910018623, "refusals": []}
{"phase": "clippy-1", "raw_status": 0, "accepted": true, "elapsed_seconds": 3.5687554189935327, "refusals": []}
{"phase": "inventory-1", "raw_status": 0, "accepted": true, "elapsed_seconds": 0.04341483605094254, "refusals": []}
{"phase": "test-clock-controls-1", "raw_status": 0, "accepted": true, "elapsed_seconds": 0.5301117030903697, "refusals": []}
{"phase": "test-memory-controls-1", "raw_status": 0, "accepted": true, "elapsed_seconds": 0.10821246798150241, "refusals": []}
{"phase": "test-closed-construction-1", "raw_status": 0, "accepted": true, "elapsed_seconds": 0.26744925091043115, "refusals": []}
{"phase": "test-closed-construction-2", "raw_status": 0, "accepted": true, "elapsed_seconds": 0.09818034083582461, "refusals": []}
{"phase": "test-closed-construction-3", "raw_status": 0, "accepted": true, "elapsed_seconds": 0.18277831096202135, "refusals": []}
{"phase": "test-host-wait-1", "raw_status": 0, "accepted": true, "elapsed_seconds": 0.041744617046788335, "refusals": []}
{"phase": "test-host-wait-2", "raw_status": 0, "accepted": true, "elapsed_seconds": 0.036714543122798204, "refusals": []}
{"phase": "test-cancellation-subscription-1", "raw_status": 0, "accepted": true, "elapsed_seconds": 0.04803473502397537, "refusals": []}
{"phase": "test-cancellation-subscription-2", "raw_status": 0, "accepted": true, "elapsed_seconds": 0.030549134127795696, "refusals": []}
{"phase": "test-cancellation-subscription-3", "raw_status": 0, "accepted": true, "elapsed_seconds": 0.019047797890380025, "refusals": []}
{"phase": "test-native-owner-1", "raw_status": 0, "accepted": true, "elapsed_seconds": 0.018301216885447502, "refusals": []}
{"phase": "test-native-owner-2", "raw_status": 0, "accepted": true, "elapsed_seconds": 0.018546245992183685, "refusals": []}
{"phase": "test-native-owner-3", "raw_status": 0, "accepted": true, "elapsed_seconds": 0.02112462790682912, "refusals": []}
{"phase": "test-native-owner-4", "raw_status": 0, "accepted": true, "elapsed_seconds": 0.021173981949687004, "refusals": []}
{"phase": "test-native-owner-5", "raw_status": 0, "accepted": true, "elapsed_seconds": 0.02073160815052688, "refusals": []}
{"phase": "test-native-owner-6", "raw_status": 0, "accepted": true, "elapsed_seconds": 0.02247426495887339, "refusals": []}
{"phase": "test-native-owner-7", "raw_status": 0, "accepted": true, "elapsed_seconds": 0.02214156906120479, "refusals": []}
{"phase": "test-native-owner-8", "raw_status": 0, "accepted": true, "elapsed_seconds": 0.04761441214941442, "refusals": []}
{"phase": "test-native-owner-9", "raw_status": 0, "accepted": true, "elapsed_seconds": 0.01870685094036162, "refusals": []}
{"phase": "test-native-owner-10", "raw_status": 0, "accepted": true, "elapsed_seconds": 0.05305367801338434, "refusals": []}
{"phase": "test-native-owner-11", "raw_status": 0, "accepted": true, "elapsed_seconds": 0.020909067941829562, "refusals": []}
{"phase": "test-native-owner-12", "raw_status": 0, "accepted": true, "elapsed_seconds": 0.020162117201834917, "refusals": []}
{"phase": "test-native-owner-13", "raw_status": 0, "accepted": true, "elapsed_seconds": 0.04557757289148867, "refusals": []}
{"phase": "test-existing-peer-cancellation-1", "raw_status": 0, "accepted": true, "elapsed_seconds": 0.02523199003189802, "refusals": []}
{"phase": "test-multi-owner-entry-1", "raw_status": 0, "accepted": true, "elapsed_seconds": 0.1605836139060557, "refusals": []}
{"phase": "test-multi-owner-entry-2", "raw_status": 0, "accepted": true, "elapsed_seconds": 0.15569136710837483, "refusals": []}
{"phase": "test-multi-owner-entry-3", "raw_status": 0, "accepted": true, "elapsed_seconds": 0.12648610002361238, "refusals": []}
{"phase": "test-multi-owner-entry-4", "raw_status": 0, "accepted": true, "elapsed_seconds": 0.14784679701551795, "refusals": []}
{"phase": "test-action-entry-1", "raw_status": 0, "accepted": true, "elapsed_seconds": 0.7149293681140989, "refusals": []}
{"phase": "test-wait-entry-1", "raw_status": 0, "accepted": true, "elapsed_seconds": 0.45177719998173416, "refusals": []}
{"phase": "test-hypercall-entry-1", "raw_status": 0, "accepted": true, "elapsed_seconds": 0.24335029209032655, "refusals": []}
{"phase": "test-race-entry-1", "raw_status": 0, "accepted": true, "elapsed_seconds": 0.17293409002013505, "refusals": []}
{"phase": "test-eintr-entry-1", "raw_status": 0, "accepted": true, "elapsed_seconds": 0.11566605209372938, "refusals": []}
{"phase": "test-cleanup-entry-1", "raw_status": 0, "accepted": true, "elapsed_seconds": 1.9183298980351537, "refusals": []}
{"phase": "test-existing-parking-wait-1", "raw_status": 0, "accepted": true, "elapsed_seconds": 0.1315647370647639, "refusals": []}
{"phase": "test-owned-future-1", "raw_status": 0, "accepted": true, "elapsed_seconds": 0.0352735489141196, "refusals": []}
{"phase": "test-panic-drain-1", "raw_status": 0, "accepted": true, "elapsed_seconds": 0.05225542210973799, "refusals": []}
{"phase": "test-handler-scratch-1", "raw_status": 0, "accepted": true, "elapsed_seconds": 0.04359982185997069, "refusals": []}
{"phase": "test-injected-boundary-1", "raw_status": 0, "accepted": true, "elapsed_seconds": 0.10531038301996887, "refusals": []}
{"phase": "test-worker-panic-1", "raw_status": 0, "accepted": true, "elapsed_seconds": 0.29280990618281066, "refusals": []}
{"phase": "test-normal-cleanup-1", "raw_status": 0, "accepted": true, "elapsed_seconds": 0.03945470694452524, "refusals": []}
{"phase": "test-handler-destruction-1", "raw_status": 0, "accepted": true, "elapsed_seconds": 0.03818587097339332, "refusals": []}
{"phase": "test-caught-worker-1", "raw_status": 0, "accepted": true, "elapsed_seconds": 0.028915276052430272, "refusals": []}
{"phase": "test-action-preparation-1", "raw_status": 0, "accepted": true, "elapsed_seconds": 0.47430146485567093, "refusals": []}
{"phase": "test-boundary-1", "raw_status": 0, "accepted": true, "elapsed_seconds": 0.018115286948159337, "refusals": []}
{"phase": "test-boundary-cleanup-1", "raw_status": 0, "accepted": true, "elapsed_seconds": 0.11154934391379356, "refusals": []}
{"phase": "test-fork-cleanup-1", "raw_status": 0, "accepted": true, "elapsed_seconds": 0.08878026809543371, "refusals": []}
{"phase": "test-thread-cleanup-1", "raw_status": 0, "accepted": true, "elapsed_seconds": 0.15656367014162242, "refusals": []}
{"phase": "test-partial-start-1", "raw_status": 0, "accepted": true, "elapsed_seconds": 0.07238596514798701, "refusals": []}
{"phase": "test-cancelled-cleanup-1", "raw_status": 0, "accepted": true, "elapsed_seconds": 0.2946220268495381, "refusals": []}
{"phase": "test-exec-cleanup-1", "raw_status": 0, "accepted": true, "elapsed_seconds": 0.05621074209921062, "refusals": []}
{"phase": "test-cleanup-storage-1", "raw_status": 0, "accepted": true, "elapsed_seconds": 0.046947008930146694, "refusals": []}
{"phase": "test-cancellation-locks-1", "raw_status": 0, "accepted": true, "elapsed_seconds": 0.04080552491359413, "refusals": []}
{"phase": "test-callback-completion-1", "raw_status": 0, "accepted": true, "elapsed_seconds": 0.04684159089811146, "refusals": []}
{"phase": "test-consuming-panics-1", "raw_status": 0, "accepted": true, "elapsed_seconds": 0.050945353927090764, "refusals": []}
{"phase": "test-tool-panics-1", "raw_status": 0, "accepted": true, "elapsed_seconds": 0.1151488998439163, "refusals": []}
{"phase": "test-retained-panics-1", "raw_status": 0, "accepted": true, "elapsed_seconds": 0.04696210194379091, "refusals": []}
{"phase": "test-public-panics-1", "raw_status": 0, "accepted": true, "elapsed_seconds": 0.1113974959589541, "refusals": []}
{"phase": "test-fork-join-panics-1", "raw_status": 0, "accepted": true, "elapsed_seconds": 0.08427433017641306, "refusals": []}
{"phase": "test-instruction-panics-1", "raw_status": 0, "accepted": true, "elapsed_seconds": 0.13790803216397762, "refusals": []}
{"phase": "test-instruction-constructor-1", "raw_status": 0, "accepted": true, "elapsed_seconds": 0.11919285403564572, "refusals": []}
{"phase": "test-entry-gate-1", "raw_status": 0, "accepted": true, "elapsed_seconds": 0.07035038713365793, "refusals": []}
{"phase": "test-entry-owner-1", "raw_status": 0, "accepted": true, "elapsed_seconds": 0.04808166320435703, "refusals": []}
{"phase": "test-entry-routing-1", "raw_status": 0, "accepted": true, "elapsed_seconds": 0.045894748996943235, "refusals": []}
{"phase": "test-failure-completion-1", "raw_status": 0, "accepted": true, "elapsed_seconds": 0.12161443009972572, "refusals": []}
{"phase": "test-runtime-entry-1", "raw_status": 0, "accepted": true, "elapsed_seconds": 0.14526702393777668, "refusals": []}
{"phase": "test-vm-entry-1", "raw_status": 0, "accepted": true, "elapsed_seconds": 0.13055856409482658, "refusals": []}
{"phase": "test-exec-private-wait-1", "raw_status": 0, "accepted": true, "elapsed_seconds": 0.23027232196182013, "refusals": []}
{"phase": "test-entry-capture-wake-1", "raw_status": 0, "accepted": true, "elapsed_seconds": 0.018239314202219248, "refusals": []}
{"phase": "test-existing-join-1", "raw_status": 0, "accepted": true, "elapsed_seconds": 0.017682607052847743, "refusals": []}
{"phase": "test-existing-join-2", "raw_status": 0, "accepted": true, "elapsed_seconds": 0.044792643981054425, "refusals": []}
{"phase": "test-existing-join-3", "raw_status": 0, "accepted": true, "elapsed_seconds": 0.017827124102041125, "refusals": []}
{"phase": "test-existing-join-4", "raw_status": 0, "accepted": true, "elapsed_seconds": 0.03307343297637999, "refusals": []}
{"phase": "test-existing-join-5", "raw_status": 0, "accepted": true, "elapsed_seconds": 0.035082919988781214, "refusals": []}
{"phase": "test-existing-join-6", "raw_status": 0, "accepted": true, "elapsed_seconds": 0.035574168199673295, "refusals": []}
{"phase": "test-existing-join-7", "raw_status": 0, "accepted": true, "elapsed_seconds": 0.06543332198634744, "refusals": []}
{"phase": "test-existing-join-8", "raw_status": 0, "accepted": true, "elapsed_seconds": 0.04163132514804602, "refusals": []}
{"phase": "test-existing-join-9", "raw_status": 0, "accepted": true, "elapsed_seconds": 0.044755917973816395, "refusals": []}
{"phase": "test-existing-join-10", "raw_status": 0, "accepted": true, "elapsed_seconds": 0.03944643400609493, "refusals": []}
{"phase": "test-host-mask-controls-1", "raw_status": 0, "accepted": true, "elapsed_seconds": 0.029383009998127818, "refusals": []}
{"phase": "test-entry-operations-1", "raw_status": 0, "accepted": true, "elapsed_seconds": 0.03794434806331992, "refusals": []}
{"phase": "test-rpc-join-observation-1", "raw_status": 0, "accepted": true, "elapsed_seconds": 0.039282726822420955, "refusals": []}
{"phase": "test-rpc-join-observation-2", "raw_status": 0, "accepted": true, "elapsed_seconds": 0.03542287112213671, "refusals": []}
{"phase": "test-rpc-join-observation-3", "raw_status": 0, "accepted": true, "elapsed_seconds": 0.04473690898157656, "refusals": []}
{"phase": "test-public-entry-1", "raw_status": 0, "accepted": true, "elapsed_seconds": 0.7386851881165057, "refusals": []}
{"phase": "test-main-entry-1", "raw_status": 0, "accepted": true, "elapsed_seconds": 0.3716709269210696, "refusals": []}
{"phase": "test-spawn-entry-1", "raw_status": 0, "accepted": true, "elapsed_seconds": 0.2803754210472107, "refusals": []}
{"failed_phases": []}
{"all_phases_accepted": true, "target": "final-1/TARGET.json", "bytes": 87714, "sha256": "9ec84d5133be69f6a1de57993b83731c5b3a1e6929a315a4a746a4b95dae2c97"}
