    Checking libc v0.2.189
    Checking serde_core v1.0.229
    Checking cfg-if v1.0.5
    Checking memchr v2.8.3
    Checking simd-adler32 v0.3.10
    Checking serde v1.0.229
    Checking bitflags v2.13.2
    Checking adler2 v2.0.1
    Checking miniz_oxide v0.9.1
    Checking crc32fast v1.5.2
    Checking futures-sink v0.3.34
    Checking smallvec v1.16.1
    Checking futures-core v0.3.34
    Checking pin-project-lite v0.2.17
    Checking futures-channel v0.3.34
    Checking flate2 v1.1.10
    Checking syscalls v0.6.18
    Checking futures-io v0.3.34
    Checking futures v0.1.31
    Checking scopeguard v1.2.0
    Checking futures-task v0.3.34
    Checking slab v0.4.12
    Checking lock_api v0.4.14
    Checking memoffset v0.9.1
    Checking num-traits v0.2.19
    Checking futures-util v0.3.34
    Checking parking_lot_core v0.9.12
    Checking errno v0.3.14
   Compiling find-msvc-tools v0.1.13
    Checking twox-hash v2.1.4
    Checking static_assertions v1.1.0
   Compiling shlex v2.0.1
    Checking iana-time-zone v0.1.65
    Checking chrono v0.4.45
   Compiling cc v1.4.7
    Checking futures-executor v0.3.34
    Checking twox-hash v1.6.3
    Checking ruzstd v0.8.3
    Checking signal-hook-registry v1.4.8
    Checking nix v0.30.1
    Checking parking_lot v0.12.5
    Checking mio v1.2.3
    Checking socket2 v0.6.5
    Checking bytes v1.12.1
    Checking unty v0.0.4
    Checking hashbrown v0.17.1
    Checking linux-raw-sys v0.12.1
    Checking equivalent v1.0.2
    Checking byteorder v1.5.0
    Checking hex v0.4.3
    Checking foldhash v0.1.5
    Checking lazy_static v1.5.0
    Checking colored v2.2.0
    Checking hashbrown v0.15.5
    Checking procfs-core v0.18.0
    Checking indexmap v2.14.2
    Checking rustix v1.1.5
    Checking bincode v2.0.1
    Checking tokio v1.53.1
    Checking thiserror v2.0.20
    Checking object v0.39.1
    Checking cpp_demangle v0.5.1
    Checking derive_more v1.0.0
    Checking ruzstd v0.7.3
    Checking futures v0.3.34
    Checking reverie-memory v0.2.0 (/home/newton/work/dev-hermit/worktrees/slots/ci-signal-main-health-20260919/reverie/reverie-memory)
    Checking memmap2 v0.9.11
    Checking rustc-demangle v0.1.28
    Checking gimli v0.33.0
    Checking fallible-iterator v0.3.0
    Checking typed-arena v2.0.2
    Checking bitflags v1.3.2
    Checking raw-cpuid v10.7.0
    Checking reverie-syscalls v0.2.0 (/home/newton/work/dev-hermit/worktrees/slots/ci-signal-main-health-20260919/reverie/reverie-syscalls)
    Checking addr2line v0.26.1
    Checking reverie-process v0.2.0 (/home/newton/work/dev-hermit/worktrees/slots/ci-signal-main-health-20260919/reverie/reverie-process)
    Checking object v0.36.7
    Checking procfs v0.18.0
    Checking anyhow v1.0.104
    Checking linked-hash-map v0.5.6
    Checking never-say-never v6.6.666
   Compiling libmimalloc-sys v0.1.49
    Checking reverie-core v0.2.0 (/home/newton/work/dev-hermit/worktrees/slots/ci-signal-main-health-20260919/reverie/reverie)
   Compiling reverie-rpc-macros v0.2.0 (/home/newton/work/dev-hermit/worktrees/slots/ci-signal-main-health-20260919/reverie/experimental/reverie-rpc-macros)
    Checking hash32 v0.3.1
   Compiling reverie-sabre v0.2.0 (/home/newton/work/dev-hermit/worktrees/slots/ci-signal-main-health-20260919/reverie/experimental/reverie-sabre)
    Checking bincode v1.3.3
    Checking stable_deref_trait v1.2.1
    Checking heapless v0.8.0
    Checking reverie-rpc v0.2.0 (/home/newton/work/dev-hermit/worktrees/slots/ci-signal-main-health-20260919/reverie/experimental/reverie-rpc)
    Checking reverie-rpc-transport v0.2.0 (/home/newton/work/dev-hermit/worktrees/slots/ci-signal-main-health-20260919/reverie/reverie-rpc-transport)
    Checking reverie-sabre-stats v0.2.0 (/home/newton/work/dev-hermit/worktrees/slots/ci-signal-main-health-20260919/reverie/experimental/reverie-sabre-stats)
    Checking reverie-preload v0.2.0 (/home/newton/work/dev-hermit/worktrees/slots/ci-signal-main-health-20260919/reverie/reverie-preload)
    Checking mimalloc v0.1.52
   Compiling reverie-sabre-macros v0.2.0 (/home/newton/work/dev-hermit/worktrees/slots/ci-signal-main-health-20260919/reverie/experimental/reverie-sabre-macros)
    Checking nostd-print v0.2.0 (/home/newton/work/dev-hermit/worktrees/slots/ci-signal-main-health-20260919/reverie/experimental/nostd-print)
    Checking atomic v0.5.3
warning: reverie-sabre@0.2.0: /home/newton/work/dev-hermit/worktrees/slots/ci-signal-main-health-20260919/reverie/experimental/reverie-sabre/vendor/libelf/elf_begin.c: In function 'elf_begin':
warning: reverie-sabre@0.2.0: /home/newton/work/dev-hermit/worktrees/slots/ci-signal-main-health-20260919/reverie/experimental/reverie-sabre/vendor/libelf/elf_begin.c:1176:10: warning: this statement may fall through [-Wimplicit-fallthrough=]
warning: reverie-sabre@0.2.0:  1176 |       if (unlikely (ref != NULL && ref->cmd != ELF_C_READ_MMAP_PRIVATE))
warning: reverie-sabre@0.2.0:       |          ^
warning: reverie-sabre@0.2.0: /home/newton/work/dev-hermit/worktrees/slots/ci-signal-main-health-20260919/reverie/experimental/reverie-sabre/vendor/libelf/elf_begin.c:1184:5: note: here
warning: reverie-sabre@0.2.0:  1184 |     case ELF_C_READ:
warning: reverie-sabre@0.2.0:       |     ^~~~
warning: reverie-sabre@0.2.0: /home/newton/work/dev-hermit/worktrees/slots/ci-signal-main-health-20260919/reverie/experimental/reverie-sabre/vendor/libelf/elf_cntl.c: In function 'elf_cntl':
warning: reverie-sabre@0.2.0: /home/newton/work/dev-hermit/worktrees/slots/ci-signal-main-health-20260919/reverie/experimental/reverie-sabre/vendor/libelf/elf_cntl.c:57:10: warning: this statement may fall through [-Wimplicit-fallthrough=]
warning: reverie-sabre@0.2.0:    57 |       if (elf->map_address == NULL && __libelf_readall (elf) == NULL)
warning: reverie-sabre@0.2.0:       |          ^
warning: reverie-sabre@0.2.0: /home/newton/work/dev-hermit/worktrees/slots/ci-signal-main-health-20260919/reverie/experimental/reverie-sabre/vendor/libelf/elf_cntl.c:65:5: note: here
warning: reverie-sabre@0.2.0:    65 |     case ELF_C_FDDONE:
warning: reverie-sabre@0.2.0:       |     ^~~~
warning: reverie-sabre@0.2.0: SaBRe source build completed in 1.83s (jobs=2)
    Finished `dev` profile [unoptimized + debuginfo] target(s) in 21.24s
