
running 5 tests
PROBE_FINISH_GETEVENT tid=4051998 raw=0x0 test=Some("tracer::tests::ordinary_nonleader_exec_run_loop_echild_awaits_leader_exec_edge")
PROBE_FINISH_GETEVENT tid=4051999 raw=0x0 test=Some("tracer::tests::ordinary_nonleader_exec_postexec_timer_survives_internal_step")
PROBE_FINISH_GETEVENT tid=4051997 raw=0x0 test=Some("tracer::tests::ordinary_nonleader_exec_real_signal_cancels_postexec_timer")
exec timer payload: /tmp/reverie-fatal-exec-timer-4051981
PROBE_FINISH_GETEVENT tid=4052045 raw=0x0 test=Some("tracer::tests::ordinary_nonleader_exec_displaced_hook_failure_fences_replacement")
PROBE_FINISH_GETEVENT tid=4052045 raw=0x9 test=Some("tracer::tests::ordinary_nonleader_exec_displaced_hook_failure_fences_replacement")
actual delivered marker observations: tracer=4051981, rows=[]
PROBE_OUTCOME test=Some("tracer::tests::ordinary_nonleader_exec_displaced_hook_failure_fences_replacement") ok_complete=true result_is_err=true
exec owner before rescue: fail=true, timer_mode=0, root_absent=true, events=[(0, Pid(4052045), 4052045, None), (0, Pid(4052048), 4052048, None), (2, Pid(4052045), 4052045, Some(Exited(0))), (2, Pid(4052045), 4052048, Some(Signaled(SIGKILL, false))), (3, Pid(4052045), 0, Some(Signaled(SIGKILL, false)))], elapsed=43.167071ms, outcome=Complete(Err(PtraceRunFailure { primary: Tool(ordinary nonleader failure control), origin: BackendFailure { pid: Pid(4052045), tid: Pid(4052045), phase: "ptrace replaced leader on_exit_thread" }, secondary: [], captured_prefix: Some(CapturedPrefix { stdout: [], stderr: [] }) }))
actual perf exec handoff: ExecTimerTransfer { displaced: Some(ExecTimerIdentity { clock_fd: 38, timer_fd: 37, clock_event_id: 6838766, timer_event_id: 6838765, artificial_pending: false, artificial_signal_sent: false, cancelled: true, guest_pid: Pid(4052045), guest_tid: Pid(4052045), kernel_owner_tid: Pid(4052045) }), before: Some(ExecTimerIdentity { clock_fd: 61, timer_fd: 60, clock_event_id: 6838768, timer_event_id: 6838767, artificial_pending: false, artificial_signal_sent: false, cancelled: true, guest_pid: Pid(4052045), guest_tid: Pid(4052048), kernel_owner_tid: Pid(0) }), after: Some(ExecTimerIdentity { clock_fd: 61, timer_fd: 60, clock_event_id: 6838768, timer_event_id: 6838767, artificial_pending: false, artificial_signal_sent: false, cancelled: true, guest_pid: Pid(4052045), guest_tid: Pid(4052045), kernel_owner_tid: Pid(4052045) }), displaced_fds_closed: true }
test tracer::tests::ordinary_nonleader_exec_displaced_hook_failure_fences_replacement ... ok
PROBE_FINISH_GETEVENT tid=4052051 raw=0x0 test=Some("tracer::tests::ordinary_nonleader_exec_transfers_state_and_consumes_old_leader_once")
PROBE_FINISH_GETEVENT tid=4052051 raw=0x0 test=Some("tracer::tests::ordinary_nonleader_exec_transfers_state_and_consumes_old_leader_once")
actual delivered marker observations: tracer=4051981, rows=[(4052051, 16, 1, 65, 150479, false, false)]
PROBE_OUTCOME test=Some("tracer::tests::ordinary_nonleader_exec_transfers_state_and_consumes_old_leader_once") ok_complete=true result_is_err=false
exec owner before rescue: fail=false, timer_mode=0, root_absent=true, events=[(0, Pid(4052051), 4052051, None), (0, Pid(4052053), 4052053, None), (2, Pid(4052051), 4052051, Some(Exited(0))), (1, Pid(4052051), 4052053, None), (5, Pid(4052051), 50445, None), (9, Pid(4052051), 150479, None), (4, Pid(4052051), 4052053, None), (6, Pid(4052051), 1050690, None), (2, Pid(4052051), 4052053, Some(Exited(0))), (3, Pid(4052051), 0, Some(Exited(0)))], elapsed=5.043571ms, outcome=Complete(Ok(Output { status: Exited(0), stdout: "survived", stderr: "" }))
actual perf exec handoff: ExecTimerTransfer { displaced: Some(ExecTimerIdentity { clock_fd: 38, timer_fd: 37, clock_event_id: 6838770, timer_event_id: 6838769, artificial_pending: false, artificial_signal_sent: false, cancelled: true, guest_pid: Pid(4052051), guest_tid: Pid(4052051), kernel_owner_tid: Pid(4052051) }), before: Some(ExecTimerIdentity { clock_fd: 61, timer_fd: 60, clock_event_id: 6838772, timer_event_id: 6838771, artificial_pending: false, artificial_signal_sent: false, cancelled: true, guest_pid: Pid(4052051), guest_tid: Pid(4052053), kernel_owner_tid: Pid(0) }), after: Some(ExecTimerIdentity { clock_fd: 61, timer_fd: 60, clock_event_id: 6838772, timer_event_id: 6838771, artificial_pending: false, artificial_signal_sent: false, cancelled: true, guest_pid: Pid(4052051), guest_tid: Pid(4052051), kernel_owner_tid: Pid(4052051) }), displaced_fds_closed: true }
test tracer::tests::ordinary_nonleader_exec_transfers_state_and_consumes_old_leader_once ... ok
PROBE_FINISH_GETEVENT tid=4051998 raw=0x0 test=Some("tracer::tests::ordinary_nonleader_exec_run_loop_echild_awaits_leader_exec_edge")
actual delivered marker observations: tracer=4051981, rows=[(4051998, 16, 1, 65, 100443, false, false)]
PROBE_OUTCOME test=Some("tracer::tests::ordinary_nonleader_exec_run_loop_echild_awaits_leader_exec_edge") ok_complete=true result_is_err=false
exec owner before rescue: fail=false, timer_mode=1, root_absent=true, events=[(0, Pid(4051998), 4051998, None), (0, Pid(4052013), 4052013, None), (2, Pid(4051998), 4051998, Some(Exited(0))), (1, Pid(4051998), 4052013, None), (9, Pid(4051998), 100443, None), (4, Pid(4051998), 4052013, None), (2, Pid(4051998), 4052013, Some(Exited(0))), (3, Pid(4051998), 0, Some(Exited(0)))], elapsed=82.536742ms, outcome=Complete(Ok(Output { status: Exited(0), stdout: "survived", stderr: "" }))
PROBE_FINISH_GETEVENT tid=4051999 raw=0x0 test=Some("tracer::tests::ordinary_nonleader_exec_postexec_timer_survives_internal_step")
actual perf exec handoff: ExecTimerTransfer { displaced: Some(ExecTimerIdentity { clock_fd: 37, timer_fd: 32, clock_event_id: 6838757, timer_event_id: 6838754, artificial_pending: false, artificial_signal_sent: false, cancelled: true, guest_pid: Pid(4051998), guest_tid: Pid(4051998), kernel_owner_tid: Pid(4051998) }), before: Some(ExecTimerIdentity { clock_fd: 67, timer_fd: 68, clock_event_id: 6838762, timer_event_id: 6838761, artificial_pending: false, artificial_signal_sent: false, cancelled: true, guest_pid: Pid(4051998), guest_tid: Pid(4052013), kernel_owner_tid: Pid(0) }), after: Some(ExecTimerIdentity { clock_fd: 67, timer_fd: 68, clock_event_id: 6838762, timer_event_id: 6838761, artificial_pending: false, artificial_signal_sent: false, cancelled: true, guest_pid: Pid(4051998), guest_tid: Pid(4051998), kernel_owner_tid: Pid(4051998) }), displaced_fds_closed: true }
PROBE_FINISH_GETEVENT tid=4051997 raw=0x0 test=Some("tracer::tests::ordinary_nonleader_exec_real_signal_cancels_postexec_timer")
nonleader run loop stayed pending on: ["wait after initial tracee resume"]
test tracer::tests::ordinary_nonleader_exec_run_loop_echild_awaits_leader_exec_edge ... ok
actual delivered marker observations: tracer=4051981, rows=[(4051999, 16, 1, 65, 100438, false, false)]
PROBE_OUTCOME test=Some("tracer::tests::ordinary_nonleader_exec_postexec_timer_survives_internal_step") ok_complete=true result_is_err=false
exec owner before rescue: fail=false, timer_mode=1, root_absent=true, events=[(0, Pid(4051999), 4051999, None), (0, Pid(4052015), 4052015, None), (2, Pid(4051999), 4051999, Some(Exited(0))), (1, Pid(4051999), 4052015, None), (9, Pid(4051999), 100438, None), (4, Pid(4051999), 4052015, None), (2, Pid(4051999), 4052015, Some(Exited(0))), (3, Pid(4051999), 0, Some(Exited(0)))], elapsed=83.631495ms, outcome=Complete(Ok(Output { status: Exited(0), stdout: "survived", stderr: "" }))
actual perf exec handoff: ExecTimerTransfer { displaced: Some(ExecTimerIdentity { clock_fd: 36, timer_fd: 30, clock_event_id: 6838756, timer_event_id: 6838753, artificial_pending: false, artificial_signal_sent: false, cancelled: true, guest_pid: Pid(4051999), guest_tid: Pid(4051999), kernel_owner_tid: Pid(4051999) }), before: Some(ExecTimerIdentity { clock_fd: 65, timer_fd: 66, clock_event_id: 6838760, timer_event_id: 6838759, artificial_pending: false, artificial_signal_sent: false, cancelled: true, guest_pid: Pid(4051999), guest_tid: Pid(4052015), kernel_owner_tid: Pid(0) }), after: Some(ExecTimerIdentity { clock_fd: 65, timer_fd: 66, clock_event_id: 6838760, timer_event_id: 6838759, artificial_pending: false, artificial_signal_sent: false, cancelled: true, guest_pid: Pid(4051999), guest_tid: Pid(4051999), kernel_owner_tid: Pid(4051999) }), displaced_fds_closed: true }
actual delivered marker observations: tracer=4051981, rows=[(4051997, 16, 1, 65, 100445, true, false)]
PROBE_OUTCOME test=Some("tracer::tests::ordinary_nonleader_exec_real_signal_cancels_postexec_timer") ok_complete=true result_is_err=false
exec owner before rescue: fail=false, timer_mode=2, root_absent=true, events=[(0, Pid(4051997), 4051997, None), (0, Pid(4052014), 4052014, None), (2, Pid(4051997), 4051997, Some(Exited(0))), (1, test tracer::tests::ordinary_nonleader_exec_postexec_timer_survives_internal_step ... Pidok(
4051997), 4052014, None), (7, Pid(4051997), 10, None), (2, Pid(4051997), 4052014, Some(Exited(0))), (3, Pid(4051997), 0, Some(Exited(0)))], elapsed=84.313738ms, outcome=Complete(Ok(Output { status: Exited(0), stdout: "survived", stderr: "" }))
actual perf exec handoff: ExecTimerTransfer { displaced: Some(ExecTimerIdentity { clock_fd: 38, timer_fd: 35, clock_event_id: 6838758, timer_event_id: 6838755, artificial_pending: false, artificial_signal_sent: false, cancelled: true, guest_pid: Pid(4051997), guest_tid: Pid(4051997), kernel_owner_tid: Pid(4051997) }), before: Some(ExecTimerIdentity { clock_fd: 71, timer_fd: 70, clock_event_id: 6838764, timer_event_id: 6838763, artificial_pending: false, artificial_signal_sent: false, cancelled: true, guest_pid: Pid(4051997), guest_tid: Pid(4052014), kernel_owner_tid: Pid(0) }), after: Some(ExecTimerIdentity { clock_fd: 71, timer_fd: 70, clock_event_id: 6838764, timer_event_id: 6838763, artificial_pending: false, artificial_signal_sent: false, cancelled: true, guest_pid: Pid(4051997), guest_tid: Pid(4051997), kernel_owner_tid: Pid(4051997) }), displaced_fds_closed: true }
test tracer::tests::ordinary_nonleader_exec_real_signal_cancels_postexec_timer ... ok

test result: ok. 5 passed; 0 failed; 0 ignored; 0 measured; 360 filtered out; finished in 0.09s

