
running 5 tests
PROBE_FINISH_GETEVENT tid=169738 raw=0x0 test=Some("tracer::tests::ordinary_nonleader_exec_real_signal_cancels_postexec_timer")
PROBE_FINISH_GETEVENT tid=169728 raw=0x0 test=Some("tracer::tests::ordinary_nonleader_exec_postexec_timer_survives_internal_step")
exec timer payload: /tmp/reverie-fatal-exec-timer-169620
PROBE_FINISH_GETEVENT tid=169738 raw=0x0 test=Some("tracer::tests::ordinary_nonleader_exec_real_signal_cancels_postexec_timer")
actual delivered marker observations: tracer=169620, rows=[(169738, 16, 1, 65, 100441, true, false)]
PROBE_OUTCOME test=Some("tracer::tests::ordinary_nonleader_exec_real_signal_cancels_postexec_timer") ok_complete=true result_is_err=false
exec owner before rescue: fail=false, timer_mode=2, root_absent=true, events=[(0, Pid(169738), 169738, None), (0, Pid(169768), 169768, None), (2, Pid(169738), 169738, Some(Exited(0))), (1, Pid(169738), 169768, None), (7, Pid(169738), 10, None), (2, Pid(169738), 169768, Some(Exited(0))), (3, Pid(169738), 0, Some(Exited(0)))], elapsed=81.612522ms, outcome=Complete(Ok(Output { status: Exited(0), stdout: "survived", stderr: "" }))
actual perf exec handoff: ExecTimerTransfer { displaced: Some(ExecTimerIdentity { clock_fd: 36, timer_fd: 34, clock_event_id: 6847174, timer_event_id: 6847172, artificial_pending: false, artificial_signal_sent: false, cancelled: true, guest_pid: Pid(169738), guest_tid: Pid(169738), kernel_owner_tid: Pid(169738) }), before: Some(ExecTimerIdentity { clock_fd: 56, timer_fd: 54, clock_event_id: 6847178, timer_event_id: 6847177, artificial_pending: false, artificial_signal_sent: false, cancelled: true, guest_pid: Pid(169738), guest_tid: Pid(169768), kernel_owner_tid: Pid(0) }), after: Some(ExecTimerIdentity { clock_fd: 56, timer_fd: 54, clock_event_id: 6847178, timer_event_id: 6847177, artificial_pending: false, artificial_signal_sent: false, cancelled: true, guest_pid: Pid(169738), guest_tid: Pid(169738), kernel_owner_tid: Pid(169738) }), displaced_fds_closed: true }
test tracer::tests::ordinary_nonleader_exec_real_signal_cancels_postexec_timer ... ok
PROBE_FINISH_GETEVENT tid=169743 raw=0x0 test=Some("tracer::tests::ordinary_nonleader_exec_run_loop_echild_awaits_leader_exec_edge")
PROBE_FINISH_GETEVENT tid=170086 raw=0x0 test=Some("tracer::tests::ordinary_nonleader_exec_transfers_state_and_consumes_old_leader_once")
PROBE_FINISH_GETEVENT tid=170131 raw=0x0 test=Some("tracer::tests::ordinary_nonleader_exec_displaced_hook_failure_fences_replacement")
PROBE_FINISH_GETEVENT tid=170131 raw=0x9 test=Some("tracer::tests::ordinary_nonleader_exec_displaced_hook_failure_fences_replacement")
PROBE_FINISH_GETEVENT tid=170086 raw=0x0 test=Some("tracer::tests::ordinary_nonleader_exec_transfers_state_and_consumes_old_leader_once")
actual delivered marker observations: tracer=169620, rows=[]
PROBE_OUTCOME test=Some("tracer::tests::ordinary_nonleader_exec_displaced_hook_failure_fences_replacement") ok_complete=true result_is_err=true
exec owner before rescue: fail=true, timer_mode=0, root_absent=true, events=[(0, Pid(170131), 170131, None), (0, Pid(170135), 170135, None), (2, Pid(170131), 170131, Some(Exited(0))), (2, Pid(170131), 170135, Some(Signaled(SIGKILL, false))), (3, Pid(170131), 0, Some(Signaled(SIGKILL, false)))], elapsed=134.4409ms, outcome=Complete(Err(PtraceRunFailure { primary: Tool(ordinary nonleader failure control), origin: BackendFailure { pid: Pid(170131), tid: Pid(170131), phase: "ptrace replaced leader on_exit_thread" }, secondary: [], captured_prefix: Some(CapturedPrefix { stdout: [], stderr: [] }) }))
actual perf exec handoff: ExecTimerTransfer { displaced: Some(ExecTimerIdentity { clock_fd: 74, timer_fd: 73, clock_event_id: 6847188, timer_event_id: 6847187, artificial_pending: false, artificial_signal_sent: false, cancelled: true, guest_pid: Pid(170131), guest_tid: Pid(170131), kernel_owner_tid: Pid(170131) }), before: Some(ExecTimerIdentity { clock_fd: 81, timer_fd: 80, clock_event_id: 6847190, timer_event_id: 6847189, artificial_pending: false, artificial_signal_sent: false, cancelled: true, guest_pid: Pid(170131), guest_tid: Pid(170135), kernel_owner_tid: Pid(0) }), after: Some(ExecTimerIdentity { clock_fd: 81, timer_fd: 80, clock_event_id: 6847190, timer_event_id: 6847189, artificial_pending: false, artificial_signal_sent: false, cancelled: true, guest_pid: Pid(170131), guest_tid: Pid(170131), kernel_owner_tid: Pid(170131) }), displaced_fds_closed: true }
actual delivered marker observations: tracer=169620, rows=[(170086, 16, 1, 65, 150339, false, false)]
PROBE_OUTCOME test=Some("tracer::tests::ordinary_nonleader_exec_transfers_state_and_consumes_old_leader_once") ok_complete=true result_is_err=false
exec owner before rescue: fail=false, timer_mode=0, root_absent=true, events=[(0, Pid(170086), 170086, None), (0, Pid(170089), 170089, None), (2, Pid(170086), 170086, Some(Exited(0))), (1, Pid(170086), 170089, None), (5, Pid(170086), 50295, None), (9, Pid(170086), 150339, None), (4, Pid(170086), 170089, None), (6, Pid(170086), 1050540, None), (2, Pid(170086), 170089, Some(Exited(0))), (3, Pid(170086), 0, Some(Exited(0)))], elapsed=52.52969ms, outcome=Complete(Ok(Output { status: Exited(0), stdout: "survived", stderr: "" }))
actual perf exec handoff: ExecTimerTransfer { displaced: Some(ExecTimerIdentity { clock_fd: 38, timer_fd: 37, clock_event_id: 6847183, timer_event_id: 6847182, artificial_pending: false, artificial_signal_sent: false, cancelled: true, guest_pid: Pid(170086), guest_tid: Pid(170086), kernel_owner_tid: Pid(170086) }), before: Some(ExecTimerIdentity { clock_fd: 72, timer_fd: 71, clock_event_id: 6847186, timer_event_id: 6847185, artificial_pending: false, artificial_signal_sent: false, cancelled: true, guest_pid: Pid(170086), guest_tid: Pid(170089), kernel_owner_tid: Pid(0) }), after: Some(ExecTimerIdentity { clock_fd: 72, timer_fd: 71, clock_event_id: 6847186, timer_event_id: 6847185, artificial_pending: false, artificial_signal_sent: false, cancelled: true, guest_pid: Pid(170086), guest_tid: Pid(170086), kernel_owner_tid: Pid(170086) }), displaced_fds_closed: true }
test tracer::tests::ordinary_nonleader_exec_displaced_hook_failure_fences_replacement ... ok
test tracer::tests::ordinary_nonleader_exec_transfers_state_and_consumes_old_leader_once ... ok
PROBE_FINISH_GETEVENT tid=169728 raw=0x0 test=Some("tracer::tests::ordinary_nonleader_exec_postexec_timer_survives_internal_step")
actual delivered marker observations: tracer=169620, rows=[(169728, 16, 1, 65, 100436, false, false)]
PROBE_OUTCOME test=Some("tracer::tests::ordinary_nonleader_exec_postexec_timer_survives_internal_step") ok_complete=true result_is_err=false
exec owner before rescue: fail=false, timer_mode=1, root_absent=true, events=[(0, Pid(169728), 169728, None), (0, Pid(169769), 169769, None), (2, Pid(169728), 169728, Some(Exited(0))), (1, Pid(169728), 169769, None), (9, Pid(169728), 100436, None), (4, Pid(169728), 169769, None), (2, Pid(169728), 169769, Some(Exited(0))), (3, Pid(169728), 0, Some(Exited(0)))], elapsed=187.893456ms, outcome=Complete(Ok(Output { status: Exited(0), stdout: "survived", stderr: "" }))
actual perf exec handoff: ExecTimerTransfer { displaced: Some(ExecTimerIdentity { clock_fd: 35, timer_fd: 33, clock_event_id: 6847173, timer_event_id: 6847171, artificial_pending: false, artificial_signal_sent: false, cancelled: true, guest_pid: Pid(169728), guest_tid: Pid(169728), kernel_owner_tid: Pid(169728) }), before: Some(ExecTimerIdentity { clock_fd: 62, timer_fd: 61, clock_event_id: 6847180, timer_event_id: 6847179, artificial_pending: false, artificial_signal_sent: false, cancelled: true, guest_pid: Pid(169728), guest_tid: Pid(169769), kernel_owner_tid: Pid(0) }), after: Some(ExecTimerIdentity { clock_fd: 62, timer_fd: 61, clock_event_id: 6847180, timer_event_id: 6847179, artificial_pending: false, artificial_signal_sent: false, cancelled: true, guest_pid: Pid(169728), guest_tid: Pid(169728), kernel_owner_tid: Pid(169728) }), displaced_fds_closed: true }
PROBE_FINISH_GETEVENT tid=169743 raw=0x0 test=Some("tracer::tests::ordinary_nonleader_exec_run_loop_echild_awaits_leader_exec_edge")
test tracer::tests::ordinary_nonleader_exec_postexec_timer_survives_internal_step ... ok
actual delivered marker observations: tracer=169620, rows=[(169743, 16, 1, 65, 100450, false, false)]
PROBE_OUTCOME test=Some("tracer::tests::ordinary_nonleader_exec_run_loop_echild_awaits_leader_exec_edge") ok_complete=true result_is_err=false
exec owner before rescue: fail=false, timer_mode=1, root_absent=true, events=[(0, Pid(169743), 169743, None), (0, Pid(169780), 169780, None), (2, Pid(169743), 169743, Some(Exited(0))), (1, Pid(169743), 169780, None), (9, Pid(169743), 100450, None), (4, Pid(169743), 169780, None), (2, Pid(169743), 169780, Some(Exited(0))), (3, Pid(169743), 0, Some(Exited(0)))], elapsed=189.160258ms, outcome=Complete(Ok(Output { status: Exited(0), stdout: "survived", stderr: "" }))
actual perf exec handoff: ExecTimerTransfer { displaced: Some(ExecTimerIdentity { clock_fd: 42, timer_fd: 39, clock_event_id: 6847176, timer_event_id: 6847175, artificial_pending: false, artificial_signal_sent: false, cancelled: true, guest_pid: Pid(169743), guest_tid: Pid(169743), kernel_owner_tid: Pid(169743) }), before: Some(ExecTimerIdentity { clock_fd: 64, timer_fd: 63, clock_event_id: 6847184, timer_event_id: 6847181, artificial_pending: false, artificial_signal_sent: false, cancelled: true, guest_pid: Pid(169743), guest_tid: Pid(169780), kernel_owner_tid: Pid(0) }), after: Some(ExecTimerIdentity { clock_fd: 64, timer_fd: 63, clock_event_id: 6847184, timer_event_id: 6847181, artificial_pending: false, artificial_signal_sent: false, cancelled: true, guest_pid: Pid(169743), guest_tid: Pid(169743), kernel_owner_tid: Pid(169743) }), displaced_fds_closed: true }
nonleader run loop stayed pending on: ["wait after initial tracee resume"]
test tracer::tests::ordinary_nonleader_exec_run_loop_echild_awaits_leader_exec_edge ... ok

test result: ok. 5 passed; 0 failed; 0 ignored; 0 measured; 360 filtered out; finished in 0.19s

