
running 5 tests
PROBE_FINISH_GETEVENT tid=1663875 raw=0x0 test=Some("tracer::tests::ordinary_nonleader_exec_run_loop_echild_awaits_leader_exec_edge")
exec timer payload: /tmp/reverie-fatal-exec-timer-1663856
PROBE_FINISH_GETEVENT tid=1663870 raw=0x0 test=Some("tracer::tests::ordinary_nonleader_exec_postexec_timer_survives_internal_step")
PROBE_SIGTRAP_EXTRA tid=1663870 geteventmsg=Err(Died(Zombie(Running(Pid(1663870), TraceeToken { event: EventHandle(EventGeneration { event: Event { exit_waiters: ExitWaiters { waiters: Mutex { data: [(Weak)] } }, exit_publication: Mutex { data: () }, status_waker: WakerSlot { waker: Mutex { data: Some(Waker { data: 0x7faaf400b900, vtable: 0x56203ec18b40 }) }, data: 0x7faaf400b900, vtable: 0x56203ec18b40 }, status: Mutex { data: StatusState { pending: [], terminal: -1 } }, status_changed: Condvar { .. }, exit_status: 1, exit_capability: 2, exit_epoch: 0, registration_error: Mutex { data: None }, worker_state: 2, worker_done_lock: Mutex { data: () }, worker_done_changed: Condvar { .. }, cleanup_cancel_requested: false, cleanup_claim_waiters: 0, wait_owner: 2, wait_owner_lock: Mutex { data: () }, wait_owner_changed: Condvar { .. } }, identity: OnceLock(WorkerIdentity { pid: Pid(1663870), snapshot: WorkerProcSnapshot { tgid: Pid(1663870), tracer_pid: Pid(1663866), start_time: 13515843 }, pidfd: OwnedFd { fd: 15 }, proc_dir: OwnedFd { fd: 17 }, proc_inode: 3023319619 }), authoritative: OnceLock(<uninit>) }) })))) State:	Z (zombie) | SigPnd:	0000000000000000 | ShdPnd:	0000000000000000
PROBE_FINISH_GETEVENT tid=1663872 raw=0x0 test=Some("tracer::tests::ordinary_nonleader_exec_real_signal_cancels_postexec_timer")
PROBE_FINISH_GETEVENT tid=1664043 raw=0x0 test=Some("tracer::tests::ordinary_nonleader_exec_displaced_hook_failure_fences_replacement")
PROBE_SIGTRAP_TERMINAL test=Some("tracer::tests::ordinary_nonleader_exec_postexec_timer_survives_internal_step") tid=1663870 event=Signal(SIGTRAP) tgid=1663870 leader=true tasks=["1663870", "1663881"] exe= exit_status_captured=Some(Exited(0)) getsiginfo err Died(Zombie(Running(Pid(1663870), TraceeToken { event: EventHandle(EventGeneration { event: Event { exit_waiters: ExitWaiters { waiters: Mutex { data: [(Weak)] } }, exit_publication: Mutex { data: () }, status_waker: WakerSlot { waker: Mutex { data: Some(Waker { data: 0x7faaf400b900, vtable: 0x56203ec18b40 }) }, data: 0x7faaf400b900, vtable: 0x56203ec18b40 }, status: Mutex { data: StatusState { pending: [], terminal: -1 } }, status_changed: Condvar { .. }, exit_status: 1, exit_capability: 2, exit_epoch: 0, registration_error: Mutex { data: None }, worker_state: 2, worker_done_lock: Mutex { data: () }, worker_done_changed: Condvar { .. }, cleanup_cancel_requested: false, cleanup_claim_waiters: 0, wait_owner: 2, wait_owner_lock: Mutex { data: () }, wait_owner_changed: Condvar { .. } }, identity: OnceLock(WorkerIdentity { pid: Pid(1663870), snapshot: WorkerProcSnapshot { tgid: Pid(1663870), tracer_pid: Pid(1663866), start_time: 13515843 }, pidfd: OwnedFd { fd: 15 }, proc_dir: OwnedFd { fd: 17 }, proc_inode: 3023319619 }), authoritative: OnceLock(<uninit>) }) }))) getregs err Died(Zombie(Running(Pid(1663870), TraceeToken { event: EventHandle(EventGeneration { event: Event { exit_waiters: ExitWaiters { waiters: Mutex { data: [(Weak)] } }, exit_publication: Mutex { data: () }, status_waker: WakerSlot { waker: Mutex { data: Some(Waker { data: 0x7faaf400b900, vtable: 0x56203ec18b40 }) }, data: 0x7faaf400b900, vtable: 0x56203ec18b40 }, status: Mutex { data: StatusState { pending: [], terminal: -1 } }, status_changed: Condvar { .. }, exit_status: 1, exit_capability: 2, exit_epoch: 0, registration_error: Mutex { data: None }, worker_state: 2, worker_done_lock: Mutex { data: () }, worker_done_changed: Condvar { .. }, cleanup_cancel_requested: false, cleanup_claim_waiters: 0, wait_owner: 2, wait_owner_lock: Mutex { data: () }, wait_owner_changed: Condvar { .. } }, identity: OnceLock(WorkerIdentity { pid: Pid(1663870), snapshot: WorkerProcSnapshot { tgid: Pid(1663870), tracer_pid: Pid(1663866), start_time: 13515843 }, pidfd: OwnedFd { fd: 15 }, proc_dir: OwnedFd { fd: 17 }, proc_inode: 3023319619 }), authoritative: OnceLock(<uninit>) }) }))) bytes_at_rip-2=
 history tid=1663870:
  #0 COLLECT worker raw=0x137f
  #4 STOP raw=0x137f
  #5 REQ SINGLESTEP sig=None rip=0x7fab0388d38c  [<safeptrace::Stopped>::step::<core::option::Option<nix::sys::signal::Signal>>@lib.rs:841:9 <- <reverie_ptrace::tracer::RootStopLease>::step::<core::option::Option<nix::sys::signal::Signal>>@tracer.rs:1023:27 <- <reverie_ptrace::task::TracedTask<_>>::tracee_preinit::{closure#0}::{closure#0}::setup_special_mmap_page::{closure#0}@task.rs:2719:80 <- <reverie_ptrace::task::TracedTask<reverie_ptrace::tracer::tests::ExecOwnerTool>>::tracee_preinit::{closure#0}::{closure#0}@task.rs:2876:10 <- <reverie_ptrace::task::TracedTask<reverie_ptrace::tracer::tests::ExecOwnerTool>>::tracee_preinit::{closure#0}@task.rs:2616:5 <- reverie_ptrace::tracer::postspawn::<reverie_ptrace::tracer::tests::ExecOwnerTool>::{closure#0}::{closure#0}@tracer.rs:3927:46]
  #12 COLLECT worker raw=0x57f
  #13 STOP raw=0x57f
  #15 REQ SINGLESTEP sig=None rip=0x71000000  [<safeptrace::Stopped>::step::<core::option::Option<nix::sys::signal::Signal>>@lib.rs:841:9 <- <reverie_ptrace::tracer::RootStopLease>::step::<core::option::Option<nix::sys::signal::Signal>>@tracer.rs:1023:27 <- <reverie_ptrace::task::TracedTask<reverie_ptrace::tracer::tests::ExecOwnerTool>>::step_stopped::<core::option::Option<nix::sys::signal::Signal>>@task.rs:5455:45 <- <reverie_ptrace::task::TracedTask<reverie_ptrace::tracer::tests::ExecOwnerTool>>::step_private_syscall::{closure#0}@task.rs:7651:32 <- <reverie_ptrace::task::TracedTask<reverie_ptrace::tracer::tests::ExecOwnerTool>>::untraced_syscall::{closure#0}@task.rs:7451:83 <- <reverie_ptrace::task::TracedTask<reverie_ptrace::tracer::tests::ExecOwnerTool>>::inner_inject::{closure#0}@task.rs:7954:63]
  #25 COLLECT worker raw=0x57f
  #26 STOP raw=0x57f
  #30 REQ CONT sig=None  [<safeptrace::Stopped>::resume::<core::option::Option<nix::sys::signal::Signal>>@lib.rs:786:9 <- <reverie_ptrace::tracer::RootStopLease>::resume::<core::option::Option<nix::sys::signal::Signal>>@tracer.rs:1006:37 <- <reverie_ptrace::task::TracedTask<reverie_ptrace::tracer::tests::ExecOwnerTool>>::resume_stopped::<core::option::Option<nix::sys::signal::Signal>>@task.rs:5444:45 <- <reverie_ptrace::task::TracedTask<reverie_ptrace::tracer::tests::ExecOwnerTool>>::await_gdb_resume::{closure#0}@task.rs:8138:25 <- <reverie_ptrace::task::TracedTask<reverie_ptrace::tracer::tests::ExecOwnerTool>>::run_loop_internal::{closure#0}@task.rs:6261:14 <- <reverie_ptrace::task::TracedTask<reverie_ptrace::tracer::tests::ExecOwnerTool>>::run_loop::{closure#0}@task.rs:6192:44]
  #31 COLLECT worker raw=0x3057f
  #32 STOP raw=0x3057f
  #33 CLONE-DECODE former=1663881
  #58 REQ SINGLESTEP sig=None rip=0x7fab03910a6d  [<safeptrace::Stopped>::step::<core::option::Option<nix::sys::signal::Signal>>@lib.rs:841:9 <- <reverie_ptrace::tracer::RootStopLease>::step::<core::option::Option<nix::sys::signal::Signal>>@tracer.rs:1023:27 <- <reverie_ptrace::task::TracedTask<reverie_ptrace::tracer::tests::ExecOwnerTool>>::step_stopped::<core::option::Option<nix::sys::signal::Signal>>@task.rs:5455:45 <- <reverie_ptrace::task::TracedTask<reverie_ptrace::tracer::tests::ExecOwnerTool>>::handle_new_task::{closure#0}@task.rs:6008:32 <- <reverie_ptrace::task::TracedTask<reverie_ptrace::tracer::tests::ExecOwnerTool>>::dispatch_new_task::{closure#0}@task.rs:5488:14 <- <reverie_ptrace::task::TracedTask<reverie_ptrace::tracer::tests::ExecOwnerTool>>::handle_stop_event::{closure#0}@task.rs:3163:18]
  #61 COLLECT worker raw=0x57f
  #62 COLLECT worker raw=0x6057f
  #67 REQ CONT(retaining) sig=None  [<safeptrace::Stopped>::resume_retaining::<core::option::Option<nix::sys::signal::Signal>>@lib.rs:805:9 <- reverie_ptrace::tracer::finish_ordinary_terminal::{closure#0}@tracer.rs:594:43 <- reverie_ptrace::tracer::finish_ordinary_exit::{closure#0}@tracer.rs:496:76 <- <reverie_ptrace::task::TracedTask<reverie_ptrace::tracer::tests::ExecOwnerTool>>::drive_ordinary::{closure#0}@task.rs:6975:77 <- <futures_util::future::future::fuse::Fuse<<reverie_ptrace::task::TracedTask<reverie_ptrace::tracer::tests::ExecOwnerTool>>::drive_ordinary::{closure#0}> as core::future::future::Future>::poll@future/future/fuse.rs:85:30 <- <core::pin::Pin<&mut futures_util::future::future::fuse::Fuse<<reverie_ptrace::task::TracedTask<reverie_ptrace::tracer::tests::ExecOwnerTool>>::drive_ordinary::{closure#0}>> as core::future::future::Future>::poll@future/future.rs:133:9]
  #71 STOP raw=0x57f
 history former tid=1663881:
  #52 COLLECT worker raw=0x137f
  #59 STOP raw=0x137f
  #60 REQ CONT sig=None  [<safeptrace::Stopped>::resume::<core::option::Option<nix::sys::signal::Signal>>@lib.rs:786:9 <- <reverie_ptrace::tracer::RootStopLease>::resume::<core::option::Option<nix::sys::signal::Signal>>@tracer.rs:1006:37 <- <reverie_ptrace::task::TracedTask<reverie_ptrace::tracer::tests::ExecOwnerTool>>::resume_stopped::<core::option::Option<nix::sys::signal::Signal>>@task.rs:5444:45 <- <reverie_ptrace::task::TracedTask<reverie_ptrace::tracer::tests::ExecOwnerTool>>::await_gdb_resume::{closure#0}@task.rs:8138:25 <- <reverie_ptrace::task::TracedTask<reverie_ptrace::tracer::tests::ExecOwnerTool>>::run_loop_internal::{closure#0}@task.rs:6261:14 <- <reverie_ptrace::task::TracedTask<reverie_ptrace::tracer::tests::ExecOwnerTool>>::run_loop::{closure#0}@task.rs:6192:44]

actual delivered marker observations: tracer=1663856, rows=[]
PROBE_OUTCOME test=Some("tracer::tests::ordinary_nonleader_exec_postexec_timer_survives_internal_step") ok_complete=false result_is_err=false
exec owner before rescue: fail=false, timer_mode=1, root_absent=false, events=[(0, Pid(1663870), 1663870, None), (0, Pid(1663881), 1663881, None)], elapsed=222.576119ms, outcome=Pending(PtraceRunFailure { primary: Tool(unexpected ptrace terminal stop: Signal(SIGTRAP)), origin: BackendFailure { pid: Pid(1663870), tid: Pid(1663870), phase: "ptrace tree cleanup" }, secondary: [PtraceCleanupFailure { origin: BackendFailure { pid: Pid(1663870), tid: Pid(1663870), phase: "ptrace tree cleanup" }, error: Tool(owned ptrace wait observed death during decoding; original owner retained) }], captured_prefix: Some(CapturedPrefix { stdout: [], stderr: [] }) })
exec owner rescue only: signal=Ok(()), completed=false

thread 'tracer::tests::ordinary_nonleader_exec_postexec_timer_survives_internal_step' (1663866) panicked at reverie-ptrace/src/tracer.rs:6046:17:
exec owner did not Complete within original3s predicate: Pending(PtraceRunFailure { primary: Tool(unexpected ptrace terminal stop: Signal(SIGTRAP)), origin: BackendFailure { pid: Pid(1663870), tid: Pid(1663870), phase: "ptrace tree cleanup" }, secondary: [PtraceCleanupFailure { origin: BackendFailure { pid: Pid(1663870), tid: Pid(1663870), phase: "ptrace tree cleanup" }, error: Tool(owned ptrace wait observed death during decoding; original owner retained) }], captured_prefix: Some(CapturedPrefix { stdout: [], stderr: [] }) })
note: run with `RUST_BACKTRACE=1` environment variable to display a backtrace
test tracer::tests::ordinary_nonleader_exec_postexec_timer_survives_internal_step ... FAILED
PROBE_FINISH_GETEVENT tid=1664043 raw=0x9 test=Some("tracer::tests::ordinary_nonleader_exec_displaced_hook_failure_fences_replacement")
actual delivered marker observations: tracer=1663856, rows=[]
PROBE_OUTCOME test=Some("tracer::tests::ordinary_nonleader_exec_displaced_hook_failure_fences_replacement") ok_complete=true result_is_err=true
exec owner before rescue: fail=true, timer_mode=0, root_absent=true, events=[(0, Pid(1664043), 1664043, None), (0, Pid(1664053), 1664053, None), (2, Pid(1664043), 1664043, Some(Exited(0))), (2, Pid(1664043), 1664053, Some(Signaled(SIGKILL, false))), (3, Pid(1664043), 0, Some(Signaled(SIGKILL, false)))], elapsed=231.211099ms, outcome=Complete(Err(PtraceRunFailure { primary: Tool(ordinary nonleader failure control), origin: BackendFailure { pid: Pid(1664043), tid: Pid(1664043), phase: "ptrace replaced leader on_exit_thread" }, secondary: [], captured_prefix: Some(CapturedPrefix { stdout: [], stderr: [] }) }))
actual perf exec handoff: ExecTimerTransfer { displaced: Some(ExecTimerIdentity { clock_fd: 35, timer_fd: 34, clock_event_id: 6894423, timer_event_id: 6894422, artificial_pending: false, artificial_signal_sent: false, cancelled: true, guest_pid: Pid(1664043), guest_tid: Pid(1664043), kernel_owner_tid: Pid(1664043) }), before: Some(ExecTimerIdentity { clock_fd: 80, timer_fd: 79, clock_event_id: 6894429, timer_event_id: 6894428, artificial_pending: false, artificial_signal_sent: false, cancelled: true, guest_pid: Pid(1664043), guest_tid: Pid(1664053), kernel_owner_tid: Pid(0) }), after: Some(ExecTimerIdentity { clock_fd: 80, timer_fd: 79, clock_event_id: 6894429, timer_event_id: 6894428, artificial_pending: false, artificial_signal_sent: false, cancelled: true, guest_pid: Pid(1664043), guest_tid: Pid(1664043), kernel_owner_tid: Pid(1664043) }), displaced_fds_closed: true }
test tracer::tests::ordinary_nonleader_exec_displaced_hook_failure_fences_replacement ... ok
PROBE_FINISH_GETEVENT tid=1663875 raw=0x0 test=Some("tracer::tests::ordinary_nonleader_exec_run_loop_echild_awaits_leader_exec_edge")
PROBE_FINISH_GETEVENT tid=1665258 raw=0x0 test=Some("tracer::tests::ordinary_nonleader_exec_transfers_state_and_consumes_old_leader_once")
actual delivered marker observations: tracer=1663856, rows=[(1663875, 16, 1, 65, 100433, false, false)]
PROBE_OUTCOME test=Some("tracer::tests::ordinary_nonleader_exec_run_loop_echild_awaits_leader_exec_edge") ok_complete=true result_is_err=false
exec owner before rescue: fail=false, timer_mode=1, root_absent=true, events=[(0, Pid(1663875), 1663875, None), (0, Pid(1663878), 1663878, None), (2, Pid(1663875), 1663875, Some(Exited(0))), (1, Pid(1663875), 1663878, None), (9, Pid(1663875), 100433, None), (4, Pid(1663875), 1663878, None), (2, Pid(1663875), 1663878, Some(Exited(0))), (3, Pid(1663875), 0, Some(Exited(0)))], elapsed=235.644418ms, outcome=Complete(Ok(Output { status: Exited(0), stdout: "survived", stderr: "" }))
actual perf exec handoff: ExecTimerTransfer { displaced: Some(ExecTimerIdentity { clock_fd: 35, timer_fd: 34, clock_event_id: 6894415, timer_event_id: 6894414, artificial_pending: false, artificial_signal_sent: false, cancelled: true, guest_pid: Pid(1663875), guest_tid: Pid(1663875), kernel_owner_tid: Pid(1663875) }), before: Some(ExecTimerIdentity { clock_fd: 61, timer_fd: 57, clock_event_id: 6894421, timer_event_id: 6894420, artificial_pending: false, artificial_signal_sent: false, cancelled: true, guest_pid: Pid(1663875), guest_tid: Pid(1663878), kernel_owner_tid: Pid(0) }), after: Some(ExecTimerIdentity { clock_fd: 61, timer_fd: 57, clock_event_id: 6894421, timer_event_id: 6894420, artificial_pending: false, artificial_signal_sent: false, cancelled: true, guest_pid: Pid(1663875), guest_tid: Pid(1663875), kernel_owner_tid: Pid(1663875) }), displaced_fds_closed: true }
nonleader run loop stayed pending on: ["wait after initial tracee resume"]
test tracer::tests::ordinary_nonleader_exec_run_loop_echild_awaits_leader_exec_edge ... ok
PROBE_FINISH_GETEVENT tid=1665258 raw=0x0 test=Some("tracer::tests::ordinary_nonleader_exec_transfers_state_and_consumes_old_leader_once")
actual delivered marker observations: tracer=1663856, rows=[(1665258, 16, 1, 65, 150527, false, false)]
PROBE_OUTCOME test=Some("tracer::tests::ordinary_nonleader_exec_transfers_state_and_consumes_old_leader_once") ok_complete=true result_is_err=false
exec owner before rescue: fail=false, timer_mode=0, root_absent=true, events=[(0, Pid(1665258), 1665258, None), (0, Pid(1665277), 1665277, None), (2, Pid(1665258), 1665258, Some(Exited(0))), (1, Pid(1665258), 1665277, None), (5, Pid(1665258), 50476, None), (9, Pid(1665258), 150527, None), (4, Pid(1665258), 1665277, None), (6, Pid(1665258), 1050721, None), (2, Pid(1665258), 1665277, Some(Exited(0))), (3, Pid(1665258), 0, Some(Exited(0)))], elapsed=28.018505ms, outcome=Complete(Ok(Output { status: Exited(0), stdout: "survived", stderr: "" }))
actual perf exec handoff: ExecTimerTransfer { displaced: Some(ExecTimerIdentity { clock_fd: 39, timer_fd: 38, clock_event_id: 6894431, timer_event_id: 6894430, artificial_pending: false, artificial_signal_sent: false, cancelled: true, guest_pid: Pid(1665258), guest_tid: Pid(1665258), kernel_owner_tid: Pid(1665258) }), before: Some(ExecTimerIdentity { clock_fd: 58, timer_fd: 56, clock_event_id: 6894433, timer_event_id: 6894432, artificial_pending: false, artificial_signal_sent: false, cancelled: true, guest_pid: Pid(1665258), guest_tid: Pid(1665277), kernel_owner_tid: Pid(0) }), after: Some(ExecTimerIdentity { clock_fd: 58, timer_fd: 56, clock_event_id: 6894433, timer_event_id: 6894432, artificial_pending: false, artificial_signal_sent: false, cancelled: true, guest_pid: Pid(1665258), guest_tid: Pid(1665258), kernel_owner_tid: Pid(1665258) }), displaced_fds_closed: true }
test tracer::tests::ordinary_nonleader_exec_transfers_state_and_consumes_old_leader_once ... ok
PROBE_FINISH_GETEVENT tid=1663872 raw=0x0 test=Some("tracer::tests::ordinary_nonleader_exec_real_signal_cancels_postexec_timer")
actual delivered marker observations: tracer=1663856, rows=[(1663872, 16, 1, 65, 100436, true, false)]
PROBE_OUTCOME test=Some("tracer::tests::ordinary_nonleader_exec_real_signal_cancels_postexec_timer") ok_complete=true result_is_err=false
exec owner before rescue: fail=false, timer_mode=2, root_absent=true, events=[(0, Pid(1663872), 1663872, None), (0, Pid(1663879), 1663879, None), (2, Pid(1663872), 1663872, Some(Exited(0))), (1, Pid(1663872), 1663879, None), (7, Pid(1663872), 10, None), (2, Pid(1663872), 1663879, Some(Exited(0))), (3, Pid(1663872), 0, Some(Exited(0)))], elapsed=286.910212ms, outcome=Complete(Ok(Output { status: Exited(0), stdout: "survived", stderr: "" }))
actual perf exec handoff: ExecTimerTransfer { displaced: Some(ExecTimerIdentity { clock_fd: 43, timer_fd: 42, clock_event_id: 6894419, timer_event_id: 6894418, artificial_pending: false, artificial_signal_sent: false, cancelled: true, guest_pid: Pid(1663872), guest_tid: Pid(1663872), kernel_owner_tid: Pid(1663872) }), before: Some(ExecTimerIdentity { clock_fd: 74, timer_fd: 73, clock_event_id: 6894427, timer_event_id: 6894426, artificial_pending: false, artificial_signal_sent: false, cancelled: true, guest_pid: Pid(1663872), guest_tid: Pid(1663879), kernel_owner_tid: Pid(0) }), after: Some(ExecTimerIdentity { clock_fd: 74, timer_fd: 73, clock_event_id: 6894427, timer_event_id: 6894426, artificial_pending: false, artificial_signal_sent: false, cancelled: true, guest_pid: Pid(1663872), guest_tid: Pid(1663872), kernel_owner_tid: Pid(1663872) }), displaced_fds_closed: true }
test tracer::tests::ordinary_nonleader_exec_real_signal_cancels_postexec_timer ... ok

failures:

failures:
    tracer::tests::ordinary_nonleader_exec_postexec_timer_survives_internal_step

test result: FAILED. 4 passed; 1 failed; 0 ignored; 0 measured; 360 filtered out; finished in 0.29s

