   Compiling reverie-kvm v0.2.0 (/home/newton/work/dev-hermit/worktrees/slots/kvm-syncfs-identity-20260920/reverie-kvm)
    Finished `test` profile [unoptimized + debuginfo] target(s) in 7.96s
     Running unittests src/lib.rs (target/debug/deps/reverie_kvm-543bfc99885654c3)

running 12 tests
test executor::tests::synthetic_proc_directory_fd_rejects_relative_mutation ... ok
test executor::tests::synthetic_proc_metadata_is_synthetic_and_stable ... ok
test executor::tests::synthetic_proc_vmstat_and_osrelease_are_served_deterministically ... ok
test executor::tests::synthetic_proc_files_serve_deterministic_content ... ok
test executor::tests::synthetic_proc_directory_resolves_relative_allowlisted_files ... ok
test executor::tests::synthetic_proc_rejects_writes_and_ignores_unlisted_paths ... ok
test executor::tests::synthetic_proc_dup_and_reopen_preserve_description_semantics_and_seals ... ok
test executor::tests::synthetic_proc_snapshot_is_exactly_sealed_and_exposed_read_only ... ok
test executor::tests::utimensat_rejects_empty_paths_on_every_synthetic_proc_inode ... ok
test executor::tests::synthetic_proc_self_mountinfo_is_served_and_stable ... ok
test executor::tests::synthetic_proc_self_reflects_guest_identity ... ok
test executor::tests::synthetic_proc_directory_fd_rejects_every_relative_mutation_dispatcher ... ok

test result: ok. 12 passed; 0 failed; 0 ignored; 0 measured; 780 filtered out; finished in 0.00s

real 7.99
user 9.92
sys 3.42
