
running 4 tests
PROBE_FINISH_GETEVENT tid=1685368 raw=0x0 test=Some("tracer::tests::ordinary_nonleader_exec_real_signal_cancels_postexec_timer")
PROBE_SIGTRAP_EXTRA tid=1685368 geteventmsg=Ok(1685399) State:	t (tracing stop) | SigPnd:	0000000000000000 | ShdPnd:	0000000000000000
exec timer payload: /tmp/reverie-fatal-exec-timer-1685337
PROBE_SIGTRAP_TERMINAL test=Some("tracer::tests::ordinary_nonleader_exec_real_signal_cancels_postexec_timer") tid=1685368 event=Signal(SIGTRAP) tgid=1685368 leader=true tasks=["1685368"] exe=/usr/bin/bash exit_status_captured=Some(Exited(0)) si_signo=5 si_code=1029 si_errno=0 si_pid=1685368 si_uid=212630 si_addr=0x33e960019b778 rip=0x7ffff7fe3010 rax=0xffffffffffffffda orig_rax=0x3b eflags=0x202 bytes_at_rip-2=Ok(d68e8e78948ffff)
 history tid=1685368:
  #0 COLLECT worker raw=0x137f
  #1 STOP raw=0x137f
  #3 REQ SINGLESTEP sig=None rip=0x7f8a3c48d38c  [<safeptrace::Stopped>::step::<core::option::Option<nix::sys::signal::Signal>>@lib.rs:841:9 <- <reverie_ptrace::tracer::RootStopLease>::step::<core::option::Option<nix::sys::signal::Signal>>@tracer.rs:1023:27 <- <reverie_ptrace::task::TracedTask<_>>::tracee_preinit::{closure#0}::{closure#0}::setup_special_mmap_page::{closure#0}@task.rs:2703:80 <- <reverie_ptrace::task::TracedTask<reverie_ptrace::tracer::tests::ExecOwnerTool>>::tracee_preinit::{closure#0}::{closure#0}@task.rs:2860:10 <- <reverie_ptrace::task::TracedTask<reverie_ptrace::tracer::tests::ExecOwnerTool>>::tracee_preinit::{closure#0}@task.rs:2600:5 <- reverie_ptrace::tracer::postspawn::<reverie_ptrace::tracer::tests::ExecOwnerTool>::{closure#0}::{closure#0}@tracer.rs:3927:46]
  #4 COLLECT worker raw=0x57f
  #5 STOP raw=0x57f
  #6 REQ SINGLESTEP sig=None rip=0x71000000  [<safeptrace::Stopped>::step::<core::option::Option<nix::sys::signal::Signal>>@lib.rs:841:9 <- <reverie_ptrace::tracer::RootStopLease>::step::<core::option::Option<nix::sys::signal::Signal>>@tracer.rs:1023:27 <- <reverie_ptrace::task::TracedTask<reverie_ptrace::tracer::tests::ExecOwnerTool>>::step_stopped::<core::option::Option<nix::sys::signal::Signal>>@task.rs:5439:45 <- <reverie_ptrace::task::TracedTask<reverie_ptrace::tracer::tests::ExecOwnerTool>>::step_private_syscall::{closure#0}@task.rs:7527:32 <- <reverie_ptrace::task::TracedTask<reverie_ptrace::tracer::tests::ExecOwnerTool>>::untraced_syscall::{closure#0}@task.rs:7327:83 <- <reverie_ptrace::task::TracedTask<reverie_ptrace::tracer::tests::ExecOwnerTool>>::inner_inject::{closure#0}@task.rs:7830:63]
  #8 COLLECT worker raw=0x57f
  #9 STOP raw=0x57f
  #15 REQ CONT sig=None  [<safeptrace::Stopped>::resume::<core::option::Option<nix::sys::signal::Signal>>@lib.rs:786:9 <- <reverie_ptrace::tracer::RootStopLease>::resume::<core::option::Option<nix::sys::signal::Signal>>@tracer.rs:1006:37 <- <reverie_ptrace::task::TracedTask<reverie_ptrace::tracer::tests::ExecOwnerTool>>::resume_stopped::<core::option::Option<nix::sys::signal::Signal>>@task.rs:5428:45 <- <reverie_ptrace::task::TracedTask<reverie_ptrace::tracer::tests::ExecOwnerTool>>::await_gdb_resume::{closure#0}@task.rs:8014:25 <- <reverie_ptrace::task::TracedTask<reverie_ptrace::tracer::tests::ExecOwnerTool>>::run_loop_internal::{closure#0}@task.rs:6224:14 <- <reverie_ptrace::task::TracedTask<reverie_ptrace::tracer::tests::ExecOwnerTool>>::run_loop::{closure#0}@task.rs:6176:44]
  #18 COLLECT worker raw=0x3057f
  #20 STOP raw=0x3057f
  #21 CLONE-DECODE former=1685399
  #27 REQ SINGLESTEP sig=None rip=0x7f8a3c510a6d  [<safeptrace::Stopped>::step::<core::option::Option<nix::sys::signal::Signal>>@lib.rs:841:9 <- <reverie_ptrace::tracer::RootStopLease>::step::<core::option::Option<nix::sys::signal::Signal>>@tracer.rs:1023:27 <- <reverie_ptrace::task::TracedTask<reverie_ptrace::tracer::tests::ExecOwnerTool>>::step_stopped::<core::option::Option<nix::sys::signal::Signal>>@task.rs:5439:45 <- <reverie_ptrace::task::TracedTask<reverie_ptrace::tracer::tests::ExecOwnerTool>>::handle_new_task::{closure#0}@task.rs:5992:32 <- <reverie_ptrace::task::TracedTask<reverie_ptrace::tracer::tests::ExecOwnerTool>>::dispatch_new_task::{closure#0}@task.rs:5472:14 <- <reverie_ptrace::task::TracedTask<reverie_ptrace::tracer::tests::ExecOwnerTool>>::handle_stop_event::{closure#0}@task.rs:3147:18]
  #30 COLLECT worker raw=0x57f
  #32 COLLECT worker raw=0x6057f
  #35 REQ CONT(retaining) sig=None  [<safeptrace::Stopped>::resume_retaining::<core::option::Option<nix::sys::signal::Signal>>@lib.rs:805:9 <- reverie_ptrace::tracer::finish_ordinary_terminal::{closure#0}@tracer.rs:594:43 <- reverie_ptrace::tracer::finish_ordinary_exit::{closure#0}@tracer.rs:496:76 <- <reverie_ptrace::task::TracedTask<reverie_ptrace::tracer::tests::ExecOwnerTool>>::drive_ordinary::{closure#0}@task.rs:6851:77 <- <futures_util::future::future::fuse::Fuse<<reverie_ptrace::task::TracedTask<reverie_ptrace::tracer::tests::ExecOwnerTool>>::drive_ordinary::{closure#0}> as core::future::future::Future>::poll@future/future/fuse.rs:85:30 <- <core::pin::Pin<&mut futures_util::future::future::fuse::Fuse<<reverie_ptrace::task::TracedTask<reverie_ptrace::tracer::tests::ExecOwnerTool>>::drive_ordinary::{closure#0}>> as core::future::future::Future>::poll@future/future.rs:133:9]
  #38 COLLECT worker raw=0x4057f
  #39 STOP raw=0x57f
 history former tid=1685399:
  #22 COLLECT worker raw=0x137f
  #28 STOP raw=0x137f
  #29 REQ CONT sig=None  [<safeptrace::Stopped>::resume::<core::option::Option<nix::sys::signal::Signal>>@lib.rs:786:9 <- <reverie_ptrace::tracer::RootStopLease>::resume::<core::option::Option<nix::sys::signal::Signal>>@tracer.rs:1006:37 <- <reverie_ptrace::task::TracedTask<reverie_ptrace::tracer::tests::ExecOwnerTool>>::resume_stopped::<core::option::Option<nix::sys::signal::Signal>>@task.rs:5428:45 <- <reverie_ptrace::task::TracedTask<reverie_ptrace::tracer::tests::ExecOwnerTool>>::await_gdb_resume::{closure#0}@task.rs:8014:25 <- <reverie_ptrace::task::TracedTask<reverie_ptrace::tracer::tests::ExecOwnerTool>>::run_loop_internal::{closure#0}@task.rs:6224:14 <- <reverie_ptrace::task::TracedTask<reverie_ptrace::tracer::tests::ExecOwnerTool>>::run_loop::{closure#0}@task.rs:6176:44]

actual delivered marker observations: tracer=1685337, rows=[]
PROBE_FINISH_GETEVENT tid=1685367 raw=0x0 test=Some("tracer::tests::ordinary_nonleader_exec_postexec_timer_survives_internal_step")
PROBE_OUTCOME test=Some("tracer::tests::ordinary_nonleader_exec_real_signal_cancels_postexec_timer") ok_complete=false result_is_err=false
exec owner before rescue: fail=false, timer_mode=2, root_absent=false, events=[(0, Pid(1685368), 1685368, None), (0, Pid(1685399), 1685399, None)], elapsed=186.874393ms, outcome=Pending(PtraceRunFailure { primary: Tool(unexpected ptrace terminal stop: Signal(SIGTRAP)), origin: BackendFailure { pid: Pid(1685368), tid: Pid(1685368), phase: "ptrace tree cleanup" }, secondary: [PtraceCleanupFailure { origin: BackendFailure { pid: Pid(1685368), tid: Pid(1685368), phase: "ptrace tree cleanup" }, error: Tool(owned ptrace wait observed death during decoding; original owner retained) }], captured_prefix: Some(CapturedPrefix { stdout: [], stderr: [] }) })
exec owner rescue only: signal=Ok(()), completed=false

thread 'tracer::tests::ordinary_nonleader_exec_real_signal_cancels_postexec_timer' (1685363) panicked at reverie-ptrace/src/tracer.rs:6046:17:
exec owner did not Complete within original3s predicate: Pending(PtraceRunFailure { primary: Tool(unexpected ptrace terminal stop: Signal(SIGTRAP)), origin: BackendFailure { pid: Pid(1685368), tid: Pid(1685368), phase: "ptrace tree cleanup" }, secondary: [PtraceCleanupFailure { origin: BackendFailure { pid: Pid(1685368), tid: Pid(1685368), phase: "ptrace tree cleanup" }, error: Tool(owned ptrace wait observed death during decoding; original owner retained) }], captured_prefix: Some(CapturedPrefix { stdout: [], stderr: [] }) })
note: run with `RUST_BACKTRACE=1` environment variable to display a backtrace
test tracer::tests::ordinary_nonleader_exec_real_signal_cancels_postexec_timer ... FAILED
PROBE_FINISH_GETEVENT tid=1685660 raw=0x0 test=Some("tracer::tests::ordinary_nonleader_exec_transfers_state_and_consumes_old_leader_once")
PROBE_FINISH_GETEVENT tid=1685660 raw=0x0 test=Some("tracer::tests::ordinary_nonleader_exec_transfers_state_and_consumes_old_leader_once")
actual delivered marker observations: tracer=1685337, rows=[(1685660, 16, 1, 65, 150357, false, false)]
PROBE_OUTCOME test=Some("tracer::tests::ordinary_nonleader_exec_transfers_state_and_consumes_old_leader_once") ok_complete=true result_is_err=false
exec owner before rescue: fail=false, timer_mode=0, root_absent=true, events=[(0, Pid(1685660), 1685660, None), (0, Pid(1686790), 1686790, None), (2, Pid(1685660), 1685660, Some(Exited(0))), (1, Pid(1685660), 1686790, None), (5, Pid(1685660), 50302, None), (9, Pid(1685660), 150357, None), (4, Pid(1685660), 1686790, None), (6, Pid(1685660), 1050547, None), (2, Pid(1685660), 1686790, Some(Exited(0))), (3, Pid(1685660), 0, Some(Exited(0)))], elapsed=196.55207ms, outcome=Complete(Ok(Output { status: Exited(0), stdout: "survived", stderr: "" }))
actual perf exec handoff: ExecTimerTransfer { displaced: Some(ExecTimerIdentity { clock_fd: 17, timer_fd: 5, clock_event_id: 6894722, timer_event_id: 6894721, artificial_pending: false, artificial_signal_sent: false, cancelled: true, guest_pid: Pid(1685660), guest_tid: Pid(1685660), kernel_owner_tid: Pid(1685660) }), before: Some(ExecTimerIdentity { clock_fd: 34, timer_fd: 33, clock_event_id: 6894724, timer_event_id: 6894723, artificial_pending: false, artificial_signal_sent: false, cancelled: true, guest_pid: Pid(1685660), guest_tid: Pid(1686790), kernel_owner_tid: Pid(0) }), after: Some(ExecTimerIdentity { clock_fd: 34, timer_fd: 33, clock_event_id: 6894724, timer_event_id: 6894723, artificial_pending: false, artificial_signal_sent: false, cancelled: true, guest_pid: Pid(1685660), guest_tid: Pid(1685660), kernel_owner_tid: Pid(1685660) }), displaced_fds_closed: true }
test tracer::tests::ordinary_nonleader_exec_transfers_state_and_consumes_old_leader_once ... ok
PROBE_FINISH_GETEVENT tid=1685658 raw=0x0 test=Some("tracer::tests::ordinary_nonleader_exec_displaced_hook_failure_fences_replacement")
PROBE_FINISH_GETEVENT tid=1685658 raw=0x9 test=Some("tracer::tests::ordinary_nonleader_exec_displaced_hook_failure_fences_replacement")
actual delivered marker observations: tracer=1685337, rows=[]
PROBE_OUTCOME test=Some("tracer::tests::ordinary_nonleader_exec_displaced_hook_failure_fences_replacement") ok_complete=true result_is_err=true
exec owner before rescue: fail=true, timer_mode=0, root_absent=true, events=[(0, Pid(1685658), 1685658, None), (0, Pid(1686911), 1686911, None), (2, Pid(1685658), 1685658, Some(Exited(0))), (2, Pid(1685658), 1686911, Some(Signaled(SIGKILL, false))), (3, Pid(1685658), 0, Some(Signaled(SIGKILL, false)))], elapsed=212.465613ms, outcome=Complete(Err(PtraceRunFailure { primary: Tool(ordinary nonleader failure control), origin: BackendFailure { pid: Pid(1685658), tid: Pid(1685658), phase: "ptrace replaced leader on_exit_thread" }, secondary: [], captured_prefix: Some(CapturedPrefix { stdout: [], stderr: [] }) }))
actual perf exec handoff: ExecTimerTransfer { displaced: Some(ExecTimerIdentity { clock_fd: 63, timer_fd: 62, clock_event_id: 6894720, timer_event_id: 6894719, artificial_pending: false, artificial_signal_sent: false, cancelled: true, guest_pid: Pid(1685658), guest_tid: Pid(1685658), kernel_owner_tid: Pid(1685658) }), before: Some(ExecTimerIdentity { clock_fd: 22, timer_fd: 21, clock_event_id: 6894726, timer_event_id: 6894725, artificial_pending: false, artificial_signal_sent: false, cancelled: true, guest_pid: Pid(1685658), guest_tid: Pid(1686911), kernel_owner_tid: Pid(0) }), after: Some(ExecTimerIdentity { clock_fd: 22, timer_fd: 21, clock_event_id: 6894726, timer_event_id: 6894725, artificial_pending: false, artificial_signal_sent: false, cancelled: true, guest_pid: Pid(1685658), guest_tid: Pid(1685658), kernel_owner_tid: Pid(1685658) }), displaced_fds_closed: true }
test tracer::tests::ordinary_nonleader_exec_displaced_hook_failure_fences_replacement ... ok
PROBE_FINISH_GETEVENT tid=1685367 raw=0x0 test=Some("tracer::tests::ordinary_nonleader_exec_postexec_timer_survives_internal_step")
actual delivered marker observations: tracer=1685337, rows=[(1685367, 16, 1, 65, 100443, false, false)]
PROBE_OUTCOME test=Some("tracer::tests::ordinary_nonleader_exec_postexec_timer_survives_internal_step") ok_complete=true result_is_err=false
exec owner before rescue: fail=false, timer_mode=1, root_absent=true, events=[(0, Pid(1685367), 1685367, None), (0, Pid(1685401), 1685401, None), (2, Pid(1685367), 1685367, Some(Exited(0))), (1, Pid(1685367), 1685401, None), (9, Pid(1685367), 100443, None), (4, Pid(1685367), 1685401, None), (2, Pid(1685367), 1685401, Some(Exited(0))), (3, Pid(1685367), 0, Some(Exited(0)))], elapsed=242.909871ms, outcome=Complete(Ok(Output { status: Exited(0), stdout: "survived", stderr: "" }))
actual perf exec handoff: ExecTimerTransfer { displaced: Some(ExecTimerIdentity { clock_fd: 35, timer_fd: 34, clock_event_id: 6894711, timer_event_id: 6894710, artificial_pending: false, artificial_signal_sent: false, cancelled: true, guest_pid: Pid(1685367), guest_tid: Pid(1685367), kernel_owner_tid: Pid(1685367) }), before: Some(ExecTimerIdentity { clock_fd: 53, timer_fd: 52, clock_event_id: 6894713, timer_event_id: 6894712, artificial_pending: false, artificial_signal_sent: false, cancelled: true, guest_pid: Pid(1685367), guest_tid: Pid(1685401), kernel_owner_tid: Pid(0) }), after: Some(ExecTimerIdentity { clock_fd: 53, timer_fd: 52, clock_event_id: 6894713, timer_event_id: 6894712, artificial_pending: false, artificial_signal_sent: false, cancelled: true, guest_pid: Pid(1685367), guest_tid: Pid(1685367), kernel_owner_tid: Pid(1685367) }), displaced_fds_closed: true }
test tracer::tests::ordinary_nonleader_exec_postexec_timer_survives_internal_step ... ok

failures:

failures:
    tracer::tests::ordinary_nonleader_exec_real_signal_cancels_postexec_timer

test result: FAILED. 3 passed; 1 failed; 0 ignored; 0 measured; 358 filtered out; finished in 0.24s

