
running 1 test
exec timer payload: /tmp/reverie-fatal-exec-timer-1021256
PROBE_FINISH_GETEVENT tid=1021301 raw=0x0 test=Some("tracer::tests::ordinary_nonleader_exec_transfers_state_and_consumes_old_leader_once")
PROBE_SIGTRAP_EXTRA tid=1021301 geteventmsg=Err(Died(Zombie(Running(Pid(1021301), TraceeToken { event: EventHandle(EventGeneration { event: Event { exit_waiters: ExitWaiters { waiters: Mutex { data: [(Weak)] } }, exit_publication: Mutex { data: () }, status_waker: WakerSlot { waker: Mutex { data: Some(Waker { data: 0x7f502400b900, vtable: 0x556e0fcdab40 }) }, data: 0x7f502400b900, vtable: 0x556e0fcdab40 }, status: Mutex { data: StatusState { pending: [], terminal: -1 } }, status_changed: Condvar { .. }, exit_status: 1, exit_capability: 2, exit_epoch: 0, registration_error: Mutex { data: None }, worker_state: 2, worker_done_lock: Mutex { data: () }, worker_done_changed: Condvar { .. }, cleanup_cancel_requested: false, cleanup_claim_waiters: 0, wait_owner: 2, wait_owner_lock: Mutex { data: () }, wait_owner_changed: Condvar { .. } }, identity: OnceLock(WorkerIdentity { pid: Pid(1021301), snapshot: WorkerProcSnapshot { tgid: Pid(1021301), tracer_pid: Pid(1021260), start_time: 13440367 }, pidfd: OwnedFd { fd: 10 }, proc_dir: OwnedFd { fd: 12 }, proc_inode: 3006020186 }), authoritative: OnceLock(<uninit>) }) })))) State:	R (running) | SigPnd:	0000000000000000 | ShdPnd:	0000000000000000
PROBE_SIGTRAP_TERMINAL test=Some("tracer::tests::ordinary_nonleader_exec_transfers_state_and_consumes_old_leader_once") tid=1021301 event=Signal(SIGTRAP) tgid=1021301 leader=true tasks=["1021301"] exe=/tmp/reverie-fatal-exec-timer-1021256 exit_status_captured=Some(Exited(0)) getsiginfo err Died(Zombie(Running(Pid(1021301), TraceeToken { event: EventHandle(EventGeneration { event: Event { exit_waiters: ExitWaiters { waiters: Mutex { data: [(Weak)] } }, exit_publication: Mutex { data: () }, status_waker: WakerSlot { waker: Mutex { data: Some(Waker { data: 0x7f502400b900, vtable: 0x556e0fcdab40 }) }, data: 0x7f502400b900, vtable: 0x556e0fcdab40 }, status: Mutex { data: StatusState { pending: [], terminal: -1 } }, status_changed: Condvar { .. }, exit_status: 1, exit_capability: 2, exit_epoch: 0, registration_error: Mutex { data: None }, worker_state: 2, worker_done_lock: Mutex { data: () }, worker_done_changed: Condvar { .. }, cleanup_cancel_requested: false, cleanup_claim_waiters: 0, wait_owner: 2, wait_owner_lock: Mutex { data: () }, wait_owner_changed: Condvar { .. } }, identity: OnceLock(WorkerIdentity { pid: Pid(1021301), snapshot: WorkerProcSnapshot { tgid: Pid(1021301), tracer_pid: Pid(1021260), start_time: 13440367 }, pidfd: OwnedFd { fd: 10 }, proc_dir: OwnedFd { fd: 12 }, proc_inode: 3006020186 }), authoritative: OnceLock(<uninit>) }) }))) getregs err Died(Zombie(Running(Pid(1021301), TraceeToken { event: EventHandle(EventGeneration { event: Event { exit_waiters: ExitWaiters { waiters: Mutex { data: [(Weak)] } }, exit_publication: Mutex { data: () }, status_waker: WakerSlot { waker: Mutex { data: Some(Waker { data: 0x7f502400b900, vtable: 0x556e0fcdab40 }) }, data: 0x7f502400b900, vtable: 0x556e0fcdab40 }, status: Mutex { data: StatusState { pending: [], terminal: -1 } }, status_changed: Condvar { .. }, exit_status: 1, exit_capability: 2, exit_epoch: 0, registration_error: Mutex { data: None }, worker_state: 2, worker_done_lock: Mutex { data: () }, worker_done_changed: Condvar { .. }, cleanup_cancel_requested: false, cleanup_claim_waiters: 0, wait_owner: 2, wait_owner_lock: Mutex { data: () }, wait_owner_changed: Condvar { .. } }, identity: OnceLock(WorkerIdentity { pid: Pid(1021301), snapshot: WorkerProcSnapshot { tgid: Pid(1021301), tracer_pid: Pid(1021260), start_time: 13440367 }, pidfd: OwnedFd { fd: 10 }, proc_dir: OwnedFd { fd: 12 }, proc_inode: 3006020186 }), authoritative: OnceLock(<uninit>) }) }))) bytes_at_rip-2=
 history tid=1021301:
  #0 COLLECT worker raw=0x137f
  #1 STOP raw=0x137f
  #2 REQ SINGLESTEP sig=None rip=0x7f5028e8d38c  [<safeptrace::Stopped>::step::<core::option::Option<nix::sys::signal::Signal>>@lib.rs:841:9 <- <reverie_ptrace::tracer::RootStopLease>::step::<core::option::Option<nix::sys::signal::Signal>>@tracer.rs:1023:27 <- <reverie_ptrace::task::TracedTask<_>>::tracee_preinit::{closure#0}::{closure#0}::setup_special_mmap_page::{closure#0}@task.rs:2719:80 <- <reverie_ptrace::task::TracedTask<reverie_ptrace::tracer::tests::ExecOwnerTool>>::tracee_preinit::{closure#0}::{closure#0}@task.rs:2876:10 <- <reverie_ptrace::task::TracedTask<reverie_ptrace::tracer::tests::ExecOwnerTool>>::tracee_preinit::{closure#0}@task.rs:2616:5 <- reverie_ptrace::tracer::postspawn::<reverie_ptrace::tracer::tests::ExecOwnerTool>::{closure#0}::{closure#0}@tracer.rs:3927:46]
  #3 COLLECT worker raw=0x57f
  #4 STOP raw=0x57f
  #5 REQ SINGLESTEP sig=None rip=0x71000000  [<safeptrace::Stopped>::step::<core::option::Option<nix::sys::signal::Signal>>@lib.rs:841:9 <- <reverie_ptrace::tracer::RootStopLease>::step::<core::option::Option<nix::sys::signal::Signal>>@tracer.rs:1023:27 <- <reverie_ptrace::task::TracedTask<reverie_ptrace::tracer::tests::ExecOwnerTool>>::step_stopped::<core::option::Option<nix::sys::signal::Signal>>@task.rs:5455:45 <- <reverie_ptrace::task::TracedTask<reverie_ptrace::tracer::tests::ExecOwnerTool>>::step_private_syscall::{closure#0}@task.rs:7651:32 <- <reverie_ptrace::task::TracedTask<reverie_ptrace::tracer::tests::ExecOwnerTool>>::untraced_syscall::{closure#0}@task.rs:7451:83 <- <reverie_ptrace::task::TracedTask<reverie_ptrace::tracer::tests::ExecOwnerTool>>::inner_inject::{closure#0}@task.rs:7954:63]
  #6 COLLECT worker raw=0x57f
  #7 STOP raw=0x57f
  #8 REQ CONT sig=None  [<safeptrace::Stopped>::resume::<core::option::Option<nix::sys::signal::Signal>>@lib.rs:786:9 <- <reverie_ptrace::tracer::RootStopLease>::resume::<core::option::Option<nix::sys::signal::Signal>>@tracer.rs:1006:37 <- <reverie_ptrace::task::TracedTask<reverie_ptrace::tracer::tests::ExecOwnerTool>>::resume_stopped::<core::option::Option<nix::sys::signal::Signal>>@task.rs:5444:45 <- <reverie_ptrace::task::TracedTask<reverie_ptrace::tracer::tests::ExecOwnerTool>>::await_gdb_resume::{closure#0}@task.rs:8138:25 <- <reverie_ptrace::task::TracedTask<reverie_ptrace::tracer::tests::ExecOwnerTool>>::run_loop_internal::{closure#0}@task.rs:6261:14 <- <reverie_ptrace::task::TracedTask<reverie_ptrace::tracer::tests::ExecOwnerTool>>::run_loop::{closure#0}@task.rs:6192:44]
  #9 COLLECT worker raw=0x3057f
  #10 STOP raw=0x3057f
  #11 CLONE-DECODE former=1021303
  #13 REQ SINGLESTEP sig=None rip=0x7f5028f10a6d  [<safeptrace::Stopped>::step::<core::option::Option<nix::sys::signal::Signal>>@lib.rs:841:9 <- <reverie_ptrace::tracer::RootStopLease>::step::<core::option::Option<nix::sys::signal::Signal>>@tracer.rs:1023:27 <- <reverie_ptrace::task::TracedTask<reverie_ptrace::tracer::tests::ExecOwnerTool>>::step_stopped::<core::option::Option<nix::sys::signal::Signal>>@task.rs:5455:45 <- <reverie_ptrace::task::TracedTask<reverie_ptrace::tracer::tests::ExecOwnerTool>>::handle_new_task::{closure#0}@task.rs:6008:32 <- <reverie_ptrace::task::TracedTask<reverie_ptrace::tracer::tests::ExecOwnerTool>>::dispatch_new_task::{closure#0}@task.rs:5488:14 <- <reverie_ptrace::task::TracedTask<reverie_ptrace::tracer::tests::ExecOwnerTool>>::handle_stop_event::{closure#0}@task.rs:3163:18]
  #14 FORCE-DELAY start ms=200
  #15 COLLECT worker raw=0x57f
  #18 COLLECT worker raw=0x6057f
  #19 REQ CONT(retaining) sig=None  [<safeptrace::Stopped>::resume_retaining::<core::option::Option<nix::sys::signal::Signal>>@lib.rs:805:9 <- reverie_ptrace::tracer::finish_ordinary_terminal::{closure#0}@tracer.rs:594:43 <- reverie_ptrace::tracer::finish_ordinary_exit::{closure#0}@tracer.rs:496:76 <- <reverie_ptrace::task::TracedTask<reverie_ptrace::tracer::tests::ExecOwnerTool>>::drive_ordinary::{closure#0}@task.rs:6975:77 <- <futures_util::future::future::fuse::Fuse<<reverie_ptrace::task::TracedTask<reverie_ptrace::tracer::tests::ExecOwnerTool>>::drive_ordinary::{closure#0}> as core::future::future::Future>::poll@future/future/fuse.rs:85:30 <- <core::pin::Pin<&mut futures_util::future::future::fuse::Fuse<<reverie_ptrace::task::TracedTask<reverie_ptrace::tracer::tests::ExecOwnerTool>>::drive_ordinary::{closure#0}>> as core::future::future::Future>::poll@future/future.rs:133:9]
  #20 STOP raw=0x57f
 history former tid=1021303:
  #12 COLLECT worker raw=0x137f
  #16 STOP raw=0x137f
  #17 REQ CONT sig=None  [<safeptrace::Stopped>::resume::<core::option::Option<nix::sys::signal::Signal>>@lib.rs:786:9 <- <reverie_ptrace::tracer::RootStopLease>::resume::<core::option::Option<nix::sys::signal::Signal>>@tracer.rs:1006:37 <- <reverie_ptrace::task::TracedTask<reverie_ptrace::tracer::tests::ExecOwnerTool>>::resume_stopped::<core::option::Option<nix::sys::signal::Signal>>@task.rs:5444:45 <- <reverie_ptrace::task::TracedTask<reverie_ptrace::tracer::tests::ExecOwnerTool>>::await_gdb_resume::{closure#0}@task.rs:8138:25 <- <reverie_ptrace::task::TracedTask<reverie_ptrace::tracer::tests::ExecOwnerTool>>::run_loop_internal::{closure#0}@task.rs:6261:14 <- <reverie_ptrace::task::TracedTask<reverie_ptrace::tracer::tests::ExecOwnerTool>>::run_loop::{closure#0}@task.rs:6192:44]

actual delivered marker observations: tracer=1021256, rows=[]
PROBE_OUTCOME test=Some("tracer::tests::ordinary_nonleader_exec_transfers_state_and_consumes_old_leader_once") ok_complete=false result_is_err=false
exec owner before rescue: fail=false, timer_mode=0, root_absent=true, events=[(0, Pid(1021301), 1021301, None), (0, Pid(1021303), 1021303, None)], elapsed=219.398102ms, outcome=Pending(PtraceRunFailure { primary: Tool(unexpected ptrace terminal stop: Signal(SIGTRAP)), origin: BackendFailure { pid: Pid(1021301), tid: Pid(1021301), phase: "ptrace tree cleanup" }, secondary: [PtraceCleanupFailure { origin: BackendFailure { pid: Pid(1021301), tid: Pid(1021301), phase: "ptrace tree cleanup" }, error: Tool(owned ptrace wait observed death during decoding; original owner retained) }], captured_prefix: Some(CapturedPrefix { stdout: [], stderr: [] }) })
exec owner rescue only: signal=Err(ESRCH), completed=false

thread 'tracer::tests::ordinary_nonleader_exec_transfers_state_and_consumes_old_leader_once' (1021260) panicked at reverie-ptrace/src/tracer.rs:6046:17:
exec owner did not Complete within original3s predicate: Pending(PtraceRunFailure { primary: Tool(unexpected ptrace terminal stop: Signal(SIGTRAP)), origin: BackendFailure { pid: Pid(1021301), tid: Pid(1021301), phase: "ptrace tree cleanup" }, secondary: [PtraceCleanupFailure { origin: BackendFailure { pid: Pid(1021301), tid: Pid(1021301), phase: "ptrace tree cleanup" }, error: Tool(owned ptrace wait observed death during decoding; original owner retained) }], captured_prefix: Some(CapturedPrefix { stdout: [], stderr: [] }) })
note: run with `RUST_BACKTRACE=1` environment variable to display a backtrace
test tracer::tests::ordinary_nonleader_exec_transfers_state_and_consumes_old_leader_once ... FAILED

failures:

failures:
    tracer::tests::ordinary_nonleader_exec_transfers_state_and_consumes_old_leader_once

test result: FAILED. 0 passed; 1 failed; 0 ignored; 0 measured; 364 filtered out; finished in 0.22s

