2026-09-17T03:40:25.472221Z  INFO hermit::kvm: launching guest through reverie-kvm program=/home/newton/work/dev-hermit/worktrees/slots/kvm-parity-recovery-20260916/ignored/recovery/main-increment-independent-review/closed-standard-input-20260917/measurement-observer/measurement-before-narrow-5/stdio_inode_identity argv=["/home/newton/work/dev-hermit/worktrees/slots/kvm-parity-recovery-20260916/ignored/recovery/main-increment-independent-review/closed-standard-input-20260917/measurement-observer/measurement-before-narrow-5/stdio_inode_identity", "descriptor-reuse"] cwd=/test env_count=7
2026-09-17T03:40:25.480429Z  INFO detcore::scheduler::runqueue: DETLOG SCHEDRAND: seeding scheduler runqueue with seed 0 DETLOG_RECORD={"schema":1,"event":{"kind":"other"}}
2026-09-17T03:40:25.480506Z  INFO detcore::tool_global: [scheduler] daemon task starting up, waiting for guest thread start..
2026-09-17T03:40:25.480680Z  INFO detcore::tool_local: DETLOG USER RAND: seeding PRNG for root thread with seed 0 DETLOG_RECORD={"schema":1,"event":{"kind":"other"}}
2026-09-17T03:40:25.480690Z  INFO detcore::tool_local: DETLOG CHAOSRAND: seeding chaos scheduler with seed 0 DETLOG_RECORD={"schema":1,"event":{"kind":"other"}}
2026-09-17T03:40:25.481159Z  INFO detcore::scheduler: [scheduler] guest in queue, scheduler proceeding..
2026-09-17T03:40:25.481300Z  INFO detcore::scheduler: [sched-step5] >>>>>>>

 COMMIT turn 0, dettid 3 using resources {ParentContinue { parent: DetPid(3), child: DetPid(3) }: W}, on previously committed 1_767_225_600.000_000_000s DETLOG_RECORD={"schema":1,"event":{"kind":"scheduler_commit","scheduler_turn":0,"virtual_nanoseconds":1767225600000000000,"internal_io_poll":false,"runtime_maps_read":false}}
2026-09-17T03:40:25.481446Z  INFO detcore::scheduler: [sched-step5] >>>>>>>

 COMMIT turn 1, dettid 3 using resources {MemAddrSpace(DetPid(3)): RW}, on previously committed 1_767_225_600.000_500_000s DETLOG_RECORD={"schema":1,"event":{"kind":"scheduler_commit","scheduler_turn":1,"virtual_nanoseconds":1767225600000500000,"internal_io_poll":false,"runtime_maps_read":false}}
2026-09-17T03:40:25.481471Z  INFO detcore::tool_global: [detcore, dtid 3] New thread given go-ahead to proceed via <ivar Go(None)>
2026-09-17T03:40:25.481900Z  INFO detcore: DETLOG [post_exec, dtid 3] init auxv AT_RANDOM value to [162, 205, 24, 211, 0, 83, 122, 92, 176, 131, 220, 72, 219, 250, 14, 242] DETLOG_RECORD={"schema":1,"event":{"kind":"other"}}
2026-09-17T03:40:25.482153Z  INFO detcore: DETLOG [syscall][detcore, dtid 3] inbound syscall: brk(NULL) = ? DETLOG_RECORD={"schema":1,"event":{"kind":"syscall"}}
2026-09-17T03:40:25.482223Z  INFO detcore: DETLOG [syscall][detcore, dtid 3] finish syscall #2: brk(NULL) = Ok(4227072) DETLOG_RECORD={"schema":1,"event":{"kind":"syscall_result","finished_syscall_number":2}}
2026-09-17T03:40:25.482395Z  INFO detcore: DETLOG [syscall][detcore, dtid 3] inbound syscall: arch_prctl(12289, 0x3fffebd0) = ? DETLOG_RECORD={"schema":1,"event":{"kind":"syscall"}}
2026-09-17T03:40:25.482425Z  INFO detcore: DETLOG [syscall][detcore, dtid 3] finish syscall #3: arch_prctl(12289, 0x3fffebd0) = Err(Errno(EINVAL)) DETLOG_RECORD={"schema":1,"event":{"kind":"syscall_result","finished_syscall_number":3}}
2026-09-17T03:40:25.482546Z  INFO detcore: DETLOG [syscall][detcore, dtid 3] inbound syscall: mmap(NULL, 8192, ProtFlags(PROT_READ | PROT_WRITE), MapFlags(MAP_PRIVATE | MAP_ANON), -1, 0) = ? DETLOG_RECORD={"schema":1,"event":{"kind":"syscall"}}
2026-09-17T03:40:25.482620Z  INFO detcore: DETLOG [syscall][detcore, dtid 3] finish syscall #4: mmap(NULL, 8192, ProtFlags(PROT_READ | PROT_WRITE), MapFlags(MAP_PRIVATE | MAP_ANON), -1, 0) = Ok(18067456) DETLOG_RECORD={"schema":1,"event":{"kind":"syscall_result","finished_syscall_number":4}}
2026-09-17T03:40:25.482721Z  INFO detcore: DETLOG [syscall][detcore, dtid 3] inbound syscall: access(0x102ee50 -> "/etc/ld.so.preload", Mode(S_IROTH)) = ? DETLOG_RECORD={"schema":1,"event":{"kind":"syscall"}}
2026-09-17T03:40:25.482800Z  INFO detcore: DETLOG [syscall][detcore, dtid 3] finish syscall #5: access(0x102ee50 -> "/etc/ld.so.preload", Mode(S_IROTH)) = Err(Errno(ENOENT)) DETLOG_RECORD={"schema":1,"event":{"kind":"syscall_result","finished_syscall_number":5}}
2026-09-17T03:40:25.482910Z  INFO detcore: DETLOG [syscall][detcore, dtid 3] inbound syscall: openat(-100, 0x102d266 -> "/etc/ld.so.cache", OFlag(O_CLOEXEC)) = ? DETLOG_RECORD={"schema":1,"event":{"kind":"syscall"}}
2026-09-17T03:40:25.483016Z  INFO detcore::scheduler: [sched-step5] >>>>>>>

 COMMIT turn 2, dettid 3 using resources {Path("/etc/ld.so.cache"): R}, on previously committed 1_767_225_600.001_331_990s DETLOG_RECORD={"schema":1,"event":{"kind":"scheduler_commit","scheduler_turn":2,"virtual_nanoseconds":1767225600001331990,"internal_io_poll":false,"runtime_maps_read":false}}
2026-09-17T03:40:25.483173Z  INFO detcore::syscalls::files: Injecting additional fstat to retrieve file metadata on fd 3.
2026-09-17T03:40:25.483309Z  INFO detcore: DETLOG [syscall][detcore, dtid 3] finish syscall #6: openat(-100, 0x102d266 -> "/etc/ld.so.cache", OFlag(O_CLOEXEC)) = Ok(3) DETLOG_RECORD={"schema":1,"event":{"kind":"syscall_result","finished_syscall_number":6}}
2026-09-17T03:40:25.483454Z  INFO detcore: DETLOG [syscall][detcore, dtid 3] inbound syscall: fstat(3, 0x3fffde00) = ? DETLOG_RECORD={"schema":1,"event":{"kind":"syscall"}}
2026-09-17T03:40:25.483543Z  INFO detcore: DETLOG [syscall][detcore, dtid 3] finish syscall #7: fstat(3, 0x3fffde00) = Ok(0) DETLOG_RECORD={"schema":1,"event":{"kind":"syscall_result","finished_syscall_number":7}}
2026-09-17T03:40:25.483640Z  INFO detcore: DETLOG [syscall][detcore, dtid 3] inbound syscall: mmap(NULL, 28431, ProtFlags(PROT_READ), MapFlags(MAP_PRIVATE), 3, 0) = ? DETLOG_RECORD={"schema":1,"event":{"kind":"syscall"}}
2026-09-17T03:40:25.483706Z  INFO detcore: DETLOG [syscall][detcore, dtid 3] finish syscall #8: mmap(NULL, 28431, ProtFlags(PROT_READ), MapFlags(MAP_PRIVATE), 3, 0) = Ok(18075648) DETLOG_RECORD={"schema":1,"event":{"kind":"syscall_result","finished_syscall_number":8}}
2026-09-17T03:40:25.483811Z  INFO detcore: DETLOG [syscall][detcore, dtid 3] inbound syscall: close(3) = ? DETLOG_RECORD={"schema":1,"event":{"kind":"syscall"}}
2026-09-17T03:40:25.483881Z  INFO detcore: DETLOG [syscall][detcore, dtid 3] finish syscall #9: close(3) = Ok(0) DETLOG_RECORD={"schema":1,"event":{"kind":"syscall_result","finished_syscall_number":9}}
2026-09-17T03:40:25.483987Z  INFO detcore: DETLOG [syscall][detcore, dtid 3] inbound syscall: openat(-100, 0x113b700 -> "/lib64/libc.so.6", OFlag(O_CLOEXEC)) = ? DETLOG_RECORD={"schema":1,"event":{"kind":"syscall"}}
2026-09-17T03:40:25.484061Z  INFO detcore::scheduler: [sched-step5] >>>>>>>

 COMMIT turn 3, dettid 3 using resources {Path("/lib64/libc.so.6"): R}, on previously committed 1_767_225_600.001_897_740s DETLOG_RECORD={"schema":1,"event":{"kind":"scheduler_commit","scheduler_turn":3,"virtual_nanoseconds":1767225600001897740,"internal_io_poll":false,"runtime_maps_read":false}}
2026-09-17T03:40:25.484181Z  INFO detcore::syscalls::files: Injecting additional fstat to retrieve file metadata on fd 3.
2026-09-17T03:40:25.484244Z  INFO detcore: DETLOG [syscall][detcore, dtid 3] finish syscall #10: openat(-100, 0x113b700 -> "/lib64/libc.so.6", OFlag(O_CLOEXEC)) = Ok(3) DETLOG_RECORD={"schema":1,"event":{"kind":"syscall_result","finished_syscall_number":10}}
2026-09-17T03:40:25.484376Z  INFO detcore: DETLOG [syscall][detcore, dtid 3] inbound syscall: read(3, 0x3fffdf68, 832) = ? DETLOG_RECORD={"schema":1,"event":{"kind":"syscall"}}
2026-09-17T03:40:25.484456Z  INFO detcore: DETLOG [syscall][detcore, dtid 3] finish syscall #11: read(3, 0x3fffdf68, 832) = Ok(832) DETLOG_RECORD={"schema":1,"event":{"kind":"syscall_result","finished_syscall_number":11}}
2026-09-17T03:40:25.484535Z  INFO detcore::io_buffers: DETLOG [iobuf][dtid 3] read in fd=3 0x3fffdf68+832->15b999148078ec22238b9ce37d8808a160987f174241919b4824ee233d39b86a chunks=256:06908208,3c92d656,80a5bdd1,fc54247f DETLOG_RECORD={"schema":1,"event":{"kind":"other"}}
2026-09-17T03:40:25.484642Z  INFO detcore: DETLOG [syscall][detcore, dtid 3] inbound syscall: pread64(3, 0x3fffdb60, 784, 64) = ? DETLOG_RECORD={"schema":1,"event":{"kind":"syscall"}}
2026-09-17T03:40:25.484692Z  INFO detcore: DETLOG [syscall][detcore, dtid 3] finish syscall #12: pread64(3, 0x3fffdb60, 784, 64) = Ok(784) DETLOG_RECORD={"schema":1,"event":{"kind":"syscall_result","finished_syscall_number":12}}
2026-09-17T03:40:25.484734Z  INFO detcore::io_buffers: DETLOG [iobuf][dtid 3] pread64 in fd=3 0x3fffdb60+784->608c8f7f2cfaab9177f8398cb045fef4a5de6339376a1b2c6d7bc29efc4e59c6 chunks=256:636b2852,02e1b2bb,c2218f42,70ffaf0c DETLOG_RECORD={"schema":1,"event":{"kind":"other"}}
2026-09-17T03:40:25.484840Z  INFO detcore: DETLOG [syscall][detcore, dtid 3] inbound syscall: pread64(3, 0x3fffdb20, 48, 848) = ? DETLOG_RECORD={"schema":1,"event":{"kind":"syscall"}}
2026-09-17T03:40:25.484872Z  INFO detcore: DETLOG [syscall][detcore, dtid 3] finish syscall #13: pread64(3, 0x3fffdb20, 48, 848) = Ok(48) DETLOG_RECORD={"schema":1,"event":{"kind":"syscall_result","finished_syscall_number":13}}
2026-09-17T03:40:25.484887Z  INFO detcore::io_buffers: DETLOG [iobuf][dtid 3] pread64 in fd=3 0x3fffdb20+48->e970ca17855176340f0bbda4f846524010a9a8c3b6f12236e07387331b6ae7b8 DETLOG_RECORD={"schema":1,"event":{"kind":"other"}}
2026-09-17T03:40:25.484979Z  INFO detcore: DETLOG [syscall][detcore, dtid 3] inbound syscall: pread64(3, 0x3fffdad0, 68, 896) = ? DETLOG_RECORD={"schema":1,"event":{"kind":"syscall"}}
2026-09-17T03:40:25.485004Z  INFO detcore: DETLOG [syscall][detcore, dtid 3] finish syscall #14: pread64(3, 0x3fffdad0, 68, 896) = Ok(68) DETLOG_RECORD={"schema":1,"event":{"kind":"syscall_result","finished_syscall_number":14}}
2026-09-17T03:40:25.485021Z  INFO detcore::io_buffers: DETLOG [iobuf][dtid 3] pread64 in fd=3 0x3fffdad0+68->b9a55448fb8c25fd5a2bec3974908b47a2efdd37b07a2660e1e3213b315263c9 DETLOG_RECORD={"schema":1,"event":{"kind":"other"}}
2026-09-17T03:40:25.485112Z  INFO detcore: DETLOG [syscall][detcore, dtid 3] inbound syscall: fstat(3, 0x3fffde00) = ? DETLOG_RECORD={"schema":1,"event":{"kind":"syscall"}}
2026-09-17T03:40:25.485159Z  INFO detcore: DETLOG [syscall][detcore, dtid 3] finish syscall #15: fstat(3, 0x3fffde00) = Ok(0) DETLOG_RECORD={"schema":1,"event":{"kind":"syscall_result","finished_syscall_number":15}}
2026-09-17T03:40:25.485251Z  INFO detcore: DETLOG [syscall][detcore, dtid 3] inbound syscall: pread64(3, 0x3fffda50, 784, 64) = ? DETLOG_RECORD={"schema":1,"event":{"kind":"syscall"}}
2026-09-17T03:40:25.485278Z  INFO detcore: DETLOG [syscall][detcore, dtid 3] finish syscall #16: pread64(3, 0x3fffda50, 784, 64) = Ok(784) DETLOG_RECORD={"schema":1,"event":{"kind":"syscall_result","finished_syscall_number":16}}
2026-09-17T03:40:25.485318Z  INFO detcore::io_buffers: DETLOG [iobuf][dtid 3] pread64 in fd=3 0x3fffda50+784->608c8f7f2cfaab9177f8398cb045fef4a5de6339376a1b2c6d7bc29efc4e59c6 chunks=256:636b2852,02e1b2bb,c2218f42,70ffaf0c DETLOG_RECORD={"schema":1,"event":{"kind":"other"}}
2026-09-17T03:40:25.485410Z  INFO detcore: DETLOG [syscall][detcore, dtid 3] inbound syscall: mmap(NULL, 2138064, ProtFlags(PROT_READ), MapFlags(MAP_PRIVATE | MAP_DENYWRITE), 3, 0) = ? DETLOG_RECORD={"schema":1,"event":{"kind":"syscall"}}
2026-09-17T03:40:25.486887Z  INFO detcore: DETLOG [syscall][detcore, dtid 3] finish syscall #17: mmap(NULL, 2138064, ProtFlags(PROT_READ), MapFlags(MAP_PRIVATE | MAP_DENYWRITE), 3, 0) = Ok(18104320) DETLOG_RECORD={"schema":1,"event":{"kind":"syscall_result","finished_syscall_number":17}}
2026-09-17T03:40:25.486997Z  INFO detcore: DETLOG [syscall][detcore, dtid 3] inbound syscall: mmap(0x116d000, 1527808, ProtFlags(PROT_READ | PROT_EXEC), MapFlags(MAP_PRIVATE | MAP_FIXED | MAP_DENYWRITE), 3, 167936) = ? DETLOG_RECORD={"schema":1,"event":{"kind":"syscall"}}
2026-09-17T03:40:25.487530Z  INFO detcore: DETLOG [syscall][detcore, dtid 3] finish syscall #18: mmap(0x116d000, 1527808, ProtFlags(PROT_READ | PROT_EXEC), MapFlags(MAP_PRIVATE | MAP_FIXED | MAP_DENYWRITE), 3, 167936) = Ok(18272256) DETLOG_RECORD={"schema":1,"event":{"kind":"syscall_result","finished_syscall_number":18}}
2026-09-17T03:40:25.487629Z  INFO detcore: DETLOG [syscall][detcore, dtid 3] inbound syscall: mmap(0x12e2000, 364544, ProtFlags(PROT_READ), MapFlags(MAP_PRIVATE | MAP_FIXED | MAP_DENYWRITE), 3, 1695744) = ? DETLOG_RECORD={"schema":1,"event":{"kind":"syscall"}}
2026-09-17T03:40:25.487729Z  INFO detcore: DETLOG [syscall][detcore, dtid 3] finish syscall #19: mmap(0x12e2000, 364544, ProtFlags(PROT_READ), MapFlags(MAP_PRIVATE | MAP_FIXED | MAP_DENYWRITE), 3, 1695744) = Ok(19800064) DETLOG_RECORD={"schema":1,"event":{"kind":"syscall_result","finished_syscall_number":19}}
2026-09-17T03:40:25.487832Z  INFO detcore: DETLOG [syscall][detcore, dtid 3] inbound syscall: mmap(0x133b000, 24576, ProtFlags(PROT_READ | PROT_WRITE), MapFlags(MAP_PRIVATE | MAP_FIXED | MAP_DENYWRITE), 3, 2056192) = ? DETLOG_RECORD={"schema":1,"event":{"kind":"syscall"}}
2026-09-17T03:40:25.487866Z  INFO detcore: DETLOG [syscall][detcore, dtid 3] finish syscall #20: mmap(0x133b000, 24576, ProtFlags(PROT_READ | PROT_WRITE), MapFlags(MAP_PRIVATE | MAP_FIXED | MAP_DENYWRITE), 3, 2056192) = Ok(20164608) DETLOG_RECORD={"schema":1,"event":{"kind":"syscall_result","finished_syscall_number":20}}
2026-09-17T03:40:25.487966Z  INFO detcore: DETLOG [syscall][detcore, dtid 3] inbound syscall: mmap(0x1341000, 53200, ProtFlags(PROT_READ | PROT_WRITE), MapFlags(MAP_PRIVATE | MAP_FIXED | MAP_ANON), -1, 0) = ? DETLOG_RECORD={"schema":1,"event":{"kind":"syscall"}}
2026-09-17T03:40:25.487992Z  INFO detcore: DETLOG [syscall][detcore, dtid 3] finish syscall #21: mmap(0x1341000, 53200, ProtFlags(PROT_READ | PROT_WRITE), MapFlags(MAP_PRIVATE | MAP_FIXED | MAP_ANON), -1, 0) = Ok(20189184) DETLOG_RECORD={"schema":1,"event":{"kind":"syscall_result","finished_syscall_number":21}}
2026-09-17T03:40:25.488085Z  INFO detcore: DETLOG [syscall][detcore, dtid 3] inbound syscall: close(3) = ? DETLOG_RECORD={"schema":1,"event":{"kind":"syscall"}}
2026-09-17T03:40:25.488137Z  INFO detcore: DETLOG [syscall][detcore, dtid 3] finish syscall #22: close(3) = Ok(0) DETLOG_RECORD={"schema":1,"event":{"kind":"syscall_result","finished_syscall_number":22}}
2026-09-17T03:40:25.488233Z  INFO detcore: DETLOG [syscall][detcore, dtid 3] inbound syscall: mmap(NULL, 12288, ProtFlags(PROT_READ | PROT_WRITE), MapFlags(MAP_PRIVATE | MAP_ANON), -1, 0) = ? DETLOG_RECORD={"schema":1,"event":{"kind":"syscall"}}
2026-09-17T03:40:25.488296Z  INFO detcore: DETLOG [syscall][detcore, dtid 3] finish syscall #23: mmap(NULL, 12288, ProtFlags(PROT_READ | PROT_WRITE), MapFlags(MAP_PRIVATE | MAP_ANON), -1, 0) = Ok(20242432) DETLOG_RECORD={"schema":1,"event":{"kind":"syscall_result","finished_syscall_number":23}}
2026-09-17T03:40:25.488400Z  INFO detcore: DETLOG [syscall][detcore, dtid 3] inbound syscall: arch_prctl(ARCH_SET_FS, 20244288) = ? DETLOG_RECORD={"schema":1,"event":{"kind":"syscall"}}
2026-09-17T03:40:25.488422Z  INFO detcore: DETLOG [syscall][detcore, dtid 3] finish syscall #24: arch_prctl(ARCH_SET_FS, 20244288) = Ok(0) DETLOG_RECORD={"schema":1,"event":{"kind":"syscall_result","finished_syscall_number":24}}
2026-09-17T03:40:25.488519Z  INFO detcore: DETLOG [syscall][detcore, dtid 3] inbound syscall: set_tid_address(0x134ea10) = ? DETLOG_RECORD={"schema":1,"event":{"kind":"syscall"}}
2026-09-17T03:40:25.488556Z  INFO detcore: DETLOG [syscall][detcore, dtid 3] finish syscall #25: set_tid_address(0x134ea10) = Ok(3) DETLOG_RECORD={"schema":1,"event":{"kind":"syscall_result","finished_syscall_number":25}}
2026-09-17T03:40:25.488653Z  INFO detcore: DETLOG [syscall][detcore, dtid 3] inbound syscall: set_robust_list(0x134ea20, 24) = ? DETLOG_RECORD={"schema":1,"event":{"kind":"syscall"}}
2026-09-17T03:40:25.488685Z  INFO detcore: DETLOG [syscall][detcore, dtid 3] finish syscall #26: set_robust_list(0x134ea20, 24) = Ok(0) DETLOG_RECORD={"schema":1,"event":{"kind":"syscall_result","finished_syscall_number":26}}
2026-09-17T03:40:25.488791Z  INFO detcore: DETLOG [syscall][detcore, dtid 3] inbound syscall: rseq(20246752, 32, 0, 1392848979, 0, 0) = ? DETLOG_RECORD={"schema":1,"event":{"kind":"syscall"}}
2026-09-17T03:40:25.488805Z  INFO detcore: DETLOG [syscall][detcore, dtid 3] finish syscall #27: rseq(20246752, 32, 0, 1392848979, 0, 0) = Err(Errno(ENOSYS)) DETLOG_RECORD={"schema":1,"event":{"kind":"syscall_result","finished_syscall_number":27}}
2026-09-17T03:40:25.488916Z  INFO detcore: DETLOG [syscall][detcore, dtid 3] inbound syscall: mprotect(0x133b000, 16384, ProtFlags(PROT_READ)) = ? DETLOG_RECORD={"schema":1,"event":{"kind":"syscall"}}
2026-09-17T03:40:25.488941Z  INFO detcore: DETLOG [syscall][detcore, dtid 3] finish syscall #28: mprotect(0x133b000, 16384, ProtFlags(PROT_READ)) = Ok(0) DETLOG_RECORD={"schema":1,"event":{"kind":"syscall_result","finished_syscall_number":28}}
2026-09-17T03:40:25.489030Z  INFO detcore: DETLOG [syscall][detcore, dtid 3] inbound syscall: mprotect(0x406000, 4096, ProtFlags(PROT_READ)) = ? DETLOG_RECORD={"schema":1,"event":{"kind":"syscall"}}
2026-09-17T03:40:25.489048Z  INFO detcore: DETLOG [syscall][detcore, dtid 3] finish syscall #29: mprotect(0x406000, 4096, ProtFlags(PROT_READ)) = Ok(0) DETLOG_RECORD={"schema":1,"event":{"kind":"syscall_result","finished_syscall_number":29}}
2026-09-17T03:40:25.489137Z  INFO detcore: DETLOG [syscall][detcore, dtid 3] inbound syscall: mprotect(0x1037000, 8192, ProtFlags(PROT_READ)) = ? DETLOG_RECORD={"schema":1,"event":{"kind":"syscall"}}
2026-09-17T03:40:25.489154Z  INFO detcore: DETLOG [syscall][detcore, dtid 3] finish syscall #30: mprotect(0x1037000, 8192, ProtFlags(PROT_READ)) = Ok(0) DETLOG_RECORD={"schema":1,"event":{"kind":"syscall_result","finished_syscall_number":30}}
2026-09-17T03:40:25.489261Z  INFO detcore: DETLOG [syscall][detcore, dtid 3] inbound syscall: prlimit64(0, 3, NULL, 0x3fffe940) = ? DETLOG_RECORD={"schema":1,"event":{"kind":"syscall"}}
2026-09-17T03:40:25.489297Z  INFO detcore::syscalls::sysinfo: DETLOG prlimit64: pid=0, resource=3, mutation=false, old=8388608:18446744073709551615 DETLOG_RECORD={"schema":1,"event":{"kind":"other"}}
2026-09-17T03:40:25.489308Z  INFO detcore: DETLOG [syscall][detcore, dtid 3] finish syscall #31: prlimit64(0, 3, NULL, 0x3fffe940) = Ok(0) DETLOG_RECORD={"schema":1,"event":{"kind":"syscall_result","finished_syscall_number":31}}
2026-09-17T03:40:25.489399Z  INFO detcore: DETLOG [syscall][detcore, dtid 3] inbound syscall: munmap(0x113d000, 28431) = ? DETLOG_RECORD={"schema":1,"event":{"kind":"syscall"}}
2026-09-17T03:40:25.489432Z  INFO detcore: DETLOG [syscall][detcore, dtid 3] finish syscall #32: munmap(0x113d000, 28431) = Ok(0) DETLOG_RECORD={"schema":1,"event":{"kind":"syscall_result","finished_syscall_number":32}}
2026-09-17T03:40:25.489528Z  INFO detcore: DETLOG [syscall][detcore, dtid 3] inbound syscall: fstat(0, 0x3fffe860) = ? DETLOG_RECORD={"schema":1,"event":{"kind":"syscall"}}
2026-09-17T03:40:25.489573Z  INFO detcore: DETLOG [syscall][detcore, dtid 3] finish syscall #33: fstat(0, 0x3fffe860) = Ok(0) DETLOG_RECORD={"schema":1,"event":{"kind":"syscall_result","finished_syscall_number":33}}
2026-09-17T03:40:25.489669Z  INFO detcore: DETLOG [syscall][detcore, dtid 3] inbound syscall: fcntl(0, F_DUPFD_CLOEXEC, 10) = ? DETLOG_RECORD={"schema":1,"event":{"kind":"syscall"}}
2026-09-17T03:40:25.489718Z  INFO detcore: DETLOG [syscall][detcore, dtid 3] finish syscall #34: fcntl(0, F_DUPFD_CLOEXEC, 10) = Ok(10) DETLOG_RECORD={"schema":1,"event":{"kind":"syscall_result","finished_syscall_number":34}}
2026-09-17T03:40:25.489812Z  INFO detcore: DETLOG [syscall][detcore, dtid 3] inbound syscall: fstat(1, 0x3fffe860) = ? DETLOG_RECORD={"schema":1,"event":{"kind":"syscall"}}
2026-09-17T03:40:25.489847Z  INFO detcore: DETLOG [syscall][detcore, dtid 3] finish syscall #35: fstat(1, 0x3fffe860) = Ok(0) DETLOG_RECORD={"schema":1,"event":{"kind":"syscall_result","finished_syscall_number":35}}
2026-09-17T03:40:25.489937Z  INFO detcore: DETLOG [syscall][detcore, dtid 3] inbound syscall: fcntl(1, F_DUPFD_CLOEXEC, 10) = ? DETLOG_RECORD={"schema":1,"event":{"kind":"syscall"}}
2026-09-17T03:40:25.489972Z  INFO detcore: DETLOG [syscall][detcore, dtid 3] finish syscall #36: fcntl(1, F_DUPFD_CLOEXEC, 10) = Ok(11) DETLOG_RECORD={"schema":1,"event":{"kind":"syscall_result","finished_syscall_number":36}}
2026-09-17T03:40:25.490059Z  INFO detcore: DETLOG [syscall][detcore, dtid 3] inbound syscall: fstat(2, 0x3fffe860) = ? DETLOG_RECORD={"schema":1,"event":{"kind":"syscall"}}
2026-09-17T03:40:25.490091Z  INFO detcore: DETLOG [syscall][detcore, dtid 3] finish syscall #37: fstat(2, 0x3fffe860) = Ok(0) DETLOG_RECORD={"schema":1,"event":{"kind":"syscall_result","finished_syscall_number":37}}
2026-09-17T03:40:25.490180Z  INFO detcore: DETLOG [syscall][detcore, dtid 3] inbound syscall: fcntl(2, F_DUPFD_CLOEXEC, 10) = ? DETLOG_RECORD={"schema":1,"event":{"kind":"syscall"}}
2026-09-17T03:40:25.490213Z  INFO detcore: DETLOG [syscall][detcore, dtid 3] finish syscall #38: fcntl(2, F_DUPFD_CLOEXEC, 10) = Ok(12) DETLOG_RECORD={"schema":1,"event":{"kind":"syscall_result","finished_syscall_number":38}}
2026-09-17T03:40:25.490314Z  INFO detcore: DETLOG [syscall][detcore, dtid 3] inbound syscall: newfstatat(11, 0x404bef -> "", 0x3fffe7d0, AtFlags(0x0)) = ? DETLOG_RECORD={"schema":1,"event":{"kind":"syscall"}}
2026-09-17T03:40:25.490346Z  INFO detcore: DETLOG [syscall][detcore, dtid 3] finish syscall #39: newfstatat(11, 0x404bef -> "", 0x3fffe7d0 -> {st_mode=SFlag(S_IFCHR | S_IFDIR | S_IFREG) | 04440, st_size=0, ...}, AtFlags(0x0)) = Err(Errno(ENOENT)) DETLOG_RECORD={"schema":1,"event":{"kind":"syscall_result","finished_syscall_number":39}}
2026-09-17T03:40:25.490458Z  INFO detcore: DETLOG [syscall][detcore, dtid 3] inbound syscall: statx(11, 0x404bef -> "", AtFlags(0x0), 2047, 0x3fffe8f0) = ? DETLOG_RECORD={"schema":1,"event":{"kind":"syscall"}}
2026-09-17T03:40:25.490491Z  INFO detcore: DETLOG [syscall][detcore, dtid 3] finish syscall #40: statx(11, 0x404bef -> "", AtFlags(0x0), 2047, 0x3fffe8f0 -> {st_mode=SFlag(0x0) | 00, st_size=0, ...}) = Err(Errno(ENOENT)) DETLOG_RECORD={"schema":1,"event":{"kind":"syscall_result","finished_syscall_number":40}}
2026-09-17T03:40:25.490595Z  INFO detcore: DETLOG [syscall][detcore, dtid 3] inbound syscall: newfstatat(-1, 0x404bef -> "", 0x3fffe7d0, AtFlags(AT_EMPTY_PATH)) = ? DETLOG_RECORD={"schema":1,"event":{"kind":"syscall"}}
2026-09-17T03:40:25.490623Z  INFO detcore: DETLOG [syscall][detcore, dtid 3] finish syscall #41: newfstatat(-1, 0x404bef -> "", 0x3fffe7d0 -> {st_mode=SFlag(S_IFCHR | S_IFDIR | S_IFREG) | 04440, st_size=0, ...}, AtFlags(AT_EMPTY_PATH)) = Err(Errno(EBADF)) DETLOG_RECORD={"schema":1,"event":{"kind":"syscall_result","finished_syscall_number":41}}
2026-09-17T03:40:25.490730Z  INFO detcore: DETLOG [syscall][detcore, dtid 3] inbound syscall: statx(-1, 0x404bef -> "", AtFlags(AT_EMPTY_PATH), 2047, 0x3fffe8f0) = ? DETLOG_RECORD={"schema":1,"event":{"kind":"syscall"}}
2026-09-17T03:40:25.490753Z  INFO detcore: DETLOG [syscall][detcore, dtid 3] finish syscall #42: statx(-1, 0x404bef -> "", AtFlags(AT_EMPTY_PATH), 2047, 0x3fffe8f0 -> {st_mode=SFlag(0x0) | 00, st_size=0, ...}) = Err(Errno(EBADF)) DETLOG_RECORD={"schema":1,"event":{"kind":"syscall_result","finished_syscall_number":42}}
2026-09-17T03:40:25.490860Z  INFO detcore: DETLOG [syscall][detcore, dtid 3] inbound syscall: newfstatat(-100, 0x404d8d -> ".", 0x3fffe7d0, AtFlags(AT_EMPTY_PATH | 0x40000000)) = ? DETLOG_RECORD={"schema":1,"event":{"kind":"syscall"}}
2026-09-17T03:40:25.490887Z  INFO detcore: DETLOG [syscall][detcore, dtid 3] finish syscall #43: newfstatat(-100, 0x404d8d -> ".", 0x3fffe7d0 -> {st_mode=SFlag(S_IFCHR | S_IFDIR | S_IFREG) | 04440, st_size=0, ...}, AtFlags(AT_EMPTY_PATH | 0x40000000)) = Err(Errno(EINVAL)) DETLOG_RECORD={"schema":1,"event":{"kind":"syscall_result","finished_syscall_number":43}}
2026-09-17T03:40:25.490994Z  INFO detcore: DETLOG [syscall][detcore, dtid 3] inbound syscall: statx(-100, 0x404d8d -> ".", AtFlags(AT_EMPTY_PATH | 0x40000000), 2047, 0x3fffe8f0) = ? DETLOG_RECORD={"schema":1,"event":{"kind":"syscall"}}
2026-09-17T03:40:25.491016Z  INFO detcore: DETLOG [syscall][detcore, dtid 3] finish syscall #44: statx(-100, 0x404d8d -> ".", AtFlags(AT_EMPTY_PATH | 0x40000000), 2047, 0x3fffe8f0 -> {st_mode=SFlag(0x0) | 00, st_size=0, ...}) = Err(Errno(EINVAL)) DETLOG_RECORD={"schema":1,"event":{"kind":"syscall_result","finished_syscall_number":44}}
2026-09-17T03:40:25.491116Z  INFO detcore: DETLOG [syscall][detcore, dtid 3] inbound syscall: newfstatat(11, 0x1 -> <-14 EFAULT (Bad address)>, 0x3fffe7d0, AtFlags(AT_EMPTY_PATH)) = ? DETLOG_RECORD={"schema":1,"event":{"kind":"syscall"}}
2026-09-17T03:40:25.491139Z  INFO detcore: DETLOG [syscall][detcore, dtid 3] finish syscall #45: newfstatat(11, 0x1 -> <-14 EFAULT (Bad address)>, 0x3fffe7d0 -> {st_mode=SFlag(S_IFCHR | S_IFDIR | S_IFREG) | 04440, st_size=0, ...}, AtFlags(AT_EMPTY_PATH)) = Err(Errno(EFAULT)) DETLOG_RECORD={"schema":1,"event":{"kind":"syscall_result","finished_syscall_number":45}}
2026-09-17T03:40:25.491242Z  INFO detcore: DETLOG [syscall][detcore, dtid 3] inbound syscall: statx(11, 0x1 -> <-14 EFAULT (Bad address)>, AtFlags(AT_EMPTY_PATH), 2047, 0x3fffe8f0) = ? DETLOG_RECORD={"schema":1,"event":{"kind":"syscall"}}
2026-09-17T03:40:25.491260Z  INFO detcore: DETLOG [syscall][detcore, dtid 3] finish syscall #46: statx(11, 0x1 -> <-14 EFAULT (Bad address)>, AtFlags(AT_EMPTY_PATH), 2047, 0x3fffe8f0 -> {st_mode=SFlag(0x0) | 00, st_size=0, ...}) = Err(Errno(EFAULT)) DETLOG_RECORD={"schema":1,"event":{"kind":"syscall_result","finished_syscall_number":46}}
2026-09-17T03:40:25.491358Z  INFO detcore: DETLOG [syscall][detcore, dtid 3] inbound syscall: newfstatat(-100, 0x404d8d -> ".", 0x3fffe860, AtFlags(0x0)) = ? DETLOG_RECORD={"schema":1,"event":{"kind":"syscall"}}
2026-09-17T03:40:25.491420Z  INFO detcore: DETLOG [syscall][detcore, dtid 3] finish syscall #47: newfstatat(-100, 0x404d8d -> ".", 0x3fffe860 -> {st_mode=SFlag(S_IFDIR) | 01777, st_size=40, ...}, AtFlags(0x0)) = Ok(0) DETLOG_RECORD={"schema":1,"event":{"kind":"syscall_result","finished_syscall_number":47}}
2026-09-17T03:40:25.491531Z  INFO detcore: DETLOG [syscall][detcore, dtid 3] inbound syscall: newfstatat(-100, 0x404bef -> "", 0x3fffe560, AtFlags(AT_EMPTY_PATH)) = ? DETLOG_RECORD={"schema":1,"event":{"kind":"syscall"}}
2026-09-17T03:40:25.491572Z  INFO detcore: DETLOG [syscall][detcore, dtid 3] finish syscall #48: newfstatat(-100, 0x404bef -> "", 0x3fffe560 -> {st_mode=SFlag(S_IFDIR) | 01777, st_size=40, ...}, AtFlags(AT_EMPTY_PATH)) = Ok(0) DETLOG_RECORD={"schema":1,"event":{"kind":"syscall_result","finished_syscall_number":48}}
2026-09-17T03:40:25.491680Z  INFO detcore: DETLOG [syscall][detcore, dtid 3] inbound syscall: statx(-100, 0x404bef -> "", AtFlags(AT_EMPTY_PATH), 2047, 0x3fffe5f0) = ? DETLOG_RECORD={"schema":1,"event":{"kind":"syscall"}}
2026-09-17T03:40:25.491726Z  INFO detcore: DETLOG [syscall][detcore, dtid 3] finish syscall #49: statx(-100, 0x404bef -> "", AtFlags(AT_EMPTY_PATH), 2047, 0x3fffe5f0 -> {st_mode=SFlag(S_IFDIR) | 01777, st_size=40, ...}) = Ok(0) DETLOG_RECORD={"schema":1,"event":{"kind":"syscall_result","finished_syscall_number":49}}
2026-09-17T03:40:25.491842Z  INFO detcore: DETLOG [syscall][detcore, dtid 3] inbound syscall: newfstatat(-100, 0x404bef -> "", 0x3fffe560, AtFlags(AT_SYMLINK_NOFOLLOW | AT_EMPTY_PATH)) = ? DETLOG_RECORD={"schema":1,"event":{"kind":"syscall"}}
2026-09-17T03:40:25.491883Z  INFO detcore: DETLOG [syscall][detcore, dtid 3] finish syscall #50: newfstatat(-100, 0x404bef -> "", 0x3fffe560 -> {st_mode=SFlag(S_IFDIR) | 01777, st_size=40, ...}, AtFlags(AT_SYMLINK_NOFOLLOW | AT_EMPTY_PATH)) = Ok(0) DETLOG_RECORD={"schema":1,"event":{"kind":"syscall_result","finished_syscall_number":50}}
2026-09-17T03:40:25.491992Z  INFO detcore: DETLOG [syscall][detcore, dtid 3] inbound syscall: statx(-100, 0x404bef -> "", AtFlags(AT_SYMLINK_NOFOLLOW | AT_EMPTY_PATH), 2047, 0x3fffe5f0) = ? DETLOG_RECORD={"schema":1,"event":{"kind":"syscall"}}
2026-09-17T03:40:25.492029Z  INFO detcore: DETLOG [syscall][detcore, dtid 3] finish syscall #51: statx(-100, 0x404bef -> "", AtFlags(AT_SYMLINK_NOFOLLOW | AT_EMPTY_PATH), 2047, 0x3fffe5f0 -> {st_mode=SFlag(S_IFDIR) | 01777, st_size=40, ...}) = Ok(0) DETLOG_RECORD={"schema":1,"event":{"kind":"syscall_result","finished_syscall_number":51}}
2026-09-17T03:40:25.492134Z  INFO detcore: DETLOG [syscall][detcore, dtid 3] inbound syscall: newfstatat(-100, 0x3fffe560 -> "", 0x3fffe560, AtFlags(AT_EMPTY_PATH)) = ? DETLOG_RECORD={"schema":1,"event":{"kind":"syscall"}}
2026-09-17T03:40:25.492171Z  INFO detcore: DETLOG [syscall][detcore, dtid 3] finish syscall #52: newfstatat(-100, 0x3fffe560 -> "\u{5}", 0x3fffe560 -> {st_mode=SFlag(S_IFDIR) | 01777, st_size=40, ...}, AtFlags(AT_EMPTY_PATH)) = Ok(0) DETLOG_RECORD={"schema":1,"event":{"kind":"syscall_result","finished_syscall_number":52}}
2026-09-17T03:40:25.492289Z  INFO detcore: DETLOG [syscall][detcore, dtid 3] inbound syscall: statx(-100, 0x3fffe5f0 -> "", AtFlags(AT_EMPTY_PATH), 2047, 0x3fffe5f0) = ? DETLOG_RECORD={"schema":1,"event":{"kind":"syscall"}}
2026-09-17T03:40:25.492338Z  INFO detcore: DETLOG [syscall][detcore, dtid 3] finish syscall #53: statx(-100, 0x3fffe5f0 -> "\xFF\u{17}", AtFlags(AT_EMPTY_PATH), 2047, 0x3fffe5f0 -> {st_mode=SFlag(S_IFDIR) | 01777, st_size=40, ...}) = Ok(0) DETLOG_RECORD={"schema":1,"event":{"kind":"syscall_result","finished_syscall_number":53}}
2026-09-17T03:40:25.492463Z  INFO detcore: DETLOG [syscall][detcore, dtid 3] inbound syscall: clock_gettime(CLOCK_MONOTONIC, 0x3fffc470) = ? DETLOG_RECORD={"schema":1,"event":{"kind":"syscall"}}
2026-09-17T03:40:25.492508Z  INFO detcore: DETLOG [syscall][detcore, dtid 3] finish syscall #54: clock_gettime(CLOCK_MONOTONIC, 0x3fffc470 -> { tv_sec: 1767225600, tv_nsec: 2329560 }) = Ok(0) DETLOG_RECORD={"schema":1,"event":{"kind":"syscall_result","finished_syscall_number":54}}
2026-09-17T03:40:25.492613Z  INFO detcore: DETLOG [syscall][detcore, dtid 3] inbound syscall: openat(-100, 0x3fffc530 -> "stdio-inode-a-jzDf7y", OFlag(O_CREAT | O_EXCL | O_RDWR), Mode(S_IRUSR | S_IWUSR)) = ? DETLOG_RECORD={"schema":1,"event":{"kind":"syscall"}}
2026-09-17T03:40:25.492724Z  INFO detcore::scheduler: [sched-step5] >>>>>>>

 COMMIT turn 4, dettid 3 using resources {Path("stdio-inode-a-jzDf7y"): R}, on previously committed 1_767_225_600.002_854_710s DETLOG_RECORD={"schema":1,"event":{"kind":"scheduler_commit","scheduler_turn":4,"virtual_nanoseconds":1767225600002854710,"internal_io_poll":false,"runtime_maps_read":false}}
2026-09-17T03:40:25.492950Z  INFO detcore::syscalls::files: Injecting additional fstat to retrieve file metadata on fd 3.
2026-09-17T03:40:25.493031Z  INFO detcore: DETLOG [syscall][detcore, dtid 3] finish syscall #55: openat(-100, 0x3fffc530 -> "stdio-inode-a-jzDf7y", OFlag(O_CREAT | O_EXCL | O_RDWR), Mode(S_IRUSR | S_IWUSR)) = Ok(3) DETLOG_RECORD={"schema":1,"event":{"kind":"syscall_result","finished_syscall_number":55}}
2026-09-17T03:40:25.493198Z  INFO detcore: DETLOG [syscall][detcore, dtid 3] inbound syscall: clock_gettime(CLOCK_MONOTONIC, 0x3fffc470) = ? DETLOG_RECORD={"schema":1,"event":{"kind":"syscall"}}
2026-09-17T03:40:25.493226Z  INFO detcore: DETLOG [syscall][detcore, dtid 3] finish syscall #56: clock_gettime(CLOCK_MONOTONIC, 0x3fffc470 -> { tv_sec: 1767225600, tv_nsec: 2864900 }) = Ok(0) DETLOG_RECORD={"schema":1,"event":{"kind":"syscall_result","finished_syscall_number":56}}
2026-09-17T03:40:25.493331Z  INFO detcore: DETLOG [syscall][detcore, dtid 3] inbound syscall: openat(-100, 0x3fffc550 -> "stdio-inode-b-B6u0T8", OFlag(O_CREAT | O_EXCL | O_RDWR), Mode(S_IRUSR | S_IWUSR)) = ? DETLOG_RECORD={"schema":1,"event":{"kind":"syscall"}}
2026-09-17T03:40:25.493412Z  INFO detcore::scheduler: [sched-step5] >>>>>>>

 COMMIT turn 5, dettid 3 using resources {Path("stdio-inode-b-B6u0T8"): R}, on previously committed 1_767_225_600.003_390_050s DETLOG_RECORD={"schema":1,"event":{"kind":"scheduler_commit","scheduler_turn":5,"virtual_nanoseconds":1767225600003390050,"internal_io_poll":false,"runtime_maps_read":false}}
2026-09-17T03:40:25.493567Z  INFO detcore::syscalls::files: Injecting additional fstat to retrieve file metadata on fd 4.
2026-09-17T03:40:25.493633Z  INFO detcore: DETLOG [syscall][detcore, dtid 3] finish syscall #57: openat(-100, 0x3fffc550 -> "stdio-inode-b-B6u0T8", OFlag(O_CREAT | O_EXCL | O_RDWR), Mode(S_IRUSR | S_IWUSR)) = Ok(4) DETLOG_RECORD={"schema":1,"event":{"kind":"syscall_result","finished_syscall_number":57}}
2026-09-17T03:40:25.493784Z  INFO detcore: DETLOG [syscall][detcore, dtid 3] inbound syscall: fstat(3, 0x3fffc420) = ? DETLOG_RECORD={"schema":1,"event":{"kind":"syscall"}}
2026-09-17T03:40:25.493845Z  INFO detcore: DETLOG [syscall][detcore, dtid 3] finish syscall #58: fstat(3, 0x3fffc420) = Ok(0) DETLOG_RECORD={"schema":1,"event":{"kind":"syscall_result","finished_syscall_number":58}}
2026-09-17T03:40:25.493966Z  INFO detcore: DETLOG [syscall][detcore, dtid 3] inbound syscall: newfstatat(3, 0x404bef -> "", 0x3fffc130, AtFlags(AT_EMPTY_PATH)) = ? DETLOG_RECORD={"schema":1,"event":{"kind":"syscall"}}
2026-09-17T03:40:25.494023Z  INFO detcore: DETLOG [syscall][detcore, dtid 3] finish syscall #59: newfstatat(3, 0x404bef -> "", 0x3fffc130 -> {st_mode=SFlag(S_IFREG) | 0600, st_size=0, ...}, AtFlags(AT_EMPTY_PATH)) = Ok(0) DETLOG_RECORD={"schema":1,"event":{"kind":"syscall_result","finished_syscall_number":59}}
2026-09-17T03:40:25.494142Z  INFO detcore: DETLOG [syscall][detcore, dtid 3] inbound syscall: statx(3, 0x404bef -> "", AtFlags(AT_EMPTY_PATH), 2047, 0x3fffc1c0) = ? DETLOG_RECORD={"schema":1,"event":{"kind":"syscall"}}
2026-09-17T03:40:25.494195Z  INFO detcore: DETLOG [syscall][detcore, dtid 3] finish syscall #60: statx(3, 0x404bef -> "", AtFlags(AT_EMPTY_PATH), 2047, 0x3fffc1c0 -> {st_mode=SFlag(S_IFREG) | 0600, st_size=0, ...}) = Ok(0) DETLOG_RECORD={"schema":1,"event":{"kind":"syscall_result","finished_syscall_number":60}}
2026-09-17T03:40:25.494307Z  INFO detcore: DETLOG [syscall][detcore, dtid 3] inbound syscall: newfstatat(3, 0x404bef -> "", 0x3fffc130, AtFlags(AT_SYMLINK_NOFOLLOW | AT_EMPTY_PATH)) = ? DETLOG_RECORD={"schema":1,"event":{"kind":"syscall"}}
2026-09-17T03:40:25.494350Z  INFO detcore: DETLOG [syscall][detcore, dtid 3] finish syscall #61: newfstatat(3, 0x404bef -> "", 0x3fffc130 -> {st_mode=SFlag(S_IFREG) | 0600, st_size=0, ...}, AtFlags(AT_SYMLINK_NOFOLLOW | AT_EMPTY_PATH)) = Ok(0) DETLOG_RECORD={"schema":1,"event":{"kind":"syscall_result","finished_syscall_number":61}}
2026-09-17T03:40:25.494462Z  INFO detcore: DETLOG [syscall][detcore, dtid 3] inbound syscall: statx(3, 0x404bef -> "", AtFlags(AT_SYMLINK_NOFOLLOW | AT_EMPTY_PATH), 2047, 0x3fffc1c0) = ? DETLOG_RECORD={"schema":1,"event":{"kind":"syscall"}}
2026-09-17T03:40:25.494503Z  INFO detcore: DETLOG [syscall][detcore, dtid 3] finish syscall #62: statx(3, 0x404bef -> "", AtFlags(AT_SYMLINK_NOFOLLOW | AT_EMPTY_PATH), 2047, 0x3fffc1c0 -> {st_mode=SFlag(S_IFREG) | 0600, st_size=0, ...}) = Ok(0) DETLOG_RECORD={"schema":1,"event":{"kind":"syscall_result","finished_syscall_number":62}}
2026-09-17T03:40:25.494612Z  INFO detcore: DETLOG [syscall][detcore, dtid 3] inbound syscall: newfstatat(3, 0x3fffc130 -> "", 0x3fffc130, AtFlags(AT_EMPTY_PATH)) = ? DETLOG_RECORD={"schema":1,"event":{"kind":"syscall"}}
2026-09-17T03:40:25.494652Z  INFO detcore: DETLOG [syscall][detcore, dtid 3] finish syscall #63: newfstatat(3, 0x3fffc130 -> "\u{5}", 0x3fffc130 -> {st_mode=SFlag(S_IFREG) | 0600, st_size=0, ...}, AtFlags(AT_EMPTY_PATH)) = Ok(0) DETLOG_RECORD={"schema":1,"event":{"kind":"syscall_result","finished_syscall_number":63}}
2026-09-17T03:40:25.494764Z  INFO detcore: DETLOG [syscall][detcore, dtid 3] inbound syscall: statx(3, 0x3fffc1c0 -> "", AtFlags(AT_EMPTY_PATH), 2047, 0x3fffc1c0) = ? DETLOG_RECORD={"schema":1,"event":{"kind":"syscall"}}
2026-09-17T03:40:25.494816Z  INFO detcore: DETLOG [syscall][detcore, dtid 3] finish syscall #64: statx(3, 0x3fffc1c0 -> "\xFF\u{17}", AtFlags(AT_EMPTY_PATH), 2047, 0x3fffc1c0 -> {st_mode=SFlag(S_IFREG) | 0600, st_size=0, ...}) = Ok(0) DETLOG_RECORD={"schema":1,"event":{"kind":"syscall_result","finished_syscall_number":64}}
2026-09-17T03:40:25.494917Z  INFO detcore: DETLOG [syscall][detcore, dtid 3] inbound syscall: fstat(4, 0x3fffc420) = ? DETLOG_RECORD={"schema":1,"event":{"kind":"syscall"}}
2026-09-17T03:40:25.494954Z  INFO detcore: DETLOG [syscall][detcore, dtid 3] finish syscall #65: fstat(4, 0x3fffc420) = Ok(0) DETLOG_RECORD={"schema":1,"event":{"kind":"syscall_result","finished_syscall_number":65}}
2026-09-17T03:40:25.495054Z  INFO detcore: DETLOG [syscall][detcore, dtid 3] inbound syscall: newfstatat(4, 0x404bef -> "", 0x3fffc130, AtFlags(AT_EMPTY_PATH)) = ? DETLOG_RECORD={"schema":1,"event":{"kind":"syscall"}}
2026-09-17T03:40:25.495096Z  INFO detcore: DETLOG [syscall][detcore, dtid 3] finish syscall #66: newfstatat(4, 0x404bef -> "", 0x3fffc130 -> {st_mode=SFlag(S_IFREG) | 0600, st_size=0, ...}, AtFlags(AT_EMPTY_PATH)) = Ok(0) DETLOG_RECORD={"schema":1,"event":{"kind":"syscall_result","finished_syscall_number":66}}
2026-09-17T03:40:25.495206Z  INFO detcore: DETLOG [syscall][detcore, dtid 3] inbound syscall: statx(4, 0x404bef -> "", AtFlags(AT_EMPTY_PATH), 2047, 0x3fffc1c0) = ? DETLOG_RECORD={"schema":1,"event":{"kind":"syscall"}}
2026-09-17T03:40:25.495248Z  INFO detcore: DETLOG [syscall][detcore, dtid 3] finish syscall #67: statx(4, 0x404bef -> "", AtFlags(AT_EMPTY_PATH), 2047, 0x3fffc1c0 -> {st_mode=SFlag(S_IFREG) | 0600, st_size=0, ...}) = Ok(0) DETLOG_RECORD={"schema":1,"event":{"kind":"syscall_result","finished_syscall_number":67}}
2026-09-17T03:40:25.495356Z  INFO detcore: DETLOG [syscall][detcore, dtid 3] inbound syscall: newfstatat(4, 0x404bef -> "", 0x3fffc130, AtFlags(AT_SYMLINK_NOFOLLOW | AT_EMPTY_PATH)) = ? DETLOG_RECORD={"schema":1,"event":{"kind":"syscall"}}
2026-09-17T03:40:25.495396Z  INFO detcore: DETLOG [syscall][detcore, dtid 3] finish syscall #68: newfstatat(4, 0x404bef -> "", 0x3fffc130 -> {st_mode=SFlag(S_IFREG) | 0600, st_size=0, ...}, AtFlags(AT_SYMLINK_NOFOLLOW | AT_EMPTY_PATH)) = Ok(0) DETLOG_RECORD={"schema":1,"event":{"kind":"syscall_result","finished_syscall_number":68}}
2026-09-17T03:40:25.495506Z  INFO detcore: DETLOG [syscall][detcore, dtid 3] inbound syscall: statx(4, 0x404bef -> "", AtFlags(AT_SYMLINK_NOFOLLOW | AT_EMPTY_PATH), 2047, 0x3fffc1c0) = ? DETLOG_RECORD={"schema":1,"event":{"kind":"syscall"}}
2026-09-17T03:40:25.495546Z  INFO detcore: DETLOG [syscall][detcore, dtid 3] finish syscall #69: statx(4, 0x404bef -> "", AtFlags(AT_SYMLINK_NOFOLLOW | AT_EMPTY_PATH), 2047, 0x3fffc1c0 -> {st_mode=SFlag(S_IFREG) | 0600, st_size=0, ...}) = Ok(0) DETLOG_RECORD={"schema":1,"event":{"kind":"syscall_result","finished_syscall_number":69}}
2026-09-17T03:40:25.495654Z  INFO detcore: DETLOG [syscall][detcore, dtid 3] inbound syscall: newfstatat(4, 0x3fffc130 -> "", 0x3fffc130, AtFlags(AT_EMPTY_PATH)) = ? DETLOG_RECORD={"schema":1,"event":{"kind":"syscall"}}
2026-09-17T03:40:25.495694Z  INFO detcore: DETLOG [syscall][detcore, dtid 3] finish syscall #70: newfstatat(4, 0x3fffc130 -> "\u{5}", 0x3fffc130 -> {st_mode=SFlag(S_IFREG) | 0600, st_size=0, ...}, AtFlags(AT_EMPTY_PATH)) = Ok(0) DETLOG_RECORD={"schema":1,"event":{"kind":"syscall_result","finished_syscall_number":70}}
2026-09-17T03:40:25.495815Z  INFO detcore: DETLOG [syscall][detcore, dtid 3] inbound syscall: statx(4, 0x3fffc1c0 -> "", AtFlags(AT_EMPTY_PATH), 2047, 0x3fffc1c0) = ? DETLOG_RECORD={"schema":1,"event":{"kind":"syscall"}}
2026-09-17T03:40:25.495863Z  INFO detcore: DETLOG [syscall][detcore, dtid 3] finish syscall #71: statx(4, 0x3fffc1c0 -> "\xFF\u{17}", AtFlags(AT_EMPTY_PATH), 2047, 0x3fffc1c0 -> {st_mode=SFlag(S_IFREG) | 0600, st_size=0, ...}) = Ok(0) DETLOG_RECORD={"schema":1,"event":{"kind":"syscall_result","finished_syscall_number":71}}
2026-09-17T03:40:25.495968Z  INFO detcore: DETLOG [syscall][detcore, dtid 3] inbound syscall: getcwd(0x3fffcb80, 3072) = ? DETLOG_RECORD={"schema":1,"event":{"kind":"syscall"}}
2026-09-17T03:40:25.495996Z  INFO detcore: DETLOG [syscall][detcore, dtid 3] finish syscall #72: getcwd(0x3fffcb80, 3072) = Ok(6) DETLOG_RECORD={"schema":1,"event":{"kind":"syscall_result","finished_syscall_number":72}}
2026-09-17T03:40:25.496021Z  INFO detcore::io_buffers: DETLOG [iobuf][dtid 3] getcwd in fd=- 0x3fffcb80+6->e80dfc149b3aae3b182dc0245444bc099435e217e946df669f613567f8834bf6 DETLOG_RECORD={"schema":1,"event":{"kind":"other"}}
2026-09-17T03:40:25.496134Z  INFO detcore: DETLOG [syscall][detcore, dtid 3] inbound syscall: newfstatat(11, 0x3fffd780 -> "/test/stdio-inode-a-jzDf7y", 0x3fffc690, AtFlags(AT_EMPTY_PATH)) = ? DETLOG_RECORD={"schema":1,"event":{"kind":"syscall"}}
2026-09-17T03:40:25.496207Z  INFO detcore: DETLOG [syscall][detcore, dtid 3] finish syscall #73: newfstatat(11, 0x3fffd780 -> "/test/stdio-inode-a-jzDf7y", 0x3fffc690 -> {st_mode=SFlag(S_IFREG) | 0600, st_size=0, ...}, AtFlags(AT_EMPTY_PATH)) = Ok(0) DETLOG_RECORD={"schema":1,"event":{"kind":"syscall_result","finished_syscall_number":73}}
2026-09-17T03:40:25.496325Z  INFO detcore: DETLOG [syscall][detcore, dtid 3] inbound syscall: statx(11, 0x3fffd780 -> "/test/stdio-inode-a-jzDf7y", AtFlags(AT_EMPTY_PATH), 2047, 0x3fffca80) = ? DETLOG_RECORD={"schema":1,"event":{"kind":"syscall"}}
2026-09-17T03:40:25.496390Z  INFO detcore: DETLOG [syscall][detcore, dtid 3] finish syscall #74: statx(11, 0x3fffd780 -> "/test/stdio-inode-a-jzDf7y", AtFlags(AT_EMPTY_PATH), 2047, 0x3fffca80 -> {st_mode=SFlag(S_IFREG) | 0600, st_size=0, ...}) = Ok(0) DETLOG_RECORD={"schema":1,"event":{"kind":"syscall_result","finished_syscall_number":74}}
2026-09-17T03:40:25.496490Z  INFO detcore: DETLOG [syscall][detcore, dtid 3] inbound syscall: close(0) = ? DETLOG_RECORD={"schema":1,"event":{"kind":"syscall"}}
2026-09-17T03:40:25.496536Z  INFO detcore: DETLOG [syscall][detcore, dtid 3] finish syscall #75: close(0) = Ok(0) DETLOG_RECORD={"schema":1,"event":{"kind":"syscall_result","finished_syscall_number":75}}
2026-09-17T03:40:25.496636Z  INFO detcore: DETLOG [syscall][detcore, dtid 3] inbound syscall: openat(-100, 0x3fffc530 -> "stdio-inode-a-jzDf7y", OFlag(O_RDWR)) = ? DETLOG_RECORD={"schema":1,"event":{"kind":"syscall"}}
2026-09-17T03:40:25.496724Z  INFO detcore::scheduler: [sched-step5] >>>>>>>

 COMMIT turn 6, dettid 3 using resources {Path("stdio-inode-a-jzDf7y"): R}, on previously committed 1_767_225_600.003_993_490s DETLOG_RECORD={"schema":1,"event":{"kind":"scheduler_commit","scheduler_turn":6,"virtual_nanoseconds":1767225600003993490,"internal_io_poll":false,"runtime_maps_read":false}}
2026-09-17T03:40:25.496862Z  INFO detcore::syscalls::files: Injecting additional fstat to retrieve file metadata on fd 0.
2026-09-17T03:40:25.496927Z  INFO detcore: DETLOG [syscall][detcore, dtid 3] finish syscall #76: openat(-100, 0x3fffc530 -> "stdio-inode-a-jzDf7y", OFlag(O_RDWR)) = Ok(0) DETLOG_RECORD={"schema":1,"event":{"kind":"syscall_result","finished_syscall_number":76}}
2026-09-17T03:40:25.497063Z  INFO detcore: DETLOG [syscall][detcore, dtid 3] inbound syscall: fstat(0, 0x3fffc420) = ? DETLOG_RECORD={"schema":1,"event":{"kind":"syscall"}}
2026-09-17T03:40:25.497112Z  INFO detcore: DETLOG [syscall][detcore, dtid 3] finish syscall #77: fstat(0, 0x3fffc420) = Ok(0) DETLOG_RECORD={"schema":1,"event":{"kind":"syscall_result","finished_syscall_number":77}}
2026-09-17T03:40:25.497218Z  INFO detcore: DETLOG [syscall][detcore, dtid 3] inbound syscall: newfstatat(0, 0x404bef -> "", 0x3fffc130, AtFlags(AT_EMPTY_PATH)) = ? DETLOG_RECORD={"schema":1,"event":{"kind":"syscall"}}
2026-09-17T03:40:25.497266Z  INFO detcore: DETLOG [syscall][detcore, dtid 3] finish syscall #78: newfstatat(0, 0x404bef -> "", 0x3fffc130 -> {st_mode=SFlag(S_IFREG) | 0600, st_size=0, ...}, AtFlags(AT_EMPTY_PATH)) = Ok(0) DETLOG_RECORD={"schema":1,"event":{"kind":"syscall_result","finished_syscall_number":78}}
2026-09-17T03:40:25.497378Z  INFO detcore: DETLOG [syscall][detcore, dtid 3] inbound syscall: statx(0, 0x404bef -> "", AtFlags(AT_EMPTY_PATH), 2047, 0x3fffc1c0) = ? DETLOG_RECORD={"schema":1,"event":{"kind":"syscall"}}
2026-09-17T03:40:25.497425Z  INFO detcore: DETLOG [syscall][detcore, dtid 3] finish syscall #79: statx(0, 0x404bef -> "", AtFlags(AT_EMPTY_PATH), 2047, 0x3fffc1c0 -> {st_mode=SFlag(S_IFREG) | 0600, st_size=0, ...}) = Ok(0) DETLOG_RECORD={"schema":1,"event":{"kind":"syscall_result","finished_syscall_number":79}}
2026-09-17T03:40:25.497532Z  INFO detcore: DETLOG [syscall][detcore, dtid 3] inbound syscall: newfstatat(0, 0x404bef -> "", 0x3fffc130, AtFlags(AT_SYMLINK_NOFOLLOW | AT_EMPTY_PATH)) = ? DETLOG_RECORD={"schema":1,"event":{"kind":"syscall"}}
2026-09-17T03:40:25.497572Z  INFO detcore: DETLOG [syscall][detcore, dtid 3] finish syscall #80: newfstatat(0, 0x404bef -> "", 0x3fffc130 -> {st_mode=SFlag(S_IFREG) | 0600, st_size=0, ...}, AtFlags(AT_SYMLINK_NOFOLLOW | AT_EMPTY_PATH)) = Ok(0) DETLOG_RECORD={"schema":1,"event":{"kind":"syscall_result","finished_syscall_number":80}}
2026-09-17T03:40:25.497680Z  INFO detcore: DETLOG [syscall][detcore, dtid 3] inbound syscall: statx(0, 0x404bef -> "", AtFlags(AT_SYMLINK_NOFOLLOW | AT_EMPTY_PATH), 2047, 0x3fffc1c0) = ? DETLOG_RECORD={"schema":1,"event":{"kind":"syscall"}}
2026-09-17T03:40:25.497719Z  INFO detcore: DETLOG [syscall][detcore, dtid 3] finish syscall #81: statx(0, 0x404bef -> "", AtFlags(AT_SYMLINK_NOFOLLOW | AT_EMPTY_PATH), 2047, 0x3fffc1c0 -> {st_mode=SFlag(S_IFREG) | 0600, st_size=0, ...}) = Ok(0) DETLOG_RECORD={"schema":1,"event":{"kind":"syscall_result","finished_syscall_number":81}}
2026-09-17T03:40:25.497831Z  INFO detcore: DETLOG [syscall][detcore, dtid 3] inbound syscall: newfstatat(0, 0x3fffc130 -> "", 0x3fffc130, AtFlags(AT_EMPTY_PATH)) = ? DETLOG_RECORD={"schema":1,"event":{"kind":"syscall"}}
2026-09-17T03:40:25.497873Z  INFO detcore: DETLOG [syscall][detcore, dtid 3] finish syscall #82: newfstatat(0, 0x3fffc130 -> "\u{5}", 0x3fffc130 -> {st_mode=SFlag(S_IFREG) | 0600, st_size=0, ...}, AtFlags(AT_EMPTY_PATH)) = Ok(0) DETLOG_RECORD={"schema":1,"event":{"kind":"syscall_result","finished_syscall_number":82}}
2026-09-17T03:40:25.497982Z  INFO detcore: DETLOG [syscall][detcore, dtid 3] inbound syscall: statx(0, 0x3fffc1c0 -> "", AtFlags(AT_EMPTY_PATH), 2047, 0x3fffc1c0) = ? DETLOG_RECORD={"schema":1,"event":{"kind":"syscall"}}
2026-09-17T03:40:25.498022Z  INFO detcore: DETLOG [syscall][detcore, dtid 3] finish syscall #83: statx(0, 0x3fffc1c0 -> "\xFF\u{17}", AtFlags(AT_EMPTY_PATH), 2047, 0x3fffc1c0 -> {st_mode=SFlag(S_IFREG) | 0600, st_size=0, ...}) = Ok(0) DETLOG_RECORD={"schema":1,"event":{"kind":"syscall_result","finished_syscall_number":83}}
2026-09-17T03:40:25.498129Z  INFO detcore: DETLOG [syscall][detcore, dtid 3] inbound syscall: newfstatat(-100, 0x3fffc530 -> "stdio-inode-a-jzDf7y", 0x3fffc960, AtFlags(0x0)) = ? DETLOG_RECORD={"schema":1,"event":{"kind":"syscall"}}
2026-09-17T03:40:25.498186Z  INFO detcore: DETLOG [syscall][detcore, dtid 3] finish syscall #84: newfstatat(-100, 0x3fffc530 -> "stdio-inode-a-jzDf7y", 0x3fffc960 -> {st_mode=SFlag(S_IFREG) | 0600, st_size=0, ...}, AtFlags(0x0)) = Ok(0) DETLOG_RECORD={"schema":1,"event":{"kind":"syscall_result","finished_syscall_number":84}}
2026-09-17T03:40:25.498286Z  INFO detcore: DETLOG [syscall][detcore, dtid 3] inbound syscall: dup(0) = ? DETLOG_RECORD={"schema":1,"event":{"kind":"syscall"}}
2026-09-17T03:40:25.498343Z  INFO detcore: DETLOG [syscall][detcore, dtid 3] finish syscall #85: dup(0) = Ok(5) DETLOG_RECORD={"schema":1,"event":{"kind":"syscall_result","finished_syscall_number":85}}
2026-09-17T03:40:25.498433Z  INFO detcore: DETLOG [syscall][detcore, dtid 3] inbound syscall: fstat(5, 0x3fffc420) = ? DETLOG_RECORD={"schema":1,"event":{"kind":"syscall"}}
2026-09-17T03:40:25.498470Z  INFO detcore: DETLOG [syscall][detcore, dtid 3] finish syscall #86: fstat(5, 0x3fffc420) = Ok(0) DETLOG_RECORD={"schema":1,"event":{"kind":"syscall_result","finished_syscall_number":86}}
2026-09-17T03:40:25.498568Z  INFO detcore: DETLOG [syscall][detcore, dtid 3] inbound syscall: newfstatat(5, 0x404bef -> "", 0x3fffc130, AtFlags(AT_EMPTY_PATH)) = ? DETLOG_RECORD={"schema":1,"event":{"kind":"syscall"}}
2026-09-17T03:40:25.498609Z  INFO detcore: DETLOG [syscall][detcore, dtid 3] finish syscall #87: newfstatat(5, 0x404bef -> "", 0x3fffc130 -> {st_mode=SFlag(S_IFREG) | 0600, st_size=0, ...}, AtFlags(AT_EMPTY_PATH)) = Ok(0) DETLOG_RECORD={"schema":1,"event":{"kind":"syscall_result","finished_syscall_number":87}}
2026-09-17T03:40:25.498717Z  INFO detcore: DETLOG [syscall][detcore, dtid 3] inbound syscall: statx(5, 0x404bef -> "", AtFlags(AT_EMPTY_PATH), 2047, 0x3fffc1c0) = ? DETLOG_RECORD={"schema":1,"event":{"kind":"syscall"}}
2026-09-17T03:40:25.498759Z  INFO detcore: DETLOG [syscall][detcore, dtid 3] finish syscall #88: statx(5, 0x404bef -> "", AtFlags(AT_EMPTY_PATH), 2047, 0x3fffc1c0 -> {st_mode=SFlag(S_IFREG) | 0600, st_size=0, ...}) = Ok(0) DETLOG_RECORD={"schema":1,"event":{"kind":"syscall_result","finished_syscall_number":88}}
2026-09-17T03:40:25.498874Z  INFO detcore: DETLOG [syscall][detcore, dtid 3] inbound syscall: newfstatat(5, 0x404bef -> "", 0x3fffc130, AtFlags(AT_SYMLINK_NOFOLLOW | AT_EMPTY_PATH)) = ? DETLOG_RECORD={"schema":1,"event":{"kind":"syscall"}}
2026-09-17T03:40:25.498915Z  INFO detcore: DETLOG [syscall][detcore, dtid 3] finish syscall #89: newfstatat(5, 0x404bef -> "", 0x3fffc130 -> {st_mode=SFlag(S_IFREG) | 0600, st_size=0, ...}, AtFlags(AT_SYMLINK_NOFOLLOW | AT_EMPTY_PATH)) = Ok(0) DETLOG_RECORD={"schema":1,"event":{"kind":"syscall_result","finished_syscall_number":89}}
2026-09-17T03:40:25.499023Z  INFO detcore: DETLOG [syscall][detcore, dtid 3] inbound syscall: statx(5, 0x404bef -> "", AtFlags(AT_SYMLINK_NOFOLLOW | AT_EMPTY_PATH), 2047, 0x3fffc1c0) = ? DETLOG_RECORD={"schema":1,"event":{"kind":"syscall"}}
2026-09-17T03:40:25.499062Z  INFO detcore: DETLOG [syscall][detcore, dtid 3] finish syscall #90: statx(5, 0x404bef -> "", AtFlags(AT_SYMLINK_NOFOLLOW | AT_EMPTY_PATH), 2047, 0x3fffc1c0 -> {st_mode=SFlag(S_IFREG) | 0600, st_size=0, ...}) = Ok(0) DETLOG_RECORD={"schema":1,"event":{"kind":"syscall_result","finished_syscall_number":90}}
2026-09-17T03:40:25.499167Z  INFO detcore: DETLOG [syscall][detcore, dtid 3] inbound syscall: newfstatat(5, 0x3fffc130 -> "", 0x3fffc130, AtFlags(AT_EMPTY_PATH)) = ? DETLOG_RECORD={"schema":1,"event":{"kind":"syscall"}}
2026-09-17T03:40:25.499205Z  INFO detcore: DETLOG [syscall][detcore, dtid 3] finish syscall #91: newfstatat(5, 0x3fffc130 -> "\u{5}", 0x3fffc130 -> {st_mode=SFlag(S_IFREG) | 0600, st_size=0, ...}, AtFlags(AT_EMPTY_PATH)) = Ok(0) DETLOG_RECORD={"schema":1,"event":{"kind":"syscall_result","finished_syscall_number":91}}
2026-09-17T03:40:25.499314Z  INFO detcore: DETLOG [syscall][detcore, dtid 3] inbound syscall: statx(5, 0x3fffc1c0 -> "", AtFlags(AT_EMPTY_PATH), 2047, 0x3fffc1c0) = ? DETLOG_RECORD={"schema":1,"event":{"kind":"syscall"}}
2026-09-17T03:40:25.499353Z  INFO detcore: DETLOG [syscall][detcore, dtid 3] finish syscall #92: statx(5, 0x3fffc1c0 -> "\xFF\u{17}", AtFlags(AT_EMPTY_PATH), 2047, 0x3fffc1c0 -> {st_mode=SFlag(S_IFREG) | 0600, st_size=0, ...}) = Ok(0) DETLOG_RECORD={"schema":1,"event":{"kind":"syscall_result","finished_syscall_number":92}}
2026-09-17T03:40:25.499461Z  INFO detcore: DETLOG [syscall][detcore, dtid 3] inbound syscall: openat(-100, 0x3fffb3e0 -> "/proc/self/fdinfo/0", OFlag(O_CLOEXEC)) = ? DETLOG_RECORD={"schema":1,"event":{"kind":"syscall"}}
2026-09-17T03:40:25.499529Z  INFO detcore::scheduler: [sched-step5] >>>>>>>

 COMMIT turn 7, dettid 3 using resources {Path("/proc/self/fdinfo/0"): R}, on previously committed 1_767_225_600.004_591_110s DETLOG_RECORD={"schema":1,"event":{"kind":"scheduler_commit","scheduler_turn":7,"virtual_nanoseconds":1767225600004591110,"internal_io_poll":false,"runtime_maps_read":false}}
2026-09-17T03:40:25.499668Z  INFO detcore: DETLOG [syscall][detcore, dtid 3] finish syscall #93: openat(-100, 0x3fffb3e0 -> "/proc/self/fdinfo/0", OFlag(O_CLOEXEC)) = Err(Errno(EACCES)) DETLOG_RECORD={"schema":1,"event":{"kind":"syscall_result","finished_syscall_number":93}}
2026-09-17T03:40:25.499808Z  INFO detcore: DETLOG [syscall][detcore, dtid 3] inbound syscall: fstat(12, 0x3fffaef0) = ? DETLOG_RECORD={"schema":1,"event":{"kind":"syscall"}}
2026-09-17T03:40:25.499868Z  INFO detcore: DETLOG [syscall][detcore, dtid 3] finish syscall #94: fstat(12, 0x3fffaef0) = Ok(0) DETLOG_RECORD={"schema":1,"event":{"kind":"syscall_result","finished_syscall_number":94}}
2026-09-17T03:40:25.499981Z  INFO detcore: DETLOG [syscall][detcore, dtid 3] inbound syscall: getrandom(0x13464f8, 8, 1) = ? DETLOG_RECORD={"schema":1,"event":{"kind":"syscall"}}
2026-09-17T03:40:25.500022Z  INFO detcore::syscalls::misc: DETLOG [dtid 3] USER RAND [getrandom] Filled guest memory with 8 random bytes, hash of bytes: 9401673912765844831 DETLOG_RECORD={"schema":1,"event":{"kind":"other"}}
2026-09-17T03:40:25.500034Z  INFO detcore: DETLOG [syscall][detcore, dtid 3] finish syscall #95: getrandom(0x13464f8, 8, 1) = Ok(8) DETLOG_RECORD={"schema":1,"event":{"kind":"syscall_result","finished_syscall_number":95}}
2026-09-17T03:40:25.500057Z  INFO detcore::io_buffers: DETLOG [iobuf][dtid 3] getrandom in fd=- 0x13464f8+8->b5617a3bc2e8ddf4b82d23c5f8cd87e27bfa2adffc3c9c36490176e88908d30c DETLOG_RECORD={"schema":1,"event":{"kind":"other"}}
2026-09-17T03:40:25.500148Z  INFO detcore: DETLOG [syscall][detcore, dtid 3] inbound syscall: brk(NULL) = ? DETLOG_RECORD={"schema":1,"event":{"kind":"syscall"}}
2026-09-17T03:40:25.500177Z  INFO detcore: DETLOG [syscall][detcore, dtid 3] finish syscall #96: brk(NULL) = Ok(4227072) DETLOG_RECORD={"schema":1,"event":{"kind":"syscall_result","finished_syscall_number":96}}
2026-09-17T03:40:25.500264Z  INFO detcore: DETLOG [syscall][detcore, dtid 3] inbound syscall: brk(0x429000) = ? DETLOG_RECORD={"schema":1,"event":{"kind":"syscall"}}
2026-09-17T03:40:25.500302Z  INFO detcore: DETLOG [syscall][detcore, dtid 3] finish syscall #97: brk(0x429000) = Ok(4362240) DETLOG_RECORD={"schema":1,"event":{"kind":"syscall_result","finished_syscall_number":97}}
2026-09-17T03:40:25.500387Z  INFO detcore: DETLOG [syscall][detcore, dtid 3] inbound syscall: lseek(12, 0, SEEK_CUR) = ? DETLOG_RECORD={"schema":1,"event":{"kind":"syscall"}}
2026-09-17T03:40:25.500408Z  INFO detcore: DETLOG [syscall][detcore, dtid 3] finish syscall #98: lseek(12, 0, SEEK_CUR) = Err(Errno(ESPIPE)) DETLOG_RECORD={"schema":1,"event":{"kind":"syscall_result","finished_syscall_number":98}}
2026-09-17T03:40:25.500493Z  INFO detcore: DETLOG [syscall][detcore, dtid 3] inbound syscall: write(12, 0x4082a0, 31) = ? DETLOG_RECORD={"schema":1,"event":{"kind":"syscall"}}
2026-09-17T03:40:25.500564Z  INFO detcore::scheduler: [sched-step5] >>>>>>>

 COMMIT turn 8, dettid 3 using resources {Device(ContainerStderr): W}, on previously committed 1_767_225_600.005_149_970s DETLOG_RECORD={"schema":1,"event":{"kind":"scheduler_commit","scheduler_turn":8,"virtual_nanoseconds":1767225600005149970,"internal_io_poll":false,"runtime_maps_read":false}}
line 150: info >= 0 (errno=13)
2026-09-17T03:40:25.500652Z  INFO detcore: DETLOG [syscall][detcore, dtid 3] finish syscall #99: write(12, 0x4082a0, 31) = Ok(31) DETLOG_RECORD={"schema":1,"event":{"kind":"syscall_result","finished_syscall_number":99}}
2026-09-17T03:40:25.500674Z  INFO detcore::io_buffers: DETLOG [iobuf][dtid 3] write out fd=12 0x4082a0+31->36a1e62dd5478b757a75f69a8f5f3bdc2a08e75198339a773ddda9e3e6d596e4 DETLOG_RECORD={"schema":1,"event":{"kind":"other"}}
2026-09-17T03:40:25.500812Z  INFO detcore: DETLOG [syscall][detcore, dtid 3] inbound syscall: exit_group(1) = ? DETLOG_RECORD={"schema":1,"event":{"kind":"syscall"}}
2026-09-17T03:40:25.500860Z  INFO detcore::scheduler: [sched-step5] >>>>>>>

 COMMIT turn 9, dettid 3 using resources {Exit { group: true, process: DetPid(3), mm: MmId { creator: DetPid(3), generation: 1 } }: RW}, on previously committed 1_767_225_600.005_903_500s DETLOG_RECORD={"schema":1,"event":{"kind":"scheduler_commit","scheduler_turn":9,"virtual_nanoseconds":1767225600005903500,"internal_io_poll":false,"runtime_maps_read":false}}
2026-09-17T03:40:25.500901Z  INFO detcore::tool_global: Scheduler authorized an exit-group scenario, from dettid 3 / detpid 3
2026-09-17T03:40:25.501067Z  INFO detcore::scheduler: logically_kill: Scheduler removing all knowledge of [det]tid 3 in pid 3..
2026-09-17T03:40:25.501231Z  INFO detcore::scheduler: scheduler (step2_process_blocked): zero threads left anywhere, fizzling. DETLOG_RECORD={"schema":1,"event":{"kind":"scheduler_empty_queue_kick"}}
2026-09-17T03:40:25.501254Z  INFO detcore::scheduler: [scheduler] run queue empty, exiting sched_loop.
2026-09-17T03:40:25.501329Z  INFO detcore::tool_global: detcore shut down, destroying global state
2026-09-17T03:40:25.501381Z  INFO detcore::tool_global: 
  ------------------------------ hermit run report ------------------------------
Final thread-tree was: [3]
There were 1 group leaders of 1 thread(s) total.
Guest threads completed 100 syscalls.
Internally, the hermit scheduler ran 10 turns, recorded 0 events, replayed 0 events (0 desynced)
Final virtual global (cpu) time: 1_767_225_600.006_403_500s
Elapsed virtual global (cpu) time: 6_403_500ns
Timeslice stats: min=1403500ns max=1403500ns mean=1403500ns count=1

