   Compiling proc-macro2 v1.0.107
   Compiling unicode-ident v1.0.26
   Compiling quote v1.0.47
   Compiling libc v0.2.189
   Compiling syn v3.0.6
   Compiling cfg-if v1.0.5
   Compiling serde_core v1.0.229
   Compiling autocfg v1.5.1
   Compiling serde v1.0.229
   Compiling serde_derive v1.0.229
   Compiling bitflags v2.13.2
   Compiling memchr v2.8.3
   Compiling crc32fast v1.5.2
   Compiling simd-adler32 v0.3.10
   Compiling adler2 v2.0.1
   Compiling miniz_oxide v0.9.1
   Compiling num-traits v0.2.19
   Compiling memoffset v0.9.1
   Compiling smallvec v1.16.1
   Compiling futures-sink v0.3.34
   Compiling parking_lot_core v0.9.12
   Compiling syscalls v0.6.18
   Compiling pin-project-lite v0.2.17
   Compiling futures-core v0.3.34
   Compiling cfg_aliases v0.2.2
   Compiling nix v0.30.1
   Compiling futures-channel v0.3.34
   Compiling flate2 v1.1.10
   Compiling futures-macro v0.3.34
   Compiling serde_repr v0.1.21
   Compiling futures v0.1.31
   Compiling slab v0.4.12
   Compiling bitflags v1.3.2
   Compiling unicode-segmentation v1.13.3
   Compiling futures-io v0.3.34
   Compiling futures-task v0.3.34
   Compiling scopeguard v1.2.0
   Compiling lock_api v0.4.14
   Compiling futures-util v0.3.34
   Compiling convert_case v0.6.0
   Compiling errno v0.3.14
   Compiling syn v2.0.119
   Compiling unicode-xid v0.2.6
   Compiling static_assertions v1.1.0
   Compiling iana-time-zone v0.1.65
   Compiling paste v1.0.15
   Compiling twox-hash v2.1.4
   Compiling object v0.39.1
   Compiling rustix v1.1.5
   Compiling virtue v0.0.18
   Compiling thiserror v2.0.20
   Compiling cpp_demangle v0.5.1
   Compiling derive_more-impl v1.0.0
   Compiling bincode_derive v2.0.1
   Compiling ruzstd v0.8.3
   Compiling chrono v0.4.45
   Compiling twox-hash v1.6.3
   Compiling futures-executor v0.3.34
   Compiling signal-hook-registry v1.4.8
   Compiling parking_lot v0.12.5
   Compiling tokio-macros v2.7.2
   Compiling thiserror-impl v2.0.20
   Compiling socket2 v0.6.5
   Compiling mio v1.2.3
   Compiling lazy_static v1.5.0
   Compiling hashbrown v0.17.1
   Compiling procfs v0.18.0
   Compiling equivalent v1.0.2
   Compiling linux-raw-sys v0.12.1
   Compiling hex v0.4.3
   Compiling foldhash v0.1.5
   Compiling unty v0.0.4
   Compiling anyhow v1.0.104
   Compiling object v0.36.7
   Compiling bytes v1.12.1
   Compiling tokio v1.53.1
   Compiling bincode v2.0.1
   Compiling hashbrown v0.15.5
   Compiling procfs-core v0.18.0
   Compiling indexmap v2.14.2
   Compiling colored v2.2.0
   Compiling futures v0.3.34
   Compiling ruzstd v0.7.3
   Compiling derive_more v1.0.0
   Compiling reverie-memory v0.2.0 (/home/newton/work/dev-hermit/worktrees/slots/kvm-reverie-landing-20260918/ignored/kvm-signal-cleanup-parallel-matrix-v1/base-checkout/reverie-memory)
   Compiling vmm-sys-util v0.15.0
   Compiling scroll_derive v0.13.2
   Compiling memmap2 v0.9.11
   Compiling rustc-demangle v0.1.28
   Compiling typed-arena v2.0.2
   Compiling gimli v0.33.0
   Compiling fallible-iterator v0.3.0
   Compiling kvm-ioctls v0.25.0
   Compiling scroll v0.13.0
   Compiling kvm-bindings v0.14.1
   Compiling reverie-syscalls v0.2.0 (/home/newton/work/dev-hermit/worktrees/slots/kvm-reverie-landing-20260918/ignored/kvm-signal-cleanup-parallel-matrix-v1/base-checkout/reverie-syscalls)
   Compiling addr2line v0.26.1
   Compiling reverie-process v0.2.0 (/home/newton/work/dev-hermit/worktrees/slots/kvm-reverie-landing-20260918/ignored/kvm-signal-cleanup-parallel-matrix-v1/base-checkout/reverie-process)
   Compiling raw-cpuid v10.7.0
   Compiling linked-hash-map v0.5.6
   Compiling async-trait v0.1.92
   Compiling plain v0.2.3
   Compiling byteorder v1.5.0
   Compiling never-say-never v6.6.666
   Compiling log v0.4.34
   Compiling reverie-core v0.2.0 (/home/newton/work/dev-hermit/worktrees/slots/kvm-reverie-landing-20260918/ignored/kvm-signal-cleanup-parallel-matrix-v1/base-checkout/reverie)
   Compiling goblin v0.10.7
   Compiling perf-event-open-sys v5.0.0
   Compiling reverie-kvm v0.2.0 (/home/newton/work/dev-hermit/worktrees/slots/kvm-reverie-landing-20260918/ignored/kvm-signal-cleanup-parallel-matrix-v1/base-checkout/reverie-kvm)
    Finished `test` profile [unoptimized + debuginfo] target(s) in 1m 03s
     Running unittests src/lib.rs (target/debug/deps/reverie_kvm-543bfc99885654c3)

thread 'clock::tests::unwind_closes_counter_and_poison_prevents_future_success' (775658) panicked at reverie-kvm/src/clock.rs:1027:13:
simulated vCPU unwinding
note: run with `RUST_BACKTRACE=1` environment variable to display a backtrace

thread 'cpuid::tests::deterministic_cpuid_table_rejects_duplicate_function_index' (775659) panicked at reverie-kvm/src/cpuid.rs:152:9:
fixed CPUID profile contains duplicate leaf 0xd, subleaf 0x0
actual rejected MSR transfers: read 1/2; write 0/1

thread 'entry::owner::tests::unwind_abandons_registration_but_preserves_pending_and_destruction' (775713) panicked at reverie-kvm/src/entry/owner.rs:900:13:
controlled callback owner unwind
signalfd keeper child status=exit status: 0
stdout:

running 1 test
test executor::process_signal_publication::tests::active_carrier_preparation_emfile_has_no_guest_descriptor_effect ... ok

test result: ok. 1 passed; 0 failed; 0 ignored; 0 measured; 735 filtered out; finished in 0.06s


stderr:
signalfd keeper EMFILE control completed

syscall=19 count=1 length=9223372036854775806 offset=0 native=4096 mediated=4096 position=4096 full_file_and_buffer_match=true
syscall=59 case=path result=Some(-14) expected=-14
syscall=59 case=argv result=Some(-14) expected=-14
syscall=59 case=envp result=Some(-14) expected=-14
syscall=59 case=missing result=Some(-2) expected=-2

thread 'memory::tests::entry_copy_tests::copy_unwind_captures_handle_origin_without_publishing_tool_failure' (776195) panicked at reverie-kvm/src/memory.rs:2307:21:
controlled admitted-copy unwind

thread 'memory::tests::entry_copy_tests::retained_memory_copy_keeps_its_issuing_callback_generation' (776198) panicked at reverie-kvm/src/memory.rs:2347:21:
retained callback copy unwind

thread 'memory::tests::entry_copy_tests::retired_memory_origin_retains_cause_without_expired_publisher' (776199) panicked at reverie-kvm/src/memory.rs:2400:21:
copy after owner retirement
syscall=59 case=malformed result=Some(-8) expected=-8
untouched snapshot: SEEK_DATA(0)=-1, error=Some(Os { code: 6, kind: Uncategorized, message: "No such device or address" }), initial_enxio=true, sparse_copy=Ok(())
capture child status=exit status: 0
stdout:

running 1 test
test executor::tests::capture_identity_keeps_closed_standard_descriptors_closed ... ok

test result: ok. 1 passed; 0 failed; 0 ignored; 0 measured; 735 filtered out; finished in 0.00s


stderr:
capture closed standard descriptors completed

syscall=19 count=2 length=9223372036854775806 offset=0 native=-14 mediated=-14 position=0 full_file_and_buffer_match=true

thread '<unnamed>' (776390) panicked at reverie-kvm/src/process_signal_publication.rs:1323:17:
controlled authoritative-table poison
capture child status=
thread 'runtime::tests::same_thread_stack_checkout_still_panics' (776357) panicked at reverie-kvm/src/runtime.rs:1652:9:
cannot retrieve a KVM guest stack while its previous guard is live
exit status: 0
stdout:

running 1 test
test executor::tests::captured_pipe_root_owner_releases_after_executor_cleanup_and_unwind ... ok

test result: ok. 1 passed; 0 failed; 0 ignored; 0 measured; 735 filtered out; finished in 0.01s


stderr:

thread 'executor::tests::captured_pipe_root_owner_releases_after_executor_cleanup_and_unwind' (776366) panicked at reverie-kvm/src/capture_identity_tests.rs:332:17:
intentional capture cleanup unwind
note: run with `RUST_BACKTRACE=1` environment variable to display a backtrace
capture final owner cleanup completed


thread '<unnamed>' (776368) panicked at reverie-kvm/src/executor.rs:37874:26:
forced pending child panic

thread '<unnamed>' (776421) panicked at reverie-kvm/src/executor.rs:37909:25:
forced completed child panic
syscall=59 case=valid result=Some(-38) expected=-38
syscall=322 case=path result=Some(-14) expected=-14
syscall=322 case=argv result=Some(-14) expected=-14
syscall=322 case=envp result=Some(-14) expected=-14
syscall=322 case=missing result=Some(-2) expected=-2
syscall=322 case=malformed result=Some(-8) expected=-8

thread '<unnamed>' (776485) panicked at reverie-kvm/src/terminal_vm_tests.rs:32:54:
forced worker panic
isolated file-table control status=exit status: 0
stdout:

running 1 test
test executor::tests::shared_file_table_install_emfile_preserves_original_descriptions ... ok

test result: ok. 1 passed; 0 failed; 0 ignored; 0 measured; 735 filtered out; finished in 0.06s


stderr:
file-table EMFILE control completed

capture child status=exit status: 0
stdout:

running 1 test
test executor::tests::capture_setup_emfile_preserves_image_and_closes_partial_streams ... ok

test result: ok. 1 passed; 0 failed; 0 ignored; 0 measured; 735 filtered out; finished in 0.06s


stderr:
capture setup EMFILE control completed

number=19 separate_tail=false result=-95 position=4096 file_unchanged=true memory_unchanged=true

thread '<unnamed>' (776688) panicked at reverie-kvm/src/vm.rs:9802:17:
controlled worker failure-state poison

thread '<unnamed>' (776673) panicked at reverie-kvm/src/vm.rs:9822:21:
controlled start-gate registry poison

thread '<unnamed>' (776413) panicked at reverie-kvm/src/executor.rs:37883:29:
forced completion lock poison
syscall=19 count=1 length=9223372036854775807 offset=0 native=4096 mediated=4096 position=4096 full_file_and_buffer_match=true
syscall=322 case=valid result=Some(-38) expected=-38

thread 'executor::tests::positioned_vectored_io_handles_pipes_partial_writes_and_sigpipe' (775961) panicked at reverie-kvm/src/executor.rs:21379:9:
assertion `left == right` failed
  left: 4
 right: -32
syscall=19 count=2 length=9223372036854775807 offset=0 native=-14 mediated=-14 position=0 full_file_and_buffer_match=true
syscall=19 count=1 length=9223372036854775806 offset=5 native=4096 mediated=4096 position=4101 full_file_and_buffer_match=true
number=19 separate_tail=true result=-95 position=4096 file_unchanged=true memory_unchanged=true
reverie-kvm guest thread 42 tool loop failed: KVM execution stopped after a fatal run failure
number=20 separate_tail=false result=-95 position=4096 file_unchanged=true memory_unchanged=true
syscall=19 count=2 length=9223372036854775806 offset=5 native=-14 mediated=-14 position=5 full_file_and_buffer_match=true

thread '<unnamed>' (776855) panicked at reverie-kvm/src/vm.rs:9822:21:
controlled start-gate registry poison
number=20 separate_tail=true result=-95 position=4096 file_unchanged=true memory_unchanged=true
park=true result=Err(GuestThreadExecUnsupported) cancelled=true exit_status=Some(Exited(127)) registers_unchanged=true memory_unchanged=true
syscall=19 count=1 length=9223372036854775807 offset=5 native=4096 mediated=4096 position=4101 full_file_and_buffer_match=true
park=false result=Err(GuestThreadExecUnsupported) cancelled=true exit_status=Some(Exited(127)) registers_unchanged=true memory_unchanged=true
number=295 separate_tail=false result=-95 position=4096 file_unchanged=true memory_unchanged=true
syscall=19 count=2 length=9223372036854775807 offset=5 native=-14 mediated=-14 position=5 full_file_and_buffer_match=true
syscall=20 count=1 length=9223372036854775806 offset=0 native=4096 mediated=4096 position=4096 full_file_and_buffer_match=true
number=295 separate_tail=true result=-95 position=4096 file_unchanged=true memory_unchanged=true
syscall=20 count=2 length=9223372036854775806 offset=0 native=-14 mediated=-14 position=0 full_file_and_buffer_match=true
syscall=20 count=1 length=9223372036854775807 offset=0 native=4096 mediated=4096 position=4096 full_file_and_buffer_match=true
syscall=20 count=2 length=9223372036854775807 offset=0 native=-14 mediated=-14 position=0 full_file_and_buffer_match=true
number=296 separate_tail=false result=-95 position=4096 file_unchanged=true memory_unchanged=true
syscall=20 count=1 length=9223372036854775806 offset=5 native=4091 mediated=4091 position=4096 full_file_and_buffer_match=true
syscall=20 count=2 length=9223372036854775806 offset=5 native=-14 mediated=-14 position=5 full_file_and_buffer_match=true
syscall=20 count=1 length=9223372036854775807 offset=5 native=4091 mediated=4091 position=4096 full_file_and_buffer_match=true
syscall=20 count=2 length=9223372036854775807 offset=5 native=-14 mediated=-14 position=5 full_file_and_buffer_match=true
syscall=295 count=1 length=9223372036854775806 offset=0 native=4096 mediated=4096 position=11 full_file_and_buffer_match=true
syscall=295 count=2 length=9223372036854775806 offset=0 native=-14 mediated=-14 position=11 full_file_and_buffer_match=true
number=296 separate_tail=true result=-95 position=4096 file_unchanged=true memory_unchanged=true
syscall=295 count=1 length=9223372036854775807 offset=0 native=4096 mediated=4096 position=11 full_file_and_buffer_match=true
syscall=295 count=2 length=9223372036854775807 offset=0 native=-14 mediated=-14 position=11 full_file_and_buffer_match=true
syscall=295 count=1 length=9223372036854775806 offset=5 native=4096 mediated=4096 position=11 full_file_and_buffer_match=true
syscall=295 count=2 length=9223372036854775806 offset=5 native=-14 mediated=-14 position=11 full_file_and_buffer_match=true
syscall=295 count=1 length=9223372036854775807 offset=5 native=4096 mediated=4096 position=11 full_file_and_buffer_match=true
syscall=295 count=2 length=9223372036854775807 offset=5 native=-14 mediated=-14 position=11 full_file_and_buffer_match=true
number=327 separate_tail=false result=-95 position=4096 file_unchanged=true memory_unchanged=true
syscall=296 count=1 length=9223372036854775806 offset=0 native=4096 mediated=4096 position=11 full_file_and_buffer_match=true
syscall=296 count=2 length=9223372036854775806 offset=0 native=-14 mediated=-14 position=11 full_file_and_buffer_match=true
number=327 separate_tail=true result=-95 position=4096 file_unchanged=true memory_unchanged=true
syscall=296 count=1 length=9223372036854775807 offset=0 native=4096 mediated=4096 position=11 full_file_and_buffer_match=true
syscall=296 count=2 length=9223372036854775807 offset=0 native=-14 mediated=-14 position=11 full_file_and_buffer_match=true
syscall=296 count=1 length=9223372036854775806 offset=5 native=4091 mediated=4091 position=11 full_file_and_buffer_match=true
syscall=296 count=2 length=9223372036854775806 offset=5 native=-14 mediated=-14 position=11 full_file_and_buffer_match=true
syscall=296 count=1 length=9223372036854775807 offset=5 native=4091 mediated=4091 position=11 full_file_and_buffer_match=true
syscall=296 count=2 length=9223372036854775807 offset=5 native=-14 mediated=-14 position=11 full_file_and_buffer_match=true
number=328 separate_tail=false result=-95 position=4096 file_unchanged=true memory_unchanged=true
syscall=327 count=1 length=9223372036854775806 offset=0 native=4096 mediated=4096 position=11 full_file_and_buffer_match=true
syscall=327 count=2 length=9223372036854775806 offset=0 native=-14 mediated=-14 position=11 full_file_and_buffer_match=true
syscall=327 count=1 length=9223372036854775807 offset=0 native=4096 mediated=4096 position=11 full_file_and_buffer_match=true
syscall=327 count=2 length=9223372036854775807 offset=0 native=-14 mediated=-14 position=11 full_file_and_buffer_match=true
syscall=327 count=1 length=9223372036854775806 offset=5 native=4096 mediated=4096 position=11 full_file_and_buffer_match=true
syscall=327 count=2 length=9223372036854775806 offset=5 native=-14 mediated=-14 position=11 full_file_and_buffer_match=true
syscall=327 count=1 length=9223372036854775807 offset=5 native=4096 mediated=4096 position=11 full_file_and_buffer_match=true
number=328 separate_tail=true result=-95 position=4096 file_unchanged=true memory_unchanged=true
syscall=327 count=2 length=9223372036854775807 offset=5 native=-14 mediated=-14 position=11 full_file_and_buffer_match=true
syscall=328 count=1 length=9223372036854775806 offset=0 native=4096 mediated=4096 position=11 full_file_and_buffer_match=true
syscall=328 count=2 length=9223372036854775806 offset=0 native=-14 mediated=-14 position=11 full_file_and_buffer_match=true
syscall=328 count=1 length=9223372036854775807 offset=0 native=4096 mediated=4096 position=11 full_file_and_buffer_match=true
syscall=328 count=2 length=9223372036854775807 offset=0 native=-14 mediated=-14 position=11 full_file_and_buffer_match=true
syscall=328 count=1 length=9223372036854775806 offset=5 native=4091 mediated=4091 position=11 full_file_and_buffer_match=true
syscall=328 count=2 length=9223372036854775806 offset=5 native=-14 mediated=-14 position=11 full_file_and_buffer_match=true
syscall=328 count=1 length=9223372036854775807 offset=5 native=4091 mediated=4091 position=11 full_file_and_buffer_match=true
syscall=328 count=2 length=9223372036854775807 offset=5 native=-14 mediated=-14 position=11 full_file_and_buffer_match=true
reverie-kvm guest thread 3 tool loop failed: host filesystem operation failed: Owner died (os error 130); committed signal effects: 1 removals, 0 publication receipts; Reverie tool failed: A exit; host filesystem operation failed: Owner died (os error 130)
reverie-kvm guest thread 2 tool loop failed: KVM execution stopped after a fatal run failure
reverie-kvm guest thread 4 tool loop failed: Reverie tool failed: B callback; KVM execution stopped after a fatal run failure; committed signal effects: 1 removals, 0 publication receipts; KVM execution stopped after a fatal run failure
error: test failed, to rerun pass `-p reverie-kvm --lib`
