    Finished `release` profile [optimized] target(s) in 0.08s
     Running tests/after_loader.rs (target/release/deps/after_loader-a096128aaff749c3)

running 1 test
test non_output_stats_api_reports_four_call_dispatch_exactly ... 
thread 'non_output_stats_api_reports_four_call_dispatch_exactly' (2756543) panicked at reverie-liteinst/tests/after_loader.rs:2029:27:
non-output stats after-loader API failed: LiteInst after-loader call failed for tracee 2756603: private function syscall arguments are refused: nr=12 args=[4349952, 135168, 140737352057784, 4095, 3, 0]; 596 retained observations; showing [564..596]
564: operation="private held stop siginfo" raw_clock=Some(18021) detail_bytes=36 detail_prefix="tid=2756603 signo=5 code=128 errno=0"
565: operation="after errno accessor" raw_clock=Some(18021) detail_bytes=41 detail_prefix="pointer=0x7ffff7fb06d8 bytes=[7, 0, 0, 0]"
566: operation="private syscall stop" raw_clock=Some(18021) detail_bytes=118 detail_prefix="Stopped(tid=2756603 generation=PhysicalEventGenerationId(1) physical_status=Some(PhysicalStatusId(235)) event=Seccomp)"
567: operation="private held stop registers" raw_clock=Some(18021) detail_bytes=221 detail_prefix="tid=2756603 event=Seccomp regs=[0, 0, 140737488350384, 4199808, 0, 0, 775, 0, 0, 0, 18446744073709551578, 1895825410, 3, 4096, 140737353842688, 10, 1895825410, 51, 519, 140737353805824, 43, 140737353811776, 0, 0, 0, 0, 0]"
568: operation="private syscall permit consumed" raw_clock=Some(18021) detail_bytes=263 detail_prefix="tid=2756603 generation=1 origin_status=Some(PhysicalStatusId(234)) admission_status=Some(PhysicalStatusId(235)) purpose=PrivateSetup nr=10 logical_args=[140737353842688, 4096, 3, 0, 0, 0] executed_args=[140737353842688, 4096, 3, 0, 0, 0] rip=0x71000000 out"
569: operation="private syscall completion" raw_clock=Some(18021) detail_bytes=118 detail_prefix="Stopped(tid=2756603 generation=PhysicalEventGenerationId(1) physical_status=Some(PhysicalStatusId(236)) event=Syscall)"
570: operation="private held stop registers" raw_clock=Some(18021) detail_bytes=202 detail_prefix="tid=2756603 event=Syscall regs=[0, 0, 140737488350384, 4199808, 0, 0, 775, 0, 0, 0, 0, 1895825410, 3, 4096, 140737353842688, 10, 1895825410, 51, 519, 140737353805824, 43, 140737353811776, 0, 0, 0, 0, 0]"
571: operation="private syscall result" raw_clock=Some(18021) detail_bytes=60 detail_prefix="mprotect args=[140737353842688, 4096, 3, 0, 0, 0] result=0x0"
572: operation="private syscall stop" raw_clock=Some(18021) detail_bytes=118 detail_prefix="Stopped(tid=2756603 generation=PhysicalEventGenerationId(1) physical_status=Some(PhysicalStatusId(237)) event=Seccomp)"
573: operation="private held stop registers" raw_clock=Some(18021) detail_bytes=221 detail_prefix="tid=2756603 event=Seccomp regs=[0, 0, 140737488350384, 4199808, 0, 0, 775, 0, 0, 0, 18446744073709551578, 1895825410, 5, 4096, 140737353842688, 10, 1895825410, 51, 519, 140737353805824, 43, 140737353811776, 0, 0, 0, 0, 0]"
574: operation="private syscall permit consumed" raw_clock=Some(18021) detail_bytes=263 detail_prefix="tid=2756603 generation=1 origin_status=Some(PhysicalStatusId(236)) admission_status=Some(PhysicalStatusId(237)) purpose=PrivateSetup nr=10 logical_args=[140737353842688, 4096, 5, 0, 0, 0] executed_args=[140737353842688, 4096, 5, 0, 0, 0] rip=0x71000000 out"
575: operation="private syscall completion" raw_clock=Some(18021) detail_bytes=118 detail_prefix="Stopped(tid=2756603 generation=PhysicalEventGenerationId(1) physical_status=Some(PhysicalStatusId(238)) event=Syscall)"
576: operation="private held stop registers" raw_clock=Some(18021) detail_bytes=202 detail_prefix="tid=2756603 event=Syscall regs=[0, 0, 140737488350384, 4199808, 0, 0, 775, 0, 0, 0, 0, 1895825410, 5, 4096, 140737353842688, 10, 1895825410, 51, 519, 140737353805824, 43, 140737353811776, 0, 0, 0, 0, 0]"
577: operation="private syscall result" raw_clock=Some(18021) detail_bytes=60 detail_prefix="mprotect args=[140737353842688, 4096, 5, 0, 0, 0] result=0x0"
578: operation="profiled ptmalloc pre-dlopen state" raw_clock=Some(18021) detail_bytes=96 detail_prefix="initialized=0 tcache_key_sha256=af5570f5a1810b7af78caf4bc70a660f0df51e42baf91d4de5b2328de0e83dfc"
579: operation="before dlopen" raw_clock=Some(18021) detail_bytes=22 detail_prefix="address=0x7ffff7c87ab0"
580: operation="private function stop" raw_clock=Some(18021) detail_bytes=118 detail_prefix="Stopped(tid=2756603 generation=PhysicalEventGenerationId(1) physical_status=Some(PhysicalStatusId(239)) event=Seccomp)"
581: operation="private held stop registers" raw_clock=Some(18021) detail_bytes=276 detail_prefix="tid=2756603 event=Seccomp regs=[0, 140737354125312, 140737354130720, 16, 16, 2415919106, 582, 18446744073709551614, 0, 2415919106, 18446744073709551578, 140737350567461, 1, 8, 140737352054008, 318, 140737350567461, 51, 582, 140737353803136, 43, 14073735381"
582: operation="private loader syscall" raw_clock=Some(18021) detail_bytes=51 detail_prefix="ip=0x7ffff7c98623 nr=318 image=/usr/lib64/libc.so.6"
583: operation="private syscall permit consumed" raw_clock=Some(18021) detail_bytes=352 detail_prefix="tid=2756603 generation=1 origin_status=Some(PhysicalStatusId(238)) admission_status=Some(PhysicalStatusId(239)) purpose=PrivateSetup nr=318 logical_args=[140737352054008, 8, 1, 18446744073709551614, 2415919106, 0] executed_args=[140737352054008, 8, 1, 1844"
584: operation="profiled ptmalloc bootstrap entropy emulated" raw_clock=Some(18021) detail_bytes=99 detail_prefix="length=8 flags=1 tcache_key_sha256=b880aaac2d29d8fa4ae2b5ddb1670f3a9cbc0ea3fdb216cbad8e5cadf5920e21"
585: operation="private function stop" raw_clock=Some(18021) detail_bytes=118 detail_prefix="Stopped(tid=2756603 generation=PhysicalEventGenerationId(1) physical_status=Some(PhysicalStatusId(241)) event=Seccomp)"
586: operation="private held stop registers" raw_clock=Some(18021) detail_bytes=256 detail_prefix="tid=2756603 event=Seccomp regs=[688, 140737352027392, 18446744073709547520, 0, 140737352057784, 135168, 582, 4095, 0, 3, 18446744073709551578, 140737351012187, 0, 135168, 0, 12, 140737351012187, 51, 582, 140737353802792, 43, 140737353811776, 0, 0, 0, 0, 0]"
587: operation="private loader syscall" raw_clock=Some(18021) detail_bytes=50 detail_prefix="ip=0x7ffff7d04f59 nr=12 image=/usr/lib64/libc.so.6"
588: operation="private syscall permit consumed" raw_clock=Some(18021) detail_bytes=249 detail_prefix="tid=2756603 generation=1 origin_status=Some(PhysicalStatusId(238)) admission_status=Some(PhysicalStatusId(241)) purpose=PrivateSetup nr=12 logical_args=[0, 135168, 0, 4095, 3, 0] executed_args=[0, 135168, 0, 4095, 3, 0] rip=0x7ffff7d04f59 outputs=[]"
589: operation="private loader syscall exit" raw_clock=Some(18021) detail_bytes=118 detail_prefix="Stopped(tid=2756603 generation=PhysicalEventGenerationId(1) physical_status=Some(PhysicalStatusId(242)) event=Syscall)"
590: operation="private held stop registers" raw_clock=Some(18021) detail_bytes=243 detail_prefix="tid=2756603 event=Syscall regs=[688, 140737352027392, 18446744073709547520, 0, 140737352057784, 135168, 582, 4095, 0, 3, 4214784, 140737351012187, 0, 135168, 0, 12, 140737351012187, 51, 582, 140737353802792, 43, 140737353811776, 0, 0, 0, 0, 0]"
591: operation="private loader syscall result" raw_clock=Some(18021) detail_bytes=113 detail_prefix="nr=12 logical_args=[0, 135168, 0, 4095, 3, 0] executed_args=[0, 135168, 0, 4095, 3, 0] result=0x405000 outputs=[]"
592: operation="private function stop" raw_clock=Some(18021) detail_bytes=118 detail_prefix="Stopped(tid=2756603 generation=PhysicalEventGenerationId(1) physical_status=Some(PhysicalStatusId(243)) event=Seccomp)"
593: operation="private held stop registers" raw_clock=Some(18021) detail_bytes=283 detail_prefix="tid=2756603 event=Seccomp regs=[688, 140737352027392, 18446744073709547520, 4214784, 140737352057784, 4349952, 518, 4095, 0, 3, 18446744073709551578, 140737351012187, 140737352057784, 135168, 4349952, 12, 140737351012187, 51, 518, 140737353802792, 43, 1407"
594: operation="private loader syscall" raw_clock=Some(18021) detail_bytes=50 detail_prefix="ip=0x7ffff7d04f59 nr=12 image=/usr/lib64/libc.so.6"
595: operation="physical event partition validated" raw_clock=None detail_bytes=171 detail_prefix="observer=PhysicalObserverId(1) records=2457 physical_statuses=245 successful_resumes=243 explicit_dispositions=2 ordinary_lost=0 cleanup_lost=0 after_close=0 violations=[]"
note: run with `RUST_BACKTRACE=1` environment variable to display a backtrace
FAILED

failures:

failures:
    non_output_stats_api_reports_four_call_dispatch_exactly

test result: FAILED. 0 passed; 1 failed; 0 ignored; 0 measured; 7 filtered out; finished in 0.11s

error: test failed, to rerun pass `-p reverie-liteinst --test after_loader`
