
running 12 tests
test tracer::tests::ordinary_nonleader_exec_real_signal_cancels_postexec_timer ... FAILED
test tracer::tests::ordinary_nonleader_exec_postexec_timer_survives_internal_step ... FAILED
test tracer::tests::ordinary_nonleader_exec_displaced_hook_failure_fences_replacement ... ok
test tracer::tests::ordinary_nonleader_injected_exec_echild_awaits_leader_exec_edge ... ok
test tracer::tests::ordinary_nonleader_exec_transfers_state_and_consumes_old_leader_once ... ok

running 1 test
test tracer::tests::ordinary_nonleader_tool_failure_reaps_fork_descendants ... 
running 1 test
test tracer::tests::ordinary_nonleader_tool_failure_reaps_fork_descendants ... test tracer::tests::ordinary_nonleader_success_preserves_exit_callbacks ... ok
test tracer::tests::ordinary_nonleader_tool_failure_cancels_pending_newborn_start ... ok

running 1 test
test tracer::tests::ordinary_nonleader_tool_failure_reaps_unhanded_fork_child ... test tracer::tests::ordinary_nonleader_tool_failure_reaps_threads_without_resuming ... ok

running 1 test
test tracer::tests::ordinary_nonleader_tool_failure_reaps_unhanded_fork_child ... fatal control raises original error in live tid 3125374 (mode 1)
ordinary cleanup control: root=3125270, descendant=3125341, fail=true, fork=true, newborn=false, timeout=false, root_absent=true, descendant_absent=false, post_syscall=0, sentinel_untouched=true
fatal physical identity: tid=3125270, initial=TraceeSnapshot { tgid: Pid(3125270), ppid: Pid(3125203), tracer_pid: Pid(3125224), start_time: 13488358 }, proc_inode=3017071208, same_process=false, stat=Err(Os { code: 3, kind: Uncategorized, message: "No such process" }), status=Err(Os { code: 3, kind: Uncategorized, message: "No such process" }), pidfd_poll=1, pidfd_revents=17, pidfd_signal0=Err(ESRCH)
fatal physical identity: tid=3125341, initial=TraceeSnapshot { tgid: Pid(3125341), ppid: Pid(3125270), tracer_pid: Pid(3125224), start_time: 13488359 }, proc_inode=3017111099, same_process=true, stat=Ok("3125341 (tracer::tests::) Z 3125180 3124391 4181200 0 -1 4228172 22 0 0 0 0 0 0 0 30 10 1 0 13488359 0 0 18446744073709551615 0 0 0 0 0 0 0 3149824 1088 1 0 0 17 109 0 0 0 0 0 0 0 0 0 0 0 0 9\n"), status=Ok("State:\tZ (zombie); Tgid:\t3125341; Pid:\t3125341; PPid:\t3125180; TracerPid:\t0"), pidfd_poll=1, pidfd_revents=1, pidfd_signal0=Ok(())
fatal original notifier: tid=3125270, terminal=Ok(Some(Signaled(SIGKILL, false))), retired=true, held_stop=false
fatal original notifier: tid=3125341, terminal=Ok(Some(Signaled(SIGKILL, false))), retired=true, held_stop=false
fatal original notifier: tid=3125374, terminal=Ok(Some(Signaled(SIGKILL, false))), retired=true, held_stop=false
fatal chronology: Some((["RootStopLease step before: tid=3125270, siginfo=Ok((19, -6)), terminal=Ok(None)", "RootStopLease step result: Ok(Running(Pid(3125270), TraceeToken { event: EventHandle(EventGeneration { event: Event { exit_waiters: ExitWaiters { waiters: Mutex { data: [] } }, exit_publication: Mutex { data: () }, status_waker: WakerSlot { waker: Mutex { data: Some(Waker { data: 0x7f160000b900, vtable: 0x55b8d4dbab68 }) }, data: 0x7f160000b900, vtable: 0x55b8d4dbab68 }, status: Mutex { data: StatusState { pending: [], terminal: -1 } }, status_changed: Condvar { .. }, exit_status: 0, exit_capability: 0, exit_epoch: 0, registration_error: Mutex { data: None }, worker_state: 2, worker_done_lock: Mutex { data: () }, worker_done_changed: Condvar { .. }, cleanup_cancel_requested: false, cleanup_claim_waiters: 0, wait_owner: 2, wait_owner_lock: Mutex { data: () }, wait_owner_changed: Condvar { .. } }, identity: OnceLock(WorkerIdentity { pid: Pid(3125270), snapshot: WorkerProcSnapshot { tgid: Pid(3125270), tracer_pid: Pid(3125224), start_time: 13488358 }, pidfd: OwnedFd { fd: 14 }, proc_dir: OwnedFd { fd: 16 }, proc_inode: 3017071208 }), authoritative: OnceLock(<uninit>) }) }))", "RootStopLease step before: tid=3125270, siginfo=Ok((5, 1)), terminal=Ok(None)", "RootStopLease step result: Ok(Running(Pid(3125270), TraceeToken { event: EventHandle(EventGeneration { event: Event { exit_waiters: ExitWaiters { waiters: Mutex { data: [] } }, exit_publication: Mutex { data: () }, status_waker: WakerSlot { waker: Mutex { data: Some(Waker { data: 0x7f160000b900, vtable: 0x55b8d4dbab68 }) }, data: 0x7f160000b900, vtable: 0x55b8d4dbab68 }, status: Mutex { data: StatusState { pending: [], terminal: -1 } }, status_changed: Condvar { .. }, exit_status: 0, exit_capability: 0, exit_epoch: 0, registration_error: Mutex { data: None }, worker_state: 2, worker_done_lock: Mutex { data: () }, worker_done_changed: Condvar { .. }, cleanup_cancel_requested: false, cleanup_claim_waiters: 0, wait_owner: 2, wait_owner_lock: Mutex { data: () }, wait_owner_changed: Condvar { .. } }, identity: OnceLock(WorkerIdentity { pid: Pid(3125270), snapshot: WorkerProcSnapshot { tgid: Pid(3125270), tracer_pid: Pid(3125224), start_time: 13488358 }, pidfd: OwnedFd { fd: 14 }, proc_dir: OwnedFd { fd: 16 }, proc_inode: 3017071208 }), authoritative: OnceLock(<uninit>) }) }))", "RootStopLease step before: tid=3125270, siginfo=Ok((5, 261)), terminal=Ok(None)", "RootStopLease step result: Ok(Running(Pid(3125270), TraceeToken { event: EventHandle(EventGeneration { event: Event { exit_waiters: ExitWaiters { waiters: Mutex { data: [(Weak)] } }, exit_publication: Mutex { data: () }, status_waker: WakerSlot { waker: Mutex { data: Some(Waker { data: 0x7f160000b900, vtable: 0x55b8d4dbab68 }) }, data: 0x7f160000b900, vtable: 0x55b8d4dbab68 }, status: Mutex { data: StatusState { pending: [], terminal: -1 } }, status_changed: Condvar { .. }, exit_status: 0, exit_capability: 0, exit_epoch: 0, registration_error: Mutex { data: None }, worker_state: 2, worker_done_lock: Mutex { data: () }, worker_done_changed: Condvar { .. }, cleanup_cancel_requested: false, cleanup_claim_waiters: 0, wait_owner: 2, wait_owner_lock: Mutex { data: () }, wait_owner_changed: Condvar { .. } }, identity: OnceLock(WorkerIdentity { pid: Pid(3125270), snapshot: WorkerProcSnapshot { tgid: Pid(3125270), tracer_pid: Pid(3125224), start_time: 13488358 }, pidfd: OwnedFd { fd: 14 }, proc_dir: OwnedFd { fd: 16 }, proc_inode: 3017071208 }), authoritative: OnceLock(<uninit>) }) }))", "RootStopLease step before: tid=3125270, siginfo=Ok((5, 773)), terminal=Ok(None)", "RootStopLease step result: Ok(Running(Pid(3125270), TraceeToken { event: EventHandle(EventGeneration { event: Event { exit_waiters: ExitWaiters { waiters: Mutex { data: [(Weak)] } }, exit_publication: Mutex { data: () }, status_waker: WakerSlot { waker: Mutex { data: Some(Waker { data: 0x7f160000b900, vtable: 0x55b8d4dbab68 }) }, data: 0x7f160000b900, vtable: 0x55b8d4dbab68 }, status: Mutex { data: StatusState { pending: [], terminal: -1 } }, status_changed: Condvar { .. }, exit_status: 0, exit_capability: 0, exit_epoch: 0, registration_error: Mutex { data: None }, worker_state: 2, worker_done_lock: Mutex { data: () }, worker_done_changed: Condvar { .. }, cleanup_cancel_requested: false, cleanup_claim_waiters: 0, wait_owner: 2, wait_owner_lock: Mutex { data: () }, wait_owner_changed: Condvar { .. } }, identity: OnceLock(WorkerIdentity { pid: Pid(3125270), snapshot: WorkerProcSnapshot { tgid: Pid(3125270), tracer_pid: Pid(3125224), start_time: 13488358 }, pidfd: OwnedFd { fd: 14 }, proc_dir: OwnedFd { fd: 16 }, proc_inode: 3017071208 }), authoritative: OnceLock(<uninit>) }) }))", "finish_ordinary_terminal entered: Ok(Stopped(Pid(3125270), TraceeToken { event: EventHandle(EventGeneration { event: Event { exit_waiters: ExitWaiters { waiters: Mutex { data: [(Weak)] } }, exit_publication: Mutex { data: () }, status_waker: WakerSlot { waker: Mutex { data: Some(Waker { data: 0x7f160000b900, vtable: 0x55b8d4dbab68 }) }, data: 0x7f160000b900, vtable: 0x55b8d4dbab68 }, status: Mutex { data: StatusState { pending: [], terminal: -1 } }, status_changed: Condvar { .. }, exit_status: 1, exit_capability: 2, exit_epoch: 0, registration_error: Mutex { data: None }, worker_state: 2, worker_done_lock: Mutex { data: () }, worker_done_changed: Condvar { .. }, cleanup_cancel_requested: false, cleanup_claim_waiters: 0, wait_owner: 2, wait_owner_lock: Mutex { data: () }, wait_owner_changed: Condvar { .. } }, identity: OnceLock(WorkerIdentity { pid: Pid(3125270), snapshot: WorkerProcSnapshot { tgid: Pid(3125270), tracer_pid: Pid(3125224), start_time: 13488358 }, pidfd: OwnedFd { fd: 14 }, proc_dir: OwnedFd { fd: 16 }, proc_inode: 3017071208 }), authoritative: OnceLock(<uninit>) }) }))", "finish getevent: tid=3125270, result=Ok(9), terminal=Ok(None), retired=false", "finish_ordinary_terminal entered: Ok(Stopped(Pid(3125341), TraceeToken { event: EventHandle(EventGeneration { event: Event { exit_waiters: ExitWaiters { waiters: Mutex { data: [(Weak)] } }, exit_publication: Mutex { data: () }, status_waker: WakerSlot { waker: Mutex { data: Some(Waker { data: 0x7f1600033380, vtable: 0x55b8d4dbb010 }) }, data: 0x7f1600033380, vtable: 0x55b8d4dbb010 }, status: Mutex { data: StatusState { pending: [], terminal: -1 } }, status_changed: Condvar { .. }, exit_status: 1, exit_capability: 2, exit_epoch: 0, registration_error: Mutex { data: None }, worker_state: 2, worker_done_lock: Mutex { data: () }, worker_done_changed: Condvar { .. }, cleanup_cancel_requested: false, cleanup_claim_waiters: 0, wait_owner: 2, wait_owner_lock: Mutex { data: () }, wait_owner_changed: Condvar { .. } }, identity: OnceLock(WorkerIdentity { pid: Pid(3125341), snapshot: WorkerProcSnapshot { tgid: Pid(3125341), tracer_pid: Pid(3125224), start_time: 13488359 }, pidfd: OwnedFd { fd: 28 }, proc_dir: OwnedFd { fd: 29 }, proc_inode: 3017111099 }), authoritative: OnceLock(<uninit>) }) }))", "finish getevent: tid=3125341, result=Ok(9), terminal=Ok(None), retired=false", "finish_ordinary_terminal entered: Ok(Stopped(Pid(3125374), TraceeToken { event: EventHandle(EventGeneration { event: Event { exit_waiters: ExitWaiters { waiters: Mutex { data: [(Weak)] } }, exit_publication: Mutex { data: () }, status_waker: WakerSlot { waker: Mutex { data: Some(Waker { data: 0x7f1600043100, vtable: 0x55b8d4dbb010 }) }, data: 0x7f1600043100, vtable: 0x55b8d4dbb010 }, status: Mutex { data: StatusState { pending: [], terminal: -1 } }, status_changed: Condvar { .. }, exit_status: 1, exit_capability: 2, exit_epoch: 0, registration_error: Mutex { data: None }, worker_state: 2, worker_done_lock: Mutex { data: () }, worker_done_changed: Condvar { .. }, cleanup_cancel_requested: false, cleanup_claim_waiters: 0, wait_owner: 2, wait_owner_lock: Mutex { data: () }, wait_owner_changed: Condvar { .. } }, identity: OnceLock(WorkerIdentity { pid: Pid(3125374), snapshot: WorkerProcSnapshot { tgid: Pid(3125270), tracer_pid: Pid(3125224), start_time: 13488359 }, pidfd: OwnedFd { fd: 41 }, proc_dir: OwnedFd { fd: 42 }, proc_inode: 3017111104 }), authoritative: OnceLock(<uninit>) }) }))", "finish getevent: tid=3125374, result=Ok(9), terminal=Ok(None), retired=false"], 0))
fatal legacy result: error(Tool(ordinary nonleader failure control)), original_nonleader=true; consuming hooks: Some([(Pid(3125270), None), (Pid(3125341), None), (Pid(3125374), None), (Pid(3125341), Some(Signaled(SIGKILL, false))), (Pid(3125374), Some(Signaled(SIGKILL, false))), (Pid(3125270), 
running 1 test
Sometest tracer::tests::ordinary_nonleader_tool_failure_reaps_unhanded_vfork_child ... (Signaled(SIGKILL, false)))])
natural-reaper product predicate: opponent=false, ready=true, root=3125270, child=3125341, start=13488359, inode=3017111099, backend_sigkill=1, terminal_ack=1, original_error=1, post_syscall=0, callbacks_valid=1, zombie=true, tracer=0
owned held zombie: child=3125341, status=SIGKILL, WNOWAIT=true, proc_present=true
actual natural wait: child=3125341, status=SIGKILL, root_absent=true, child_absent=true, remaining_ns=2984211462
ok

test result: ok. 1 passed; 0 failed; 0 ignored; 0 measured; 364 filtered out; finished in 0.01s

ok

test result: ok. 1 passed; 0 failed; 0 ignored; 0 measured; 364 filtered out; finished in 0.01s


running 1 test
test tracer::tests::ordinary_nonleader_tool_failure_reaps_unhanded_vfork_child ... test tracer::tests::ordinary_nonleader_tool_failure_reaps_fork_descendants ... ok
fatal control raises original error in live tid 3125470 (mode 3)
unhanded real child edges: [(Pid(3125426), Clone, Pid(3125470)), (Pid(3125426), Fork, Pid(3125502))]; child_body=0
unhanded original generation resource retention: groups/vfork/unconfirmed=(0, 0, 0), opponent=false
natural-reaper product predicate: opponent=false, ready=true, root=3125426, child=3125502, start=13488360, inode=3017211043, backend_sigkill=1, terminal_ack=1, original_error=1, post_syscall=0, callbacks_valid=1, zombie=true, tracer=0
owned held zombie: child=3125502, status=SIGKILL, WNOWAIT=true, proc_present=true
actual natural wait: child=3125502, status=SIGKILL, root_absent=true, child_absent=true, remaining_ns=2995152972
ok

test result: ok. 1 passed; 0 failed; 0 ignored; 0 measured; 364 filtered out; finished in 0.01s

ok

test result: ok. 1 passed; 0 failed; 0 ignored; 0 measured; 364 filtered out; finished in 0.01s

test tracer::tests::ordinary_nonleader_tool_failure_reaps_unhanded_fork_child ... ok
fatal control raises original error in live tid 3125549 (mode 3)
unhanded real child edges: [(Pid(3125507), Clone, Pid(3125549)), (Pid(3125507), Vfork, Pid(3125561))]; child_body=0
unhanded original generation resource retention: groups/vfork/unconfirmed=(0, 0, 0), opponent=false
natural-reaper product predicate: opponent=false, ready=true, root=3125507, child=3125561, start=13488360, inode=3017274373, backend_sigkill=1, terminal_ack=1, original_error=1, post_syscall=0, callbacks_valid=1, zombie=true, tracer=0
owned held zombie: child=3125561, status=SIGKILL, WNOWAIT=true, proc_present=true
actual natural wait: child=3125561, status=SIGKILL, root_absent=true, child_absent=true, remaining_ns=2996701697
ok

test result: ok. 1 passed; 0 failed; 0 ignored; 0 measured; 364 filtered out; finished in 0.01s

ok

test result: ok. 1 passed; 0 failed; 0 ignored; 0 measured; 364 filtered out; finished in 0.01s

test tracer::tests::ordinary_nonleader_tool_failure_reaps_unhanded_vfork_child ... ok
test tracer::tests::ordinary_nonleader_exec_run_loop_echild_awaits_leader_exec_edge ... ok

successes:

---- tracer::tests::ordinary_nonleader_exec_displaced_hook_failure_fences_replacement stdout ----
exec timer payload: /tmp/reverie-fatal-exec-timer-3124449
PROBE[exec-edge-ok] t=134883570782069 (dt=4137us) caller=3125007 target=3125003 what=WAITID(P_PIDFD) thread=Some("guest-3125003") result=Ok(Some("0x137f")) rc=0 site=safeptrace/src/notifier.rs:1858
PROBE[exec-edge-ok] t=134883571403362 (dt=3516us) caller=3124467 target=3125003 what=PTRACE_SINGLESTEP(None) rc=0 site=reverie-ptrace/src/task.rs:2719
PROBE[exec-edge-ok] t=134883571459767 (dt=3459us) caller=3125007 target=3125003 what=WAITID(P_PIDFD) thread=Some("guest-3125003") result=Ok(Some("0x57f")) rc=0 site=safeptrace/src/notifier.rs:1858
PROBE[exec-edge-ok] t=134883571609432 (dt=3310us) caller=3124467 target=3125003 what=PTRACE_SINGLESTEP(None) rc=0 site=reverie-ptrace/src/task.rs:5455
PROBE[exec-edge-ok] t=134883571629412 (dt=3290us) caller=3125007 target=3125003 what=WAITID(P_PIDFD) thread=Some("guest-3125003") result=Ok(Some("0x57f")) rc=0 site=safeptrace/src/notifier.rs:1858
PROBE[exec-edge-ok] t=134883571915892 (dt=3003us) caller=3124467 target=3125003 what=PTRACE_CONT(resume,None) rc=0 site=reverie-ptrace/src/task.rs:5444
PROBE[exec-edge-ok] t=134883572111476 (dt=2808us) caller=3125007 target=3125003 what=WAITID(P_PIDFD) thread=Some("guest-3125003") result=Ok(Some("0x3057f")) rc=0 site=safeptrace/src/notifier.rs:1858
PROBE[exec-edge-ok] t=134883572133829 (dt=2785us) caller=3124467 target=3125003 what=GETEVENTMSG-before rc=0 site=safeptrace/src/lib.rs:234
PROBE[exec-edge-ok] t=134883572138246 (dt=2781us) caller=3124467 target=3125003 what=GETEVENTMSG-after rc=3125021 site=safeptrace/src/lib.rs:234
PROBE[exec-edge-ok] t=134883572882614 (dt=2037us) caller=3125041 target=3125021 what=WAITID(P_PIDFD) thread=Some("guest-3125021") result=Ok(Some("0x137f")) rc=0 site=safeptrace/src/notifier.rs:1858
PROBE[exec-edge-ok] t=134883573589856 (dt=1329us) caller=3124467 target=3125003 what=PTRACE_SINGLESTEP(None) rc=0 site=reverie-ptrace/src/task.rs:5455
PROBE[exec-edge-ok] t=134883573629785 (dt=1289us) caller=3125007 target=3125003 what=WAITID(P_PIDFD) thread=Some("guest-3125003") result=Ok(Some("0x57f")) rc=0 site=safeptrace/src/notifier.rs:1858
PROBE[exec-edge-ok] t=134883573882435 (dt=1037us) caller=3124467 target=3125021 what=PTRACE_CONT(resume,None) rc=0 site=reverie-ptrace/src/task.rs:5444
PROBE[exec-edge-ok] t=134883573985620 (dt=934us) caller=3124467 target=3125003 what=PTRACE_CONT(resume,None) rc=0 site=reverie-ptrace/src/task.rs:5444
PROBE[exec-edge-ok] t=134883574109416 (dt=810us) caller=3125007 target=3125003 what=WAITID(P_PIDFD) thread=Some("guest-3125003") result=Ok(Some("0x6057f")) rc=0 site=safeptrace/src/notifier.rs:1858
PROBE[exec-edge-ok] t=134883574147854 (dt=771us) caller=3124467 target=3125003 what=drive_ordinary: ExitFuture resolved ok=true main=true rc=0 site=reverie-ptrace/src/task.rs:6946
PROBE[exec-edge-ok] t=134883574157297 (dt=762us) caller=3124467 target=3125003 what=finish_ordinary_terminal entered with Ok(Stopped) rc=0 site=reverie-ptrace/src/tracer.rs:543
PROBE[exec-edge-ok] t=134883574159861 (dt=759us) caller=3124467 target=3125003 what=GETEVENTMSG-before rc=0 site=reverie-ptrace/src/tracer.rs:556
PROBE[exec-edge-ok] t=134883574163006 (dt=756us) caller=3124467 target=3125003 what=GETEVENTMSG-after rc=0 site=reverie-ptrace/src/tracer.rs:556
PROBE[exec-edge-ok] t=134883574168554 (dt=751us) caller=3124467 target=3125003 what=PTRACE_CONT(resume_retaining,None) rc=0 site=reverie-ptrace/src/tracer.rs:613
PROBE[exec-edge-ok] t=134883574245901 (dt=673us) caller=3125041 target=3125021 what=WAITID(P_PIDFD) thread=Some("guest-3125021") result=Err(ECHILD) rc=0 site=safeptrace/src/notifier.rs:1858
PROBE[exec-edge-ok] t=134883574297058 (dt=622us) caller=3124467 target=3125021 what=drive_ordinary: ExitFuture resolved ok=false main=false rc=0 site=reverie-ptrace/src/task.rs:6946
PROBE[exec-edge-ok] t=134883574743889 (dt=175us) caller=3125007 target=3125003 what=WAITID(P_PIDFD) thread=Some("guest-3125003") result=Ok(Some("0x4057f")) rc=0 site=safeptrace/src/notifier.rs:1858
PROBE[exec-edge-ok] t=134883574758731 (dt=160us) caller=3124467 target=3125003 what=GETEVENTMSG-before rc=0 site=safeptrace/src/lib.rs:246
PROBE[exec-edge-ok] t=134883574760894 (dt=158us) caller=3124467 target=3125003 what=GETEVENTMSG-after rc=3125021 site=safeptrace/src/lib.rs:246
PROBE[exec-edge-ok] t=134883574919001 (dt=0us) caller=3124467 target=3125003 what=EXEC-EDGE observed former=3125021 exit_status=Some(Exited(0)) esrch=None snapshot: [task 3125003: State: t (tracing stop) | Pid: 3125003 | TracerPid: 3124467 | SigPnd: 0000000000000000 | ShdPnd: 0000000000000000 | stat.state=t stat.exit_code=0 | wchan=ptrace_stop] rc=0 site=reverie-ptrace/src/tracer.rs:675
actual delivered marker observations: tracer=3124449, rows=[]
exec owner before rescue: fail=true, timer_mode=0, root_absent=true, events=[(0, Pid(3125003), 3125003, None), (0, Pid(3125021), 3125021, None), (2, Pid(3125003), 3125003, Some(Exited(0))), (2, Pid(3125003), 3125021, Some(Signaled(SIGKILL, false))), (3, Pid(3125003), 0, Some(Signaled(SIGKILL, false)))], elapsed=45.658481ms, outcome=Complete(Err(PtraceRunFailure { primary: Tool(ordinary nonleader failure control), origin: BackendFailure { pid: Pid(3125003), tid: Pid(3125003), phase: "ptrace replaced leader on_exit_thread" }, secondary: [], captured_prefix: Some(CapturedPrefix { stdout: [], stderr: [] }) }))
actual perf exec handoff: ExecTimerTransfer { displaced: Some(ExecTimerIdentity { clock_fd: 61, timer_fd: 58, clock_event_id: 6887475, timer_event_id: 6887474, artificial_pending: false, artificial_signal_sent: false, cancelled: true, guest_pid: Pid(3125003), guest_tid: Pid(3125003), kernel_owner_tid: Pid(3125003) }), before: Some(ExecTimerIdentity { clock_fd: 42, timer_fd: 34, clock_event_id: 6887477, timer_event_id: 6887476, artificial_pending: false, artificial_signal_sent: false, cancelled: true, guest_pid: Pid(3125003), guest_tid: Pid(3125021), kernel_owner_tid: Pid(0) }), after: Some(ExecTimerIdentity { clock_fd: 42, timer_fd: 34, clock_event_id: 6887477, timer_event_id: 6887476, artificial_pending: false, artificial_signal_sent: false, cancelled: true, guest_pid: Pid(3125003), guest_tid: Pid(3125003), kernel_owner_tid: Pid(3125003) }), displaced_fds_closed: true }

---- tracer::tests::ordinary_nonleader_injected_exec_echild_awaits_leader_exec_edge stdout ----
PROBE[exec-edge-ok] t=134883573638068 (dt=3436us) caller=3125050 target=3125047 what=WAITID(P_PIDFD) thread=Some("guest-3125047") result=Ok(Some("0x137f")) rc=0 site=safeptrace/src/notifier.rs:1858
PROBE[exec-edge-ok] t=134883574069636 (dt=3004us) caller=3125040 target=3125047 what=PTRACE_SINGLESTEP(None) rc=0 site=reverie-ptrace/src/task.rs:2719
PROBE[exec-edge-ok] t=134883574119661 (dt=2954us) caller=3125050 target=3125047 what=WAITID(P_PIDFD) thread=Some("guest-3125047") result=Ok(Some("0x57f")) rc=0 site=safeptrace/src/notifier.rs:1858
PROBE[exec-edge-ok] t=134883574288244 (dt=2785us) caller=3125040 target=3125047 what=PTRACE_SINGLESTEP(None) rc=0 site=reverie-ptrace/src/task.rs:5455
PROBE[exec-edge-ok] t=134883574303938 (dt=2770us) caller=3125050 target=3125047 what=WAITID(P_PIDFD) thread=Some("guest-3125047") result=Ok(Some("0x57f")) rc=0 site=safeptrace/src/notifier.rs:1858
PROBE[exec-edge-ok] t=134883574480233 (dt=2593us) caller=3125040 target=3125047 what=PTRACE_CONT(resume,None) rc=0 site=reverie-ptrace/src/task.rs:5444
PROBE[exec-edge-ok] t=134883574669427 (dt=2404us) caller=3125050 target=3125047 what=WAITID(P_PIDFD) thread=Some("guest-3125047") result=Ok(Some("0x3057f")) rc=0 site=safeptrace/src/notifier.rs:1858
PROBE[exec-edge-ok] t=134883574695015 (dt=2379us) caller=3125040 target=3125047 what=GETEVENTMSG-before rc=0 site=safeptrace/src/lib.rs:234
PROBE[exec-edge-ok] t=134883574698420 (dt=2375us) caller=3125040 target=3125047 what=GETEVENTMSG-after rc=3125071 site=safeptrace/src/lib.rs:234
PROBE[exec-edge-ok] t=134883575135166 (dt=1938us) caller=3125077 target=3125071 what=WAITID(P_PIDFD) thread=Some("guest-3125071") result=Ok(Some("0x137f")) rc=0 site=safeptrace/src/notifier.rs:1858
PROBE[exec-edge-ok] t=134883575450499 (dt=1623us) caller=3125040 target=3125047 what=PTRACE_SINGLESTEP(None) rc=0 site=reverie-ptrace/src/task.rs:5455
PROBE[exec-edge-ok] t=134883575484350 (dt=1589us) caller=3125050 target=3125047 what=WAITID(P_PIDFD) thread=Some("guest-3125047") result=Ok(Some("0x57f")) rc=0 site=safeptrace/src/notifier.rs:1858
PROBE[exec-edge-ok] t=134883575522177 (dt=1551us) caller=3125040 target=3125071 what=PTRACE_CONT(resume,None) rc=0 site=reverie-ptrace/src/task.rs:5444
PROBE[exec-edge-ok] t=134883575577100 (dt=1497us) caller=3125040 target=3125047 what=PTRACE_CONT(resume,None) rc=0 site=reverie-ptrace/src/task.rs:5444
PROBE[exec-edge-ok] t=134883575589078 (dt=1485us) caller=3125077 target=3125071 what=WAITID(P_PIDFD) thread=Some("guest-3125071") result=Ok(Some("0x7057f")) rc=0 site=safeptrace/src/notifier.rs:1858
PROBE[exec-edge-ok] t=134883575674756 (dt=1399us) caller=3125040 target=3125071 what=PTRACE_SYSCALL(None) rc=0 site=reverie-ptrace/src/task.rs:5466
PROBE[exec-edge-ok] t=134883575838432 (dt=1235us) caller=3125050 target=3125047 what=WAITID(P_PIDFD) thread=Some("guest-3125047") result=Ok(Some("0x6057f")) rc=0 site=safeptrace/src/notifier.rs:1858
PROBE[exec-edge-ok] t=134883575863640 (dt=1210us) caller=3125040 target=3125047 what=drive_ordinary: ExitFuture resolved ok=true main=true rc=0 site=reverie-ptrace/src/task.rs:6946
PROBE[exec-edge-ok] t=134883575870530 (dt=1203us) caller=3125040 target=3125047 what=finish_ordinary_terminal entered with Ok(Stopped) rc=0 site=reverie-ptrace/src/tracer.rs:543
PROBE[exec-edge-ok] t=134883575872834 (dt=1201us) caller=3125040 target=3125047 what=GETEVENTMSG-before rc=0 site=reverie-ptrace/src/tracer.rs:556
PROBE[exec-edge-ok] t=134883575875417 (dt=1198us) caller=3125040 target=3125047 what=GETEVENTMSG-after rc=0 site=reverie-ptrace/src/tracer.rs:556
PROBE[exec-edge-ok] t=134883575878823 (dt=1195us) caller=3125040 target=3125047 what=PTRACE_CONT(resume_retaining,None) rc=0 site=reverie-ptrace/src/tracer.rs:613
PROBE[exec-edge-ok] t=134883575943370 (dt=1130us) caller=3125077 target=3125071 what=WAITID(P_PIDFD) thread=Some("guest-3125071") result=Err(ECHILD) rc=0 site=safeptrace/src/notifier.rs:1858
PROBE[exec-edge-ok] t=134883576488678 (dt=585us) caller=3125050 target=3125047 what=WAITID(P_PIDFD) thread=Some("guest-3125047") result=Ok(Some("0x4057f")) rc=0 site=safeptrace/src/notifier.rs:1858
PROBE[exec-edge-ok] t=134883576837222 (dt=236us) caller=3125040 target=3125047 what=GETEVENTMSG-before rc=0 site=safeptrace/src/lib.rs:246
PROBE[exec-edge-ok] t=134883576894948 (dt=179us) caller=3125040 target=3125047 what=GETEVENTMSG-after rc=3125071 site=safeptrace/src/lib.rs:246
PROBE[exec-edge-ok] t=134883577073416 (dt=0us) caller=3125040 target=3125047 what=EXEC-EDGE observed former=3125071 exit_status=Some(Exited(0)) esrch=None snapshot: [task 3125047: State: t (tracing stop) | Pid: 3125047 | TracerPid: 3125040 | SigPnd: 0000000000000000 | ShdPnd: 0000000000000000 | stat.state=t stat.exit_code=0 | wchan=ptrace_stop] rc=0 site=reverie-ptrace/src/tracer.rs:675

---- tracer::tests::ordinary_nonleader_exec_transfers_state_and_consumes_old_leader_once stdout ----
PROBE[exec-edge-ok] t=134883573633170 (dt=3470us) caller=3125049 target=3125042 what=WAITID(P_PIDFD) thread=Some("guest-3125042") result=Ok(Some("0x137f")) rc=0 site=safeptrace/src/notifier.rs:1858
PROBE[exec-edge-ok] t=134883574021905 (dt=3081us) caller=3125033 target=3125042 what=PTRACE_SINGLESTEP(None) rc=0 site=reverie-ptrace/src/task.rs:2719
PROBE[exec-edge-ok] t=134883574082856 (dt=3020us) caller=3125049 target=3125042 what=WAITID(P_PIDFD) thread=Some("guest-3125042") result=Ok(Some("0x57f")) rc=0 site=safeptrace/src/notifier.rs:1858
PROBE[exec-edge-ok] t=134883574206241 (dt=2897us) caller=3125033 target=3125042 what=PTRACE_SINGLESTEP(None) rc=0 site=reverie-ptrace/src/task.rs:5455
PROBE[exec-edge-ok] t=134883574226441 (dt=2877us) caller=3125049 target=3125042 what=WAITID(P_PIDFD) thread=Some("guest-3125042") result=Ok(Some("0x57f")) rc=0 site=safeptrace/src/notifier.rs:1858
PROBE[exec-edge-ok] t=134883574439572 (dt=2664us) caller=3125033 target=3125042 what=PTRACE_CONT(resume,None) rc=0 site=reverie-ptrace/src/task.rs:5444
PROBE[exec-edge-ok] t=134883574635776 (dt=2468us) caller=3125049 target=3125042 what=WAITID(P_PIDFD) thread=Some("guest-3125042") result=Ok(Some("0x3057f")) rc=0 site=safeptrace/src/notifier.rs:1858
PROBE[exec-edge-ok] t=134883574652341 (dt=2451us) caller=3125033 target=3125042 what=GETEVENTMSG-before rc=0 site=safeptrace/src/lib.rs:234
PROBE[exec-edge-ok] t=134883574658500 (dt=2445us) caller=3125033 target=3125042 what=GETEVENTMSG-after rc=3125070 site=safeptrace/src/lib.rs:234
PROBE[exec-edge-ok] t=134883575062617 (dt=2041us) caller=3125075 target=3125070 what=WAITID(P_PIDFD) thread=Some("guest-3125070") result=Ok(Some("0x137f")) rc=0 site=safeptrace/src/notifier.rs:1858
PROBE[exec-edge-ok] t=134883575358822 (dt=1744us) caller=3125033 target=3125042 what=PTRACE_SINGLESTEP(None) rc=0 site=reverie-ptrace/src/task.rs:5455
PROBE[exec-edge-ok] t=134883575388757 (dt=1715us) caller=3125049 target=3125042 what=WAITID(P_PIDFD) thread=Some("guest-3125042") result=Ok(Some("0x57f")) rc=0 site=safeptrace/src/notifier.rs:1858
PROBE[exec-edge-ok] t=134883575425963 (dt=1677us) caller=3125033 target=3125070 what=PTRACE_CONT(resume,None) rc=0 site=reverie-ptrace/src/task.rs:5444
PROBE[exec-edge-ok] t=134883575475076 (dt=1628us) caller=3125033 target=3125042 what=PTRACE_CONT(resume,None) rc=0 site=reverie-ptrace/src/task.rs:5444
PROBE[exec-edge-ok] t=134883575638412 (dt=1465us) caller=3125049 target=3125042 what=WAITID(P_PIDFD) thread=Some("guest-3125042") result=Ok(Some("0x6057f")) rc=0 site=safeptrace/src/notifier.rs:1858
PROBE[exec-edge-ok] t=134883575672373 (dt=1431us) caller=3125033 target=3125042 what=drive_ordinary: ExitFuture resolved ok=true main=true rc=0 site=reverie-ptrace/src/task.rs:6946
PROBE[exec-edge-ok] t=134883575679143 (dt=1424us) caller=3125033 target=3125042 what=finish_ordinary_terminal entered with Ok(Stopped) rc=0 site=reverie-ptrace/src/tracer.rs:543
PROBE[exec-edge-ok] t=134883575681366 (dt=1422us) caller=3125033 target=3125042 what=GETEVENTMSG-before rc=0 site=reverie-ptrace/src/tracer.rs:556
PROBE[exec-edge-ok] t=134883575684170 (dt=1419us) caller=3125033 target=3125042 what=GETEVENTMSG-after rc=0 site=reverie-ptrace/src/tracer.rs:556
PROBE[exec-edge-ok] t=134883575687245 (dt=1416us) caller=3125033 target=3125042 what=PTRACE_CONT(resume_retaining,None) rc=0 site=reverie-ptrace/src/tracer.rs:613
PROBE[exec-edge-ok] t=134883575733254 (dt=1370us) caller=3125075 target=3125070 what=WAITID(P_PIDFD) thread=Some("guest-3125070") result=Err(ECHILD) rc=0 site=safeptrace/src/notifier.rs:1858
PROBE[exec-edge-ok] t=134883575786534 (dt=1317us) caller=3125033 target=3125070 what=drive_ordinary: ExitFuture resolved ok=false main=false rc=0 site=reverie-ptrace/src/task.rs:6946
PROBE[exec-edge-ok] t=134883576333285 (dt=770us) caller=3125049 target=3125042 what=WAITID(P_PIDFD) thread=Some("guest-3125042") result=Ok(Some("0x4057f")) rc=0 site=safeptrace/src/notifier.rs:1858
PROBE[exec-edge-ok] t=134883576560757 (dt=543us) caller=3125033 target=3125042 what=GETEVENTMSG-before rc=0 site=safeptrace/src/lib.rs:246
PROBE[exec-edge-ok] t=134883576891924 (dt=211us) caller=3125033 target=3125042 what=GETEVENTMSG-after rc=3125070 site=safeptrace/src/lib.rs:246
PROBE[exec-edge-ok] t=134883577074929 (dt=28us) caller=3125033 target=3125042 what=EXEC-EDGE observed former=3125070 exit_status=Some(Exited(0)) esrch=None snapshot: [task 3125042: State: t (tracing stop) | Pid: 3125042 | TracerPid: 3125033 | SigPnd: 0000000000000000 | ShdPnd: 0000000000000000 | stat.state=t stat.exit_code=0 | wchan=ptrace_stop] rc=0 site=reverie-ptrace/src/tracer.rs:675
actual delivered marker observations: tracer=3124449, rows=[(3125042, 16, 1, 65, 150541, false, false)]
exec owner before rescue: fail=false, timer_mode=0, root_absent=true, events=[(0, Pid(3125042), 3125042, None), (0, Pid(3125070), 3125070, None), (2, Pid(3125042), 3125042, Some(Exited(0))), (1, Pid(3125042), 3125070, None), (5, Pid(3125042), 50406, None), (9, Pid(3125042), 150541, None), (4, Pid(3125042), 3125070, None), (6, Pid(3125042), 1050651, None), (2, Pid(3125042), 3125070, Some(Exited(0))), (3, Pid(3125042), 0, Some(Exited(0)))], elapsed=7.748475ms, outcome=Complete(Ok(Output { status: Exited(0), stdout: "survived", stderr: "" }))
actual perf exec handoff: ExecTimerTransfer { displaced: Some(ExecTimerIdentity { clock_fd: 44, timer_fd: 40, clock_event_id: 6887479, timer_event_id: 6887478, artificial_pending: false, artificial_signal_sent: false, cancelled: true, guest_pid: Pid(3125042), guest_tid: Pid(3125042), kernel_owner_tid: Pid(3125042) }), before: Some(ExecTimerIdentity { clock_fd: 58, timer_fd: 6, clock_event_id: 6887483, timer_event_id: 6887482, artificial_pending: false, artificial_signal_sent: false, cancelled: true, guest_pid: Pid(3125042), guest_tid: Pid(3125070), kernel_owner_tid: Pid(0) }), after: Some(ExecTimerIdentity { clock_fd: 58, timer_fd: 6, clock_event_id: 6887483, timer_event_id: 6887482, artificial_pending: false, artificial_signal_sent: false, cancelled: true, guest_pid: Pid(3125042), guest_tid: Pid(3125042), kernel_owner_tid: Pid(3125042) }), displaced_fds_closed: true }

---- tracer::tests::ordinary_nonleader_success_preserves_exit_callbacks stdout ----
ordinary cleanup control: root=3125159, descendant=0, fail=false, fork=false, newborn=false, timeout=false, root_absent=true, descendant_absent=true, post_syscall=1, sentinel_untouched=true
fatal physical identity: tid=3125159, initial=TraceeSnapshot { tgid: Pid(3125159), ppid: Pid(3124449), tracer_pid: Pid(3125100), start_time: 13488357 }, proc_inode=3016905514, same_process=false, stat=Err(Os { code: 3, kind: Uncategorized, message: "No such process" }), status=Err(Os { code: 3, kind: Uncategorized, message: "No such process" }), pidfd_poll=1, pidfd_revents=17, pidfd_signal0=Err(ESRCH)
fatal original notifier: tid=3125159, terminal=Ok(Some(Exited(0))), retired=true, held_stop=false
fatal original notifier: tid=3125195, terminal=Ok(Some(Exited(0))), retired=true, held_stop=false
fatal chronology: Some((["RootStopLease step before: tid=3125159, siginfo=Ok((19, -6)), terminal=Ok(None)", "RootStopLease step result: Ok(Running(Pid(3125159), TraceeToken { event: EventHandle(EventGeneration { event: Event { exit_waiters: ExitWaiters { waiters: Mutex { data: [] } }, exit_publication: Mutex { data: () }, status_waker: WakerSlot { waker: Mutex { data: Some(Waker { data: 0x7fcdac01d480, vtable: 0x5611c28d1b68 }) }, data: 0x7fcdac01d480, vtable: 0x5611c28d1b68 }, status: Mutex { data: StatusState { pending: [], terminal: -1 } }, status_changed: Condvar { .. }, exit_status: 0, exit_capability: 0, exit_epoch: 0, registration_error: Mutex { data: None }, worker_state: 2, worker_done_lock: Mutex { data: () }, worker_done_changed: Condvar { .. }, cleanup_cancel_requested: false, cleanup_claim_waiters: 0, wait_owner: 2, wait_owner_lock: Mutex { data: () }, wait_owner_changed: Condvar { .. } }, identity: OnceLock(WorkerIdentity { pid: Pid(3125159), snapshot: WorkerProcSnapshot { tgid: Pid(3125159), tracer_pid: Pid(3125100), start_time: 13488357 }, pidfd: OwnedFd { fd: 35 }, proc_dir: OwnedFd { fd: 39 }, proc_inode: 3016905514 }), authoritative: OnceLock(<uninit>) }) }))", "RootStopLease step before: tid=3125159, siginfo=Ok((5, 1)), terminal=Ok(None)", "RootStopLease step result: Ok(Running(Pid(3125159), TraceeToken { event: EventHandle(EventGeneration { event: Event { exit_waiters: ExitWaiters { waiters: Mutex { data: [] } }, exit_publication: Mutex { data: () }, status_waker: WakerSlot { waker: Mutex { data: Some(Waker { data: 0x7fcdac01d480, vtable: 0x5611c28d1b68 }) }, data: 0x7fcdac01d480, vtable: 0x5611c28d1b68 }, status: Mutex { data: StatusState { pending: [], terminal: -1 } }, status_changed: Condvar { .. }, exit_status: 0, exit_capability: 0, exit_epoch: 0, registration_error: Mutex { data: None }, worker_state: 2, worker_done_lock: Mutex { data: () }, worker_done_changed: Condvar { .. }, cleanup_cancel_requested: false, cleanup_claim_waiters: 0, wait_owner: 2, wait_owner_lock: Mutex { data: () }, wait_owner_changed: Condvar { .. } }, identity: OnceLock(WorkerIdentity { pid: Pid(3125159), snapshot: WorkerProcSnapshot { tgid: Pid(3125159), tracer_pid: Pid(3125100), start_time: 13488357 }, pidfd: OwnedFd { fd: 35 }, proc_dir: OwnedFd { fd: 39 }, proc_inode: 3016905514 }), authoritative: OnceLock(<uninit>) }) }))", "RootStopLease step before: tid=3125159, siginfo=Ok((5, 773)), terminal=Ok(None)", "RootStopLease step result: Ok(Running(Pid(3125159), TraceeToken { event: EventHandle(EventGeneration { event: Event { exit_waiters: ExitWaiters { waiters: Mutex { data: [(Weak)] } }, exit_publication: Mutex { data: () }, status_waker: WakerSlot { waker: Mutex { data: Some(Waker { data: 0x7fcdac01d480, vtable: 0x5611c28d1b68 }) }, data: 0x7fcdac01d480, vtable: 0x5611c28d1b68 }, status: Mutex { data: StatusState { pending: [], terminal: -1 } }, status_changed: Condvar { .. }, exit_status: 0, exit_capability: 0, exit_epoch: 0, registration_error: Mutex { data: None }, worker_state: 2, worker_done_lock: Mutex { data: () }, worker_done_changed: Condvar { .. }, cleanup_cancel_requested: false, cleanup_claim_waiters: 0, wait_owner: 2, wait_owner_lock: Mutex { data: () }, wait_owner_changed: Condvar { .. } }, identity: OnceLock(WorkerIdentity { pid: Pid(3125159), snapshot: WorkerProcSnapshot { tgid: Pid(3125159), tracer_pid: Pid(3125100), start_time: 13488357 }, pidfd: OwnedFd { fd: 35 }, proc_dir: OwnedFd { fd: 39 }, proc_inode: 3016905514 }), authoritative: OnceLock(<uninit>) }) }))", "finish_ordinary_terminal entered: Ok(Stopped(Pid(3125195), TraceeToken { event: EventHandle(EventGeneration { event: Event { exit_waiters: ExitWaiters { waiters: Mutex { data: [(Weak)] } }, exit_publication: Mutex { data: () }, status_waker: WakerSlot { waker: Mutex { data: Some(Waker { data: 0x7fcdac032e00, vtable: 0x5611c28d2010 }) }, data: 0x7fcdac032e00, vtable: 0x5611c28d2010 }, status: Mutex { data: StatusState { pending: [], terminal: -1 } }, status_changed: Condvar { .. }, exit_status: 1, exit_capability: 2, exit_epoch: 0, registration_error: Mutex { data: None }, worker_state: 2, worker_done_lock: Mutex { data: () }, worker_done_changed: Condvar { .. }, cleanup_cancel_requested: false, cleanup_claim_waiters: 0, wait_owner: 2, wait_owner_lock: Mutex { data: () }, wait_owner_changed: Condvar { .. } }, identity: OnceLock(WorkerIdentity { pid: Pid(3125195), snapshot: WorkerProcSnapshot { tgid: Pid(3125159), tracer_pid: Pid(3125100), start_time: 13488358 }, pidfd: OwnedFd { fd: 56 }, proc_dir: OwnedFd { fd: 57 }, proc_inode: 3016905519 }), authoritative: OnceLock(<uninit>) }) }))", "finish getevent: tid=3125195, result=Ok(0), terminal=Ok(None), retired=false", "finish_ordinary_terminal entered: Ok(Stopped(Pid(3125159), TraceeToken { event: EventHandle(EventGeneration { event: Event { exit_waiters: ExitWaiters { waiters: Mutex { data: [(Weak)] } }, exit_publication: Mutex { data: () }, status_waker: WakerSlot { waker: Mutex { data: Some(Waker { data: 0x7fcdac01d480, vtable: 0x5611c28d1b68 }) }, data: 0x7fcdac01d480, vtable: 0x5611c28d1b68 }, status: Mutex { data: StatusState { pending: [], terminal: -1 } }, status_changed: Condvar { .. }, exit_status: 1, exit_capability: 2, exit_epoch: 0, registration_error: Mutex { data: None }, worker_state: 2, worker_done_lock: Mutex { data: () }, worker_done_changed: Condvar { .. }, cleanup_cancel_requested: false, cleanup_claim_waiters: 0, wait_owner: 2, wait_owner_lock: Mutex { data: () }, wait_owner_changed: Condvar { .. } }, identity: OnceLock(WorkerIdentity { pid: Pid(3125159), snapshot: WorkerProcSnapshot { tgid: Pid(3125159), tracer_pid: Pid(3125100), start_time: 13488357 }, pidfd: OwnedFd { fd: 35 }, proc_dir: OwnedFd { fd: 39 }, proc_inode: 3016905514 }), authoritative: OnceLock(<uninit>) }) }))", "finish getevent: tid=3125159, result=Ok(0), terminal=Ok(None), retired=false"], 0))
fatal legacy result: success(Exited(0)); consuming hooks: None

---- tracer::tests::ordinary_nonleader_tool_failure_cancels_pending_newborn_start stdout ----
fatal control raises original error in live tid 3125212 (mode 2)
ordinary cleanup control: root=3125183, descendant=0, fail=true, fork=false, newborn=true, timeout=false, root_absent=true, descendant_absent=true, post_syscall=0, sentinel_untouched=true
fatal physical identity: tid=3125183, initial=TraceeSnapshot { tgid: Pid(3125183), ppid: Pid(3124449), tracer_pid: Pid(3125140), start_time: 13488358 }, proc_inode=3017089393, same_process=false, stat=Err(Os { code: 3, kind: Uncategorized, message: "No such process" }), status=Err(Os { code: 3, kind: Uncategorized, message: "No such process" }), pidfd_poll=1, pidfd_revents=17, pidfd_signal0=Err(ESRCH)
fatal original notifier: tid=3125183, terminal=Ok(Some(Signaled(SIGKILL, false))), retired=true, held_stop=false
fatal original notifier: tid=3125201, terminal=Ok(Some(Signaled(SIGKILL, false))), retired=true, held_stop=false
fatal original notifier: tid=3125212, terminal=Ok(Some(Signaled(SIGKILL, false))), retired=true, held_stop=false
fatal chronology: Some((["RootStopLease step before: tid=3125183, siginfo=Ok((19, -6)), terminal=Ok(None)", "RootStopLease step result: Ok(Running(Pid(3125183), TraceeToken { event: EventHandle(EventGeneration { event: Event { exit_waiters: ExitWaiters { waiters: Mutex { data: [] } }, exit_publication: Mutex { data: () }, status_waker: WakerSlot { waker: Mutex { data: Some(Waker { data: 0x7fcd98009880, vtable: 0x5611c28d1b68 }) }, data: 0x7fcd98009880, vtable: 0x5611c28d1b68 }, status: Mutex { data: StatusState { pending: [], terminal: -1 } }, status_changed: Condvar { .. }, exit_status: 0, exit_capability: 0, exit_epoch: 0, registration_error: Mutex { data: None }, worker_state: 2, worker_done_lock: Mutex { data: () }, worker_done_changed: Condvar { .. }, cleanup_cancel_requested: false, cleanup_claim_waiters: 0, wait_owner: 2, wait_owner_lock: Mutex { data: () }, wait_owner_changed: Condvar { .. } }, identity: OnceLock(WorkerIdentity { pid: Pid(3125183), snapshot: WorkerProcSnapshot { tgid: Pid(3125183), tracer_pid: Pid(3125140), start_time: 13488358 }, pidfd: OwnedFd { fd: 46 }, proc_dir: OwnedFd { fd: 47 }, proc_inode: 3017089393 }), authoritative: OnceLock(<uninit>) }) }))", "RootStopLease step before: tid=3125183, siginfo=Ok((5, 1)), terminal=Ok(None)", "RootStopLease step result: Ok(Running(Pid(3125183), TraceeToken { event: EventHandle(EventGeneration { event: Event { exit_waiters: ExitWaiters { waiters: Mutex { data: [] } }, exit_publication: Mutex { data: () }, status_waker: WakerSlot { waker: Mutex { data: Some(Waker { data: 0x7fcd98009880, vtable: 0x5611c28d1b68 }) }, data: 0x7fcd98009880, vtable: 0x5611c28d1b68 }, status: Mutex { data: StatusState { pending: [], terminal: -1 } }, status_changed: Condvar { .. }, exit_status: 0, exit_capability: 0, exit_epoch: 0, registration_error: Mutex { data: None }, worker_state: 2, worker_done_lock: Mutex { data: () }, worker_done_changed: Condvar { .. }, cleanup_cancel_requested: false, cleanup_claim_waiters: 0, wait_owner: 2, wait_owner_lock: Mutex { data: () }, wait_owner_changed: Condvar { .. } }, identity: OnceLock(WorkerIdentity { pid: Pid(3125183), snapshot: WorkerProcSnapshot { tgid: Pid(3125183), tracer_pid: Pid(3125140), start_time: 13488358 }, pidfd: OwnedFd { fd: 46 }, proc_dir: OwnedFd { fd: 47 }, proc_inode: 3017089393 }), authoritative: OnceLock(<uninit>) }) }))", "RootStopLease step before: tid=3125183, siginfo=Ok((5, 773)), terminal=Ok(None)", "RootStopLease step result: Ok(Running(Pid(3125183), TraceeToken { event: EventHandle(EventGeneration { event: Event { exit_waiters: ExitWaiters { waiters: Mutex { data: [(Weak)] } }, exit_publication: Mutex { data: () }, status_waker: WakerSlot { waker: Mutex { data: Some(Waker { data: 0x7fcd98009880, vtable: 0x5611c28d1b68 }) }, data: 0x7fcd98009880, vtable: 0x5611c28d1b68 }, status: Mutex { data: StatusState { pending: [], terminal: -1 } }, status_changed: Condvar { .. }, exit_status: 0, exit_capability: 0, exit_epoch: 0, registration_error: Mutex { data: None }, worker_state: 2, worker_done_lock: Mutex { data: () }, worker_done_changed: Condvar { .. }, cleanup_cancel_requested: false, cleanup_claim_waiters: 0, wait_owner: 2, wait_owner_lock: Mutex { data: () }, wait_owner_changed: Condvar { .. } }, identity: OnceLock(WorkerIdentity { pid: Pid(3125183), snapshot: WorkerProcSnapshot { tgid: Pid(3125183), tracer_pid: Pid(3125140), start_time: 13488358 }, pidfd: OwnedFd { fd: 46 }, proc_dir: OwnedFd { fd: 47 }, proc_inode: 3017089393 }), authoritative: OnceLock(<uninit>) }) }))", "RootStopLease step before: tid=3125183, siginfo=Ok((5, 773)), terminal=Ok(None)", "RootStopLease step result: Ok(Running(Pid(3125183), TraceeToken { event: EventHandle(EventGeneration { event: Event { exit_waiters: ExitWaiters { waiters: Mutex { data: [(Weak)] } }, exit_publication: Mutex { data: () }, status_waker: WakerSlot { waker: Mutex { data: Some(Waker { data: 0x7fcd98009880, vtable: 0x5611c28d1b68 }) }, data: 0x7fcd98009880, vtable: 0x5611c28d1b68 }, status: Mutex { data: StatusState { pending: [], terminal: -1 } }, status_changed: Condvar { .. }, exit_status: 0, exit_capability: 0, exit_epoch: 0, registration_error: Mutex { data: None }, worker_state: 2, worker_done_lock: Mutex { data: () }, worker_done_changed: Condvar { .. }, cleanup_cancel_requested: false, cleanup_claim_waiters: 0, wait_owner: 2, wait_owner_lock: Mutex { data: () }, wait_owner_changed: Condvar { .. } }, identity: OnceLock(WorkerIdentity { pid: Pid(3125183), snapshot: WorkerProcSnapshot { tgid: Pid(3125183), tracer_pid: Pid(3125140), start_time: 13488358 }, pidfd: OwnedFd { fd: 46 }, proc_dir: OwnedFd { fd: 47 }, proc_inode: 3017089393 }), authoritative: OnceLock(<uninit>) }) }))", "finish_ordinary_terminal entered: Ok(Stopped(Pid(3125183), TraceeToken { event: EventHandle(EventGeneration { event: Event { exit_waiters: ExitWaiters { waiters: Mutex { data: [(Weak)] } }, exit_publication: Mutex { data: () }, status_waker: WakerSlot { waker: Mutex { data: Some(Waker { data: 0x7fcd98009880, vtable: 0x5611c28d1b68 }) }, data: 0x7fcd98009880, vtable: 0x5611c28d1b68 }, status: Mutex { data: StatusState { pending: [], terminal: -1 } }, status_changed: Condvar { .. }, exit_status: 1, exit_capability: 2, exit_epoch: 0, registration_error: Mutex { data: None }, worker_state: 2, worker_done_lock: Mutex { data: () }, worker_done_changed: Condvar { .. }, cleanup_cancel_requested: false, cleanup_claim_waiters: 0, wait_owner: 2, wait_owner_lock: Mutex { data: () }, wait_owner_changed: Condvar { .. } }, identity: OnceLock(WorkerIdentity { pid: Pid(3125183), snapshot: WorkerProcSnapshot { tgid: Pid(3125183), tracer_pid: Pid(3125140), start_time: 13488358 }, pidfd: OwnedFd { fd: 46 }, proc_dir: OwnedFd { fd: 47 }, proc_inode: 3017089393 }), authoritative: OnceLock(<uninit>) }) }))", "finish getevent: tid=3125183, result=Ok(9), terminal=Ok(None), retired=false", "finish_ordinary_terminal entered: Ok(Stopped(Pid(3125212), TraceeToken { event: EventHandle(EventGeneration { event: Event { exit_waiters: ExitWaiters { waiters: Mutex { data: [(Weak)] } }, exit_publication: Mutex { data: () }, status_waker: WakerSlot { waker: Mutex { data: Some(Waker { data: 0x7fcd9801b480, vtable: 0x5611c28d2010 }) }, data: 0x7fcd9801b480, vtable: 0x5611c28d2010 }, status: Mutex { data: StatusState { pending: [], terminal: -1 } }, status_changed: Condvar { .. }, exit_status: 1, exit_capability: 2, exit_epoch: 0, registration_error: Mutex { data: None }, worker_state: 2, worker_done_lock: Mutex { data: () }, worker_done_changed: Condvar { .. }, cleanup_cancel_requested: false, cleanup_claim_waiters: 0, wait_owner: 2, wait_owner_lock: Mutex { data: () }, wait_owner_changed: Condvar { .. } }, identity: OnceLock(WorkerIdentity { pid: Pid(3125212), snapshot: WorkerProcSnapshot { tgid: Pid(3125183), tracer_pid: Pid(3125140), start_time: 13488358 }, pidfd: OwnedFd { fd: 12 }, proc_dir: OwnedFd { fd: 33 }, proc_inode: 3017106310 }), authoritative: OnceLock(<uninit>) }) }))", "finish getevent: tid=3125212, result=Ok(9), terminal=Ok(None), retired=false", "finish_ordinary_terminal entered: Ok(Stopped(Pid(3125201), TraceeToken { event: EventHandle(EventGeneration { event: Event { exit_waiters: ExitWaiters { waiters: Mutex { data: [(Weak)] } }, exit_publication: Mutex { data: () }, status_waker: WakerSlot { waker: Mutex { data: Some(Waker { data: 0x7fcd98029700, vtable: 0x5611c28d2010 }) }, data: 0x7fcd98029700, vtable: 0x5611c28d2010 }, status: Mutex { data: StatusState { pending: [], terminal: -1 } }, status_changed: Condvar { .. }, exit_status: 1, exit_capability: 2, exit_epoch: 0, registration_error: Mutex { data: None }, worker_state: 2, worker_done_lock: Mutex { data: () }, worker_done_changed: Condvar { .. }, cleanup_cancel_requested: false, cleanup_claim_waiters: 0, wait_owner: 2, wait_owner_lock: Mutex { data: () }, wait_owner_changed: Condvar { .. } }, identity: OnceLock(WorkerIdentity { pid: Pid(3125201), snapshot: WorkerProcSnapshot { tgid: Pid(3125183), tracer_pid: Pid(3125140), start_time: 13488358 }, pidfd: OwnedFd { fd: 70 }, proc_dir: OwnedFd { fd: 71 }, proc_inode: 3017089398 }), authoritative: OnceLock(<uninit>) }) }))", "finish getevent: tid=3125201, result=Ok(9), terminal=Ok(None), retired=false"], 0))
fatal legacy result: error(Tool(ordinary nonleader failure control)), original_nonleader=true; consuming hooks: Some([(Pid(3125183), None), (Pid(3125201), None), (Pid(3125212), None), (Pid(3125212), Some(Signaled(SIGKILL, false))), (Pid(3125201), Some(Signaled(SIGKILL, false))), (Pid(3125183), Some(Signaled(SIGKILL, false)))])

---- tracer::tests::ordinary_nonleader_tool_failure_reaps_threads_without_resuming stdout ----
fatal control raises original error in live tid 3125308 (mode 1)
ordinary cleanup control: root=3125266, descendant=0, fail=true, fork=false, newborn=false, timeout=false, root_absent=true, descendant_absent=true, post_syscall=0, sentinel_untouched=true
fatal physical identity: tid=3125266, initial=TraceeSnapshot { tgid: Pid(3125266), ppid: Pid(3124449), tracer_pid: Pid(3125225), start_time: 13488358 }, proc_inode=3017212093, same_process=false, stat=Err(Os { code: 3, kind: Uncategorized, message: "No such process" }), status=Err(Os { code: 3, kind: Uncategorized, message: "No such process" }), pidfd_poll=1, pidfd_revents=17, pidfd_signal0=Err(ESRCH)
fatal original notifier: tid=3125266, terminal=Ok(Some(Signaled(SIGKILL, false))), retired=true, held_stop=false
fatal original notifier: tid=3125308, terminal=Ok(Some(Signaled(SIGKILL, false))), retired=true, held_stop=false
fatal chronology: Some((["RootStopLease step before: tid=3125266, siginfo=Ok((19, -6)), terminal=Ok(None)", "RootStopLease step result: Ok(Running(Pid(3125266), TraceeToken { event: EventHandle(EventGeneration { event: Event { exit_waiters: ExitWaiters { waiters: Mutex { data: [] } }, exit_publication: Mutex { data: () }, status_waker: WakerSlot { waker: Mutex { data: Some(Waker { data: 0x7fcdac02b780, vtable: 0x5611c28d1b68 }) }, data: 0x7fcdac02b780, vtable: 0x5611c28d1b68 }, status: Mutex { data: StatusState { pending: [], terminal: -1 } }, status_changed: Condvar { .. }, exit_status: 0, exit_capability: 0, exit_epoch: 0, registration_error: Mutex { data: None }, worker_state: 2, worker_done_lock: Mutex { data: () }, worker_done_changed: Condvar { .. }, cleanup_cancel_requested: false, cleanup_claim_waiters: 0, wait_owner: 2, wait_owner_lock: Mutex { data: () }, wait_owner_changed: Condvar { .. } }, identity: OnceLock(WorkerIdentity { pid: Pid(3125266), snapshot: WorkerProcSnapshot { tgid: Pid(3125266), tracer_pid: Pid(3125225), start_time: 13488358 }, pidfd: OwnedFd { fd: 8 }, proc_dir: OwnedFd { fd: 12 }, proc_inode: 3017212093 }), authoritative: OnceLock(<uninit>) }) }))", "RootStopLease step before: tid=3125266, siginfo=Ok((5, 1)), terminal=Ok(None)", "RootStopLease step result: Ok(Running(Pid(3125266), TraceeToken { event: EventHandle(EventGeneration { event: Event { exit_waiters: ExitWaiters { waiters: Mutex { data: [] } }, exit_publication: Mutex { data: () }, status_waker: WakerSlot { waker: Mutex { data: Some(Waker { data: 0x7fcdac02b780, vtable: 0x5611c28d1b68 }) }, data: 0x7fcdac02b780, vtable: 0x5611c28d1b68 }, status: Mutex { data: StatusState { pending: [], terminal: -1 } }, status_changed: Condvar { .. }, exit_status: 0, exit_capability: 0, exit_epoch: 0, registration_error: Mutex { data: None }, worker_state: 2, worker_done_lock: Mutex { data: () }, worker_done_changed: Condvar { .. }, cleanup_cancel_requested: false, cleanup_claim_waiters: 0, wait_owner: 2, wait_owner_lock: Mutex { data: () }, wait_owner_changed: Condvar { .. } }, identity: OnceLock(WorkerIdentity { pid: Pid(3125266), snapshot: WorkerProcSnapshot { tgid: Pid(3125266), tracer_pid: Pid(3125225), start_time: 13488358 }, pidfd: OwnedFd { fd: 8 }, proc_dir: OwnedFd { fd: 12 }, proc_inode: 3017212093 }), authoritative: OnceLock(<uninit>) }) }))", "RootStopLease step before: tid=3125266, siginfo=Ok((5, 773)), terminal=Ok(None)", "RootStopLease step result: Ok(Running(Pid(3125266), TraceeToken { event: EventHandle(EventGeneration { event: Event { exit_waiters: ExitWaiters { waiters: Mutex { data: [(Weak)] } }, exit_publication: Mutex { data: () }, status_waker: WakerSlot { waker: Mutex { data: Some(Waker { data: 0x7fcdac02b780, vtable: 0x5611c28d1b68 }) }, data: 0x7fcdac02b780, vtable: 0x5611c28d1b68 }, status: Mutex { data: StatusState { pending: [], terminal: -1 } }, status_changed: Condvar { .. }, exit_status: 0, exit_capability: 0, exit_epoch: 0, registration_error: Mutex { data: None }, worker_state: 2, worker_done_lock: Mutex { data: () }, worker_done_changed: Condvar { .. }, cleanup_cancel_requested: false, cleanup_claim_waiters: 0, wait_owner: 2, wait_owner_lock: Mutex { data: () }, wait_owner_changed: Condvar { .. } }, identity: OnceLock(WorkerIdentity { pid: Pid(3125266), snapshot: WorkerProcSnapshot { tgid: Pid(3125266), tracer_pid: Pid(3125225), start_time: 13488358 }, pidfd: OwnedFd { fd: 8 }, proc_dir: OwnedFd { fd: 12 }, proc_inode: 3017212093 }), authoritative: OnceLock(<uninit>) }) }))", "finish_ordinary_terminal entered: Ok(Stopped(Pid(3125266), TraceeToken { event: EventHandle(EventGeneration { event: Event { exit_waiters: ExitWaiters { waiters: Mutex { data: [(Weak)] } }, exit_publication: Mutex { data: () }, status_waker: WakerSlot { waker: Mutex { data: Some(Waker { data: 0x7fcdac02b780, vtable: 0x5611c28d1b68 }) }, data: 0x7fcdac02b780, vtable: 0x5611c28d1b68 }, status: Mutex { data: StatusState { pending: [], terminal: -1 } }, status_changed: Condvar { .. }, exit_status: 1, exit_capability: 2, exit_epoch: 0, registration_error: Mutex { data: None }, worker_state: 2, worker_done_lock: Mutex { data: () }, worker_done_changed: Condvar { .. }, cleanup_cancel_requested: false, cleanup_claim_waiters: 0, wait_owner: 2, wait_owner_lock: Mutex { data: () }, wait_owner_changed: Condvar { .. } }, identity: OnceLock(WorkerIdentity { pid: Pid(3125266), snapshot: WorkerProcSnapshot { tgid: Pid(3125266), tracer_pid: Pid(3125225), start_time: 13488358 }, pidfd: OwnedFd { fd: 8 }, proc_dir: OwnedFd { fd: 12 }, proc_inode: 3017212093 }), authoritative: OnceLock(<uninit>) }) }))", "finish getevent: tid=3125266, result=Ok(9), terminal=Ok(None), retired=false", "finish_ordinary_terminal entered: Ok(Stopped(Pid(3125308), TraceeToken { event: EventHandle(EventGeneration { event: Event { exit_waiters: ExitWaiters { waiters: Mutex { data: [(Weak)] } }, exit_publication: Mutex { data: () }, status_waker: WakerSlot { waker: Mutex { data: Some(Waker { data: 0x7fcdac004f00, vtable: 0x5611c28d2010 }) }, data: 0x7fcdac004f00, vtable: 0x5611c28d2010 }, status: Mutex { data: StatusState { pending: [], terminal: -1 } }, status_changed: Condvar { .. }, exit_status: 1, exit_capability: 2, exit_epoch: 0, registration_error: Mutex { data: None }, worker_state: 2, worker_done_lock: Mutex { data: () }, worker_done_changed: Condvar { .. }, cleanup_cancel_requested: false, cleanup_claim_waiters: 0, wait_owner: 2, wait_owner_lock: Mutex { data: () }, wait_owner_changed: Condvar { .. } }, identity: OnceLock(WorkerIdentity { pid: Pid(3125308), snapshot: WorkerProcSnapshot { tgid: Pid(3125266), tracer_pid: Pid(3125225), start_time: 13488359 }, pidfd: OwnedFd { fd: 44 }, proc_dir: OwnedFd { fd: 45 }, proc_inode: 3017212098 }), authoritative: OnceLock(<uninit>) }) }))", "finish getevent: tid=3125308, result=Ok(9), terminal=Ok(None), retired=false"], 0))
fatal legacy result: error(Tool(ordinary nonleader failure control)), original_nonleader=true; consuming hooks: Some([(Pid(3125266), None), (Pid(3125308), None), (Pid(3125308), Some(Signaled(SIGKILL, false))), (Pid(3125266), Some(Signaled(SIGKILL, false)))])

---- tracer::tests::ordinary_nonleader_exec_run_loop_echild_awaits_leader_exec_edge stdout ----
PROBE[exec-edge-ok] t=134883531907526 (dt=40271us) caller=3124507 target=3124498 what=WAITID(P_PIDFD) thread=Some("guest-3124498") result=Ok(Some("0x137f")) rc=0 site=safeptrace/src/notifier.rs:1858
PROBE[exec-edge-ok] t=134883532570351 (dt=39608us) caller=3124473 target=3124498 what=PTRACE_SINGLESTEP(None) rc=0 site=reverie-ptrace/src/task.rs:2719
PROBE[exec-edge-ok] t=134883532649960 (dt=39528us) caller=3124507 target=3124498 what=WAITID(P_PIDFD) thread=Some("guest-3124498") result=Ok(Some("0x57f")) rc=0 site=safeptrace/src/notifier.rs:1858
PROBE[exec-edge-ok] t=134883533936322 (dt=38242us) caller=3124473 target=3124498 what=PTRACE_SINGLESTEP(None) rc=0 site=reverie-ptrace/src/task.rs:5455
PROBE[exec-edge-ok] t=134883533958395 (dt=38220us) caller=3124507 target=3124498 what=WAITID(P_PIDFD) thread=Some("guest-3124498") result=Ok(Some("0x57f")) rc=0 site=safeptrace/src/notifier.rs:1858
PROBE[exec-edge-ok] t=134883534349993 (dt=37828us) caller=3124473 target=3124498 what=PTRACE_CONT(resume,None) rc=0 site=reverie-ptrace/src/task.rs:5444
PROBE[exec-edge-ok] t=134883534573389 (dt=37605us) caller=3124507 target=3124498 what=WAITID(P_PIDFD) thread=Some("guest-3124498") result=Ok(Some("0x3057f")) rc=0 site=safeptrace/src/notifier.rs:1858
PROBE[exec-edge-ok] t=134883534590764 (dt=37587us) caller=3124473 target=3124498 what=GETEVENTMSG-before rc=0 site=safeptrace/src/lib.rs:234
PROBE[exec-edge-ok] t=134883534594180 (dt=37584us) caller=3124473 target=3124498 what=GETEVENTMSG-after rc=3124546 site=safeptrace/src/lib.rs:234
PROBE[exec-edge-ok] t=134883569442368 (dt=2736us) caller=3124997 target=3124546 what=WAITID(P_PIDFD) thread=Some("guest-3124546") result=Ok(Some("0x137f")) rc=0 site=safeptrace/src/notifier.rs:1858
PROBE[exec-edge-ok] t=134883570243731 (dt=1935us) caller=3124473 target=3124498 what=PTRACE_SINGLESTEP(None) rc=0 site=reverie-ptrace/src/task.rs:5455
PROBE[exec-edge-ok] t=134883570333856 (dt=1844us) caller=3124507 target=3124498 what=WAITID(P_PIDFD) thread=Some("guest-3124498") result=Ok(Some("0x57f")) rc=0 site=safeptrace/src/notifier.rs:1858
PROBE[exec-edge-ok] t=134883570654127 (dt=1524us) caller=3124473 target=3124546 what=PTRACE_CONT(resume,None) rc=0 site=reverie-ptrace/src/task.rs:5444
PROBE[exec-edge-ok] t=134883570855870 (dt=1322us) caller=3124473 target=3124498 what=PTRACE_CONT(resume,None) rc=0 site=reverie-ptrace/src/task.rs:5444
PROBE[exec-edge-ok] t=134883571376462 (dt=802us) caller=3124507 target=3124498 what=WAITID(P_PIDFD) thread=Some("guest-3124498") result=Ok(Some("0x6057f")) rc=0 site=safeptrace/src/notifier.rs:1858
PROBE[exec-edge-ok] t=134883571415651 (dt=763us) caller=3124473 target=3124498 what=drive_ordinary: ExitFuture resolved ok=true main=true rc=0 site=reverie-ptrace/src/task.rs:6946
PROBE[exec-edge-ok] t=134883571426708 (dt=752us) caller=3124473 target=3124498 what=finish_ordinary_terminal entered with Ok(Stopped) rc=0 site=reverie-ptrace/src/tracer.rs:543
PROBE[exec-edge-ok] t=134883571429281 (dt=749us) caller=3124473 target=3124498 what=GETEVENTMSG-before rc=0 site=reverie-ptrace/src/tracer.rs:556
PROBE[exec-edge-ok] t=134883571430974 (dt=747us) caller=3124473 target=3124498 what=GETEVENTMSG-after rc=0 site=reverie-ptrace/src/tracer.rs:556
PROBE[exec-edge-ok] t=134883571438856 (dt=739us) caller=3124473 target=3124498 what=PTRACE_CONT(resume_retaining,None) rc=0 site=reverie-ptrace/src/tracer.rs:613
PROBE[exec-edge-ok] t=134883571510263 (dt=668us) caller=3124997 target=3124546 what=WAITID(P_PIDFD) thread=Some("guest-3124546") result=Err(ECHILD) rc=0 site=safeptrace/src/notifier.rs:1858
PROBE[exec-edge-ok] t=134883571925637 (dt=253us) caller=3124507 target=3124498 what=WAITID(P_PIDFD) thread=Some("guest-3124498") result=Ok(Some("0x4057f")) rc=0 site=safeptrace/src/notifier.rs:1858
PROBE[exec-edge-ok] t=134883571953448 (dt=225us) caller=3124473 target=3124498 what=GETEVENTMSG-before rc=0 site=safeptrace/src/lib.rs:246
PROBE[exec-edge-ok] t=134883571964385 (dt=214us) caller=3124473 target=3124498 what=GETEVENTMSG-after rc=3124546 site=safeptrace/src/lib.rs:246
PROBE[exec-edge-ok] t=134883572177335 (dt=1us) caller=3124473 target=3124498 what=EXEC-EDGE observed former=3124546 exit_status=Some(Exited(0)) esrch=None snapshot: [task 3124498: State: t (tracing stop) | Pid: 3124498 | TracerPid: 3124473 | SigPnd: 0000000000000000 | ShdPnd: 0000000000000000 | stat.state=t stat.exit_code=0 | wchan=ptrace_stop] rc=0 site=reverie-ptrace/src/tracer.rs:675
actual delivered marker observations: tracer=3124449, rows=[(3124498, 16, 1, 65, 100551, false, false)]
exec owner before rescue: fail=false, timer_mode=1, root_absent=true, events=[(0, Pid(3124498), 3124498, None), (0, Pid(3124546), 3124546, None), (2, Pid(3124498), 3124498, Some(Exited(0))), (1, Pid(3124498), 3124546, None), (9, Pid(3124498), 100551, None), (4, Pid(3124498), 3124546, None), (2, Pid(3124498), 3124546, Some(Exited(0))), (3, Pid(3124498), 0, Some(Exited(0)))], elapsed=99.098976ms, outcome=Complete(Ok(Output { status: Exited(0), stdout: "survived", stderr: "" }))
actual perf exec handoff: ExecTimerTransfer { displaced: Some(ExecTimerIdentity { clock_fd: 38, timer_fd: 35, clock_event_id: 6887466, timer_event_id: 6887463, artificial_pending: false, artificial_signal_sent: false, cancelled: true, guest_pid: Pid(3124498), guest_tid: Pid(3124498), kernel_owner_tid: Pid(3124498) }), before: Some(ExecTimerIdentity { clock_fd: 72, timer_fd: 69, clock_event_id: 6887473, timer_event_id: 6887472, artificial_pending: false, artificial_signal_sent: false, cancelled: true, guest_pid: Pid(3124498), guest_tid: Pid(3124546), kernel_owner_tid: Pid(0) }), after: Some(ExecTimerIdentity { clock_fd: 72, timer_fd: 69, clock_event_id: 6887473, timer_event_id: 6887472, artificial_pending: false, artificial_signal_sent: false, cancelled: true, guest_pid: Pid(3124498), guest_tid: Pid(3124498), kernel_owner_tid: Pid(3124498) }), displaced_fds_closed: true }
nonleader run loop stayed pending on: ["wait after initial tracee resume"]


successes:
    tracer::tests::ordinary_nonleader_exec_displaced_hook_failure_fences_replacement
    tracer::tests::ordinary_nonleader_exec_run_loop_echild_awaits_leader_exec_edge
    tracer::tests::ordinary_nonleader_exec_transfers_state_and_consumes_old_leader_once
    tracer::tests::ordinary_nonleader_injected_exec_echild_awaits_leader_exec_edge
    tracer::tests::ordinary_nonleader_success_preserves_exit_callbacks
    tracer::tests::ordinary_nonleader_tool_failure_cancels_pending_newborn_start
    tracer::tests::ordinary_nonleader_tool_failure_reaps_fork_descendants
    tracer::tests::ordinary_nonleader_tool_failure_reaps_threads_without_resuming
    tracer::tests::ordinary_nonleader_tool_failure_reaps_unhanded_fork_child
    tracer::tests::ordinary_nonleader_tool_failure_reaps_unhanded_vfork_child

failures:

---- tracer::tests::ordinary_nonleader_exec_real_signal_cancels_postexec_timer stdout ----
PROBE_EXITSTOP_GETEVENT_ESRCH=1 t=134883570840147 tracer_tid=3124472 leader=3124487 snapshot: [task 3124487: State: R (running) | Pid: 3124487 | TracerPid: 3124472 | SigPnd: 0000000000000000 | ShdPnd: 0000000000000000 | stat.state=t stat.exit_code=0 | wchan=ptrace_stop]
PROBE[esrch-immediate] t=134883531687816 (dt=39163us) caller=3124501 target=3124487 what=WAITID(P_PIDFD) thread=Some("guest-3124487") result=Ok(Some("0x137f")) rc=0 site=safeptrace/src/notifier.rs:1858
PROBE[esrch-immediate] t=134883532570471 (dt=38280us) caller=3124472 target=3124487 what=PTRACE_SINGLESTEP(None) rc=0 site=reverie-ptrace/src/task.rs:2719
PROBE[esrch-immediate] t=134883532628989 (dt=38222us) caller=3124501 target=3124487 what=WAITID(P_PIDFD) thread=Some("guest-3124487") result=Ok(Some("0x57f")) rc=0 site=safeptrace/src/notifier.rs:1858
PROBE[esrch-immediate] t=134883533937894 (dt=36913us) caller=3124472 target=3124487 what=PTRACE_SINGLESTEP(None) rc=0 site=reverie-ptrace/src/task.rs:5455
PROBE[esrch-immediate] t=134883533977554 (dt=36873us) caller=3124501 target=3124487 what=WAITID(P_PIDFD) thread=Some("guest-3124487") result=Ok(Some("0x57f")) rc=0 site=safeptrace/src/notifier.rs:1858
PROBE[esrch-immediate] t=134883534350895 (dt=36500us) caller=3124472 target=3124487 what=PTRACE_CONT(resume,None) rc=0 site=reverie-ptrace/src/task.rs:5444
PROBE[esrch-immediate] t=134883534547830 (dt=36303us) caller=3124501 target=3124487 what=WAITID(P_PIDFD) thread=Some("guest-3124487") result=Ok(Some("0x3057f")) rc=0 site=safeptrace/src/notifier.rs:1858
PROBE[esrch-immediate] t=134883534565166 (dt=36285us) caller=3124472 target=3124487 what=GETEVENTMSG-before rc=0 site=safeptrace/src/lib.rs:234
PROBE[esrch-immediate] t=134883534570324 (dt=36280us) caller=3124472 target=3124487 what=GETEVENTMSG-after rc=3124543 site=safeptrace/src/lib.rs:234
PROBE[esrch-immediate] t=134883569593194 (dt=1257us) caller=3124472 target=3124487 what=PTRACE_SINGLESTEP(None) rc=0 site=reverie-ptrace/src/task.rs:5455
PROBE[esrch-immediate] t=134883569647836 (dt=1203us) caller=3124501 target=3124487 what=WAITID(P_PIDFD) thread=Some("guest-3124487") result=Ok(Some("0x57f")) rc=0 site=safeptrace/src/notifier.rs:1858
PROBE[esrch-immediate] t=134883570158363 (dt=692us) caller=3124501 target=3124487 what=WAITID(P_PIDFD) thread=Some("guest-3124487") result=Ok(Some("0x6057f")) rc=0 site=safeptrace/src/notifier.rs:1858
PROBE[esrch-immediate] t=134883570275599 (dt=575us) caller=3124472 target=3124487 what=PTRACE_CONT(resume,None) rc=0 site=reverie-ptrace/src/task.rs:5444
PROBE[esrch-immediate] t=134883570571744 (dt=279us) caller=3124472 target=3124487 what=drive_ordinary: ExitFuture resolved ok=true main=true rc=0 site=reverie-ptrace/src/task.rs:6946
PROBE[esrch-immediate] t=134883570589490 (dt=261us) caller=3124472 target=3124487 what=finish_ordinary_terminal entered with Ok(Stopped) rc=0 site=reverie-ptrace/src/tracer.rs:543
PROBE[esrch-immediate] t=134883570592685 (dt=258us) caller=3124472 target=3124487 what=GETEVENTMSG-before rc=0 site=reverie-ptrace/src/tracer.rs:556
PROBE[esrch-immediate] t=134883570598193 (dt=252us) caller=3124472 target=3124487 what=GETEVENTMSG-after rc=-1000003 site=reverie-ptrace/src/tracer.rs:556
PROBE[esrch-immediate] t=134883570716802 (dt=134us) caller=3124501 target=3124487 what=WAITID(P_PIDFD) thread=Some("guest-3124487") result=Ok(Some("0x4057f")) rc=0 site=safeptrace/src/notifier.rs:1858
PROBE[esrch-immediate] t=134883570850111 (dt=0us) caller=3124472 target=3124487 what=ESRCH-snapshot: [task 3124487: State: R (running) | Pid: 3124487 | TracerPid: 3124472 | SigPnd: 0000000000000000 | ShdPnd: 0000000000000000 | stat.state=t stat.exit_code=0 | wchan=ptrace_stop] rc=0 site=reverie-ptrace/src/tracer.rs:591
PROBE[exec-edge-NOSTATUS] t=134883531687816 (dt=39821us) caller=3124501 target=3124487 what=WAITID(P_PIDFD) thread=Some("guest-3124487") result=Ok(Some("0x137f")) rc=0 site=safeptrace/src/notifier.rs:1858
PROBE[exec-edge-NOSTATUS] t=134883532570471 (dt=38939us) caller=3124472 target=3124487 what=PTRACE_SINGLESTEP(None) rc=0 site=reverie-ptrace/src/task.rs:2719
PROBE[exec-edge-NOSTATUS] t=134883532628989 (dt=38880us) caller=3124501 target=3124487 what=WAITID(P_PIDFD) thread=Some("guest-3124487") result=Ok(Some("0x57f")) rc=0 site=safeptrace/src/notifier.rs:1858
PROBE[exec-edge-NOSTATUS] t=134883533937894 (dt=37571us) caller=3124472 target=3124487 what=PTRACE_SINGLESTEP(None) rc=0 site=reverie-ptrace/src/task.rs:5455
PROBE[exec-edge-NOSTATUS] t=134883533977554 (dt=37532us) caller=3124501 target=3124487 what=WAITID(P_PIDFD) thread=Some("guest-3124487") result=Ok(Some("0x57f")) rc=0 site=safeptrace/src/notifier.rs:1858
PROBE[exec-edge-NOSTATUS] t=134883534350895 (dt=37158us) caller=3124472 target=3124487 what=PTRACE_CONT(resume,None) rc=0 site=reverie-ptrace/src/task.rs:5444
PROBE[exec-edge-NOSTATUS] t=134883534547830 (dt=36961us) caller=3124501 target=3124487 what=WAITID(P_PIDFD) thread=Some("guest-3124487") result=Ok(Some("0x3057f")) rc=0 site=safeptrace/src/notifier.rs:1858
PROBE[exec-edge-NOSTATUS] t=134883534565166 (dt=36944us) caller=3124472 target=3124487 what=GETEVENTMSG-before rc=0 site=safeptrace/src/lib.rs:234
PROBE[exec-edge-NOSTATUS] t=134883534570324 (dt=36939us) caller=3124472 target=3124487 what=GETEVENTMSG-after rc=3124543 site=safeptrace/src/lib.rs:234
PROBE[exec-edge-NOSTATUS] t=134883535879209 (dt=35630us) caller=3124554 target=3124543 what=WAITID(P_PIDFD) thread=Some("guest-3124543") result=Ok(Some("0x137f")) rc=0 site=safeptrace/src/notifier.rs:1858
PROBE[exec-edge-NOSTATUS] t=134883569593194 (dt=1916us) caller=3124472 target=3124487 what=PTRACE_SINGLESTEP(None) rc=0 site=reverie-ptrace/src/task.rs:5455
PROBE[exec-edge-NOSTATUS] t=134883569647836 (dt=1861us) caller=3124501 target=3124487 what=WAITID(P_PIDFD) thread=Some("guest-3124487") result=Ok(Some("0x57f")) rc=0 site=safeptrace/src/notifier.rs:1858
PROBE[exec-edge-NOSTATUS] t=134883569838082 (dt=1671us) caller=3124472 target=3124543 what=PTRACE_CONT(resume,None) rc=0 site=reverie-ptrace/src/task.rs:5444
PROBE[exec-edge-NOSTATUS] t=134883570158363 (dt=1351us) caller=3124501 target=3124487 what=WAITID(P_PIDFD) thread=Some("guest-3124487") result=Ok(Some("0x6057f")) rc=0 site=safeptrace/src/notifier.rs:1858
PROBE[exec-edge-NOSTATUS] t=134883570275599 (dt=1234us) caller=3124472 target=3124487 what=PTRACE_CONT(resume,None) rc=0 site=reverie-ptrace/src/task.rs:5444
PROBE[exec-edge-NOSTATUS] t=134883570386876 (dt=1122us) caller=3124554 target=3124543 what=WAITID(P_PIDFD) thread=Some("guest-3124543") result=Err(ECHILD) rc=0 site=safeptrace/src/notifier.rs:1858
PROBE[exec-edge-NOSTATUS] t=134883570571744 (dt=937us) caller=3124472 target=3124487 what=drive_ordinary: ExitFuture resolved ok=true main=true rc=0 site=reverie-ptrace/src/task.rs:6946
PROBE[exec-edge-NOSTATUS] t=134883570589490 (dt=920us) caller=3124472 target=3124487 what=finish_ordinary_terminal entered with Ok(Stopped) rc=0 site=reverie-ptrace/src/tracer.rs:543
PROBE[exec-edge-NOSTATUS] t=134883570592685 (dt=916us) caller=3124472 target=3124487 what=GETEVENTMSG-before rc=0 site=reverie-ptrace/src/tracer.rs:556
PROBE[exec-edge-NOSTATUS] t=134883570598193 (dt=911us) caller=3124472 target=3124487 what=GETEVENTMSG-after rc=-1000003 site=reverie-ptrace/src/tracer.rs:556
PROBE[exec-edge-NOSTATUS] t=134883570716802 (dt=792us) caller=3124501 target=3124487 what=WAITID(P_PIDFD) thread=Some("guest-3124487") result=Ok(Some("0x4057f")) rc=0 site=safeptrace/src/notifier.rs:1858
PROBE[exec-edge-NOSTATUS] t=134883570850111 (dt=659us) caller=3124472 target=3124487 what=ESRCH-snapshot: [task 3124487: State: R (running) | Pid: 3124487 | TracerPid: 3124472 | SigPnd: 0000000000000000 | ShdPnd: 0000000000000000 | stat.state=t stat.exit_code=0 | wchan=ptrace_stop] rc=0 site=reverie-ptrace/src/tracer.rs:591
PROBE[exec-edge-NOSTATUS] t=134883570873907 (dt=635us) caller=3124472 target=3124487 what=GETEVENTMSG-before rc=0 site=safeptrace/src/lib.rs:246
PROBE[exec-edge-NOSTATUS] t=134883571364554 (dt=145us) caller=3124472 target=3124487 what=GETEVENTMSG-after rc=3124543 site=safeptrace/src/lib.rs:246
PROBE[exec-edge-NOSTATUS] t=134883571508921 (dt=0us) caller=3124472 target=3124487 what=EXEC-EDGE observed former=3124543 exit_status=None esrch=Some(3124487) snapshot: [task 3124487: State: t (tracing stop) | Pid: 3124487 | TracerPid: 3124472 | SigPnd: 0000000000000000 | ShdPnd: 0000000000000000 | stat.state=t stat.exit_code=0 | wchan=ptrace_stop] rc=0 site=reverie-ptrace/src/tracer.rs:675
actual delivered marker observations: tracer=3124449, rows=[]
exec owner before rescue: fail=false, timer_mode=2, root_absent=false, events=[(0, Pid(3124487), 3124487, None), (0, Pid(3124543), 3124543, None)], elapsed=41.765876ms, outcome=Pending(PtraceRunFailure { primary: Tool(actual exec for 3124487 from 3124543 has no retained preceding EXIT event status), origin: BackendFailure { pid: Pid(3124487), tid: Pid(3124487), phase: "ptrace tree cleanup" }, secondary: [], captured_prefix: Some(CapturedPrefix { stdout: [], stderr: [] }) })
exec owner rescue only: signal=Ok(()), completed=false

thread 'tracer::tests::ordinary_nonleader_exec_real_signal_cancels_postexec_timer' (3124472) panicked at reverie-ptrace/src/tracer.rs:6030:17:
exec owner did not Complete within original3s predicate: Pending(PtraceRunFailure { primary: Tool(actual exec for 3124487 from 3124543 has no retained preceding EXIT event status), origin: BackendFailure { pid: Pid(3124487), tid: Pid(3124487), phase: "ptrace tree cleanup" }, secondary: [], captured_prefix: Some(CapturedPrefix { stdout: [], stderr: [] }) })
note: run with `RUST_BACKTRACE=1` environment variable to display a backtrace

---- tracer::tests::ordinary_nonleader_exec_postexec_timer_survives_internal_step stdout ----
PROBE_EXITSTOP_GETEVENT_ESRCH=1 t=134883571527759 tracer_tid=3124469 leader=3124489 snapshot: [task 3124489: State: R (running) | Pid: 3124489 | TracerPid: 3124469 | SigPnd: 0000000000000000 | ShdPnd: 0000000000000000 | stat.state=R stat.exit_code=0 | wchan=0]
PROBE[esrch-immediate] t=134883531617740 (dt=39926us) caller=3124499 target=3124489 what=WAITID(P_PIDFD) thread=Some("guest-3124489") result=Ok(Some("0x137f")) rc=0 site=safeptrace/src/notifier.rs:1858
PROBE[esrch-immediate] t=134883532584592 (dt=38959us) caller=3124469 target=3124489 what=PTRACE_SINGLESTEP(None) rc=0 site=reverie-ptrace/src/task.rs:2719
PROBE[esrch-immediate] t=134883532665564 (dt=38878us) caller=3124499 target=3124489 what=WAITID(P_PIDFD) thread=Some("guest-3124489") result=Ok(Some("0x57f")) rc=0 site=safeptrace/src/notifier.rs:1858
PROBE[esrch-immediate] t=134883533931064 (dt=37612us) caller=3124469 target=3124489 what=PTRACE_SINGLESTEP(None) rc=0 site=reverie-ptrace/src/task.rs:5455
PROBE[esrch-immediate] t=134883533965866 (dt=37578us) caller=3124499 target=3124489 what=WAITID(P_PIDFD) thread=Some("guest-3124489") result=Ok(Some("0x57f")) rc=0 site=safeptrace/src/notifier.rs:1858
PROBE[esrch-immediate] t=134883534349212 (dt=37194us) caller=3124469 target=3124489 what=PTRACE_CONT(resume,None) rc=0 site=reverie-ptrace/src/task.rs:5444
PROBE[esrch-immediate] t=134883534546308 (dt=36997us) caller=3124499 target=3124489 what=WAITID(P_PIDFD) thread=Some("guest-3124489") result=Ok(Some("0x3057f")) rc=0 site=safeptrace/src/notifier.rs:1858
PROBE[esrch-immediate] t=134883534567540 (dt=36976us) caller=3124469 target=3124489 what=GETEVENTMSG-before rc=0 site=safeptrace/src/lib.rs:234
PROBE[esrch-immediate] t=134883534573449 (dt=36970us) caller=3124469 target=3124489 what=GETEVENTMSG-after rc=3124544 site=safeptrace/src/lib.rs:234
PROBE[esrch-immediate] t=134883569807256 (dt=1736us) caller=3124469 target=3124489 what=PTRACE_SINGLESTEP(None) rc=0 site=reverie-ptrace/src/task.rs:5455
PROBE[esrch-immediate] t=134883570182740 (dt=1361us) caller=3124499 target=3124489 what=WAITID(P_PIDFD) thread=Some("guest-3124489") result=Ok(Some("0x57f")) rc=0 site=safeptrace/src/notifier.rs:1858
PROBE[esrch-immediate] t=134883570698644 (dt=845us) caller=3124499 target=3124489 what=WAITID(P_PIDFD) thread=Some("guest-3124489") result=Ok(Some("0x6057f")) rc=0 site=safeptrace/src/notifier.rs:1858
PROBE[esrch-immediate] t=134883570809781 (dt=734us) caller=3124469 target=3124489 what=PTRACE_CONT(resume,None) rc=0 site=reverie-ptrace/src/task.rs:5444
PROBE[esrch-immediate] t=134883570853016 (dt=690us) caller=3124469 target=3124489 what=drive_ordinary: ExitFuture resolved ok=true main=true rc=0 site=reverie-ptrace/src/task.rs:6946
PROBE[esrch-immediate] t=134883570886777 (dt=657us) caller=3124469 target=3124489 what=finish_ordinary_terminal entered with Ok(Stopped) rc=0 site=reverie-ptrace/src/tracer.rs:543
PROBE[esrch-immediate] t=134883570890022 (dt=653us) caller=3124469 target=3124489 what=GETEVENTMSG-before rc=0 site=reverie-ptrace/src/tracer.rs:556
PROBE[esrch-immediate] t=134883571366046 (dt=177us) caller=3124469 target=3124489 what=GETEVENTMSG-after rc=-1000003 site=reverie-ptrace/src/tracer.rs:556
PROBE[esrch-immediate] t=134883571531765 (dt=12us) caller=3124469 target=3124489 what=ESRCH-snapshot: [task 3124489: State: R (running) | Pid: 3124489 | TracerPid: 3124469 | SigPnd: 0000000000000000 | ShdPnd: 0000000000000000 | stat.state=R stat.exit_code=0 | wchan=0] rc=0 site=reverie-ptrace/src/tracer.rs:591
PROBE[exec-edge-NOSTATUS] t=134883531617740 (dt=40133us) caller=3124499 target=3124489 what=WAITID(P_PIDFD) thread=Some("guest-3124489") result=Ok(Some("0x137f")) rc=0 site=safeptrace/src/notifier.rs:1858
PROBE[exec-edge-NOSTATUS] t=134883532584592 (dt=39166us) caller=3124469 target=3124489 what=PTRACE_SINGLESTEP(None) rc=0 site=reverie-ptrace/src/task.rs:2719
PROBE[exec-edge-NOSTATUS] t=134883532665564 (dt=39086us) caller=3124499 target=3124489 what=WAITID(P_PIDFD) thread=Some("guest-3124489") result=Ok(Some("0x57f")) rc=0 site=safeptrace/src/notifier.rs:1858
PROBE[exec-edge-NOSTATUS] t=134883533931064 (dt=37820us) caller=3124469 target=3124489 what=PTRACE_SINGLESTEP(None) rc=0 site=reverie-ptrace/src/task.rs:5455
PROBE[exec-edge-NOSTATUS] t=134883533965866 (dt=37785us) caller=3124499 target=3124489 what=WAITID(P_PIDFD) thread=Some("guest-3124489") result=Ok(Some("0x57f")) rc=0 site=safeptrace/src/notifier.rs:1858
PROBE[exec-edge-NOSTATUS] t=134883534349212 (dt=37402us) caller=3124469 target=3124489 what=PTRACE_CONT(resume,None) rc=0 site=reverie-ptrace/src/task.rs:5444
PROBE[exec-edge-NOSTATUS] t=134883534546308 (dt=37205us) caller=3124499 target=3124489 what=WAITID(P_PIDFD) thread=Some("guest-3124489") result=Ok(Some("0x3057f")) rc=0 site=safeptrace/src/notifier.rs:1858
PROBE[exec-edge-NOSTATUS] t=134883534567540 (dt=37184us) caller=3124469 target=3124489 what=GETEVENTMSG-before rc=0 site=safeptrace/src/lib.rs:234
PROBE[exec-edge-NOSTATUS] t=134883534573449 (dt=37178us) caller=3124469 target=3124489 what=GETEVENTMSG-after rc=3124544 site=safeptrace/src/lib.rs:234
PROBE[exec-edge-NOSTATUS] t=134883569442317 (dt=2309us) caller=3124996 target=3124544 what=WAITID(P_PIDFD) thread=Some("guest-3124544") result=Ok(Some("0x137f")) rc=0 site=safeptrace/src/notifier.rs:1858
PROBE[exec-edge-NOSTATUS] t=134883569807256 (dt=1944us) caller=3124469 target=3124489 what=PTRACE_SINGLESTEP(None) rc=0 site=reverie-ptrace/src/task.rs:5455
PROBE[exec-edge-NOSTATUS] t=134883570182740 (dt=1568us) caller=3124499 target=3124489 what=WAITID(P_PIDFD) thread=Some("guest-3124489") result=Ok(Some("0x57f")) rc=0 site=safeptrace/src/notifier.rs:1858
PROBE[exec-edge-NOSTATUS] t=134883570414227 (dt=1337us) caller=3124469 target=3124544 what=PTRACE_CONT(resume,None) rc=0 site=reverie-ptrace/src/task.rs:5444
PROBE[exec-edge-NOSTATUS] t=134883570698644 (dt=1052us) caller=3124499 target=3124489 what=WAITID(P_PIDFD) thread=Some("guest-3124489") result=Ok(Some("0x6057f")) rc=0 site=safeptrace/src/notifier.rs:1858
PROBE[exec-edge-NOSTATUS] t=134883570809781 (dt=941us) caller=3124469 target=3124489 what=PTRACE_CONT(resume,None) rc=0 site=reverie-ptrace/src/task.rs:5444
PROBE[exec-edge-NOSTATUS] t=134883570853016 (dt=898us) caller=3124469 target=3124489 what=drive_ordinary: ExitFuture resolved ok=true main=true rc=0 site=reverie-ptrace/src/task.rs:6946
PROBE[exec-edge-NOSTATUS] t=134883570886777 (dt=864us) caller=3124469 target=3124489 what=finish_ordinary_terminal entered with Ok(Stopped) rc=0 site=reverie-ptrace/src/tracer.rs:543
PROBE[exec-edge-NOSTATUS] t=134883570890022 (dt=861us) caller=3124469 target=3124489 what=GETEVENTMSG-before rc=0 site=reverie-ptrace/src/tracer.rs:556
PROBE[exec-edge-NOSTATUS] t=134883570903131 (dt=848us) caller=3124996 target=3124544 what=WAITID(P_PIDFD) thread=Some("guest-3124544") result=Err(ECHILD) rc=0 site=safeptrace/src/notifier.rs:1858
PROBE[exec-edge-NOSTATUS] t=134883571366046 (dt=385us) caller=3124469 target=3124489 what=GETEVENTMSG-after rc=-1000003 site=reverie-ptrace/src/tracer.rs:556
PROBE[exec-edge-NOSTATUS] t=134883571531765 (dt=219us) caller=3124469 target=3124489 what=ESRCH-snapshot: [task 3124489: State: R (running) | Pid: 3124489 | TracerPid: 3124469 | SigPnd: 0000000000000000 | ShdPnd: 0000000000000000 | stat.state=R stat.exit_code=0 | wchan=0] rc=0 site=reverie-ptrace/src/tracer.rs:591
PROBE[exec-edge-NOSTATUS] t=134883571582461 (dt=169us) caller=3124469 target=3124544 what=drive_ordinary: ExitFuture resolved ok=false main=false rc=0 site=reverie-ptrace/src/task.rs:6946
PROBE[exec-edge-NOSTATUS] t=134883571615792 (dt=135us) caller=3124499 target=3124489 what=WAITID(P_PIDFD) thread=Some("guest-3124489") result=Ok(Some("0x4057f")) rc=0 site=safeptrace/src/notifier.rs:1858
PROBE[exec-edge-NOSTATUS] t=134883571639897 (dt=111us) caller=3124469 target=3124489 what=GETEVENTMSG-before rc=0 site=safeptrace/src/lib.rs:246
PROBE[exec-edge-NOSTATUS] t=134883571642932 (dt=108us) caller=3124469 target=3124489 what=GETEVENTMSG-after rc=3124544 site=safeptrace/src/lib.rs:246
PROBE[exec-edge-NOSTATUS] t=134883571750834 (dt=0us) caller=3124469 target=3124489 what=EXEC-EDGE observed former=3124544 exit_status=None esrch=Some(3124489) snapshot: [task 3124489: State: t (tracing stop) | Pid: 3124489 | TracerPid: 3124469 | SigPnd: 0000000000000000 | ShdPnd: 0000000000000000 | stat.state=t stat.exit_code=0 | wchan=ptrace_stop] rc=0 site=reverie-ptrace/src/tracer.rs:675
actual delivered marker observations: tracer=3124449, rows=[]
exec owner before rescue: fail=false, timer_mode=1, root_absent=false, events=[(0, Pid(3124489), 3124489, None), (0, Pid(3124544), 3124544, None)], elapsed=41.993417ms, outcome=Pending(PtraceRunFailure { primary: Tool(actual exec for 3124489 from 3124544 has no retained preceding EXIT event status), origin: BackendFailure { pid: Pid(3124489), tid: Pid(3124489), phase: "ptrace tree cleanup" }, secondary: [], captured_prefix: Some(CapturedPrefix { stdout: [], stderr: [] }) })
exec owner rescue only: signal=Ok(()), completed=false

thread 'tracer::tests::ordinary_nonleader_exec_postexec_timer_survives_internal_step' (3124469) panicked at reverie-ptrace/src/tracer.rs:6030:17:
exec owner did not Complete within original3s predicate: Pending(PtraceRunFailure { primary: Tool(actual exec for 3124489 from 3124544 has no retained preceding EXIT event status), origin: BackendFailure { pid: Pid(3124489), tid: Pid(3124489), phase: "ptrace tree cleanup" }, secondary: [], captured_prefix: Some(CapturedPrefix { stdout: [], stderr: [] }) })


failures:
    tracer::tests::ordinary_nonleader_exec_postexec_timer_survives_internal_step
    tracer::tests::ordinary_nonleader_exec_real_signal_cancels_postexec_timer

test result: FAILED. 10 passed; 2 failed; 0 ignored; 0 measured; 353 filtered out; finished in 0.10s

