
running 12 tests
test tracer::tests::ordinary_nonleader_exec_run_loop_echild_awaits_leader_exec_edge ... FAILED
test tracer::tests::ordinary_nonleader_exec_displaced_hook_failure_fences_replacement ... ok
test tracer::tests::ordinary_nonleader_exec_transfers_state_and_consumes_old_leader_once ... ok
test tracer::tests::ordinary_nonleader_injected_exec_echild_awaits_leader_exec_edge ... ok
test tracer::tests::ordinary_nonleader_success_preserves_exit_callbacks ... ok

running 1 test
test tracer::tests::ordinary_nonleader_tool_failure_reaps_fork_descendants ... test tracer::tests::ordinary_nonleader_tool_failure_cancels_pending_newborn_start ... ok

running 1 test
test tracer::tests::ordinary_nonleader_tool_failure_reaps_fork_descendants ... test tracer::tests::ordinary_nonleader_tool_failure_reaps_threads_without_resuming ... ok
fatal control raises original error in live tid 3066417 (mode 1)

running 1 test
test tracer::tests::ordinary_nonleader_tool_failure_reaps_unhanded_fork_child ... ordinary cleanup control: root=3066341, descendant=3066373, fail=true, fork=true, newborn=false, timeout=false, root_absent=true, descendant_absent=false, post_syscall=0, sentinel_untouched=true
fatal physical identity: tid=3066341, initial=TraceeSnapshot { tgid: Pid(3066341), ppid: Pid(3066308), tracer_pid: Pid(3066323), start_time: 13487892 }, proc_inode=3017138272, same_process=false, stat=Err(Os { code: 3, kind: Uncategorized, message: "No such process" }), status=Err(Os { code: 3, kind: Uncategorized, message: "No such process" }), pidfd_poll=1, pidfd_revents=17, pidfd_signal0=Err(ESRCH)
fatal physical identity: tid=3066373, initial=TraceeSnapshot { tgid: Pid(3066373), ppid: Pid(3066341), tracer_pid: Pid(3066323), start_time: 13487892 }, proc_inode=3017138280, same_process=true, stat=Ok("3066373 (tracer::tests::) Z 3066292 3065802 4181200 0 -1 4228172 22 0 0 0 0 0 0 0 30 10 1 0 13487892 0 0 18446744073709551615 0 0 0 0 0 0 0 3149824 1088 1 0 0 17 141 0 0 0 0 0 0 0 0 0 0 0 0 9\n"), status=Ok("State:\tZ (zombie); Tgid:\t3066373; Pid:\t3066373; PPid:\t3066292; TracerPid:\t0"), pidfd_poll=1, pidfd_revents=1, pidfd_signal0=Ok(())
fatal original notifier: tid=3066341, terminal=Ok(Some(Signaled(SIGKILL, false))), retired=true, held_stop=false
fatal original notifier: tid=3066373, terminal=Ok(Some(Signaled(SIGKILL, false))), retired=true, held_stop=false
fatal original notifier: tid=3066417, terminal=Ok(Some(Signaled(SIGKILL, false))), retired=true, held_stop=false
fatal chronology: Some((["RootStopLease step before: tid=3066341, siginfo=Ok((19, -6)), terminal=Ok(None)", "RootStopLease step result: Ok(Running(Pid(3066341), TraceeToken { event: EventHandle(EventGeneration { event: Event { exit_waiters: ExitWaiters { waiters: Mutex { data: [] } }, exit_publication: Mutex { data: () }, status_waker: WakerSlot { waker: Mutex { data: Some(Waker { data: 0x7f320800b900, vtable: 0x55e010e84b68 }) }, data: 0x7f320800b900, vtable: 0x55e010e84b68 }, status: Mutex { data: StatusState { pending: [], terminal: -1 } }, status_changed: Condvar { .. }, exit_status: 0, exit_capability: 0, exit_epoch: 0, registration_error: Mutex { data: None }, worker_state: 2, worker_done_lock: Mutex { data: () }, worker_done_changed: Condvar { .. }, cleanup_cancel_requested: false, cleanup_claim_waiters: 0, wait_owner: 2, wait_owner_lock: Mutex { data: () }, wait_owner_changed: Condvar { .. } }, identity: OnceLock(WorkerIdentity { pid: Pid(3066341), snapshot: WorkerProcSnapshot { tgid: Pid(3066341), tracer_pid: Pid(3066323), start_time: 13487892 }, pidfd: OwnedFd { fd: 14 }, proc_dir: OwnedFd { fd: 16 }, proc_inode: 3017138272 }), authoritative: OnceLock(<uninit>) }) }))", "RootStopLease step before: tid=3066341, siginfo=Ok((5, 1)), terminal=Ok(None)", "RootStopLease step result: Ok(Running(Pid(3066341), TraceeToken { event: EventHandle(EventGeneration { event: Event { exit_waiters: ExitWaiters { waiters: Mutex { data: [] } }, exit_publication: Mutex { data: () }, status_waker: WakerSlot { waker: Mutex { data: Some(Waker { data: 0x7f320800b900, vtable: 0x55e010e84b68 }) }, data: 0x7f320800b900, vtable: 0x55e010e84b68 }, status: Mutex { data: StatusState { pending: [], terminal: -1 } }, status_changed: Condvar { .. }, exit_status: 0, exit_capability: 0, exit_epoch: 0, registration_error: Mutex { data: None }, worker_state: 2, worker_done_lock: Mutex { data: () }, worker_done_changed: Condvar { .. }, cleanup_cancel_requested: false, cleanup_claim_waiters: 0, wait_owner: 2, wait_owner_lock: Mutex { data: () }, wait_owner_changed: Condvar { .. } }, identity: OnceLock(WorkerIdentity { pid: Pid(3066341), snapshot: WorkerProcSnapshot { tgid: Pid(3066341), tracer_pid: Pid(3066323), start_time: 13487892 }, pidfd: OwnedFd { fd: 14 }, proc_dir: OwnedFd { fd: 16 }, proc_inode: 3017138272 }), authoritative: OnceLock(<uninit>) }) }))", "RootStopLease step before: tid=3066341, siginfo=Ok((5, 261)), terminal=Ok(None)", "RootStopLease step result: Ok(Running(Pid(3066341), TraceeToken { event: EventHandle(EventGeneration { event: Event { exit_waiters: ExitWaiters { waiters: Mutex { data: [(Weak)] } }, exit_publication: Mutex { data: () }, status_waker: WakerSlot { waker: Mutex { data: Some(Waker { data: 0x7f320800b900, vtable: 0x55e010e84b68 }) }, data: 0x7f320800b900, vtable: 0x55e010e84b68 }, status: Mutex { data: StatusState { pending: [], terminal: -1 } }, status_changed: Condvar { .. }, exit_status: 0, exit_capability: 0, exit_epoch: 0, registration_error: Mutex { data: None }, worker_state: 2, worker_done_lock: Mutex { data: () }, worker_done_changed: Condvar { .. }, cleanup_cancel_requested: false, cleanup_claim_waiters: 0, wait_owner: 2, wait_owner_lock: Mutex { data: () }, wait_owner_changed: Condvar { .. } }, identity: OnceLock(WorkerIdentity { pid: Pid(3066341), snapshot: WorkerProcSnapshot { tgid: Pid(3066341), tracer_pid: Pid(3066323), start_time: 13487892 }, pidfd: OwnedFd { fd: 14 }, proc_dir: OwnedFd { fd: 16 }, proc_inode: 3017138272 }), authoritative: OnceLock(<uninit>) }) }))", "RootStopLease step before: tid=3066341, siginfo=Ok((5, 773)), terminal=Ok(None)", "RootStopLease step result: Ok(Running(Pid(3066341), TraceeToken { event: EventHandle(EventGeneration { event: Event { exit_waiters: ExitWaiters { waiters: Mutex { data: [(Weak)] } }, exit_publication: Mutex { data: () }, status_waker: WakerSlot { waker: Mutex { data: Some(Waker { data: 0x7f320800b900, vtable: 0x55e010e84b68 }) }, data: 0x7f320800b900, vtable: 0x55e010e84b68 }, status: Mutex { data: StatusState { pending: [], terminal: -1 } }, status_changed: Condvar { .. }, exit_status: 0, exit_capability: 0, exit_epoch: 0, registration_error: Mutex { data: None }, worker_state: 2, worker_done_lock: Mutex { data: () }, worker_done_changed: Condvar { .. }, cleanup_cancel_requested: false, cleanup_claim_waiters: 0, wait_owner: 2, wait_owner_lock: Mutex { data: () }, wait_owner_changed: Condvar { .. } }, identity: OnceLock(WorkerIdentity { pid: Pid(3066341), snapshot: WorkerProcSnapshot { tgid: Pid(3066341), tracer_pid: Pid(3066323), start_time: 13487892 }, pidfd: OwnedFd { fd: 14 }, proc_dir: OwnedFd { fd: 16 }, proc_inode: 3017138272 }), authoritative: OnceLock(<uninit>) }) }))", "finish_ordinary_terminal entered: Ok(Stopped(Pid(3066341), TraceeToken { event: EventHandle(EventGeneration { event: Event { exit_waiters: ExitWaiters { waiters: Mutex { data: [(Weak)] } }, exit_publication: Mutex { data: () }, status_waker: WakerSlot { waker: Mutex { data: Some(Waker { data: 0x7f320800b900, vtable: 0x55e010e84b68 }) }, data: 0x7f320800b900, vtable: 0x55e010e84b68 }, status: Mutex { data: StatusState { pending: [], terminal: -1 } }, status_changed: Condvar { .. }, exit_status: 1, exit_capability: 2, exit_epoch: 0, registration_error: Mutex { data: None }, worker_state: 2, worker_done_lock: Mutex { data: () }, worker_done_changed: Condvar { .. }, cleanup_cancel_requested: false, cleanup_claim_waiters: 0, wait_owner: 2, wait_owner_lock: Mutex { data: () }, wait_owner_changed: Condvar { .. } }, identity: OnceLock(WorkerIdentity { pid: Pid(3066341), snapshot: WorkerProcSnapshot { tgid: Pid(3066341), tracer_pid: Pid(3066323), start_time: 13487892 }, pidfd: OwnedFd { fd: 14 }, proc_dir: OwnedFd { fd: 16 }, proc_inode: 3017138272 }), authoritative: OnceLock(<uninit>) }) }))", "finish getevent: tid=3066341, result=Ok(9), terminal=Ok(None), retired=false", "finish_ordinary_terminal entered: Ok(Stopped(Pid(3066373), TraceeToken { event: EventHandle(EventGeneration { event: Event { exit_waiters: ExitWaiters { waiters: Mutex { data: [(Weak)] } }, exit_publication: Mutex { data: () }, status_waker: WakerSlot { waker: Mutex { data: Some(Waker { data: 0x7f3208033380, vtable: 0x55e010e85010 }) }, data: 0x7f3208033380, vtable: 0x55e010e85010 }, status: Mutex { data: StatusState { pending: [], terminal: -1 } }, status_changed: Condvar { .. }, exit_status: 1, exit_capability: 2, exit_epoch: 0, registration_error: Mutex { data: None }, worker_state: 2, worker_done_lock: Mutex { data: () }, worker_done_changed: Condvar { .. }, cleanup_cancel_requested: false, cleanup_claim_waiters: 0, wait_owner: 2, wait_owner_lock: Mutex { data: () }, wait_owner_changed: Condvar { .. } }, identity: OnceLock(WorkerIdentity { pid: Pid(3066373), snapshot: WorkerProcSnapshot { tgid: Pid(3066373), tracer_pid: Pid(3066323), start_time: 13487892 }, pidfd: OwnedFd { fd: 31 }, proc_dir: OwnedFd { fd: 32 }, proc_inode: 3017138280 }), authoritative: OnceLock(<uninit>) }) }))", "finish getevent: tid=3066373, result=Ok(9), terminal=Ok(None), retired=false", "finish_ordinary_terminal entered: Ok(Stopped(Pid(3066417), TraceeToken { event: EventHandle(EventGeneration { event: Event { exit_waiters: ExitWaiters { waiters: Mutex { data: [(Weak)] } }, exit_publication: Mutex { data: () }, status_waker: WakerSlot { waker: Mutex { data: Some(Waker { data: 0x7f3208043100, vtable: 0x55e010e85010 }) }, data: 0x7f3208043100, vtable: 0x55e010e85010 }, status: Mutex { data: StatusState { pending: [], terminal: -1 } }, status_changed: Condvar { .. }, exit_status: 1, exit_capability: 2, exit_epoch: 0, registration_error: Mutex { data: None }, worker_state: 2, worker_done_lock: Mutex { data: () }, worker_done_changed: Condvar { .. }, cleanup_cancel_requested: false, cleanup_claim_waiters: 0, wait_owner: 2, wait_owner_lock: Mutex { data: () }, wait_owner_changed: Condvar { .. } }, identity: OnceLock(WorkerIdentity { pid: Pid(3066417), snapshot: WorkerProcSnapshot { tgid: Pid(3066341), tracer_pid: Pid(3066323), start_time: 13487892 }, pidfd: OwnedFd { fd: 41 }, proc_dir: OwnedFd { fd: 42 }, proc_inode: 3017138285 }), authoritative: OnceLock(<uninit>) }) }))", "finish getevent: tid=3066417, result=Ok(9), terminal=Ok(None), retired=false"], 0))
fatal legacy result: error(Tool(ordinary nonleader failure control)), original_nonleader=true; consuming hooks: Some([(Pid(3066341), None), (Pid(3066373), None), (Pid(3066417), None), (Pid(3066373), Some(Signaled(SIGKILL, false))), (Pid(3066417), Some(Signaled(SIGKILL, false))), (Pid(3066341), Some(Signaled(SIGKILL, false)))])
natural-reaper product predicate: opponent=false, ready=true, root=3066341, child=3066373, start=13487892, inode=3017138280, backend_sigkill=1, terminal_ack=1, original_error=1, post_syscall=0, callbacks_valid=1, zombie=true, tracer=0
owned held zombie: child=3066373, status=SIGKILL, WNOWAIT=true, proc_present=true
actual natural wait: child=3066373, status=SIGKILL, root_absent=true, child_absent=true, remaining_ns=2984325621
ok

test result: ok. 1 passed; 0 failed; 0 ignored; 0 measured; 364 filtered out; finished in 0.01s


running 1 test
test tracer::tests::ordinary_nonleader_tool_failure_reaps_unhanded_fork_child ... ok

test result: ok. 1 passed; 0 failed; 0 ignored; 0 measured; 364 filtered out; finished in 0.02s

test tracer::tests::ordinary_nonleader_tool_failure_reaps_fork_descendants ... ok

running 1 test
test tracer::tests::ordinary_nonleader_tool_failure_reaps_unhanded_vfork_child ... 
running 1 test
test tracer::tests::ordinary_nonleader_tool_failure_reaps_unhanded_vfork_child ... fatal control raises original error in live tid 3066559 (mode 3)
unhanded real child edges: [(Pid(3066548), Clone, Pid(3066559)), (Pid(3066548), Fork, Pid(3066577))]; child_body=0
unhanded original generation resource retention: groups/vfork/unconfirmed=(0, 0, 0), opponent=false
natural-reaper product predicate: opponent=false, ready=true, root=3066548, child=3066577, start=13487893, inode=3017102506, backend_sigkill=1, terminal_ack=1, original_error=1, post_syscall=0, callbacks_valid=1, zombie=true, tracer=0
owned held zombie: child=3066577, status=SIGKILL, WNOWAIT=true, proc_present=true
actual natural wait: child=3066577, status=SIGKILL, root_absent=true, child_absent=true, remaining_ns=2995853403
ok

test result: ok. 1 passed; 0 failed; 0 ignored; 0 measured; 364 filtered out; finished in 0.01s

ok

test result: ok. 1 passed; 0 failed; 0 ignored; 0 measured; 364 filtered out; finished in 0.01s

test tracer::tests::ordinary_nonleader_tool_failure_reaps_unhanded_fork_child ... ok
fatal control raises original error in live tid 3066682 (mode 3)
unhanded real child edges: [(Pid(3066631), Clone, Pid(3066682)), (Pid(3066631), Vfork, Pid(3066705))]; child_body=0
unhanded original generation resource retention: groups/vfork/unconfirmed=(0, 0, 0), opponent=false
natural-reaper product predicate: opponent=false, ready=true, root=3066631, child=3066705, start=13487894, inode=3016863468, backend_sigkill=1, terminal_ack=1, original_error=1, post_syscall=0, callbacks_valid=1, zombie=true, tracer=0
owned held zombie: child=3066705, status=SIGKILL, WNOWAIT=true, proc_present=true
actual natural wait: child=3066705, status=SIGKILL, root_absent=true, child_absent=true, remaining_ns=2996578412
ok

test result: ok. 1 passed; 0 failed; 0 ignored; 0 measured; 364 filtered out; finished in 0.01s

ok

test result: ok. 1 passed; 0 failed; 0 ignored; 0 measured; 364 filtered out; finished in 0.01s

test tracer::tests::ordinary_nonleader_tool_failure_reaps_unhanded_vfork_child ... ok
test tracer::tests::ordinary_nonleader_exec_postexec_timer_survives_internal_step ... ok
test tracer::tests::ordinary_nonleader_exec_real_signal_cancels_postexec_timer ... ok

successes:

---- tracer::tests::ordinary_nonleader_exec_displaced_hook_failure_fences_replacement stdout ----
exec timer payload: /tmp/reverie-fatal-exec-timer-3065831
PROBE[exec-edge-ok] t=134878897960823 (dt=4226us) caller=3066140 target=3066137 what=WAITID(P_PIDFD) thread=Some("guest-3066137") result=Ok(Some("0x137f")) rc=0 site=safeptrace/src/notifier.rs:1858
PROBE[exec-edge-ok] t=134878898609207 (dt=3578us) caller=3065857 target=3066137 what=PTRACE_SINGLESTEP(None) rc=0 site=reverie-ptrace/src/task.rs:2719
PROBE[exec-edge-ok] t=134878898664490 (dt=3523us) caller=3066140 target=3066137 what=WAITID(P_PIDFD) thread=Some("guest-3066137") result=Ok(Some("0x57f")) rc=0 site=safeptrace/src/notifier.rs:1858
PROBE[exec-edge-ok] t=134878898917179 (dt=3270us) caller=3065857 target=3066137 what=PTRACE_SINGLESTEP(None) rc=0 site=reverie-ptrace/src/task.rs:5455
PROBE[exec-edge-ok] t=134878898933334 (dt=3254us) caller=3066140 target=3066137 what=WAITID(P_PIDFD) thread=Some("guest-3066137") result=Ok(Some("0x57f")) rc=0 site=safeptrace/src/notifier.rs:1858
PROBE[exec-edge-ok] t=134878899341086 (dt=2846us) caller=3065857 target=3066137 what=PTRACE_CONT(resume,None) rc=0 site=reverie-ptrace/src/task.rs:5444
PROBE[exec-edge-ok] t=134878899533265 (dt=2654us) caller=3066140 target=3066137 what=WAITID(P_PIDFD) thread=Some("guest-3066137") result=Ok(Some("0x3057f")) rc=0 site=safeptrace/src/notifier.rs:1858
PROBE[exec-edge-ok] t=134878899565784 (dt=2621us) caller=3065857 target=3066137 what=GETEVENTMSG-before rc=0 site=safeptrace/src/lib.rs:234
PROBE[exec-edge-ok] t=134878899601678 (dt=2585us) caller=3065857 target=3066137 what=GETEVENTMSG-after rc=3066149 site=safeptrace/src/lib.rs:234
PROBE[exec-edge-ok] t=134878900106396 (dt=2081us) caller=3066153 target=3066149 what=WAITID(P_PIDFD) thread=Some("guest-3066149") result=Ok(Some("0x137f")) rc=0 site=safeptrace/src/notifier.rs:1858
PROBE[exec-edge-ok] t=134878900848800 (dt=1338us) caller=3065857 target=3066137 what=PTRACE_SINGLESTEP(None) rc=0 site=reverie-ptrace/src/task.rs:5455
PROBE[exec-edge-ok] t=134878900882230 (dt=1305us) caller=3066140 target=3066137 what=WAITID(P_PIDFD) thread=Some("guest-3066137") result=Ok(Some("0x57f")) rc=0 site=safeptrace/src/notifier.rs:1858
PROBE[exec-edge-ok] t=134878901200178 (dt=987us) caller=3065857 target=3066149 what=PTRACE_CONT(resume,None) rc=0 site=reverie-ptrace/src/task.rs:5444
PROBE[exec-edge-ok] t=134878901322772 (dt=864us) caller=3065857 target=3066137 what=PTRACE_CONT(resume,None) rc=0 site=reverie-ptrace/src/task.rs:5444
PROBE[exec-edge-ok] t=134878901417694 (dt=769us) caller=3066140 target=3066137 what=WAITID(P_PIDFD) thread=Some("guest-3066137") result=Ok(Some("0x6057f")) rc=0 site=safeptrace/src/notifier.rs:1858
PROBE[exec-edge-ok] t=134878901451616 (dt=736us) caller=3065857 target=3066137 what=drive_ordinary: ExitFuture resolved ok=true main=true rc=0 site=reverie-ptrace/src/task.rs:6946
PROBE[exec-edge-ok] t=134878901462041 (dt=725us) caller=3065857 target=3066137 what=finish_ordinary_terminal entered with Ok(Stopped) rc=0 site=reverie-ptrace/src/tracer.rs:543
PROBE[exec-edge-ok] t=134878901464635 (dt=722us) caller=3065857 target=3066137 what=GETEVENTMSG-before rc=0 site=reverie-ptrace/src/tracer.rs:556
PROBE[exec-edge-ok] t=134878901468371 (dt=719us) caller=3065857 target=3066137 what=GETEVENTMSG-after rc=0 site=reverie-ptrace/src/tracer.rs:556
PROBE[exec-edge-ok] t=134878901472387 (dt=715us) caller=3065857 target=3066137 what=PTRACE_CONT(resume_retaining,None) rc=0 site=reverie-ptrace/src/tracer.rs:613
PROBE[exec-edge-ok] t=134878901545777 (dt=641us) caller=3066153 target=3066149 what=WAITID(P_PIDFD) thread=Some("guest-3066149") result=Err(ECHILD) rc=0 site=safeptrace/src/notifier.rs:1858
PROBE[exec-edge-ok] t=134878901641962 (dt=545us) caller=3065857 target=3066149 what=drive_ordinary: ExitFuture resolved ok=false main=false rc=0 site=reverie-ptrace/src/task.rs:6946
PROBE[exec-edge-ok] t=134878902010825 (dt=176us) caller=3066140 target=3066137 what=WAITID(P_PIDFD) thread=Some("guest-3066137") result=Ok(Some("0x4057f")) rc=0 site=safeptrace/src/notifier.rs:1858
PROBE[exec-edge-ok] t=134878902027290 (dt=160us) caller=3065857 target=3066137 what=GETEVENTMSG-before rc=0 site=safeptrace/src/lib.rs:246
PROBE[exec-edge-ok] t=134878902029353 (dt=158us) caller=3065857 target=3066137 what=GETEVENTMSG-after rc=3066149 site=safeptrace/src/lib.rs:246
PROBE[exec-edge-ok] t=134878902186800 (dt=0us) caller=3065857 target=3066137 what=EXEC-EDGE observed former=3066149 exit_status=Some(Exited(0)) esrch=None snapshot: [task 3066137: State: t (tracing stop) | Pid: 3066137 | TracerPid: 3065857 | SigPnd: 0000000000000000 | ShdPnd: 0000000000000000 | stat.state=t stat.exit_code=0 | wchan=ptrace_stop] rc=0 site=reverie-ptrace/src/tracer.rs:675
actual delivered marker observations: tracer=3065831, rows=[]
exec owner before rescue: fail=true, timer_mode=0, root_absent=true, events=[(0, Pid(3066137), 3066137, None), (0, Pid(3066149), 3066149, None), (2, Pid(3066137), 3066137, Some(Exited(0))), (2, Pid(3066137), 3066149, Some(Signaled(SIGKILL, false))), (3, Pid(3066137), 0, Some(Signaled(SIGKILL, false)))], elapsed=50.077602ms, outcome=Complete(Err(PtraceRunFailure { primary: Tool(ordinary nonleader failure control), origin: BackendFailure { pid: Pid(3066137), tid: Pid(3066137), phase: "ptrace replaced leader on_exit_thread" }, secondary: [], captured_prefix: Some(CapturedPrefix { stdout: [], stderr: [] }) }))
actual perf exec handoff: ExecTimerTransfer { displaced: Some(ExecTimerIdentity { clock_fd: 75, timer_fd: 76, clock_event_id: 6884955, timer_event_id: 6884954, artificial_pending: false, artificial_signal_sent: false, cancelled: true, guest_pid: Pid(3066137), guest_tid: Pid(3066137), kernel_owner_tid: Pid(3066137) }), before: Some(ExecTimerIdentity { clock_fd: 39, timer_fd: 40, clock_event_id: 6884959, timer_event_id: 6884958, artificial_pending: false, artificial_signal_sent: false, cancelled: true, guest_pid: Pid(3066137), guest_tid: Pid(3066149), kernel_owner_tid: Pid(0) }), after: Some(ExecTimerIdentity { clock_fd: 39, timer_fd: 40, clock_event_id: 6884959, timer_event_id: 6884958, artificial_pending: false, artificial_signal_sent: false, cancelled: true, guest_pid: Pid(3066137), guest_tid: Pid(3066137), kernel_owner_tid: Pid(3066137) }), displaced_fds_closed: true }

---- tracer::tests::ordinary_nonleader_exec_transfers_state_and_consumes_old_leader_once stdout ----
PROBE[exec-edge-ok] t=134878900894749 (dt=3062us) caller=3066164 target=3066162 what=WAITID(P_PIDFD) thread=Some("guest-3066162") result=Ok(Some("0x137f")) rc=0 site=safeptrace/src/notifier.rs:1858
PROBE[exec-edge-ok] t=134878901231225 (dt=2725us) caller=3066152 target=3066162 what=PTRACE_SINGLESTEP(None) rc=0 site=reverie-ptrace/src/task.rs:2719
PROBE[exec-edge-ok] t=134878901274850 (dt=2682us) caller=3066164 target=3066162 what=WAITID(P_PIDFD) thread=Some("guest-3066162") result=Ok(Some("0x57f")) rc=0 site=safeptrace/src/notifier.rs:1858
PROBE[exec-edge-ok] t=134878901407459 (dt=2549us) caller=3066152 target=3066162 what=PTRACE_SINGLESTEP(None) rc=0 site=reverie-ptrace/src/task.rs:5455
PROBE[exec-edge-ok] t=134878901423764 (dt=2533us) caller=3066164 target=3066162 what=WAITID(P_PIDFD) thread=Some("guest-3066162") result=Ok(Some("0x57f")) rc=0 site=safeptrace/src/notifier.rs:1858
PROBE[exec-edge-ok] t=134878901648241 (dt=2308us) caller=3066152 target=3066162 what=PTRACE_CONT(resume,None) rc=0 site=reverie-ptrace/src/task.rs:5444
PROBE[exec-edge-ok] t=134878901812467 (dt=2144us) caller=3066164 target=3066162 what=WAITID(P_PIDFD) thread=Some("guest-3066162") result=Ok(Some("0x3057f")) rc=0 site=safeptrace/src/notifier.rs:1858
PROBE[exec-edge-ok] t=134878901865487 (dt=2091us) caller=3066152 target=3066162 what=GETEVENTMSG-before rc=0 site=safeptrace/src/lib.rs:234
PROBE[exec-edge-ok] t=134878901869753 (dt=2087us) caller=3066152 target=3066162 what=GETEVENTMSG-after rc=3066167 site=safeptrace/src/lib.rs:234
PROBE[exec-edge-ok] t=134878902333790 (dt=1623us) caller=3066170 target=3066167 what=WAITID(P_PIDFD) thread=Some("guest-3066167") result=Ok(Some("0x137f")) rc=0 site=safeptrace/src/notifier.rs:1858
PROBE[exec-edge-ok] t=134878902616635 (dt=1340us) caller=3066152 target=3066162 what=PTRACE_SINGLESTEP(None) rc=0 site=reverie-ptrace/src/task.rs:5455
PROBE[exec-edge-ok] t=134878902629174 (dt=1327us) caller=3066164 target=3066162 what=WAITID(P_PIDFD) thread=Some("guest-3066162") result=Ok(Some("0x57f")) rc=0 site=safeptrace/src/notifier.rs:1858
PROBE[exec-edge-ok] t=134878902705038 (dt=1251us) caller=3066152 target=3066167 what=PTRACE_CONT(resume,None) rc=0 site=reverie-ptrace/src/task.rs:5444
PROBE[exec-edge-ok] t=134878902757767 (dt=1199us) caller=3066152 target=3066162 what=PTRACE_CONT(resume,None) rc=0 site=reverie-ptrace/src/task.rs:5444
PROBE[exec-edge-ok] t=134878902951027 (dt=1005us) caller=3066164 target=3066162 what=WAITID(P_PIDFD) thread=Some("guest-3066162") result=Ok(Some("0x6057f")) rc=0 site=safeptrace/src/notifier.rs:1858
PROBE[exec-edge-ok] t=134878902976255 (dt=980us) caller=3066152 target=3066162 what=drive_ordinary: ExitFuture resolved ok=true main=true rc=0 site=reverie-ptrace/src/task.rs:6946
PROBE[exec-edge-ok] t=134878902982685 (dt=974us) caller=3066152 target=3066162 what=finish_ordinary_terminal entered with Ok(Stopped) rc=0 site=reverie-ptrace/src/tracer.rs:543
PROBE[exec-edge-ok] t=134878902984828 (dt=972us) caller=3066152 target=3066162 what=GETEVENTMSG-before rc=0 site=reverie-ptrace/src/tracer.rs:556
PROBE[exec-edge-ok] t=134878902987542 (dt=969us) caller=3066152 target=3066162 what=GETEVENTMSG-after rc=0 site=reverie-ptrace/src/tracer.rs:556
PROBE[exec-edge-ok] t=134878902990857 (dt=966us) caller=3066152 target=3066162 what=PTRACE_CONT(resume_retaining,None) rc=0 site=reverie-ptrace/src/tracer.rs:613
PROBE[exec-edge-ok] t=134878903061654 (dt=895us) caller=3066170 target=3066167 what=WAITID(P_PIDFD) thread=Some("guest-3066167") result=Err(ECHILD) rc=0 site=safeptrace/src/notifier.rs:1858
PROBE[exec-edge-ok] t=134878903145649 (dt=811us) caller=3066152 target=3066167 what=drive_ordinary: ExitFuture resolved ok=false main=false rc=0 site=reverie-ptrace/src/task.rs:6946
PROBE[exec-edge-ok] t=134878903561224 (dt=395us) caller=3066164 target=3066162 what=WAITID(P_PIDFD) thread=Some("guest-3066162") result=Ok(Some("0x4057f")) rc=0 site=safeptrace/src/notifier.rs:1858
PROBE[exec-edge-ok] t=134878903780543 (dt=176us) caller=3066152 target=3066162 what=GETEVENTMSG-before rc=0 site=safeptrace/src/lib.rs:246
PROBE[exec-edge-ok] t=134878903788986 (dt=167us) caller=3066152 target=3066162 what=GETEVENTMSG-after rc=3066167 site=safeptrace/src/lib.rs:246
PROBE[exec-edge-ok] t=134878903956247 (dt=0us) caller=3066152 target=3066162 what=EXEC-EDGE observed former=3066167 exit_status=Some(Exited(0)) esrch=None snapshot: [task 3066162: State: t (tracing stop) | Pid: 3066162 | TracerPid: 3066152 | SigPnd: 0000000000000000 | ShdPnd: 0000000000000000 | stat.state=t stat.exit_code=0 | wchan=ptrace_stop] rc=0 site=reverie-ptrace/src/tracer.rs:675
actual delivered marker observations: tracer=3065831, rows=[(3066162, 16, 1, 65, 150495, false, false)]
exec owner before rescue: fail=false, timer_mode=0, root_absent=true, events=[(0, Pid(3066162), 3066162, None), (0, Pid(3066167), 3066167, None), (2, Pid(3066162), 3066162, Some(Exited(0))), (1, Pid(3066162), 3066167, None), (5, Pid(3066162), 50407, None), (9, Pid(3066162), 150495, None), (4, Pid(3066162), 3066167, None), (6, Pid(3066162), 1050652, None), (2, Pid(3066162), 3066167, Some(Exited(0))), (3, Pid(3066162), 0, Some(Exited(0)))], elapsed=5.615002ms, outcome=Complete(Ok(Output { status: Exited(0), stdout: "survived", stderr: "" }))
actual perf exec handoff: ExecTimerTransfer { displaced: Some(ExecTimerIdentity { clock_fd: 50, timer_fd: 41, clock_event_id: 6884961, timer_event_id: 6884960, artificial_pending: false, artificial_signal_sent: false, cancelled: true, guest_pid: Pid(3066162), guest_tid: Pid(3066162), kernel_owner_tid: Pid(3066162) }), before: Some(ExecTimerIdentity { clock_fd: 31, timer_fd: 26, clock_event_id: 6884963, timer_event_id: 6884962, artificial_pending: false, artificial_signal_sent: false, cancelled: true, guest_pid: Pid(3066162), guest_tid: Pid(3066167), kernel_owner_tid: Pid(0) }), after: Some(ExecTimerIdentity { clock_fd: 31, timer_fd: 26, clock_event_id: 6884963, timer_event_id: 6884962, artificial_pending: false, artificial_signal_sent: false, cancelled: true, guest_pid: Pid(3066162), guest_tid: Pid(3066162), kernel_owner_tid: Pid(3066162) }), displaced_fds_closed: true }

---- tracer::tests::ordinary_nonleader_injected_exec_echild_awaits_leader_exec_edge stdout ----
PROBE[exec-edge-ok] t=134878903965721 (dt=3245us) caller=3066177 target=3066174 what=WAITID(P_PIDFD) thread=Some("guest-3066174") result=Ok(Some("0x137f")) rc=0 site=safeptrace/src/notifier.rs:1858
PROBE[exec-edge-ok] t=134878904435266 (dt=2775us) caller=3066173 target=3066174 what=PTRACE_SINGLESTEP(None) rc=0 site=reverie-ptrace/src/task.rs:2719
PROBE[exec-edge-ok] t=134878904488416 (dt=2722us) caller=3066177 target=3066174 what=WAITID(P_PIDFD) thread=Some("guest-3066174") result=Ok(Some("0x57f")) rc=0 site=safeptrace/src/notifier.rs:1858
PROBE[exec-edge-ok] t=134878904629938 (dt=2581us) caller=3066173 target=3066174 what=PTRACE_SINGLESTEP(None) rc=0 site=reverie-ptrace/src/task.rs:5455
PROBE[exec-edge-ok] t=134878904644861 (dt=2566us) caller=3066177 target=3066174 what=WAITID(P_PIDFD) thread=Some("guest-3066174") result=Ok(Some("0x57f")) rc=0 site=safeptrace/src/notifier.rs:1858
PROBE[exec-edge-ok] t=134878904841807 (dt=2369us) caller=3066173 target=3066174 what=PTRACE_CONT(resume,None) rc=0 site=reverie-ptrace/src/task.rs:5444
PROBE[exec-edge-ok] t=134878905000014 (dt=2211us) caller=3066177 target=3066174 what=WAITID(P_PIDFD) thread=Some("guest-3066174") result=Ok(Some("0x3057f")) rc=0 site=safeptrace/src/notifier.rs:1858
PROBE[exec-edge-ok] t=134878905022448 (dt=2188us) caller=3066173 target=3066174 what=GETEVENTMSG-before rc=0 site=safeptrace/src/lib.rs:234
PROBE[exec-edge-ok] t=134878905026233 (dt=2184us) caller=3066173 target=3066174 what=GETEVENTMSG-after rc=3066192 site=safeptrace/src/lib.rs:234
PROBE[exec-edge-ok] t=134878905420766 (dt=1790us) caller=3066194 target=3066192 what=WAITID(P_PIDFD) thread=Some("guest-3066192") result=Ok(Some("0x137f")) rc=0 site=safeptrace/src/notifier.rs:1858
PROBE[exec-edge-ok] t=134878905719765 (dt=1491us) caller=3066173 target=3066174 what=PTRACE_SINGLESTEP(None) rc=0 site=reverie-ptrace/src/task.rs:5455
PROBE[exec-edge-ok] t=134878905732073 (dt=1479us) caller=3066177 target=3066174 what=WAITID(P_PIDFD) thread=Some("guest-3066174") result=Ok(Some("0x57f")) rc=0 site=safeptrace/src/notifier.rs:1858
PROBE[exec-edge-ok] t=134878905784002 (dt=1427us) caller=3066173 target=3066192 what=PTRACE_CONT(resume,None) rc=0 site=reverie-ptrace/src/task.rs:5444
PROBE[exec-edge-ok] t=134878905837271 (dt=1373us) caller=3066173 target=3066174 what=PTRACE_CONT(resume,None) rc=0 site=reverie-ptrace/src/task.rs:5444
PROBE[exec-edge-ok] t=134878905861478 (dt=1349us) caller=3066194 target=3066192 what=WAITID(P_PIDFD) thread=Some("guest-3066192") result=Ok(Some("0x7057f")) rc=0 site=safeptrace/src/notifier.rs:1858
PROBE[exec-edge-ok] t=134878905937312 (dt=1273us) caller=3066173 target=3066192 what=PTRACE_SYSCALL(None) rc=0 site=reverie-ptrace/src/task.rs:5466
PROBE[exec-edge-ok] t=134878906072054 (dt=1139us) caller=3066177 target=3066174 what=WAITID(P_PIDFD) thread=Some("guest-3066174") result=Ok(Some("0x6057f")) rc=0 site=safeptrace/src/notifier.rs:1858
PROBE[exec-edge-ok] t=134878906099265 (dt=1111us) caller=3066173 target=3066174 what=drive_ordinary: ExitFuture resolved ok=true main=true rc=0 site=reverie-ptrace/src/task.rs:6946
PROBE[exec-edge-ok] t=134878906105955 (dt=1105us) caller=3066173 target=3066174 what=finish_ordinary_terminal entered with Ok(Stopped) rc=0 site=reverie-ptrace/src/tracer.rs:543
PROBE[exec-edge-ok] t=134878906108128 (dt=1102us) caller=3066173 target=3066174 what=GETEVENTMSG-before rc=0 site=reverie-ptrace/src/tracer.rs:556
PROBE[exec-edge-ok] t=134878906110272 (dt=1100us) caller=3066173 target=3066174 what=GETEVENTMSG-after rc=0 site=reverie-ptrace/src/tracer.rs:556
PROBE[exec-edge-ok] t=134878906113256 (dt=1097us) caller=3066173 target=3066174 what=PTRACE_CONT(resume_retaining,None) rc=0 site=reverie-ptrace/src/tracer.rs:613
PROBE[exec-edge-ok] t=134878906146997 (dt=1064us) caller=3066194 target=3066192 what=WAITID(P_PIDFD) thread=Some("guest-3066192") result=Err(ECHILD) rc=0 site=safeptrace/src/notifier.rs:1858
PROBE[exec-edge-ok] t=134878906704564 (dt=506us) caller=3066177 target=3066174 what=WAITID(P_PIDFD) thread=Some("guest-3066174") result=Ok(Some("0x4057f")) rc=0 site=safeptrace/src/notifier.rs:1858
PROBE[exec-edge-ok] t=134878907039747 (dt=171us) caller=3066173 target=3066174 what=GETEVENTMSG-before rc=0 site=safeptrace/src/lib.rs:246
PROBE[exec-edge-ok] t=134878907048981 (dt=162us) caller=3066173 target=3066174 what=GETEVENTMSG-after rc=3066192 site=safeptrace/src/lib.rs:246
PROBE[exec-edge-ok] t=134878907210514 (dt=0us) caller=3066173 target=3066174 what=EXEC-EDGE observed former=3066192 exit_status=Some(Exited(0)) esrch=None snapshot: [task 3066174: State: t (tracing stop) | Pid: 3066174 | TracerPid: 3066173 | SigPnd: 0000000000000000 | ShdPnd: 0000000000000000 | stat.state=t stat.exit_code=0 | wchan=ptrace_stop] rc=0 site=reverie-ptrace/src/tracer.rs:675

---- tracer::tests::ordinary_nonleader_success_preserves_exit_callbacks stdout ----
ordinary cleanup control: root=3066226, descendant=0, fail=false, fork=false, newborn=false, timeout=false, root_absent=true, descendant_absent=true, post_syscall=1, sentinel_untouched=true
fatal physical identity: tid=3066226, initial=TraceeSnapshot { tgid: Pid(3066226), ppid: Pid(3065831), tracer_pid: Pid(3066199), start_time: 13487890 }, proc_inode=3017134446, same_process=false, stat=Err(Os { code: 3, kind: Uncategorized, message: "No such process" }), status=Err(Os { code: 3, kind: Uncategorized, message: "No such process" }), pidfd_poll=1, pidfd_revents=17, pidfd_signal0=Err(ESRCH)
fatal original notifier: tid=3066226, terminal=Ok(Some(Exited(0))), retired=true, held_stop=false
fatal original notifier: tid=3066255, terminal=Ok(Some(Exited(0))), retired=true, held_stop=false
fatal chronology: Some((["RootStopLease step before: tid=3066226, siginfo=Ok((19, -6)), terminal=Ok(None)", "RootStopLease step result: Ok(Running(Pid(3066226), TraceeToken { event: EventHandle(EventGeneration { event: Event { exit_waiters: ExitWaiters { waiters: Mutex { data: [] } }, exit_publication: Mutex { data: () }, status_waker: WakerSlot { waker: Mutex { data: Some(Waker { data: 0x7f96fc00ef80, vtable: 0x55cfece06b68 }) }, data: 0x7f96fc00ef80, vtable: 0x55cfece06b68 }, status: Mutex { data: StatusState { pending: [], terminal: -1 } }, status_changed: Condvar { .. }, exit_status: 0, exit_capability: 0, exit_epoch: 0, registration_error: Mutex { data: None }, worker_state: 2, worker_done_lock: Mutex { data: () }, worker_done_changed: Condvar { .. }, cleanup_cancel_requested: false, cleanup_claim_waiters: 0, wait_owner: 2, wait_owner_lock: Mutex { data: () }, wait_owner_changed: Condvar { .. } }, identity: OnceLock(WorkerIdentity { pid: Pid(3066226), snapshot: WorkerProcSnapshot { tgid: Pid(3066226), tracer_pid: Pid(3066199), start_time: 13487890 }, pidfd: OwnedFd { fd: 34 }, proc_dir: OwnedFd { fd: 36 }, proc_inode: 3017134446 }), authoritative: OnceLock(<uninit>) }) }))", "RootStopLease step before: tid=3066226, siginfo=Ok((5, 1)), terminal=Ok(None)", "RootStopLease step result: Ok(Running(Pid(3066226), TraceeToken { event: EventHandle(EventGeneration { event: Event { exit_waiters: ExitWaiters { waiters: Mutex { data: [] } }, exit_publication: Mutex { data: () }, status_waker: WakerSlot { waker: Mutex { data: Some(Waker { data: 0x7f96fc00ef80, vtable: 0x55cfece06b68 }) }, data: 0x7f96fc00ef80, vtable: 0x55cfece06b68 }, status: Mutex { data: StatusState { pending: [], terminal: -1 } }, status_changed: Condvar { .. }, exit_status: 0, exit_capability: 0, exit_epoch: 0, registration_error: Mutex { data: None }, worker_state: 2, worker_done_lock: Mutex { data: () }, worker_done_changed: Condvar { .. }, cleanup_cancel_requested: false, cleanup_claim_waiters: 0, wait_owner: 2, wait_owner_lock: Mutex { data: () }, wait_owner_changed: Condvar { .. } }, identity: OnceLock(WorkerIdentity { pid: Pid(3066226), snapshot: WorkerProcSnapshot { tgid: Pid(3066226), tracer_pid: Pid(3066199), start_time: 13487890 }, pidfd: OwnedFd { fd: 34 }, proc_dir: OwnedFd { fd: 36 }, proc_inode: 3017134446 }), authoritative: OnceLock(<uninit>) }) }))", "RootStopLease step before: tid=3066226, siginfo=Ok((5, 773)), terminal=Ok(None)", "RootStopLease step result: Ok(Running(Pid(3066226), TraceeToken { event: EventHandle(EventGeneration { event: Event { exit_waiters: ExitWaiters { waiters: Mutex { data: [(Weak)] } }, exit_publication: Mutex { data: () }, status_waker: WakerSlot { waker: Mutex { data: Some(Waker { data: 0x7f96fc00ef80, vtable: 0x55cfece06b68 }) }, data: 0x7f96fc00ef80, vtable: 0x55cfece06b68 }, status: Mutex { data: StatusState { pending: [], terminal: -1 } }, status_changed: Condvar { .. }, exit_status: 0, exit_capability: 0, exit_epoch: 0, registration_error: Mutex { data: None }, worker_state: 2, worker_done_lock: Mutex { data: () }, worker_done_changed: Condvar { .. }, cleanup_cancel_requested: false, cleanup_claim_waiters: 0, wait_owner: 2, wait_owner_lock: Mutex { data: () }, wait_owner_changed: Condvar { .. } }, identity: OnceLock(WorkerIdentity { pid: Pid(3066226), snapshot: WorkerProcSnapshot { tgid: Pid(3066226), tracer_pid: Pid(3066199), start_time: 13487890 }, pidfd: OwnedFd { fd: 34 }, proc_dir: OwnedFd { fd: 36 }, proc_inode: 3017134446 }), authoritative: OnceLock(<uninit>) }) }))", "finish_ordinary_terminal entered: Ok(Stopped(Pid(3066255), TraceeToken { event: EventHandle(EventGeneration { event: Event { exit_waiters: ExitWaiters { waiters: Mutex { data: [(Weak)] } }, exit_publication: Mutex { data: () }, status_waker: WakerSlot { waker: Mutex { data: Some(Waker { data: 0x7f96fc02aa00, vtable: 0x55cfece07010 }) }, data: 0x7f96fc02aa00, vtable: 0x55cfece07010 }, status: Mutex { data: StatusState { pending: [], terminal: -1 } }, status_changed: Condvar { .. }, exit_status: 1, exit_capability: 2, exit_epoch: 0, registration_error: Mutex { data: None }, worker_state: 2, worker_done_lock: Mutex { data: () }, worker_done_changed: Condvar { .. }, cleanup_cancel_requested: false, cleanup_claim_waiters: 0, wait_owner: 2, wait_owner_lock: Mutex { data: () }, wait_owner_changed: Condvar { .. } }, identity: OnceLock(WorkerIdentity { pid: Pid(3066255), snapshot: WorkerProcSnapshot { tgid: Pid(3066226), tracer_pid: Pid(3066199), start_time: 13487891 }, pidfd: OwnedFd { fd: 60 }, proc_dir: OwnedFd { fd: 61 }, proc_inode: 3016937144 }), authoritative: OnceLock(<uninit>) }) }))", "finish getevent: tid=3066255, result=Ok(0), terminal=Ok(None), retired=false", "finish_ordinary_terminal entered: Ok(Stopped(Pid(3066226), TraceeToken { event: EventHandle(EventGeneration { event: Event { exit_waiters: ExitWaiters { waiters: Mutex { data: [(Weak)] } }, exit_publication: Mutex { data: () }, status_waker: WakerSlot { waker: Mutex { data: Some(Waker { data: 0x7f96fc00ef80, vtable: 0x55cfece06b68 }) }, data: 0x7f96fc00ef80, vtable: 0x55cfece06b68 }, status: Mutex { data: StatusState { pending: [], terminal: -1 } }, status_changed: Condvar { .. }, exit_status: 1, exit_capability: 2, exit_epoch: 0, registration_error: Mutex { data: None }, worker_state: 2, worker_done_lock: Mutex { data: () }, worker_done_changed: Condvar { .. }, cleanup_cancel_requested: false, cleanup_claim_waiters: 0, wait_owner: 2, wait_owner_lock: Mutex { data: () }, wait_owner_changed: Condvar { .. } }, identity: OnceLock(WorkerIdentity { pid: Pid(3066226), snapshot: WorkerProcSnapshot { tgid: Pid(3066226), tracer_pid: Pid(3066199), start_time: 13487890 }, pidfd: OwnedFd { fd: 34 }, proc_dir: OwnedFd { fd: 36 }, proc_inode: 3017134446 }), authoritative: OnceLock(<uninit>) }) }))", "finish getevent: tid=3066226, result=Ok(0), terminal=Ok(None), retired=false"], 0))
fatal legacy result: success(Exited(0)); consuming hooks: None

---- tracer::tests::ordinary_nonleader_tool_failure_cancels_pending_newborn_start stdout ----
fatal control raises original error in live tid 3066283 (mode 2)
ordinary cleanup control: root=3066256, descendant=0, fail=true, fork=false, newborn=true, timeout=false, root_absent=true, descendant_absent=true, post_syscall=0, sentinel_untouched=true
fatal physical identity: tid=3066256, initial=TraceeSnapshot { tgid: Pid(3066256), ppid: Pid(3065831), tracer_pid: Pid(3066217), start_time: 13487891 }, proc_inode=3016927762, same_process=false, stat=Err(Os { code: 3, kind: Uncategorized, message: "No such process" }), status=Err(Os { code: 3, kind: Uncategorized, message: "No such process" }), pidfd_poll=1, pidfd_revents=17, pidfd_signal0=Err(ESRCH)
fatal original notifier: tid=3066256, terminal=Ok(Some(Signaled(SIGKILL, false))), retired=true, held_stop=false
fatal original notifier: tid=3066274, terminal=Ok(Some(Signaled(SIGKILL, false))), retired=true, held_stop=false
fatal original notifier: tid=3066283, terminal=Ok(Some(Signaled(SIGKILL, false))), retired=true, held_stop=false
fatal chronology: Some((["RootStopLease step before: tid=3066256, siginfo=Ok((19, -6)), terminal=Ok(None)", "RootStopLease step result: Ok(Running(Pid(3066256), TraceeToken { event: EventHandle(EventGeneration { event: Event { exit_waiters: ExitWaiters { waiters: Mutex { data: [] } }, exit_publication: Mutex { data: () }, status_waker: WakerSlot { waker: Mutex { data: Some(Waker { data: 0x7f971000f400, vtable: 0x55cfece06b68 }) }, data: 0x7f971000f400, vtable: 0x55cfece06b68 }, status: Mutex { data: StatusState { pending: [], terminal: -1 } }, status_changed: Condvar { .. }, exit_status: 0, exit_capability: 0, exit_epoch: 0, registration_error: Mutex { data: None }, worker_state: 2, worker_done_lock: Mutex { data: () }, worker_done_changed: Condvar { .. }, cleanup_cancel_requested: false, cleanup_claim_waiters: 0, wait_owner: 2, wait_owner_lock: Mutex { data: () }, wait_owner_changed: Condvar { .. } }, identity: OnceLock(WorkerIdentity { pid: Pid(3066256), snapshot: WorkerProcSnapshot { tgid: Pid(3066256), tracer_pid: Pid(3066217), start_time: 13487891 }, pidfd: OwnedFd { fd: 57 }, proc_dir: OwnedFd { fd: 59 }, proc_inode: 3016927762 }), authoritative: OnceLock(<uninit>) }) }))", "RootStopLease step before: tid=3066256, siginfo=Ok((5, 1)), terminal=Ok(None)", "RootStopLease step result: Ok(Running(Pid(3066256), TraceeToken { event: EventHandle(EventGeneration { event: Event { exit_waiters: ExitWaiters { waiters: Mutex { data: [] } }, exit_publication: Mutex { data: () }, status_waker: WakerSlot { waker: Mutex { data: Some(Waker { data: 0x7f971000f400, vtable: 0x55cfece06b68 }) }, data: 0x7f971000f400, vtable: 0x55cfece06b68 }, status: Mutex { data: StatusState { pending: [], terminal: -1 } }, status_changed: Condvar { .. }, exit_status: 0, exit_capability: 0, exit_epoch: 0, registration_error: Mutex { data: None }, worker_state: 2, worker_done_lock: Mutex { data: () }, worker_done_changed: Condvar { .. }, cleanup_cancel_requested: false, cleanup_claim_waiters: 0, wait_owner: 2, wait_owner_lock: Mutex { data: () }, wait_owner_changed: Condvar { .. } }, identity: OnceLock(WorkerIdentity { pid: Pid(3066256), snapshot: WorkerProcSnapshot { tgid: Pid(3066256), tracer_pid: Pid(3066217), start_time: 13487891 }, pidfd: OwnedFd { fd: 57 }, proc_dir: OwnedFd { fd: 59 }, proc_inode: 3016927762 }), authoritative: OnceLock(<uninit>) }) }))", "RootStopLease step before: tid=3066256, siginfo=Ok((5, 773)), terminal=Ok(None)", "RootStopLease step result: Ok(Running(Pid(3066256), TraceeToken { event: EventHandle(EventGeneration { event: Event { exit_waiters: ExitWaiters { waiters: Mutex { data: [(Weak)] } }, exit_publication: Mutex { data: () }, status_waker: WakerSlot { waker: Mutex { data: Some(Waker { data: 0x7f971000f400, vtable: 0x55cfece06b68 }) }, data: 0x7f971000f400, vtable: 0x55cfece06b68 }, status: Mutex { data: StatusState { pending: [], terminal: -1 } }, status_changed: Condvar { .. }, exit_status: 0, exit_capability: 0, exit_epoch: 0, registration_error: Mutex { data: None }, worker_state: 2, worker_done_lock: Mutex { data: () }, worker_done_changed: Condvar { .. }, cleanup_cancel_requested: false, cleanup_claim_waiters: 0, wait_owner: 2, wait_owner_lock: Mutex { data: () }, wait_owner_changed: Condvar { .. } }, identity: OnceLock(WorkerIdentity { pid: Pid(3066256), snapshot: WorkerProcSnapshot { tgid: Pid(3066256), tracer_pid: Pid(3066217), start_time: 13487891 }, pidfd: OwnedFd { fd: 57 }, proc_dir: OwnedFd { fd: 59 }, proc_inode: 3016927762 }), authoritative: OnceLock(<uninit>) }) }))", "RootStopLease step before: tid=3066256, siginfo=Ok((5, 773)), terminal=Ok(None)", "RootStopLease step result: Ok(Running(Pid(3066256), TraceeToken { event: EventHandle(EventGeneration { event: Event { exit_waiters: ExitWaiters { waiters: Mutex { data: [(Weak)] } }, exit_publication: Mutex { data: () }, status_waker: WakerSlot { waker: Mutex { data: Some(Waker { data: 0x7f971000f400, vtable: 0x55cfece06b68 }) }, data: 0x7f971000f400, vtable: 0x55cfece06b68 }, status: Mutex { data: StatusState { pending: [], terminal: -1 } }, status_changed: Condvar { .. }, exit_status: 0, exit_capability: 0, exit_epoch: 0, registration_error: Mutex { data: None }, worker_state: 2, worker_done_lock: Mutex { data: () }, worker_done_changed: Condvar { .. }, cleanup_cancel_requested: false, cleanup_claim_waiters: 0, wait_owner: 2, wait_owner_lock: Mutex { data: () }, wait_owner_changed: Condvar { .. } }, identity: OnceLock(WorkerIdentity { pid: Pid(3066256), snapshot: WorkerProcSnapshot { tgid: Pid(3066256), tracer_pid: Pid(3066217), start_time: 13487891 }, pidfd: OwnedFd { fd: 57 }, proc_dir: OwnedFd { fd: 59 }, proc_inode: 3016927762 }), authoritative: OnceLock(<uninit>) }) }))", "finish_ordinary_terminal entered: Ok(Stopped(Pid(3066256), TraceeToken { event: EventHandle(EventGeneration { event: Event { exit_waiters: ExitWaiters { waiters: Mutex { data: [(Weak)] } }, exit_publication: Mutex { data: () }, status_waker: WakerSlot { waker: Mutex { data: Some(Waker { data: 0x7f971000f400, vtable: 0x55cfece06b68 }) }, data: 0x7f971000f400, vtable: 0x55cfece06b68 }, status: Mutex { data: StatusState { pending: [], terminal: -1 } }, status_changed: Condvar { .. }, exit_status: 1, exit_capability: 2, exit_epoch: 0, registration_error: Mutex { data: None }, worker_state: 2, worker_done_lock: Mutex { data: () }, worker_done_changed: Condvar { .. }, cleanup_cancel_requested: false, cleanup_claim_waiters: 0, wait_owner: 2, wait_owner_lock: Mutex { data: () }, wait_owner_changed: Condvar { .. } }, identity: OnceLock(WorkerIdentity { pid: Pid(3066256), snapshot: WorkerProcSnapshot { tgid: Pid(3066256), tracer_pid: Pid(3066217), start_time: 13487891 }, pidfd: OwnedFd { fd: 57 }, proc_dir: OwnedFd { fd: 59 }, proc_inode: 3016927762 }), authoritative: OnceLock(<uninit>) }) }))", "finish getevent: tid=3066256, result=Ok(9), terminal=Ok(None), retired=false", "finish_ordinary_terminal entered: Ok(Stopped(Pid(3066283), TraceeToken { event: EventHandle(EventGeneration { event: Event { exit_waiters: ExitWaiters { waiters: Mutex { data: [(Weak)] } }, exit_publication: Mutex { data: () }, status_waker: WakerSlot { waker: Mutex { data: Some(Waker { data: 0x7f971001cb80, vtable: 0x55cfece07010 }) }, data: 0x7f971001cb80, vtable: 0x55cfece07010 }, status: Mutex { data: StatusState { pending: [], terminal: -1 } }, status_changed: Condvar { .. }, exit_status: 1, exit_capability: 2, exit_epoch: 0, registration_error: Mutex { data: None }, worker_state: 2, worker_done_lock: Mutex { data: () }, worker_done_changed: Condvar { .. }, cleanup_cancel_requested: false, cleanup_claim_waiters: 0, wait_owner: 2, wait_owner_lock: Mutex { data: () }, wait_owner_changed: Condvar { .. } }, identity: OnceLock(WorkerIdentity { pid: Pid(3066283), snapshot: WorkerProcSnapshot { tgid: Pid(3066256), tracer_pid: Pid(3066217), start_time: 13487891 }, pidfd: OwnedFd { fd: 37 }, proc_dir: OwnedFd { fd: 38 }, proc_inode: 3016927770 }), authoritative: OnceLock(<uninit>) }) }))", "finish getevent: tid=3066283, result=Ok(9), terminal=Ok(None), retired=false", "finish_ordinary_terminal entered: Ok(Stopped(Pid(3066274), TraceeToken { event: EventHandle(EventGeneration { event: Event { exit_waiters: ExitWaiters { waiters: Mutex { data: [(Weak)] } }, exit_publication: Mutex { data: () }, status_waker: WakerSlot { waker: Mutex { data: Some(Waker { data: 0x7f971000a600, vtable: 0x55cfece07010 }) }, data: 0x7f971000a600, vtable: 0x55cfece07010 }, status: Mutex { data: StatusState { pending: [], terminal: -1 } }, status_changed: Condvar { .. }, exit_status: 1, exit_capability: 2, exit_epoch: 0, registration_error: Mutex { data: None }, worker_state: 2, worker_done_lock: Mutex { data: () }, worker_done_changed: Condvar { .. }, cleanup_cancel_requested: false, cleanup_claim_waiters: 0, wait_owner: 2, wait_owner_lock: Mutex { data: () }, wait_owner_changed: Condvar { .. } }, identity: OnceLock(WorkerIdentity { pid: Pid(3066274), snapshot: WorkerProcSnapshot { tgid: Pid(3066256), tracer_pid: Pid(3066217), start_time: 13487891 }, pidfd: OwnedFd { fd: 62 }, proc_dir: OwnedFd { fd: 65 }, proc_inode: 3016927767 }), authoritative: OnceLock(<uninit>) }) }))", "finish getevent: tid=3066274, result=Ok(9), terminal=Ok(None), retired=false"], 0))
fatal legacy result: error(Tool(ordinary nonleader failure control)), original_nonleader=true; consuming hooks: Some([(Pid(3066256), None), (Pid(3066274), None), (Pid(3066283), None), (Pid(3066283), Some(Signaled(SIGKILL, false))), (Pid(3066274), Some(Signaled(SIGKILL, false))), (Pid(3066256), Some(Signaled(SIGKILL, false)))])

---- tracer::tests::ordinary_nonleader_tool_failure_reaps_threads_without_resuming stdout ----
fatal control raises original error in live tid 3066350 (mode 1)
ordinary cleanup control: root=3066335, descendant=0, fail=true, fork=false, newborn=false, timeout=false, root_absent=true, descendant_absent=true, post_syscall=0, sentinel_untouched=true
fatal physical identity: tid=3066335, initial=TraceeSnapshot { tgid: Pid(3066335), ppid: Pid(3065831), tracer_pid: Pid(3066310), start_time: 13487892 }, proc_inode=3016933990, same_process=false, stat=Err(Os { code: 3, kind: Uncategorized, message: "No such process" }), status=Err(Os { code: 3, kind: Uncategorized, message: "No such process" }), pidfd_poll=1, pidfd_revents=17, pidfd_signal0=Err(ESRCH)
fatal original notifier: tid=3066335, terminal=Ok(Some(Signaled(SIGKILL, false))), retired=true, held_stop=false
fatal original notifier: tid=3066350, terminal=Ok(Some(Signaled(SIGKILL, false))), retired=true, held_stop=false
fatal chronology: Some((["RootStopLease step before: tid=3066335, siginfo=Ok((19, -6)), terminal=Ok(None)", "RootStopLease step result: Ok(Running(Pid(3066335), TraceeToken { event: EventHandle(EventGeneration { event: Event { exit_waiters: ExitWaiters { waiters: Mutex { data: [] } }, exit_publication: Mutex { data: () }, status_waker: WakerSlot { waker: Mutex { data: Some(Waker { data: 0x7f971000f400, vtable: 0x55cfece06b68 }) }, data: 0x7f971000f400, vtable: 0x55cfece06b68 }, status: Mutex { data: StatusState { pending: [], terminal: -1 } }, status_changed: Condvar { .. }, exit_status: 0, exit_capability: 0, exit_epoch: 0, registration_error: Mutex { data: None }, worker_state: 2, worker_done_lock: Mutex { data: () }, worker_done_changed: Condvar { .. }, cleanup_cancel_requested: false, cleanup_claim_waiters: 0, wait_owner: 2, wait_owner_lock: Mutex { data: () }, wait_owner_changed: Condvar { .. } }, identity: OnceLock(WorkerIdentity { pid: Pid(3066335), snapshot: WorkerProcSnapshot { tgid: Pid(3066335), tracer_pid: Pid(3066310), start_time: 13487892 }, pidfd: OwnedFd { fd: 31 }, proc_dir: OwnedFd { fd: 34 }, proc_inode: 3016933990 }), authoritative: OnceLock(<uninit>) }) }))", "RootStopLease step before: tid=3066335, siginfo=Ok((5, 1)), terminal=Ok(None)", "RootStopLease step result: Ok(Running(Pid(3066335), TraceeToken { event: EventHandle(EventGeneration { event: Event { exit_waiters: ExitWaiters { waiters: Mutex { data: [] } }, exit_publication: Mutex { data: () }, status_waker: WakerSlot { waker: Mutex { data: Some(Waker { data: 0x7f971000f400, vtable: 0x55cfece06b68 }) }, data: 0x7f971000f400, vtable: 0x55cfece06b68 }, status: Mutex { data: StatusState { pending: [], terminal: -1 } }, status_changed: Condvar { .. }, exit_status: 0, exit_capability: 0, exit_epoch: 0, registration_error: Mutex { data: None }, worker_state: 2, worker_done_lock: Mutex { data: () }, worker_done_changed: Condvar { .. }, cleanup_cancel_requested: false, cleanup_claim_waiters: 0, wait_owner: 2, wait_owner_lock: Mutex { data: () }, wait_owner_changed: Condvar { .. } }, identity: OnceLock(WorkerIdentity { pid: Pid(3066335), snapshot: WorkerProcSnapshot { tgid: Pid(3066335), tracer_pid: Pid(3066310), start_time: 13487892 }, pidfd: OwnedFd { fd: 31 }, proc_dir: OwnedFd { fd: 34 }, proc_inode: 3016933990 }), authoritative: OnceLock(<uninit>) }) }))", "RootStopLease step before: tid=3066335, siginfo=Ok((5, 773)), terminal=Ok(None)", "RootStopLease step result: Ok(Running(Pid(3066335), TraceeToken { event: EventHandle(EventGeneration { event: Event { exit_waiters: ExitWaiters { waiters: Mutex { data: [(Weak)] } }, exit_publication: Mutex { data: () }, status_waker: WakerSlot { waker: Mutex { data: Some(Waker { data: 0x7f971000f400, vtable: 0x55cfece06b68 }) }, data: 0x7f971000f400, vtable: 0x55cfece06b68 }, status: Mutex { data: StatusState { pending: [], terminal: -1 } }, status_changed: Condvar { .. }, exit_status: 0, exit_capability: 0, exit_epoch: 0, registration_error: Mutex { data: None }, worker_state: 2, worker_done_lock: Mutex { data: () }, worker_done_changed: Condvar { .. }, cleanup_cancel_requested: false, cleanup_claim_waiters: 0, wait_owner: 2, wait_owner_lock: Mutex { data: () }, wait_owner_changed: Condvar { .. } }, identity: OnceLock(WorkerIdentity { pid: Pid(3066335), snapshot: WorkerProcSnapshot { tgid: Pid(3066335), tracer_pid: Pid(3066310), start_time: 13487892 }, pidfd: OwnedFd { fd: 31 }, proc_dir: OwnedFd { fd: 34 }, proc_inode: 3016933990 }), authoritative: OnceLock(<uninit>) }) }))", "finish_ordinary_terminal entered: Ok(Stopped(Pid(3066350), TraceeToken { event: EventHandle(EventGeneration { event: Event { exit_waiters: ExitWaiters { waiters: Mutex { data: [(Weak)] } }, exit_publication: Mutex { data: () }, status_waker: WakerSlot { waker: Mutex { data: Some(Waker { data: 0x7f9710032180, vtable: 0x55cfece07010 }) }, data: 0x7f9710032180, vtable: 0x55cfece07010 }, status: Mutex { data: StatusState { pending: [], terminal: -1 } }, status_changed: Condvar { .. }, exit_status: 1, exit_capability: 2, exit_epoch: 0, registration_error: Mutex { data: None }, worker_state: 2, worker_done_lock: Mutex { data: () }, worker_done_changed: Condvar { .. }, cleanup_cancel_requested: false, cleanup_claim_waiters: 0, wait_owner: 2, wait_owner_lock: Mutex { data: () }, wait_owner_changed: Condvar { .. } }, identity: OnceLock(WorkerIdentity { pid: Pid(3066350), snapshot: WorkerProcSnapshot { tgid: Pid(3066335), tracer_pid: Pid(3066310), start_time: 13487892 }, pidfd: OwnedFd { fd: 54 }, proc_dir: OwnedFd { fd: 55 }, proc_inode: 3016933995 }), authoritative: OnceLock(<uninit>) }) }))", "finish getevent: tid=3066350, result=Ok(9), terminal=Ok(None), retired=false", "finish_ordinary_terminal entered: Ok(Stopped(Pid(3066335), TraceeToken { event: EventHandle(EventGeneration { event: Event { exit_waiters: ExitWaiters { waiters: Mutex { data: [(Weak)] } }, exit_publication: Mutex { data: () }, status_waker: WakerSlot { waker: Mutex { data: Some(Waker { data: 0x7f971000f400, vtable: 0x55cfece06b68 }) }, data: 0x7f971000f400, vtable: 0x55cfece06b68 }, status: Mutex { data: StatusState { pending: [], terminal: -1 } }, status_changed: Condvar { .. }, exit_status: 1, exit_capability: 2, exit_epoch: 0, registration_error: Mutex { data: None }, worker_state: 2, worker_done_lock: Mutex { data: () }, worker_done_changed: Condvar { .. }, cleanup_cancel_requested: false, cleanup_claim_waiters: 0, wait_owner: 2, wait_owner_lock: Mutex { data: () }, wait_owner_changed: Condvar { .. } }, identity: OnceLock(WorkerIdentity { pid: Pid(3066335), snapshot: WorkerProcSnapshot { tgid: Pid(3066335), tracer_pid: Pid(3066310), start_time: 13487892 }, pidfd: OwnedFd { fd: 31 }, proc_dir: OwnedFd { fd: 34 }, proc_inode: 3016933990 }), authoritative: OnceLock(<uninit>) }) }))", "finish getevent: tid=3066335, result=Ok(9), terminal=Ok(None), retired=false"], 0))
fatal legacy result: error(Tool(ordinary nonleader failure control)), original_nonleader=true; consuming hooks: Some([(Pid(3066335), None), (Pid(3066350), None), (Pid(3066350), Some(Signaled(SIGKILL, false))), (Pid(3066335), Some(Signaled(SIGKILL, false)))])

---- tracer::tests::ordinary_nonleader_exec_postexec_timer_survives_internal_step stdout ----
PROBE[exec-edge-ok] t=134878854142561 (dt=45425us) caller=3065881 target=3065869 what=WAITID(P_PIDFD) thread=Some("guest-3065869") result=Ok(Some("0x137f")) rc=0 site=safeptrace/src/notifier.rs:1858
PROBE[exec-edge-ok] t=134878854805767 (dt=44762us) caller=3065858 target=3065869 what=PTRACE_SINGLESTEP(None) rc=0 site=reverie-ptrace/src/task.rs:2719
PROBE[exec-edge-ok] t=134878854851175 (dt=44716us) caller=3065881 target=3065869 what=WAITID(P_PIDFD) thread=Some("guest-3065869") result=Ok(Some("0x57f")) rc=0 site=safeptrace/src/notifier.rs:1858
PROBE[exec-edge-ok] t=134878855500820 (dt=44067us) caller=3065858 target=3065869 what=PTRACE_SINGLESTEP(None) rc=0 site=reverie-ptrace/src/task.rs:5455
PROBE[exec-edge-ok] t=134878855551817 (dt=44016us) caller=3065881 target=3065869 what=WAITID(P_PIDFD) thread=Some("guest-3065869") result=Ok(Some("0x57f")) rc=0 site=safeptrace/src/notifier.rs:1858
PROBE[exec-edge-ok] t=134878855887962 (dt=43679us) caller=3065858 target=3065869 what=PTRACE_CONT(resume,None) rc=0 site=reverie-ptrace/src/task.rs:5444
PROBE[exec-edge-ok] t=134878856112870 (dt=43454us) caller=3065881 target=3065869 what=WAITID(P_PIDFD) thread=Some("guest-3065869") result=Ok(Some("0x3057f")) rc=0 site=safeptrace/src/notifier.rs:1858
PROBE[exec-edge-ok] t=134878856131628 (dt=43436us) caller=3065858 target=3065869 what=GETEVENTMSG-before rc=0 site=safeptrace/src/lib.rs:234
PROBE[exec-edge-ok] t=134878856135994 (dt=43431us) caller=3065858 target=3065869 what=GETEVENTMSG-after rc=3065920 site=safeptrace/src/lib.rs:234
PROBE[exec-edge-ok] t=134878857078700 (dt=42489us) caller=3065929 target=3065920 what=WAITID(P_PIDFD) thread=Some("guest-3065920") result=Ok(Some("0x137f")) rc=0 site=safeptrace/src/notifier.rs:1858
PROBE[exec-edge-ok] t=134878897927253 (dt=1640us) caller=3065858 target=3065869 what=PTRACE_SINGLESTEP(None) rc=0 site=reverie-ptrace/src/task.rs:5455
PROBE[exec-edge-ok] t=134878898055416 (dt=1512us) caller=3065881 target=3065869 what=WAITID(P_PIDFD) thread=Some("guest-3065869") result=Ok(Some("0x57f")) rc=0 site=safeptrace/src/notifier.rs:1858
PROBE[exec-edge-ok] t=134878898546463 (dt=1021us) caller=3065858 target=3065920 what=PTRACE_CONT(resume,None) rc=0 site=reverie-ptrace/src/task.rs:5444
PROBE[exec-edge-ok] t=134878898760915 (dt=806us) caller=3065858 target=3065869 what=PTRACE_CONT(resume,None) rc=0 site=reverie-ptrace/src/task.rs:5444
PROBE[exec-edge-ok] t=134878898783919 (dt=783us) caller=3065881 target=3065869 what=WAITID(P_PIDFD) thread=Some("guest-3065869") result=Ok(Some("0x6057f")) rc=0 site=safeptrace/src/notifier.rs:1858
PROBE[exec-edge-ok] t=134878898830900 (dt=736us) caller=3065858 target=3065869 what=drive_ordinary: ExitFuture resolved ok=true main=true rc=0 site=reverie-ptrace/src/task.rs:6946
PROBE[exec-edge-ok] t=134878898846103 (dt=721us) caller=3065858 target=3065869 what=finish_ordinary_terminal entered with Ok(Stopped) rc=0 site=reverie-ptrace/src/tracer.rs:543
PROBE[exec-edge-ok] t=134878898850720 (dt=717us) caller=3065858 target=3065869 what=GETEVENTMSG-before rc=0 site=reverie-ptrace/src/tracer.rs:556
PROBE[exec-edge-ok] t=134878898856648 (dt=711us) caller=3065858 target=3065869 what=GETEVENTMSG-after rc=0 site=reverie-ptrace/src/tracer.rs:556
PROBE[exec-edge-ok] t=134878898862077 (dt=705us) caller=3065858 target=3065869 what=PTRACE_CONT(resume_retaining,None) rc=0 site=reverie-ptrace/src/tracer.rs:613
PROBE[exec-edge-ok] t=134878898931982 (dt=635us) caller=3065929 target=3065920 what=WAITID(P_PIDFD) thread=Some("guest-3065920") result=Err(ECHILD) rc=0 site=safeptrace/src/notifier.rs:1858
PROBE[exec-edge-ok] t=134878899095918 (dt=471us) caller=3065858 target=3065920 what=drive_ordinary: ExitFuture resolved ok=false main=false rc=0 site=reverie-ptrace/src/task.rs:6946
PROBE[exec-edge-ok] t=134878899352113 (dt=215us) caller=3065881 target=3065869 what=WAITID(P_PIDFD) thread=Some("guest-3065869") result=Ok(Some("0x4057f")) rc=0 site=safeptrace/src/notifier.rs:1858
PROBE[exec-edge-ok] t=134878899375087 (dt=192us) caller=3065858 target=3065869 what=GETEVENTMSG-before rc=0 site=safeptrace/src/lib.rs:246
PROBE[exec-edge-ok] t=134878899381227 (dt=186us) caller=3065858 target=3065869 what=GETEVENTMSG-after rc=3065920 site=safeptrace/src/lib.rs:246
PROBE[exec-edge-ok] t=134878899566815 (dt=1us) caller=3065858 target=3065869 what=EXEC-EDGE observed former=3065920 exit_status=Some(Exited(0)) esrch=None snapshot: [task 3065869: State: t (tracing stop) | Pid: 3065869 | TracerPid: 3065858 | SigPnd: 0000000000000000 | ShdPnd: 0000000000000000 | stat.state=t stat.exit_code=0 | wchan=ptrace_stop] rc=0 site=reverie-ptrace/src/tracer.rs:675
actual delivered marker observations: tracer=3065831, rows=[(3065869, 16, 1, 65, 100576, false, false)]
exec owner before rescue: fail=false, timer_mode=1, root_absent=true, events=[(0, Pid(3065869), 3065869, None), (0, Pid(3065920), 3065920, None), (2, Pid(3065869), 3065869, Some(Exited(0))), (1, Pid(3065869), 3065920, None), (9, Pid(3065869), 100576, None), (4, Pid(3065869), 3065920, None), (2, Pid(3065869), 3065920, Some(Exited(0))), (3, Pid(3065869), 0, Some(Exited(0)))], elapsed=101.824452ms, outcome=Complete(Ok(Output { status: Exited(0), stdout: "survived", stderr: "" }))
actual perf exec handoff: ExecTimerTransfer { displaced: Some(ExecTimerIdentity { clock_fd: 38, timer_fd: 35, clock_event_id: 6884948, timer_event_id: 6884945, artificial_pending: false, artificial_signal_sent: false, cancelled: true, guest_pid: Pid(3065869), guest_tid: Pid(3065869), kernel_owner_tid: Pid(3065869) }), before: Some(ExecTimerIdentity { clock_fd: 73, timer_fd: 70, clock_event_id: 6884953, timer_event_id: 6884952, artificial_pending: false, artificial_signal_sent: false, cancelled: true, guest_pid: Pid(3065869), guest_tid: Pid(3065920), kernel_owner_tid: Pid(0) }), after: Some(ExecTimerIdentity { clock_fd: 73, timer_fd: 70, clock_event_id: 6884953, timer_event_id: 6884952, artificial_pending: false, artificial_signal_sent: false, cancelled: true, guest_pid: Pid(3065869), guest_tid: Pid(3065869), kernel_owner_tid: Pid(3065869) }), displaced_fds_closed: true }

---- tracer::tests::ordinary_nonleader_exec_real_signal_cancels_postexec_timer stdout ----
PROBE[exec-edge-ok] t=134878853987238 (dt=46094us) caller=3065877 target=3065870 what=WAITID(P_PIDFD) thread=Some("guest-3065870") result=Ok(Some("0x137f")) rc=0 site=safeptrace/src/notifier.rs:1858
PROBE[exec-edge-ok] t=134878854810434 (dt=45271us) caller=3065859 target=3065870 what=PTRACE_SINGLESTEP(None) rc=0 site=reverie-ptrace/src/task.rs:2719
PROBE[exec-edge-ok] t=134878854890434 (dt=45191us) caller=3065877 target=3065870 what=WAITID(P_PIDFD) thread=Some("guest-3065870") result=Ok(Some("0x57f")) rc=0 site=safeptrace/src/notifier.rs:1858
PROBE[exec-edge-ok] t=134878855494221 (dt=44587us) caller=3065859 target=3065870 what=PTRACE_SINGLESTEP(None) rc=0 site=reverie-ptrace/src/task.rs:5455
PROBE[exec-edge-ok] t=134878855526038 (dt=44555us) caller=3065877 target=3065870 what=WAITID(P_PIDFD) thread=Some("guest-3065870") result=Ok(Some("0x57f")) rc=0 site=safeptrace/src/notifier.rs:1858
PROBE[exec-edge-ok] t=134878855888633 (dt=44193us) caller=3065859 target=3065870 what=PTRACE_CONT(resume,None) rc=0 site=reverie-ptrace/src/task.rs:5444
PROBE[exec-edge-ok] t=134878856112359 (dt=43969us) caller=3065877 target=3065870 what=WAITID(P_PIDFD) thread=Some("guest-3065870") result=Ok(Some("0x3057f")) rc=0 site=safeptrace/src/notifier.rs:1858
PROBE[exec-edge-ok] t=134878856165599 (dt=43916us) caller=3065859 target=3065870 what=GETEVENTMSG-before rc=0 site=safeptrace/src/lib.rs:234
PROBE[exec-edge-ok] t=134878856726892 (dt=43354us) caller=3065859 target=3065870 what=GETEVENTMSG-after rc=3065918 site=safeptrace/src/lib.rs:234
PROBE[exec-edge-ok] t=134878898099051 (dt=1982us) caller=3066141 target=3065918 what=WAITID(P_PIDFD) thread=Some("guest-3065918") result=Ok(Some("0x137f")) rc=0 site=safeptrace/src/notifier.rs:1858
PROBE[exec-edge-ok] t=134878898647885 (dt=1433us) caller=3065859 target=3065870 what=PTRACE_SINGLESTEP(None) rc=0 site=reverie-ptrace/src/task.rs:5455
PROBE[exec-edge-ok] t=134878898735747 (dt=1346us) caller=3065877 target=3065870 what=WAITID(P_PIDFD) thread=Some("guest-3065870") result=Ok(Some("0x57f")) rc=0 site=safeptrace/src/notifier.rs:1858
PROBE[exec-edge-ok] t=134878899133484 (dt=948us) caller=3065859 target=3065918 what=PTRACE_CONT(resume,None) rc=0 site=reverie-ptrace/src/task.rs:5444
PROBE[exec-edge-ok] t=134878899276519 (dt=805us) caller=3065859 target=3065870 what=PTRACE_CONT(resume,None) rc=0 site=reverie-ptrace/src/task.rs:5444
PROBE[exec-edge-ok] t=134878899386474 (dt=695us) caller=3065877 target=3065870 what=WAITID(P_PIDFD) thread=Some("guest-3065870") result=Ok(Some("0x6057f")) rc=0 site=safeptrace/src/notifier.rs:1858
PROBE[exec-edge-ok] t=134878899430420 (dt=651us) caller=3065859 target=3065870 what=drive_ordinary: ExitFuture resolved ok=true main=true rc=0 site=reverie-ptrace/src/task.rs:6946
PROBE[exec-edge-ok] t=134878899439093 (dt=642us) caller=3065859 target=3065870 what=finish_ordinary_terminal entered with Ok(Stopped) rc=0 site=reverie-ptrace/src/tracer.rs:543
PROBE[exec-edge-ok] t=134878899442228 (dt=639us) caller=3065859 target=3065870 what=GETEVENTMSG-before rc=0 site=reverie-ptrace/src/tracer.rs:556
PROBE[exec-edge-ok] t=134878899446084 (dt=635us) caller=3065859 target=3065870 what=GETEVENTMSG-after rc=0 site=reverie-ptrace/src/tracer.rs:556
PROBE[exec-edge-ok] t=134878899450240 (dt=631us) caller=3065859 target=3065870 what=PTRACE_CONT(resume_retaining,None) rc=0 site=reverie-ptrace/src/tracer.rs:613
PROBE[exec-edge-ok] t=134878899492984 (dt=588us) caller=3066141 target=3065918 what=WAITID(P_PIDFD) thread=Some("guest-3065918") result=Err(ECHILD) rc=0 site=safeptrace/src/notifier.rs:1858
PROBE[exec-edge-ok] t=134878899583019 (dt=498us) caller=3065859 target=3065918 what=drive_ordinary: ExitFuture resolved ok=false main=false rc=0 site=reverie-ptrace/src/task.rs:6946
PROBE[exec-edge-ok] t=134878899859515 (dt=222us) caller=3065877 target=3065870 what=WAITID(P_PIDFD) thread=Some("guest-3065870") result=Ok(Some("0x4057f")) rc=0 site=safeptrace/src/notifier.rs:1858
PROBE[exec-edge-ok] t=134878899876440 (dt=205us) caller=3065859 target=3065870 what=GETEVENTMSG-before rc=0 site=safeptrace/src/lib.rs:246
PROBE[exec-edge-ok] t=134878899881868 (dt=199us) caller=3065859 target=3065870 what=GETEVENTMSG-after rc=3065918 site=safeptrace/src/lib.rs:246
PROBE[exec-edge-ok] t=134878900080627 (dt=1us) caller=3065859 target=3065870 what=EXEC-EDGE observed former=3065918 exit_status=Some(Exited(0)) esrch=None snapshot: [task 3065870: State: t (tracing stop) | Pid: 3065870 | TracerPid: 3065859 | SigPnd: 0000000000000000 | ShdPnd: 0000000000000000 | stat.state=t stat.exit_code=0 | wchan=ptrace_stop] rc=0 site=reverie-ptrace/src/tracer.rs:675
actual delivered marker observations: tracer=3065831, rows=[(3065870, 16, 1, 65, 100546, true, false)]
exec owner before rescue: fail=false, timer_mode=2, root_absent=true, events=[(0, Pid(3065870), 3065870, None), (0, Pid(3065918), 3065918, None), (2, Pid(3065870), 3065870, Some(Exited(0))), (1, Pid(3065870), 3065918, None), (7, Pid(3065870), 10, None), (2, Pid(3065870), 3065918, Some(Exited(0))), (3, Pid(3065870), 0, Some(Exited(0)))], elapsed=102.588659ms, outcome=Complete(Ok(Output { status: Exited(0), stdout: "survived", stderr: "" }))
actual perf exec handoff: ExecTimerTransfer { displaced: Some(ExecTimerIdentity { clock_fd: 39, timer_fd: 36, clock_event_id: 6884949, timer_event_id: 6884946, artificial_pending: false, artificial_signal_sent: false, cancelled: true, guest_pid: Pid(3065870), guest_tid: Pid(3065870), kernel_owner_tid: Pid(3065870) }), before: Some(ExecTimerIdentity { clock_fd: 81, timer_fd: 80, clock_event_id: 6884957, timer_event_id: 6884956, artificial_pending: false, artificial_signal_sent: false, cancelled: true, guest_pid: Pid(3065870), guest_tid: Pid(3065918), kernel_owner_tid: Pid(0) }), after: Some(ExecTimerIdentity { clock_fd: 81, timer_fd: 80, clock_event_id: 6884957, timer_event_id: 6884956, artificial_pending: false, artificial_signal_sent: false, cancelled: true, guest_pid: Pid(3065870), guest_tid: Pid(3065870), kernel_owner_tid: Pid(3065870) }), displaced_fds_closed: true }


successes:
    tracer::tests::ordinary_nonleader_exec_displaced_hook_failure_fences_replacement
    tracer::tests::ordinary_nonleader_exec_postexec_timer_survives_internal_step
    tracer::tests::ordinary_nonleader_exec_real_signal_cancels_postexec_timer
    tracer::tests::ordinary_nonleader_exec_transfers_state_and_consumes_old_leader_once
    tracer::tests::ordinary_nonleader_injected_exec_echild_awaits_leader_exec_edge
    tracer::tests::ordinary_nonleader_success_preserves_exit_callbacks
    tracer::tests::ordinary_nonleader_tool_failure_cancels_pending_newborn_start
    tracer::tests::ordinary_nonleader_tool_failure_reaps_fork_descendants
    tracer::tests::ordinary_nonleader_tool_failure_reaps_threads_without_resuming
    tracer::tests::ordinary_nonleader_tool_failure_reaps_unhanded_fork_child
    tracer::tests::ordinary_nonleader_tool_failure_reaps_unhanded_vfork_child

failures:

---- tracer::tests::ordinary_nonleader_exec_run_loop_echild_awaits_leader_exec_edge stdout ----
PROBE_EXITSTOP_GETEVENT_ESRCH=1 t=134878898897720 tracer_tid=3065861 leader=3065866 snapshot: [task 3065866: State: R (running) | Pid: 3065866 | TracerPid: 3065861 | SigPnd: 0000000000000000 | ShdPnd: 0000000000000000 | stat.state=R stat.exit_code=0 | wchan=0]
PROBE[esrch-immediate] t=134878854033197 (dt=44877us) caller=3065879 target=3065866 what=WAITID(P_PIDFD) thread=Some("guest-3065866") result=Ok(Some("0x137f")) rc=0 site=safeptrace/src/notifier.rs:1858
PROBE[esrch-immediate] t=134878854804004 (dt=44106us) caller=3065861 target=3065866 what=PTRACE_SINGLESTEP(None) rc=0 site=reverie-ptrace/src/task.rs:2719
PROBE[esrch-immediate] t=134878854859988 (dt=44050us) caller=3065879 target=3065866 what=WAITID(P_PIDFD) thread=Some("guest-3065866") result=Ok(Some("0x57f")) rc=0 site=safeptrace/src/notifier.rs:1858
PROBE[esrch-immediate] t=134878855496594 (dt=43413us) caller=3065861 target=3065866 what=PTRACE_SINGLESTEP(None) rc=0 site=reverie-ptrace/src/task.rs:5455
PROBE[esrch-immediate] t=134878855535623 (dt=43374us) caller=3065879 target=3065866 what=WAITID(P_PIDFD) thread=Some("guest-3065866") result=Ok(Some("0x57f")) rc=0 site=safeptrace/src/notifier.rs:1858
PROBE[esrch-immediate] t=134878855888903 (dt=43021us) caller=3065861 target=3065866 what=PTRACE_CONT(resume,None) rc=0 site=reverie-ptrace/src/task.rs:5444
PROBE[esrch-immediate] t=134878856104487 (dt=42805us) caller=3065879 target=3065866 what=WAITID(P_PIDFD) thread=Some("guest-3065866") result=Ok(Some("0x3057f")) rc=0 site=safeptrace/src/notifier.rs:1858
PROBE[esrch-immediate] t=134878856128223 (dt=42782us) caller=3065861 target=3065866 what=GETEVENTMSG-before rc=0 site=safeptrace/src/lib.rs:234
PROBE[esrch-immediate] t=134878856132720 (dt=42777us) caller=3065861 target=3065866 what=GETEVENTMSG-after rc=3065916 site=safeptrace/src/lib.rs:234
PROBE[esrch-immediate] t=134878897557618 (dt=1352us) caller=3065861 target=3065866 what=PTRACE_SINGLESTEP(None) rc=0 site=reverie-ptrace/src/task.rs:5455
PROBE[esrch-immediate] t=134878897615455 (dt=1294us) caller=3065879 target=3065866 what=WAITID(P_PIDFD) thread=Some("guest-3065866") result=Ok(Some("0x57f")) rc=0 site=safeptrace/src/notifier.rs:1858
PROBE[esrch-immediate] t=134878898455726 (dt=454us) caller=3065879 target=3065866 what=WAITID(P_PIDFD) thread=Some("guest-3065866") result=Ok(Some("0x6057f")) rc=0 site=safeptrace/src/notifier.rs:1858
PROBE[esrch-immediate] t=134878898592291 (dt=318us) caller=3065861 target=3065866 what=PTRACE_CONT(resume,None) rc=0 site=reverie-ptrace/src/task.rs:5444
PROBE[esrch-immediate] t=134878898639242 (dt=271us) caller=3065861 target=3065866 what=drive_ordinary: ExitFuture resolved ok=true main=true rc=0 site=reverie-ptrace/src/task.rs:6946
PROBE[esrch-immediate] t=134878898654896 (dt=255us) caller=3065861 target=3065866 what=finish_ordinary_terminal entered with Ok(Stopped) rc=0 site=reverie-ptrace/src/tracer.rs:543
PROBE[esrch-immediate] t=134878898659162 (dt=251us) caller=3065861 target=3065866 what=GETEVENTMSG-before rc=0 site=reverie-ptrace/src/tracer.rs:556
PROBE[esrch-immediate] t=134878898669588 (dt=240us) caller=3065861 target=3065866 what=GETEVENTMSG-after rc=-1000003 site=reverie-ptrace/src/tracer.rs:556
PROBE[esrch-immediate] t=134878898908266 (dt=2us) caller=3065861 target=3065866 what=ESRCH-snapshot: [task 3065866: State: R (running) | Pid: 3065866 | TracerPid: 3065861 | SigPnd: 0000000000000000 | ShdPnd: 0000000000000000 | stat.state=R stat.exit_code=0 | wchan=0] rc=0 site=reverie-ptrace/src/tracer.rs:591
PROBE[exec-edge-NOSTATUS] t=134878854033197 (dt=45117us) caller=3065879 target=3065866 what=WAITID(P_PIDFD) thread=Some("guest-3065866") result=Ok(Some("0x137f")) rc=0 site=safeptrace/src/notifier.rs:1858
PROBE[exec-edge-NOSTATUS] t=134878854804004 (dt=44346us) caller=3065861 target=3065866 what=PTRACE_SINGLESTEP(None) rc=0 site=reverie-ptrace/src/task.rs:2719
PROBE[exec-edge-NOSTATUS] t=134878854859988 (dt=44290us) caller=3065879 target=3065866 what=WAITID(P_PIDFD) thread=Some("guest-3065866") result=Ok(Some("0x57f")) rc=0 site=safeptrace/src/notifier.rs:1858
PROBE[exec-edge-NOSTATUS] t=134878855496594 (dt=43653us) caller=3065861 target=3065866 what=PTRACE_SINGLESTEP(None) rc=0 site=reverie-ptrace/src/task.rs:5455
PROBE[exec-edge-NOSTATUS] t=134878855535623 (dt=43614us) caller=3065879 target=3065866 what=WAITID(P_PIDFD) thread=Some("guest-3065866") result=Ok(Some("0x57f")) rc=0 site=safeptrace/src/notifier.rs:1858
PROBE[exec-edge-NOSTATUS] t=134878855888903 (dt=43261us) caller=3065861 target=3065866 what=PTRACE_CONT(resume,None) rc=0 site=reverie-ptrace/src/task.rs:5444
PROBE[exec-edge-NOSTATUS] t=134878856104487 (dt=43046us) caller=3065879 target=3065866 what=WAITID(P_PIDFD) thread=Some("guest-3065866") result=Ok(Some("0x3057f")) rc=0 site=safeptrace/src/notifier.rs:1858
PROBE[exec-edge-NOSTATUS] t=134878856128223 (dt=43022us) caller=3065861 target=3065866 what=GETEVENTMSG-before rc=0 site=safeptrace/src/lib.rs:234
PROBE[exec-edge-NOSTATUS] t=134878856132720 (dt=43017us) caller=3065861 target=3065866 what=GETEVENTMSG-after rc=3065916 site=safeptrace/src/lib.rs:234
PROBE[exec-edge-NOSTATUS] t=134878856835865 (dt=42314us) caller=3065927 target=3065916 what=WAITID(P_PIDFD) thread=Some("guest-3065916") result=Ok(Some("0x137f")) rc=0 site=safeptrace/src/notifier.rs:1858
PROBE[exec-edge-NOSTATUS] t=134878897557618 (dt=1592us) caller=3065861 target=3065866 what=PTRACE_SINGLESTEP(None) rc=0 site=reverie-ptrace/src/task.rs:5455
PROBE[exec-edge-NOSTATUS] t=134878897615455 (dt=1535us) caller=3065879 target=3065866 what=WAITID(P_PIDFD) thread=Some("guest-3065866") result=Ok(Some("0x57f")) rc=0 site=safeptrace/src/notifier.rs:1858
PROBE[exec-edge-NOSTATUS] t=134878898221515 (dt=929us) caller=3065861 target=3065916 what=PTRACE_CONT(resume,None) rc=0 site=reverie-ptrace/src/task.rs:5444
PROBE[exec-edge-NOSTATUS] t=134878898455726 (dt=694us) caller=3065879 target=3065866 what=WAITID(P_PIDFD) thread=Some("guest-3065866") result=Ok(Some("0x6057f")) rc=0 site=safeptrace/src/notifier.rs:1858
PROBE[exec-edge-NOSTATUS] t=134878898592291 (dt=558us) caller=3065861 target=3065866 what=PTRACE_CONT(resume,None) rc=0 site=reverie-ptrace/src/task.rs:5444
PROBE[exec-edge-NOSTATUS] t=134878898639242 (dt=511us) caller=3065861 target=3065866 what=drive_ordinary: ExitFuture resolved ok=true main=true rc=0 site=reverie-ptrace/src/task.rs:6946
PROBE[exec-edge-NOSTATUS] t=134878898654896 (dt=495us) caller=3065861 target=3065866 what=finish_ordinary_terminal entered with Ok(Stopped) rc=0 site=reverie-ptrace/src/tracer.rs:543
PROBE[exec-edge-NOSTATUS] t=134878898659162 (dt=491us) caller=3065861 target=3065866 what=GETEVENTMSG-before rc=0 site=reverie-ptrace/src/tracer.rs:556
PROBE[exec-edge-NOSTATUS] t=134878898665832 (dt=484us) caller=3065927 target=3065916 what=WAITID(P_PIDFD) thread=Some("guest-3065916") result=Err(ECHILD) rc=0 site=safeptrace/src/notifier.rs:1858
PROBE[exec-edge-NOSTATUS] t=134878898669588 (dt=480us) caller=3065861 target=3065866 what=GETEVENTMSG-after rc=-1000003 site=reverie-ptrace/src/tracer.rs:556
PROBE[exec-edge-NOSTATUS] t=134878898908266 (dt=242us) caller=3065861 target=3065866 what=ESRCH-snapshot: [task 3065866: State: R (running) | Pid: 3065866 | TracerPid: 3065861 | SigPnd: 0000000000000000 | ShdPnd: 0000000000000000 | stat.state=R stat.exit_code=0 | wchan=0] rc=0 site=reverie-ptrace/src/tracer.rs:591
PROBE[exec-edge-NOSTATUS] t=134878898998752 (dt=151us) caller=3065879 target=3065866 what=WAITID(P_PIDFD) thread=Some("guest-3065866") result=Ok(Some("0x4057f")) rc=0 site=safeptrace/src/notifier.rs:1858
PROBE[exec-edge-NOSTATUS] t=134878899019894 (dt=130us) caller=3065861 target=3065866 what=GETEVENTMSG-before rc=0 site=safeptrace/src/lib.rs:246
PROBE[exec-edge-NOSTATUS] t=134878899023750 (dt=126us) caller=3065861 target=3065866 what=GETEVENTMSG-after rc=3065916 site=safeptrace/src/lib.rs:246
PROBE[exec-edge-NOSTATUS] t=134878899146944 (dt=3us) caller=3065861 target=3065866 what=EXEC-EDGE observed former=3065916 exit_status=None esrch=Some(3065866) snapshot: [task 3065866: State: t (tracing stop) | Pid: 3065866 | TracerPid: 3065861 | SigPnd: 0000000000000000 | ShdPnd: 0000000000000000 | stat.state=t stat.exit_code=0 | wchan=ptrace_stop] rc=0 site=reverie-ptrace/src/tracer.rs:675
actual delivered marker observations: tracer=3065831, rows=[]
exec owner before rescue: fail=false, timer_mode=1, root_absent=false, events=[(0, Pid(3065866), 3065866, None), (0, Pid(3065916), 3065916, None)], elapsed=46.543856ms, outcome=Pending(PtraceRunFailure { primary: Tool(actual exec for 3065866 from 3065916 has no retained preceding EXIT event status), origin: BackendFailure { pid: Pid(3065866), tid: Pid(3065866), phase: "ptrace tree cleanup" }, secondary: [], captured_prefix: Some(CapturedPrefix { stdout: [], stderr: [] }) })
exec owner rescue only: signal=Ok(()), completed=false

thread 'tracer::tests::ordinary_nonleader_exec_run_loop_echild_awaits_leader_exec_edge' (3065861) panicked at reverie-ptrace/src/tracer.rs:6030:17:
exec owner did not Complete within original3s predicate: Pending(PtraceRunFailure { primary: Tool(actual exec for 3065866 from 3065916 has no retained preceding EXIT event status), origin: BackendFailure { pid: Pid(3065866), tid: Pid(3065866), phase: "ptrace tree cleanup" }, secondary: [], captured_prefix: Some(CapturedPrefix { stdout: [], stderr: [] }) })
note: run with `RUST_BACKTRACE=1` environment variable to display a backtrace


failures:
    tracer::tests::ordinary_nonleader_exec_run_loop_echild_awaits_leader_exec_edge

test result: FAILED. 11 passed; 1 failed; 0 ignored; 0 measured; 353 filtered out; finished in 0.10s

