
running 12 tests
test tracer::tests::ordinary_nonleader_exec_real_signal_cancels_postexec_timer ... FAILED
test tracer::tests::ordinary_nonleader_exec_displaced_hook_failure_fences_replacement ... ok
test tracer::tests::ordinary_nonleader_exec_transfers_state_and_consumes_old_leader_once ... ok
test tracer::tests::ordinary_nonleader_injected_exec_echild_awaits_leader_exec_edge ... ok
test tracer::tests::ordinary_nonleader_success_preserves_exit_callbacks ... ok
test tracer::tests::ordinary_nonleader_tool_failure_cancels_pending_newborn_start ... ok

running 1 test
test tracer::tests::ordinary_nonleader_tool_failure_reaps_fork_descendants ... 
running 1 test
test tracer::tests::ordinary_nonleader_tool_failure_reaps_fork_descendants ... test tracer::tests::ordinary_nonleader_tool_failure_reaps_threads_without_resuming ... ok

running 1 test
test tracer::tests::ordinary_nonleader_tool_failure_reaps_unhanded_fork_child ... fatal control raises original error in live tid 3020368 (mode 1)

running 1 test
test tracer::tests::ordinary_nonleader_tool_failure_reaps_unhanded_fork_child ... ordinary cleanup control: root=3020292, descendant=3020357, fail=true, fork=true, newborn=false, timeout=false, root_absent=true, descendant_absent=false, post_syscall=0, sentinel_untouched=true
fatal physical identity: tid=3020292, initial=TraceeSnapshot { tgid: Pid(3020292), ppid: Pid(3020235), tracer_pid: Pid(3020264), start_time: 13487506 }, proc_inode=3016997162, same_process=false, stat=Err(Os { code: 3, kind: Uncategorized, message: "No such process" }), status=Err(Os { code: 3, kind: Uncategorized, message: "No such process" }), pidfd_poll=1, pidfd_revents=17, pidfd_signal0=Err(ESRCH)
fatal physical identity: tid=3020357, initial=TraceeSnapshot { tgid: Pid(3020357), ppid: Pid(3020292), tracer_pid: Pid(3020264), start_time: 13487506 }, proc_inode=3016973513, same_process=true, stat=Ok("3020357 (tracer::tests::) Z 3020216 3019462 4181200 0 -1 4228172 22 0 0 0 0 0 0 0 30 10 1 0 13487506 0 0 18446744073709551615 0 0 0 0 0 0 0 3149824 1088 1 0 0 17 246 0 0 0 0 0 0 0 0 0 0 0 0 9\n"), status=Ok("State:\tZ (zombie); Tgid:\t3020357; Pid:\t3020357; PPid:\t3020216; TracerPid:\t0"), pidfd_poll=1, pidfd_revents=1, pidfd_signal0=Ok(())
fatal original notifier: tid=3020292, terminal=Ok(Some(Signaled(SIGKILL, false))), retired=true, held_stop=false
fatal original notifier: tid=3020357, terminal=Ok(Some(Signaled(SIGKILL, false))), retired=true, held_stop=false
fatal original notifier: tid=3020368, terminal=Ok(Some(Signaled(SIGKILL, false))), retired=true, held_stop=false
fatal chronology: Some((["RootStopLease step before: tid=3020292, siginfo=Ok((19, -6)), terminal=Ok(None)", "RootStopLease step result: Ok(Running(Pid(3020292), TraceeToken { event: EventHandle(EventGeneration { event: Event { exit_waiters: ExitWaiters { waiters: Mutex { data: [] } }, exit_publication: Mutex { data: () }, status_waker: WakerSlot { waker: Mutex { data: Some(Waker { data: 0x7fbb3800b900, vtable: 0x562023bbbb68 }) }, data: 0x7fbb3800b900, vtable: 0x562023bbbb68 }, status: Mutex { data: StatusState { pending: [], terminal: -1 } }, status_changed: Condvar { .. }, exit_status: 0, exit_capability: 0, exit_epoch: 0, registration_error: Mutex { data: None }, worker_state: 2, worker_done_lock: Mutex { data: () }, worker_done_changed: Condvar { .. }, cleanup_cancel_requested: false, cleanup_claim_waiters: 0, wait_owner: 2, wait_owner_lock: Mutex { data: () }, wait_owner_changed: Condvar { .. } }, identity: OnceLock(WorkerIdentity { pid: Pid(3020292), snapshot: WorkerProcSnapshot { tgid: Pid(3020292), tracer_pid: Pid(3020264), start_time: 13487506 }, pidfd: OwnedFd { fd: 14 }, proc_dir: OwnedFd { fd: 16 }, proc_inode: 3016997162 }), authoritative: OnceLock(<uninit>) }) }))", "RootStopLease step before: tid=3020292, siginfo=Ok((5, 1)), terminal=Ok(None)", "RootStopLease step result: Ok(Running(Pid(3020292), TraceeToken { event: EventHandle(EventGeneration { event: Event { exit_waiters: ExitWaiters { waiters: Mutex { data: [] } }, exit_publication: Mutex { data: () }, status_waker: WakerSlot { waker: Mutex { data: Some(Waker { data: 0x7fbb3800b900, vtable: 0x562023bbbb68 }) }, data: 0x7fbb3800b900, vtable: 0x562023bbbb68 }, status: Mutex { data: StatusState { pending: [], terminal: -1 } }, status_changed: Condvar { .. }, exit_status: 0, exit_capability: 0, exit_epoch: 0, registration_error: Mutex { data: None }, worker_state: 2, worker_done_lock: Mutex { data: () }, worker_done_changed: Condvar { .. }, cleanup_cancel_requested: false, cleanup_claim_waiters: 0, wait_owner: 2, wait_owner_lock: Mutex { data: () }, wait_owner_changed: Condvar { .. } }, identity: OnceLock(WorkerIdentity { pid: Pid(3020292), snapshot: WorkerProcSnapshot { tgid: Pid(3020292), tracer_pid: Pid(3020264), start_time: 13487506 }, pidfd: OwnedFd { fd: 14 }, proc_dir: OwnedFd { fd: 16 }, proc_inode: 3016997162 }), authoritative: OnceLock(<uninit>) }) }))", "RootStopLease step before: tid=3020292, siginfo=Ok((5, 261)), terminal=Ok(None)", "RootStopLease step result: Ok(Running(Pid(3020292), TraceeToken { event: EventHandle(EventGeneration { event: Event { exit_waiters: ExitWaiters { waiters: Mutex { data: [(Weak)] } }, exit_publication: Mutex { data: () }, status_waker: WakerSlot { waker: Mutex { data: Some(Waker { data: 0x7fbb3800b900, vtable: 0x562023bbbb68 }) }, data: 0x7fbb3800b900, vtable: 0x562023bbbb68 }, status: Mutex { data: StatusState { pending: [], terminal: -1 } }, status_changed: Condvar { .. }, exit_status: 0, exit_capability: 0, exit_epoch: 0, registration_error: Mutex { data: None }, worker_state: 2, worker_done_lock: Mutex { data: () }, worker_done_changed: Condvar { .. }, cleanup_cancel_requested: false, cleanup_claim_waiters: 0, wait_owner: 2, wait_owner_lock: Mutex { data: () }, wait_owner_changed: Condvar { .. } }, identity: OnceLock(WorkerIdentity { pid: Pid(3020292), snapshot: WorkerProcSnapshot { tgid: Pid(3020292), tracer_pid: Pid(3020264), start_time: 13487506 }, pidfd: OwnedFd { fd: 14 }, proc_dir: OwnedFd { fd: 16 }, proc_inode: 3016997162 }), authoritative: OnceLock(<uninit>) }) }))", "RootStopLease step before: tid=3020292, siginfo=Ok((5, 773)), terminal=Ok(None)", "RootStopLease step result: Ok(Running(Pid(3020292), TraceeToken { event: EventHandle(EventGeneration { event: Event { exit_waiters: ExitWaiters { waiters: Mutex { data: [(Weak)] } }, exit_publication: Mutex { data: () }, status_waker: WakerSlot { waker: Mutex { data: Some(Waker { data: 0x7fbb3800b900, vtable: 0x562023bbbb68 }) }, data: 0x7fbb3800b900, vtable: 0x562023bbbb68 }, status: Mutex { data: StatusState { pending: [], terminal: -1 } }, status_changed: Condvar { .. }, exit_status: 0, exit_capability: 0, exit_epoch: 0, registration_error: Mutex { data: None }, worker_state: 2, worker_done_lock: Mutex { data: () }, worker_done_changed: Condvar { .. }, cleanup_cancel_requested: false, cleanup_claim_waiters: 0, wait_owner: 2, wait_owner_lock: Mutex { data: () }, wait_owner_changed: Condvar { .. } }, identity: OnceLock(WorkerIdentity { pid: Pid(3020292), snapshot: WorkerProcSnapshot { tgid: Pid(3020292), tracer_pid: Pid(3020264), start_time: 13487506 }, pidfd: OwnedFd { fd: 14 }, proc_dir: OwnedFd { fd: 16 }, proc_inode: 3016997162 }), authoritative: OnceLock(<uninit>) }) }))", "finish_ordinary_terminal entered: Ok(Stopped(Pid(3020292), TraceeToken { event: EventHandle(EventGeneration { event: Event { exit_waiters: ExitWaiters { waiters: Mutex { data: [(Weak)] } }, exit_publication: Mutex { data: () }, status_waker: WakerSlot { waker: Mutex { data: Some(Waker { data: 0x7fbb3800b900, vtable: 0x562023bbbb68 }) }, data: 0x7fbb3800b900, vtable: 0x562023bbbb68 }, status: Mutex { data: StatusState { pending: [], terminal: -1 } }, status_changed: Condvar { .. }, exit_status: 1, exit_capability: 2, exit_epoch: 0, registration_error: Mutex { data: None }, worker_state: 2, worker_done_lock: Mutex { data: () }, worker_done_changed: Condvar { .. }, cleanup_cancel_requested: false, cleanup_claim_waiters: 0, wait_owner: 2, wait_owner_lock: Mutex { data: () }, wait_owner_changed: Condvar { .. } }, identity: OnceLock(WorkerIdentity { pid: Pid(3020292), snapshot: WorkerProcSnapshot { tgid: Pid(3020292), tracer_pid: Pid(3020264), start_time: 13487506 }, pidfd: OwnedFd { fd: 14 }, proc_dir: OwnedFd { fd: 16 }, proc_inode: 3016997162 }), authoritative: OnceLock(<uninit>) }) }))", "finish getevent: tid=3020292, result=Ok(9), terminal=Ok(None), retired=false", "finish_ordinary_terminal entered: Ok(Stopped(Pid(3020357), TraceeToken { event: EventHandle(EventGeneration { event: Event { exit_waiters: ExitWaiters { waiters: Mutex { data: [(Weak)] } }, exit_publication: Mutex { data: () }, status_waker: WakerSlot { waker: Mutex { data: Some(Waker { data: 0x7fbb38033380, vtable: 0x562023bbc010 }) }, data: 0x7fbb38033380, vtable: 0x562023bbc010 }, status: Mutex { data: StatusState { pending: [], terminal: -1 } }, status_changed: Condvar { .. }, exit_status: 1, exit_capability: 2, exit_epoch: 0, registration_error: Mutex { data: None }, worker_state: 2, worker_done_lock: Mutex { data: () }, worker_done_changed: Condvar { .. }, cleanup_cancel_requested: false, cleanup_claim_waiters: 0, wait_owner: 2, wait_owner_lock: Mutex { data: () }, wait_owner_changed: Condvar { .. } }, identity: OnceLock(WorkerIdentity { pid: Pid(3020357), snapshot: WorkerProcSnapshot { tgid: Pid(3020357), tracer_pid: Pid(3020264), start_time: 13487506 }, pidfd: OwnedFd { fd: 29 }, proc_dir: OwnedFd { fd: 31 }, proc_inode: 3016973513 }), authoritative: OnceLock(<uninit>) }) }))", "finish getevent: tid=3020357, result=Ok(9), terminal=Ok(None), retired=false", "finish_ordinary_terminal entered: Ok(Stopped(Pid(3020368), TraceeToken { event: EventHandle(EventGeneration { event: Event { exit_waiters: ExitWaiters { waiters: Mutex { data: [(Weak)] } }, exit_publication: Mutex { data: () }, status_waker: WakerSlot { waker: Mutex { data: Some(Waker { data: 0x7fbb38043100, vtable: 0x562023bbc010 }) }, data: 0x7fbb38043100, vtable: 0x562023bbc010 }, status: Mutex { data: StatusState { pending: [], terminal: -1 } }, status_changed: Condvar { .. }, exit_status: 1, exit_capability: 2, exit_epoch: 0, registration_error: Mutex { data: None }, worker_state: 2, worker_done_lock: Mutex { data: () }, worker_done_changed: Condvar { .. }, cleanup_cancel_requested: false, cleanup_claim_waiters: 0, wait_owner: 2, wait_owner_lock: Mutex { data: () }, wait_owner_changed: Condvar { .. } }, identity: OnceLock(WorkerIdentity { pid: Pid(3020368), snapshot: WorkerProcSnapshot { tgid: Pid(3020292), tracer_pid: Pid(3020264), start_time: 13487506 }, pidfd: OwnedFd { fd: 41 }, proc_dir: OwnedFd { fd: 42 }, proc_inode: 3016973518 }), authoritative: OnceLock(<uninit>) }) }))", "finish getevent: tid=3020368, result=Ok(9), terminal=Ok(None), retired=false"], 0))
fatal legacy result: error(Tool(ordinary nonleader failure control)), original_nonleader=true; consuming hooks: Some([(Pid(3020292), None), (Pid(3020357), None), (Pid(3020368), None), (Pid(3020357), Some(Signaled(SIGKILL, false))), (Pid(3020368), Some(Signaled(SIGKILL, false))), (Pid(3020292), Some(Signaled(SIGKILL, false)))])
natural-reaper product predicate: opponent=false, ready=true, root=3020292, child=3020357, start=13487506, inode=3016973513, backend_sigkill=1, terminal_ack=1, original_error=1, post_syscall=0, callbacks_valid=1, zombie=true, tracer=0
owned held zombie: child=3020357, status=SIGKILL, WNOWAIT=true, proc_present=true
actual natural wait: child=3020357, status=SIGKILL, root_absent=true, child_absent=true, remaining_ns=2985576870
ok

test result: ok. 1 passed; 0 failed; 0 ignored; 0 measured; 364 filtered out; finished in 0.01s

ok

test result: ok. 1 passed; 0 failed; 0 ignored; 0 measured; 364 filtered out; finished in 0.01s

test tracer::tests::ordinary_nonleader_tool_failure_reaps_fork_descendants ... ok

running 1 test
test tracer::tests::ordinary_nonleader_tool_failure_reaps_unhanded_vfork_child ... 
running 1 test
test tracer::tests::ordinary_nonleader_tool_failure_reaps_unhanded_vfork_child ... fatal control raises original error in live tid 3020472 (mode 3)
unhanded real child edges: [(Pid(3020427), Clone, Pid(3020472)), (Pid(3020427), Fork, Pid(3020481))]; child_body=0
unhanded original generation resource retention: groups/vfork/unconfirmed=(0, 0, 0), opponent=false
natural-reaper product predicate: opponent=false, ready=true, root=3020427, child=3020481, start=13487507, inode=3016744739, backend_sigkill=1, terminal_ack=1, original_error=1, post_syscall=0, callbacks_valid=1, zombie=true, tracer=0
owned held zombie: child=3020481, status=SIGKILL, WNOWAIT=true, proc_present=true
actual natural wait: child=3020481, status=SIGKILL, root_absent=true, child_absent=true, remaining_ns=2996257560
ok

test result: ok. 1 passed; 0 failed; 0 ignored; 0 measured; 364 filtered out; finished in 0.01s

ok

test result: ok. 1 passed; 0 failed; 0 ignored; 0 measured; 364 filtered out; finished in 0.01s

test tracer::tests::ordinary_nonleader_tool_failure_reaps_unhanded_fork_child ... ok
fatal control raises original error in live tid 3020530 (mode 3)
unhanded real child edges: [(Pid(3020501), Clone, Pid(3020530)), (Pid(3020501), Vfork, Pid(3020557))]; child_body=0
unhanded original generation resource retention: groups/vfork/unconfirmed=(0, 0, 0), opponent=false
natural-reaper product predicate: opponent=false, ready=true, root=3020501, child=3020557, start=13487508, inode=3016931713, backend_sigkill=1, terminal_ack=1, original_error=1, post_syscall=0, callbacks_valid=1, zombie=true, tracer=0
owned held zombie: child=3020557, status=SIGKILL, WNOWAIT=true, proc_present=true
actual natural wait: child=3020557, status=SIGKILL, root_absent=true, child_absent=true, remaining_ns=2996599072
ok

test result: ok. 1 passed; 0 failed; 0 ignored; 0 measured; 364 filtered out; finished in 0.01s

ok

test result: ok. 1 passed; 0 failed; 0 ignored; 0 measured; 364 filtered out; finished in 0.01s

test tracer::tests::ordinary_nonleader_tool_failure_reaps_unhanded_vfork_child ... ok
test tracer::tests::ordinary_nonleader_exec_run_loop_echild_awaits_leader_exec_edge ... ok
test tracer::tests::ordinary_nonleader_exec_postexec_timer_survives_internal_step ... ok

successes:

---- tracer::tests::ordinary_nonleader_exec_displaced_hook_failure_fences_replacement stdout ----
exec timer payload: /tmp/reverie-fatal-exec-timer-3019492
PROBE[exec-edge-ok] t=134875035961408 (dt=3715us) caller=3020020 target=3020013 what=WAITID(P_PIDFD) thread=Some("guest-3020013") result=Ok(Some("0x137f")) rc=0 site=safeptrace/src/notifier.rs:1858
PROBE[exec-edge-ok] t=134875036428349 (dt=3248us) caller=3019513 target=3020013 what=PTRACE_SINGLESTEP(None) rc=0 site=reverie-ptrace/src/task.rs:2719
PROBE[exec-edge-ok] t=134875036483752 (dt=3193us) caller=3020020 target=3020013 what=WAITID(P_PIDFD) thread=Some("guest-3020013") result=Ok(Some("0x57f")) rc=0 site=safeptrace/src/notifier.rs:1858
PROBE[exec-edge-ok] t=134875036945726 (dt=2731us) caller=3019513 target=3020013 what=PTRACE_SINGLESTEP(None) rc=0 site=reverie-ptrace/src/task.rs:5455
PROBE[exec-edge-ok] t=134875036972777 (dt=2704us) caller=3020020 target=3020013 what=WAITID(P_PIDFD) thread=Some("guest-3020013") result=Ok(Some("0x57f")) rc=0 site=safeptrace/src/notifier.rs:1858
PROBE[exec-edge-ok] t=134875037640440 (dt=2036us) caller=3019513 target=3020013 what=PTRACE_CONT(resume,None) rc=0 site=reverie-ptrace/src/task.rs:5444
PROBE[exec-edge-ok] t=134875037809263 (dt=1867us) caller=3020020 target=3020013 what=WAITID(P_PIDFD) thread=Some("guest-3020013") result=Ok(Some("0x3057f")) rc=0 site=safeptrace/src/notifier.rs:1858
PROBE[exec-edge-ok] t=134875037872458 (dt=1804us) caller=3019513 target=3020013 what=GETEVENTMSG-before rc=0 site=safeptrace/src/lib.rs:234
PROBE[exec-edge-ok] t=134875037880910 (dt=1796us) caller=3019513 target=3020013 what=GETEVENTMSG-after rc=3020041 site=safeptrace/src/lib.rs:234
PROBE[exec-edge-ok] t=134875038378257 (dt=1298us) caller=3020053 target=3020041 what=WAITID(P_PIDFD) thread=Some("guest-3020041") result=Ok(Some("0x137f")) rc=0 site=safeptrace/src/notifier.rs:1858
PROBE[exec-edge-ok] t=134875038692339 (dt=984us) caller=3019513 target=3020013 what=PTRACE_SINGLESTEP(None) rc=0 site=reverie-ptrace/src/task.rs:5455
PROBE[exec-edge-ok] t=134875038708153 (dt=968us) caller=3020020 target=3020013 what=WAITID(P_PIDFD) thread=Some("guest-3020013") result=Ok(Some("0x57f")) rc=0 site=safeptrace/src/notifier.rs:1858
PROBE[exec-edge-ok] t=134875038782435 (dt=894us) caller=3019513 target=3020041 what=PTRACE_CONT(resume,None) rc=0 site=reverie-ptrace/src/task.rs:5444
PROBE[exec-edge-ok] t=134875038843917 (dt=833us) caller=3019513 target=3020013 what=PTRACE_CONT(resume,None) rc=0 site=reverie-ptrace/src/task.rs:5444
PROBE[exec-edge-ok] t=134875038961333 (dt=715us) caller=3020020 target=3020013 what=WAITID(P_PIDFD) thread=Some("guest-3020013") result=Ok(Some("0x6057f")) rc=0 site=safeptrace/src/notifier.rs:1858
PROBE[exec-edge-ok] t=134875038991598 (dt=685us) caller=3019513 target=3020013 what=drive_ordinary: ExitFuture resolved ok=true main=true rc=0 site=reverie-ptrace/src/task.rs:6946
PROBE[exec-edge-ok] t=134875038999841 (dt=677us) caller=3019513 target=3020013 what=finish_ordinary_terminal entered with Ok(Stopped) rc=0 site=reverie-ptrace/src/tracer.rs:543
PROBE[exec-edge-ok] t=134875039009275 (dt=667us) caller=3019513 target=3020013 what=GETEVENTMSG-before rc=0 site=reverie-ptrace/src/tracer.rs:556
PROBE[exec-edge-ok] t=134875039017878 (dt=659us) caller=3019513 target=3020013 what=GETEVENTMSG-after rc=0 site=reverie-ptrace/src/tracer.rs:556
PROBE[exec-edge-ok] t=134875039021704 (dt=655us) caller=3019513 target=3020013 what=PTRACE_CONT(resume_retaining,None) rc=0 site=reverie-ptrace/src/tracer.rs:613
PROBE[exec-edge-ok] t=134875039065279 (dt=611us) caller=3020053 target=3020041 what=WAITID(P_PIDFD) thread=Some("guest-3020041") result=Err(ECHILD) rc=0 site=safeptrace/src/notifier.rs:1858
PROBE[exec-edge-ok] t=134875039125029 (dt=551us) caller=3019513 target=3020041 what=drive_ordinary: ExitFuture resolved ok=false main=false rc=0 site=reverie-ptrace/src/task.rs:6946
PROBE[exec-edge-ok] t=134875039505060 (dt=171us) caller=3020020 target=3020013 what=WAITID(P_PIDFD) thread=Some("guest-3020013") result=Ok(Some("0x4057f")) rc=0 site=safeptrace/src/notifier.rs:1858
PROBE[exec-edge-ok] t=134875039518360 (dt=158us) caller=3019513 target=3020013 what=GETEVENTMSG-before rc=0 site=safeptrace/src/lib.rs:246
PROBE[exec-edge-ok] t=134875039522115 (dt=154us) caller=3019513 target=3020013 what=GETEVENTMSG-after rc=3020041 site=safeptrace/src/lib.rs:246
PROBE[exec-edge-ok] t=134875039675966 (dt=0us) caller=3019513 target=3020013 what=EXEC-EDGE observed former=3020041 exit_status=Some(Exited(0)) esrch=None snapshot: [task 3020013: State: t (tracing stop) | Pid: 3020013 | TracerPid: 3019513 | SigPnd: 0000000000000000 | ShdPnd: 0000000000000000 | stat.state=t stat.exit_code=0 | wchan=ptrace_stop] rc=0 site=reverie-ptrace/src/tracer.rs:675
actual delivered marker observations: tracer=3019492, rows=[]
exec owner before rescue: fail=true, timer_mode=0, root_absent=true, events=[(0, Pid(3020013), 3020013, None), (0, Pid(3020041), 3020041, None), (2, Pid(3020013), 3020013, Some(Exited(0))), (2, Pid(3020013), 3020041, Some(Signaled(SIGKILL, false))), (3, Pid(3020013), 0, Some(Signaled(SIGKILL, false)))], elapsed=43.841898ms, outcome=Complete(Err(PtraceRunFailure { primary: Tool(ordinary nonleader failure control), origin: BackendFailure { pid: Pid(3020013), tid: Pid(3020013), phase: "ptrace replaced leader on_exit_thread" }, secondary: [], captured_prefix: Some(CapturedPrefix { stdout: [], stderr: [] }) }))
actual perf exec handoff: ExecTimerTransfer { displaced: Some(ExecTimerIdentity { clock_fd: 19, timer_fd: 12, clock_event_id: 6883006, timer_event_id: 6883005, artificial_pending: false, artificial_signal_sent: false, cancelled: true, guest_pid: Pid(3020013), guest_tid: Pid(3020013), kernel_owner_tid: Pid(3020013) }), before: Some(ExecTimerIdentity { clock_fd: 64, timer_fd: 63, clock_event_id: 6883010, timer_event_id: 6883009, artificial_pending: false, artificial_signal_sent: false, cancelled: true, guest_pid: Pid(3020013), guest_tid: Pid(3020041), kernel_owner_tid: Pid(0) }), after: Some(ExecTimerIdentity { clock_fd: 64, timer_fd: 63, clock_event_id: 6883010, timer_event_id: 6883009, artificial_pending: false, artificial_signal_sent: false, cancelled: true, guest_pid: Pid(3020013), guest_tid: Pid(3020013), kernel_owner_tid: Pid(3020013) }), displaced_fds_closed: true }

---- tracer::tests::ordinary_nonleader_exec_transfers_state_and_consumes_old_leader_once stdout ----
PROBE[exec-edge-ok] t=134875037604586 (dt=3495us) caller=3020037 target=3020032 what=WAITID(P_PIDFD) thread=Some("guest-3020032") result=Ok(Some("0x137f")) rc=0 site=safeptrace/src/notifier.rs:1858
PROBE[exec-edge-ok] t=134875038025738 (dt=3074us) caller=3020027 target=3020032 what=PTRACE_SINGLESTEP(None) rc=0 site=reverie-ptrace/src/task.rs:2719
PROBE[exec-edge-ok] t=134875038117296 (dt=2983us) caller=3020037 target=3020032 what=WAITID(P_PIDFD) thread=Some("guest-3020032") result=Ok(Some("0x57f")) rc=0 site=safeptrace/src/notifier.rs:1858
PROBE[exec-edge-ok] t=134875038285037 (dt=2815us) caller=3020027 target=3020032 what=PTRACE_SINGLESTEP(None) rc=0 site=reverie-ptrace/src/task.rs:5455
PROBE[exec-edge-ok] t=134875038322514 (dt=2777us) caller=3020037 target=3020032 what=WAITID(P_PIDFD) thread=Some("guest-3020032") result=Ok(Some("0x57f")) rc=0 site=safeptrace/src/notifier.rs:1858
PROBE[exec-edge-ok] t=134875038624467 (dt=2475us) caller=3020027 target=3020032 what=PTRACE_CONT(resume,None) rc=0 site=reverie-ptrace/src/task.rs:5444
PROBE[exec-edge-ok] t=134875038867983 (dt=2232us) caller=3020037 target=3020032 what=WAITID(P_PIDFD) thread=Some("guest-3020032") result=Ok(Some("0x3057f")) rc=0 site=safeptrace/src/notifier.rs:1858
PROBE[exec-edge-ok] t=134875038892790 (dt=2207us) caller=3020027 target=3020032 what=GETEVENTMSG-before rc=0 site=safeptrace/src/lib.rs:234
PROBE[exec-edge-ok] t=134875038897137 (dt=2203us) caller=3020027 target=3020032 what=GETEVENTMSG-after rc=3020063 site=safeptrace/src/lib.rs:234
PROBE[exec-edge-ok] t=134875039326832 (dt=1773us) caller=3020069 target=3020063 what=WAITID(P_PIDFD) thread=Some("guest-3020063") result=Ok(Some("0x137f")) rc=0 site=safeptrace/src/notifier.rs:1858
PROBE[exec-edge-ok] t=134875039662456 (dt=1437us) caller=3020027 target=3020032 what=PTRACE_SINGLESTEP(None) rc=0 site=reverie-ptrace/src/task.rs:5455
PROBE[exec-edge-ok] t=134875039684349 (dt=1416us) caller=3020037 target=3020032 what=WAITID(P_PIDFD) thread=Some("guest-3020032") result=Ok(Some("0x57f")) rc=0 site=safeptrace/src/notifier.rs:1858
PROBE[exec-edge-ok] t=134875039775275 (dt=1325us) caller=3020027 target=3020063 what=PTRACE_CONT(resume,None) rc=0 site=reverie-ptrace/src/task.rs:5444
PROBE[exec-edge-ok] t=134875039845271 (dt=1255us) caller=3020027 target=3020032 what=PTRACE_CONT(resume,None) rc=0 site=reverie-ptrace/src/task.rs:5444
PROBE[exec-edge-ok] t=134875039989667 (dt=1110us) caller=3020037 target=3020032 what=WAITID(P_PIDFD) thread=Some("guest-3020032") result=Ok(Some("0x6057f")) rc=0 site=safeptrace/src/notifier.rs:1858
PROBE[exec-edge-ok] t=134875040038631 (dt=1061us) caller=3020027 target=3020032 what=drive_ordinary: ExitFuture resolved ok=true main=true rc=0 site=reverie-ptrace/src/task.rs:6946
PROBE[exec-edge-ok] t=134875040049397 (dt=1050us) caller=3020027 target=3020032 what=finish_ordinary_terminal entered with Ok(Stopped) rc=0 site=reverie-ptrace/src/tracer.rs:543
PROBE[exec-edge-ok] t=134875040052251 (dt=1048us) caller=3020027 target=3020032 what=GETEVENTMSG-before rc=0 site=reverie-ptrace/src/tracer.rs:556
PROBE[exec-edge-ok] t=134875040056888 (dt=1043us) caller=3020027 target=3020032 what=GETEVENTMSG-after rc=0 site=reverie-ptrace/src/tracer.rs:556
PROBE[exec-edge-ok] t=134875040061015 (dt=1039us) caller=3020027 target=3020032 what=PTRACE_CONT(resume_retaining,None) rc=0 site=reverie-ptrace/src/tracer.rs:613
PROBE[exec-edge-ok] t=134875040142527 (dt=957us) caller=3020069 target=3020063 what=WAITID(P_PIDFD) thread=Some("guest-3020063") result=Err(ECHILD) rc=0 site=safeptrace/src/notifier.rs:1858
PROBE[exec-edge-ok] t=134875040207294 (dt=893us) caller=3020027 target=3020063 what=drive_ordinary: ExitFuture resolved ok=false main=false rc=0 site=reverie-ptrace/src/task.rs:6946
PROBE[exec-edge-ok] t=134875040581096 (dt=519us) caller=3020037 target=3020032 what=WAITID(P_PIDFD) thread=Some("guest-3020032") result=Ok(Some("0x4057f")) rc=0 site=safeptrace/src/notifier.rs:1858
PROBE[exec-edge-ok] t=134875040595658 (dt=504us) caller=3020027 target=3020032 what=GETEVENTMSG-before rc=0 site=safeptrace/src/lib.rs:246
PROBE[exec-edge-ok] t=134875040597981 (dt=502us) caller=3020027 target=3020032 what=GETEVENTMSG-after rc=3020063 site=safeptrace/src/lib.rs:246
PROBE[exec-edge-ok] t=134875041092103 (dt=8us) caller=3020027 target=3020032 what=EXEC-EDGE observed former=3020063 exit_status=Some(Exited(0)) esrch=None snapshot: [task 3020032: State: t (tracing stop) | Pid: 3020032 | TracerPid: 3020027 | SigPnd: 0000000000000000 | ShdPnd: 0000000000000000 | stat.state=t stat.exit_code=0 | wchan=ptrace_stop] rc=0 site=reverie-ptrace/src/tracer.rs:675
actual delivered marker observations: tracer=3019492, rows=[(3020032, 16, 1, 65, 150482, false, false)]
exec owner before rescue: fail=false, timer_mode=0, root_absent=true, events=[(0, Pid(3020032), 3020032, None), (0, Pid(3020063), 3020063, None), (2, Pid(3020032), 3020032, Some(Exited(0))), (1, Pid(3020032), 3020063, None), (5, Pid(3020032), 50405, None), (9, Pid(3020032), 150482, None), (4, Pid(3020032), 3020063, None), (6, Pid(3020032), 1050650, None), (2, Pid(3020032), 3020063, Some(Exited(0))), (3, Pid(3020032), 0, Some(Exited(0)))], elapsed=7.443038ms, outcome=Complete(Ok(Output { status: Exited(0), stdout: "survived", stderr: "" }))
actual perf exec handoff: ExecTimerTransfer { displaced: Some(ExecTimerIdentity { clock_fd: 48, timer_fd: 42, clock_event_id: 6883008, timer_event_id: 6883007, artificial_pending: false, artificial_signal_sent: false, cancelled: true, guest_pid: Pid(3020032), guest_tid: Pid(3020032), kernel_owner_tid: Pid(3020032) }), before: Some(ExecTimerIdentity { clock_fd: 75, timer_fd: 74, clock_event_id: 6883012, timer_event_id: 6883011, artificial_pending: false, artificial_signal_sent: false, cancelled: true, guest_pid: Pid(3020032), guest_tid: Pid(3020063), kernel_owner_tid: Pid(0) }), after: Some(ExecTimerIdentity { clock_fd: 75, timer_fd: 74, clock_event_id: 6883012, timer_event_id: 6883011, artificial_pending: false, artificial_signal_sent: false, cancelled: true, guest_pid: Pid(3020032), guest_tid: Pid(3020032), kernel_owner_tid: Pid(3020032) }), displaced_fds_closed: true }

---- tracer::tests::ordinary_nonleader_injected_exec_echild_awaits_leader_exec_edge stdout ----
PROBE[exec-edge-ok] t=134875041467136 (dt=2903us) caller=3020097 target=3020094 what=WAITID(P_PIDFD) thread=Some("guest-3020094") result=Ok(Some("0x137f")) rc=0 site=safeptrace/src/notifier.rs:1858
PROBE[exec-edge-ok] t=134875041917943 (dt=2452us) caller=3020091 target=3020094 what=PTRACE_SINGLESTEP(None) rc=0 site=reverie-ptrace/src/task.rs:2719
PROBE[exec-edge-ok] t=134875041951654 (dt=2419us) caller=3020097 target=3020094 what=WAITID(P_PIDFD) thread=Some("guest-3020094") result=Ok(Some("0x57f")) rc=0 site=safeptrace/src/notifier.rs:1858
PROBE[exec-edge-ok] t=134875042111383 (dt=2259us) caller=3020091 target=3020094 what=PTRACE_SINGLESTEP(None) rc=0 site=reverie-ptrace/src/task.rs:5455
PROBE[exec-edge-ok] t=134875042128199 (dt=2242us) caller=3020097 target=3020094 what=WAITID(P_PIDFD) thread=Some("guest-3020094") result=Ok(Some("0x57f")) rc=0 site=safeptrace/src/notifier.rs:1858
PROBE[exec-edge-ok] t=134875042346887 (dt=2023us) caller=3020091 target=3020094 what=PTRACE_CONT(resume,None) rc=0 site=reverie-ptrace/src/task.rs:5444
PROBE[exec-edge-ok] t=134875042509641 (dt=1861us) caller=3020097 target=3020094 what=WAITID(P_PIDFD) thread=Some("guest-3020094") result=Ok(Some("0x3057f")) rc=0 site=safeptrace/src/notifier.rs:1858
PROBE[exec-edge-ok] t=134875042525165 (dt=1845us) caller=3020091 target=3020094 what=GETEVENTMSG-before rc=0 site=safeptrace/src/lib.rs:234
PROBE[exec-edge-ok] t=134875042528340 (dt=1842us) caller=3020091 target=3020094 what=GETEVENTMSG-after rc=3020113 site=safeptrace/src/lib.rs:234
PROBE[exec-edge-ok] t=134875042970043 (dt=1400us) caller=3020117 target=3020113 what=WAITID(P_PIDFD) thread=Some("guest-3020113") result=Ok(Some("0x137f")) rc=0 site=safeptrace/src/notifier.rs:1858
PROBE[exec-edge-ok] t=134875043275722 (dt=1094us) caller=3020091 target=3020094 what=PTRACE_SINGLESTEP(None) rc=0 site=reverie-ptrace/src/task.rs:5455
PROBE[exec-edge-ok] t=134875043307720 (dt=1062us) caller=3020097 target=3020094 what=WAITID(P_PIDFD) thread=Some("guest-3020094") result=Ok(Some("0x57f")) rc=0 site=safeptrace/src/notifier.rs:1858
PROBE[exec-edge-ok] t=134875043344265 (dt=1026us) caller=3020091 target=3020113 what=PTRACE_CONT(resume,None) rc=0 site=reverie-ptrace/src/task.rs:5444
PROBE[exec-edge-ok] t=134875043397125 (dt=973us) caller=3020091 target=3020094 what=PTRACE_CONT(resume,None) rc=0 site=reverie-ptrace/src/task.rs:5444
PROBE[exec-edge-ok] t=134875043445907 (dt=924us) caller=3020117 target=3020113 what=WAITID(P_PIDFD) thread=Some("guest-3020113") result=Ok(Some("0x7057f")) rc=0 site=safeptrace/src/notifier.rs:1858
PROBE[exec-edge-ok] t=134875043530385 (dt=840us) caller=3020091 target=3020113 what=PTRACE_SYSCALL(None) rc=0 site=reverie-ptrace/src/task.rs:5466
PROBE[exec-edge-ok] t=134875043712328 (dt=658us) caller=3020097 target=3020094 what=WAITID(P_PIDFD) thread=Some("guest-3020094") result=Ok(Some("0x6057f")) rc=0 site=safeptrace/src/notifier.rs:1858
PROBE[exec-edge-ok] t=134875043739689 (dt=631us) caller=3020091 target=3020094 what=drive_ordinary: ExitFuture resolved ok=true main=true rc=0 site=reverie-ptrace/src/task.rs:6946
PROBE[exec-edge-ok] t=134875043746819 (dt=623us) caller=3020091 target=3020094 what=finish_ordinary_terminal entered with Ok(Stopped) rc=0 site=reverie-ptrace/src/tracer.rs:543
PROBE[exec-edge-ok] t=134875043750535 (dt=620us) caller=3020091 target=3020094 what=GETEVENTMSG-before rc=0 site=reverie-ptrace/src/tracer.rs:556
PROBE[exec-edge-ok] t=134875043754190 (dt=616us) caller=3020091 target=3020094 what=GETEVENTMSG-after rc=0 site=reverie-ptrace/src/tracer.rs:556
PROBE[exec-edge-ok] t=134875043759619 (dt=611us) caller=3020091 target=3020094 what=PTRACE_CONT(resume_retaining,None) rc=0 site=reverie-ptrace/src/tracer.rs:613
PROBE[exec-edge-ok] t=134875043804616 (dt=566us) caller=3020117 target=3020113 what=WAITID(P_PIDFD) thread=Some("guest-3020113") result=Err(ECHILD) rc=0 site=safeptrace/src/notifier.rs:1858
PROBE[exec-edge-ok] t=134875044212669 (dt=158us) caller=3020097 target=3020094 what=WAITID(P_PIDFD) thread=Some("guest-3020094") result=Ok(Some("0x4057f")) rc=0 site=safeptrace/src/notifier.rs:1858
PROBE[exec-edge-ok] t=134875044223956 (dt=146us) caller=3020091 target=3020094 what=GETEVENTMSG-before rc=0 site=safeptrace/src/lib.rs:246
PROBE[exec-edge-ok] t=134875044226210 (dt=144us) caller=3020091 target=3020094 what=GETEVENTMSG-after rc=3020113 site=safeptrace/src/lib.rs:246
PROBE[exec-edge-ok] t=134875044369995 (dt=0us) caller=3020091 target=3020094 what=EXEC-EDGE observed former=3020113 exit_status=Some(Exited(0)) esrch=None snapshot: [task 3020094: State: t (tracing stop) | Pid: 3020094 | TracerPid: 3020091 | SigPnd: 0000000000000000 | ShdPnd: 0000000000000000 | stat.state=t stat.exit_code=0 | wchan=ptrace_stop] rc=0 site=reverie-ptrace/src/tracer.rs:675

---- tracer::tests::ordinary_nonleader_success_preserves_exit_callbacks stdout ----
ordinary cleanup control: root=3020163, descendant=0, fail=false, fork=false, newborn=false, timeout=false, root_absent=true, descendant_absent=true, post_syscall=1, sentinel_untouched=true
fatal physical identity: tid=3020163, initial=TraceeSnapshot { tgid: Pid(3020163), ppid: Pid(3019492), tracer_pid: Pid(3020134), start_time: 13487504 }, proc_inode=3017011419, same_process=false, stat=Err(Os { code: 3, kind: Uncategorized, message: "No such process" }), status=Err(Os { code: 3, kind: Uncategorized, message: "No such process" }), pidfd_poll=1, pidfd_revents=17, pidfd_signal0=Err(ESRCH)
fatal original notifier: tid=3020163, terminal=Ok(Some(Exited(0))), retired=true, held_stop=false
fatal original notifier: tid=3020201, terminal=Ok(Some(Exited(0))), retired=true, held_stop=false
fatal chronology: Some((["RootStopLease step before: tid=3020163, siginfo=Ok((19, -6)), terminal=Ok(None)", "RootStopLease step result: Ok(Running(Pid(3020163), TraceeToken { event: EventHandle(EventGeneration { event: Event { exit_waiters: ExitWaiters { waiters: Mutex { data: [] } }, exit_publication: Mutex { data: () }, status_waker: WakerSlot { waker: Mutex { data: Some(Waker { data: 0x7fe88400ee80, vtable: 0x562edfc99b68 }) }, data: 0x7fe88400ee80, vtable: 0x562edfc99b68 }, status: Mutex { data: StatusState { pending: [], terminal: -1 } }, status_changed: Condvar { .. }, exit_status: 0, exit_capability: 0, exit_epoch: 0, registration_error: Mutex { data: None }, worker_state: 2, worker_done_lock: Mutex { data: () }, worker_done_changed: Condvar { .. }, cleanup_cancel_requested: false, cleanup_claim_waiters: 0, wait_owner: 2, wait_owner_lock: Mutex { data: () }, wait_owner_changed: Condvar { .. } }, identity: OnceLock(WorkerIdentity { pid: Pid(3020163), snapshot: WorkerProcSnapshot { tgid: Pid(3020163), tracer_pid: Pid(0), start_time: 13487504 }, pidfd: OwnedFd { fd: 24 }, proc_dir: OwnedFd { fd: 36 }, proc_inode: 3017011419 }), authoritative: OnceLock(<uninit>) }) }))", "RootStopLease step before: tid=3020163, siginfo=Ok((5, 1)), terminal=Ok(None)", "RootStopLease step result: Ok(Running(Pid(3020163), TraceeToken { event: EventHandle(EventGeneration { event: Event { exit_waiters: ExitWaiters { waiters: Mutex { data: [] } }, exit_publication: Mutex { data: () }, status_waker: WakerSlot { waker: Mutex { data: Some(Waker { data: 0x7fe88400ee80, vtable: 0x562edfc99b68 }) }, data: 0x7fe88400ee80, vtable: 0x562edfc99b68 }, status: Mutex { data: StatusState { pending: [], terminal: -1 } }, status_changed: Condvar { .. }, exit_status: 0, exit_capability: 0, exit_epoch: 0, registration_error: Mutex { data: None }, worker_state: 2, worker_done_lock: Mutex { data: () }, worker_done_changed: Condvar { .. }, cleanup_cancel_requested: false, cleanup_claim_waiters: 0, wait_owner: 2, wait_owner_lock: Mutex { data: () }, wait_owner_changed: Condvar { .. } }, identity: OnceLock(WorkerIdentity { pid: Pid(3020163), snapshot: WorkerProcSnapshot { tgid: Pid(3020163), tracer_pid: Pid(0), start_time: 13487504 }, pidfd: OwnedFd { fd: 24 }, proc_dir: OwnedFd { fd: 36 }, proc_inode: 3017011419 }), authoritative: OnceLock(<uninit>) }) }))", "RootStopLease step before: tid=3020163, siginfo=Ok((5, 773)), terminal=Ok(None)", "RootStopLease step result: Ok(Running(Pid(3020163), TraceeToken { event: EventHandle(EventGeneration { event: Event { exit_waiters: ExitWaiters { waiters: Mutex { data: [(Weak)] } }, exit_publication: Mutex { data: () }, status_waker: WakerSlot { waker: Mutex { data: Some(Waker { data: 0x7fe88400ee80, vtable: 0x562edfc99b68 }) }, data: 0x7fe88400ee80, vtable: 0x562edfc99b68 }, status: Mutex { data: StatusState { pending: [], terminal: -1 } }, status_changed: Condvar { .. }, exit_status: 0, exit_capability: 0, exit_epoch: 0, registration_error: Mutex { data: None }, worker_state: 2, worker_done_lock: Mutex { data: () }, worker_done_changed: Condvar { .. }, cleanup_cancel_requested: false, cleanup_claim_waiters: 0, wait_owner: 2, wait_owner_lock: Mutex { data: () }, wait_owner_changed: Condvar { .. } }, identity: OnceLock(WorkerIdentity { pid: Pid(3020163), snapshot: WorkerProcSnapshot { tgid: Pid(3020163), tracer_pid: Pid(0), start_time: 13487504 }, pidfd: OwnedFd { fd: 24 }, proc_dir: OwnedFd { fd: 36 }, proc_inode: 3017011419 }), authoritative: OnceLock(<uninit>) }) }))", "finish_ordinary_terminal entered: Ok(Stopped(Pid(3020201), TraceeToken { event: EventHandle(EventGeneration { event: Event { exit_waiters: ExitWaiters { waiters: Mutex { data: [(Weak)] } }, exit_publication: Mutex { data: () }, status_waker: WakerSlot { waker: Mutex { data: Some(Waker { data: 0x7fe884018280, vtable: 0x562edfc9a010 }) }, data: 0x7fe884018280, vtable: 0x562edfc9a010 }, status: Mutex { data: StatusState { pending: [], terminal: -1 } }, status_changed: Condvar { .. }, exit_status: 1, exit_capability: 2, exit_epoch: 0, registration_error: Mutex { data: None }, worker_state: 2, worker_done_lock: Mutex { data: () }, worker_done_changed: Condvar { .. }, cleanup_cancel_requested: false, cleanup_claim_waiters: 0, wait_owner: 2, wait_owner_lock: Mutex { data: () }, wait_owner_changed: Condvar { .. } }, identity: OnceLock(WorkerIdentity { pid: Pid(3020201), snapshot: WorkerProcSnapshot { tgid: Pid(3020163), tracer_pid: Pid(3020134), start_time: 13487504 }, pidfd: OwnedFd { fd: 64 }, proc_dir: OwnedFd { fd: 66 }, proc_inode: 3016712028 }), authoritative: OnceLock(<uninit>) }) }))", "finish getevent: tid=3020201, result=Ok(0), terminal=Ok(None), retired=false", "finish_ordinary_terminal entered: Ok(Stopped(Pid(3020163), TraceeToken { event: EventHandle(EventGeneration { event: Event { exit_waiters: ExitWaiters { waiters: Mutex { data: [(Weak)] } }, exit_publication: Mutex { data: () }, status_waker: WakerSlot { waker: Mutex { data: Some(Waker { data: 0x7fe88400ee80, vtable: 0x562edfc99b68 }) }, data: 0x7fe88400ee80, vtable: 0x562edfc99b68 }, status: Mutex { data: StatusState { pending: [], terminal: -1 } }, status_changed: Condvar { .. }, exit_status: 1, exit_capability: 2, exit_epoch: 0, registration_error: Mutex { data: None }, worker_state: 2, worker_done_lock: Mutex { data: () }, worker_done_changed: Condvar { .. }, cleanup_cancel_requested: false, cleanup_claim_waiters: 0, wait_owner: 2, wait_owner_lock: Mutex { data: () }, wait_owner_changed: Condvar { .. } }, identity: OnceLock(WorkerIdentity { pid: Pid(3020163), snapshot: WorkerProcSnapshot { tgid: Pid(3020163), tracer_pid: Pid(0), start_time: 13487504 }, pidfd: OwnedFd { fd: 24 }, proc_dir: OwnedFd { fd: 36 }, proc_inode: 3017011419 }), authoritative: OnceLock(<uninit>) }) }))", "finish getevent: tid=3020163, result=Ok(0), terminal=Ok(None), retired=false"], 0))
fatal legacy result: success(Exited(0)); consuming hooks: None

---- tracer::tests::ordinary_nonleader_tool_failure_cancels_pending_newborn_start stdout ----
fatal control raises original error in live tid 3020211 (mode 2)
ordinary cleanup control: root=3020196, descendant=0, fail=true, fork=false, newborn=true, timeout=false, root_absent=true, descendant_absent=true, post_syscall=0, sentinel_untouched=true
fatal physical identity: tid=3020196, initial=TraceeSnapshot { tgid: Pid(3020196), ppid: Pid(3019492), tracer_pid: Pid(3020149), start_time: 13487504 }, proc_inode=3016763327, same_process=false, stat=Err(Os { code: 3, kind: Uncategorized, message: "No such process" }), status=Err(Os { code: 3, kind: Uncategorized, message: "No such process" }), pidfd_poll=1, pidfd_revents=17, pidfd_signal0=Err(ESRCH)
fatal original notifier: tid=3020196, terminal=Ok(Some(Signaled(SIGKILL, false))), retired=true, held_stop=false
fatal original notifier: tid=3020204, terminal=Ok(Some(Signaled(SIGKILL, false))), retired=true, held_stop=false
fatal original notifier: tid=3020211, terminal=Ok(Some(Signaled(SIGKILL, false))), retired=true, held_stop=false
fatal chronology: Some((["RootStopLease step before: tid=3020196, siginfo=Ok((19, -6)), terminal=Ok(None)", "RootStopLease step result: Ok(Running(Pid(3020196), TraceeToken { event: EventHandle(EventGeneration { event: Event { exit_waiters: ExitWaiters { waiters: Mutex { data: [] } }, exit_publication: Mutex { data: () }, status_waker: WakerSlot { waker: Mutex { data: Some(Waker { data: 0x7fe89400f680, vtable: 0x562edfc99b68 }) }, data: 0x7fe89400f680, vtable: 0x562edfc99b68 }, status: Mutex { data: StatusState { pending: [], terminal: -1 } }, status_changed: Condvar { .. }, exit_status: 0, exit_capability: 0, exit_epoch: 0, registration_error: Mutex { data: None }, worker_state: 2, worker_done_lock: Mutex { data: () }, worker_done_changed: Condvar { .. }, cleanup_cancel_requested: false, cleanup_claim_waiters: 0, wait_owner: 2, wait_owner_lock: Mutex { data: () }, wait_owner_changed: Condvar { .. } }, identity: OnceLock(WorkerIdentity { pid: Pid(3020196), snapshot: WorkerProcSnapshot { tgid: Pid(3020196), tracer_pid: Pid(3020149), start_time: 13487504 }, pidfd: OwnedFd { fd: 55 }, proc_dir: OwnedFd { fd: 57 }, proc_inode: 3016763327 }), authoritative: OnceLock(<uninit>) }) }))", "RootStopLease step before: tid=3020196, siginfo=Ok((5, 1)), terminal=Ok(None)", "RootStopLease step result: Ok(Running(Pid(3020196), TraceeToken { event: EventHandle(EventGeneration { event: Event { exit_waiters: ExitWaiters { waiters: Mutex { data: [] } }, exit_publication: Mutex { data: () }, status_waker: WakerSlot { waker: Mutex { data: Some(Waker { data: 0x7fe89400f680, vtable: 0x562edfc99b68 }) }, data: 0x7fe89400f680, vtable: 0x562edfc99b68 }, status: Mutex { data: StatusState { pending: [], terminal: -1 } }, status_changed: Condvar { .. }, exit_status: 0, exit_capability: 0, exit_epoch: 0, registration_error: Mutex { data: None }, worker_state: 2, worker_done_lock: Mutex { data: () }, worker_done_changed: Condvar { .. }, cleanup_cancel_requested: false, cleanup_claim_waiters: 0, wait_owner: 2, wait_owner_lock: Mutex { data: () }, wait_owner_changed: Condvar { .. } }, identity: OnceLock(WorkerIdentity { pid: Pid(3020196), snapshot: WorkerProcSnapshot { tgid: Pid(3020196), tracer_pid: Pid(3020149), start_time: 13487504 }, pidfd: OwnedFd { fd: 55 }, proc_dir: OwnedFd { fd: 57 }, proc_inode: 3016763327 }), authoritative: OnceLock(<uninit>) }) }))", "RootStopLease step before: tid=3020196, siginfo=Ok((5, 773)), terminal=Ok(None)", "RootStopLease step result: Ok(Running(Pid(3020196), TraceeToken { event: EventHandle(EventGeneration { event: Event { exit_waiters: ExitWaiters { waiters: Mutex { data: [(Weak)] } }, exit_publication: Mutex { data: () }, status_waker: WakerSlot { waker: Mutex { data: Some(Waker { data: 0x7fe89400f680, vtable: 0x562edfc99b68 }) }, data: 0x7fe89400f680, vtable: 0x562edfc99b68 }, status: Mutex { data: StatusState { pending: [], terminal: -1 } }, status_changed: Condvar { .. }, exit_status: 0, exit_capability: 0, exit_epoch: 0, registration_error: Mutex { data: None }, worker_state: 2, worker_done_lock: Mutex { data: () }, worker_done_changed: Condvar { .. }, cleanup_cancel_requested: false, cleanup_claim_waiters: 0, wait_owner: 2, wait_owner_lock: Mutex { data: () }, wait_owner_changed: Condvar { .. } }, identity: OnceLock(WorkerIdentity { pid: Pid(3020196), snapshot: WorkerProcSnapshot { tgid: Pid(3020196), tracer_pid: Pid(3020149), start_time: 13487504 }, pidfd: OwnedFd { fd: 55 }, proc_dir: OwnedFd { fd: 57 }, proc_inode: 3016763327 }), authoritative: OnceLock(<uninit>) }) }))", "RootStopLease step before: tid=3020196, siginfo=Ok((5, 773)), terminal=Ok(None)", "RootStopLease step result: Ok(Running(Pid(3020196), TraceeToken { event: EventHandle(EventGeneration { event: Event { exit_waiters: ExitWaiters { waiters: Mutex { data: [(Weak)] } }, exit_publication: Mutex { data: () }, status_waker: WakerSlot { waker: Mutex { data: Some(Waker { data: 0x7fe89400f680, vtable: 0x562edfc99b68 }) }, data: 0x7fe89400f680, vtable: 0x562edfc99b68 }, status: Mutex { data: StatusState { pending: [], terminal: -1 } }, status_changed: Condvar { .. }, exit_status: 0, exit_capability: 0, exit_epoch: 0, registration_error: Mutex { data: None }, worker_state: 2, worker_done_lock: Mutex { data: () }, worker_done_changed: Condvar { .. }, cleanup_cancel_requested: false, cleanup_claim_waiters: 0, wait_owner: 2, wait_owner_lock: Mutex { data: () }, wait_owner_changed: Condvar { .. } }, identity: OnceLock(WorkerIdentity { pid: Pid(3020196), snapshot: WorkerProcSnapshot { tgid: Pid(3020196), tracer_pid: Pid(3020149), start_time: 13487504 }, pidfd: OwnedFd { fd: 55 }, proc_dir: OwnedFd { fd: 57 }, proc_inode: 3016763327 }), authoritative: OnceLock(<uninit>) }) }))", "finish_ordinary_terminal entered: Ok(Stopped(Pid(3020196), TraceeToken { event: EventHandle(EventGeneration { event: Event { exit_waiters: ExitWaiters { waiters: Mutex { data: [(Weak)] } }, exit_publication: Mutex { data: () }, status_waker: WakerSlot { waker: Mutex { data: Some(Waker { data: 0x7fe89400f680, vtable: 0x562edfc99b68 }) }, data: 0x7fe89400f680, vtable: 0x562edfc99b68 }, status: Mutex { data: StatusState { pending: [], terminal: -1 } }, status_changed: Condvar { .. }, exit_status: 1, exit_capability: 2, exit_epoch: 0, registration_error: Mutex { data: None }, worker_state: 2, worker_done_lock: Mutex { data: () }, worker_done_changed: Condvar { .. }, cleanup_cancel_requested: false, cleanup_claim_waiters: 0, wait_owner: 2, wait_owner_lock: Mutex { data: () }, wait_owner_changed: Condvar { .. } }, identity: OnceLock(WorkerIdentity { pid: Pid(3020196), snapshot: WorkerProcSnapshot { tgid: Pid(3020196), tracer_pid: Pid(3020149), start_time: 13487504 }, pidfd: OwnedFd { fd: 55 }, proc_dir: OwnedFd { fd: 57 }, proc_inode: 3016763327 }), authoritative: OnceLock(<uninit>) }) }))", "finish getevent: tid=3020196, result=Ok(9), terminal=Ok(None), retired=false", "finish_ordinary_terminal entered: Ok(Stopped(Pid(3020211), TraceeToken { event: EventHandle(EventGeneration { event: Event { exit_waiters: ExitWaiters { waiters: Mutex { data: [(Weak)] } }, exit_publication: Mutex { data: () }, status_waker: WakerSlot { waker: Mutex { data: Some(Waker { data: 0x7fe894030880, vtable: 0x562edfc9a010 }) }, data: 0x7fe894030880, vtable: 0x562edfc9a010 }, status: Mutex { data: StatusState { pending: [], terminal: -1 } }, status_changed: Condvar { .. }, exit_status: 1, exit_capability: 2, exit_epoch: 0, registration_error: Mutex { data: None }, worker_state: 2, worker_done_lock: Mutex { data: () }, worker_done_changed: Condvar { .. }, cleanup_cancel_requested: false, cleanup_claim_waiters: 0, wait_owner: 2, wait_owner_lock: Mutex { data: () }, wait_owner_changed: Condvar { .. } }, identity: OnceLock(WorkerIdentity { pid: Pid(3020211), snapshot: WorkerProcSnapshot { tgid: Pid(3020196), tracer_pid: Pid(3020149), start_time: 13487505 }, pidfd: OwnedFd { fd: 76 }, proc_dir: OwnedFd { fd: 79 }, proc_inode: 3016763337 }), authoritative: OnceLock(<uninit>) }) }))", "finish getevent: tid=3020211, result=Ok(9), terminal=Ok(None), retired=false", "finish_ordinary_terminal entered: Ok(Stopped(Pid(3020204), TraceeToken { event: EventHandle(EventGeneration { event: Event { exit_waiters: ExitWaiters { waiters: Mutex { data: [(Weak)] } }, exit_publication: Mutex { data: () }, status_waker: WakerSlot { waker: Mutex { data: Some(Waker { data: 0x7fe894029480, vtable: 0x562edfc9a010 }) }, data: 0x7fe894029480, vtable: 0x562edfc9a010 }, status: Mutex { data: StatusState { pending: [], terminal: -1 } }, status_changed: Condvar { .. }, exit_status: 1, exit_capability: 2, exit_epoch: 0, registration_error: Mutex { data: None }, worker_state: 2, worker_done_lock: Mutex { data: () }, worker_done_changed: Condvar { .. }, cleanup_cancel_requested: false, cleanup_claim_waiters: 0, wait_owner: 2, wait_owner_lock: Mutex { data: () }, wait_owner_changed: Condvar { .. } }, identity: OnceLock(WorkerIdentity { pid: Pid(3020204), snapshot: WorkerProcSnapshot { tgid: Pid(3020196), tracer_pid: Pid(3020149), start_time: 13487505 }, pidfd: OwnedFd { fd: 81 }, proc_dir: OwnedFd { fd: 82 }, proc_inode: 3016763332 }), authoritative: OnceLock(<uninit>) }) }))", "finish getevent: tid=3020204, result=Ok(9), terminal=Ok(None), retired=false"], 0))
fatal legacy result: error(Tool(ordinary nonleader failure control)), original_nonleader=true; consuming hooks: Some([(Pid(3020196), None), (Pid(3020204), None), (Pid(3020211), None), (Pid(3020211), Some(Signaled(SIGKILL, false))), (Pid(3020204), Some(Signaled(SIGKILL, false))), (Pid(3020196), Some(Signaled(SIGKILL, false)))])

---- tracer::tests::ordinary_nonleader_tool_failure_reaps_threads_without_resuming stdout ----
fatal control raises original error in live tid 3020269 (mode 1)
ordinary cleanup control: root=3020260, descendant=0, fail=true, fork=false, newborn=false, timeout=false, root_absent=true, descendant_absent=true, post_syscall=0, sentinel_untouched=true
fatal physical identity: tid=3020260, initial=TraceeSnapshot { tgid: Pid(3020260), ppid: Pid(3019492), tracer_pid: Pid(3020221), start_time: 13487505 }, proc_inode=3016763350, same_process=false, stat=Err(Os { code: 3, kind: Uncategorized, message: "No such process" }), status=Err(Os { code: 3, kind: Uncategorized, message: "No such process" }), pidfd_poll=1, pidfd_revents=17, pidfd_signal0=Err(ESRCH)
fatal original notifier: tid=3020260, terminal=Ok(Some(Signaled(SIGKILL, false))), retired=true, held_stop=false
fatal original notifier: tid=3020269, terminal=Ok(Some(Signaled(SIGKILL, false))), retired=true, held_stop=false
fatal chronology: Some((["RootStopLease step before: tid=3020260, siginfo=Ok((19, -6)), terminal=Ok(None)", "RootStopLease step result: Ok(Running(Pid(3020260), TraceeToken { event: EventHandle(EventGeneration { event: Event { exit_waiters: ExitWaiters { waiters: Mutex { data: [] } }, exit_publication: Mutex { data: () }, status_waker: WakerSlot { waker: Mutex { data: Some(Waker { data: 0x7fe89400f680, vtable: 0x562edfc99b68 }) }, data: 0x7fe89400f680, vtable: 0x562edfc99b68 }, status: Mutex { data: StatusState { pending: [], terminal: -1 } }, status_changed: Condvar { .. }, exit_status: 0, exit_capability: 0, exit_epoch: 0, registration_error: Mutex { data: None }, worker_state: 2, worker_done_lock: Mutex { data: () }, worker_done_changed: Condvar { .. }, cleanup_cancel_requested: false, cleanup_claim_waiters: 0, wait_owner: 2, wait_owner_lock: Mutex { data: () }, wait_owner_changed: Condvar { .. } }, identity: OnceLock(WorkerIdentity { pid: Pid(3020260), snapshot: WorkerProcSnapshot { tgid: Pid(3020260), tracer_pid: Pid(3020221), start_time: 13487505 }, pidfd: OwnedFd { fd: 27 }, proc_dir: OwnedFd { fd: 35 }, proc_inode: 3016763350 }), authoritative: OnceLock(<uninit>) }) }))", "RootStopLease step before: tid=3020260, siginfo=Ok((5, 1)), terminal=Ok(None)", "RootStopLease step result: Ok(Running(Pid(3020260), TraceeToken { event: EventHandle(EventGeneration { event: Event { exit_waiters: ExitWaiters { waiters: Mutex { data: [] } }, exit_publication: Mutex { data: () }, status_waker: WakerSlot { waker: Mutex { data: Some(Waker { data: 0x7fe89400f680, vtable: 0x562edfc99b68 }) }, data: 0x7fe89400f680, vtable: 0x562edfc99b68 }, status: Mutex { data: StatusState { pending: [], terminal: -1 } }, status_changed: Condvar { .. }, exit_status: 0, exit_capability: 0, exit_epoch: 0, registration_error: Mutex { data: None }, worker_state: 2, worker_done_lock: Mutex { data: () }, worker_done_changed: Condvar { .. }, cleanup_cancel_requested: false, cleanup_claim_waiters: 0, wait_owner: 2, wait_owner_lock: Mutex { data: () }, wait_owner_changed: Condvar { .. } }, identity: OnceLock(WorkerIdentity { pid: Pid(3020260), snapshot: WorkerProcSnapshot { tgid: Pid(3020260), tracer_pid: Pid(3020221), start_time: 13487505 }, pidfd: OwnedFd { fd: 27 }, proc_dir: OwnedFd { fd: 35 }, proc_inode: 3016763350 }), authoritative: OnceLock(<uninit>) }) }))", "RootStopLease step before: tid=3020260, siginfo=Ok((5, 773)), terminal=Ok(None)", "RootStopLease step result: Ok(Running(Pid(3020260), TraceeToken { event: EventHandle(EventGeneration { event: Event { exit_waiters: ExitWaiters { waiters: Mutex { data: [(Weak)] } }, exit_publication: Mutex { data: () }, status_waker: WakerSlot { waker: Mutex { data: Some(Waker { data: 0x7fe89400f680, vtable: 0x562edfc99b68 }) }, data: 0x7fe89400f680, vtable: 0x562edfc99b68 }, status: Mutex { data: StatusState { pending: [], terminal: -1 } }, status_changed: Condvar { .. }, exit_status: 0, exit_capability: 0, exit_epoch: 0, registration_error: Mutex { data: None }, worker_state: 2, worker_done_lock: Mutex { data: () }, worker_done_changed: Condvar { .. }, cleanup_cancel_requested: false, cleanup_claim_waiters: 0, wait_owner: 2, wait_owner_lock: Mutex { data: () }, wait_owner_changed: Condvar { .. } }, identity: OnceLock(WorkerIdentity { pid: Pid(3020260), snapshot: WorkerProcSnapshot { tgid: Pid(3020260), tracer_pid: Pid(3020221), start_time: 13487505 }, pidfd: OwnedFd { fd: 27 }, proc_dir: OwnedFd { fd: 35 }, proc_inode: 3016763350 }), authoritative: OnceLock(<uninit>) }) }))", "finish_ordinary_terminal entered: Ok(Stopped(Pid(3020260), TraceeToken { event: EventHandle(EventGeneration { event: Event { exit_waiters: ExitWaiters { waiters: Mutex { data: [(Weak)] } }, exit_publication: Mutex { data: () }, status_waker: WakerSlot { waker: Mutex { data: Some(Waker { data: 0x7fe89400f680, vtable: 0x562edfc99b68 }) }, data: 0x7fe89400f680, vtable: 0x562edfc99b68 }, status: Mutex { data: StatusState { pending: [], terminal: -1 } }, status_changed: Condvar { .. }, exit_status: 1, exit_capability: 2, exit_epoch: 0, registration_error: Mutex { data: None }, worker_state: 2, worker_done_lock: Mutex { data: () }, worker_done_changed: Condvar { .. }, cleanup_cancel_requested: false, cleanup_claim_waiters: 0, wait_owner: 2, wait_owner_lock: Mutex { data: () }, wait_owner_changed: Condvar { .. } }, identity: OnceLock(WorkerIdentity { pid: Pid(3020260), snapshot: WorkerProcSnapshot { tgid: Pid(3020260), tracer_pid: Pid(3020221), start_time: 13487505 }, pidfd: OwnedFd { fd: 27 }, proc_dir: OwnedFd { fd: 35 }, proc_inode: 3016763350 }), authoritative: OnceLock(<uninit>) }) }))", "finish getevent: tid=3020260, result=Ok(9), terminal=Ok(None), retired=false", "finish_ordinary_terminal entered: Ok(Stopped(Pid(3020269), TraceeToken { event: EventHandle(EventGeneration { event: Event { exit_waiters: ExitWaiters { waiters: Mutex { data: [(Weak)] } }, exit_publication: Mutex { data: () }, status_waker: WakerSlot { waker: Mutex { data: Some(Waker { data: 0x7fe894029480, vtable: 0x562edfc9a010 }) }, data: 0x7fe894029480, vtable: 0x562edfc9a010 }, status: Mutex { data: StatusState { pending: [], terminal: -1 } }, status_changed: Condvar { .. }, exit_status: 1, exit_capability: 2, exit_epoch: 0, registration_error: Mutex { data: None }, worker_state: 2, worker_done_lock: Mutex { data: () }, worker_done_changed: Condvar { .. }, cleanup_cancel_requested: false, cleanup_claim_waiters: 0, wait_owner: 2, wait_owner_lock: Mutex { data: () }, wait_owner_changed: Condvar { .. } }, identity: OnceLock(WorkerIdentity { pid: Pid(3020269), snapshot: WorkerProcSnapshot { tgid: Pid(3020260), tracer_pid: Pid(3020221), start_time: 13487505 }, pidfd: OwnedFd { fd: 54 }, proc_dir: OwnedFd { fd: 55 }, proc_inode: 3016763355 }), authoritative: OnceLock(<uninit>) }) }))", "finish getevent: tid=3020269, result=Ok(9), terminal=Ok(None), retired=false"], 0))
fatal legacy result: error(Tool(ordinary nonleader failure control)), original_nonleader=true; consuming hooks: Some([(Pid(3020260), None), (Pid(3020269), None), (Pid(3020269), Some(Signaled(SIGKILL, false))), (Pid(3020260), Some(Signaled(SIGKILL, false)))])

---- tracer::tests::ordinary_nonleader_exec_run_loop_echild_awaits_leader_exec_edge stdout ----
PROBE[exec-edge-ok] t=134874997764407 (dt=37393us) caller=3019549 target=3019543 what=WAITID(P_PIDFD) thread=Some("guest-3019543") result=Ok(Some("0x137f")) rc=0 site=safeptrace/src/notifier.rs:1858
PROBE[exec-edge-ok] t=134874998547293 (dt=36611us) caller=3019518 target=3019543 what=PTRACE_SINGLESTEP(None) rc=0 site=reverie-ptrace/src/task.rs:2719
PROBE[exec-edge-ok] t=134874998624970 (dt=36533us) caller=3019549 target=3019543 what=WAITID(P_PIDFD) thread=Some("guest-3019543") result=Ok(Some("0x57f")) rc=0 site=safeptrace/src/notifier.rs:1858
PROBE[exec-edge-ok] t=134874999292542 (dt=35865us) caller=3019518 target=3019543 what=PTRACE_SINGLESTEP(None) rc=0 site=reverie-ptrace/src/task.rs:5455
PROBE[exec-edge-ok] t=134874999313624 (dt=35844us) caller=3019549 target=3019543 what=WAITID(P_PIDFD) thread=Some("guest-3019543") result=Ok(Some("0x57f")) rc=0 site=safeptrace/src/notifier.rs:1858
PROBE[exec-edge-ok] t=134874999698732 (dt=35459us) caller=3019518 target=3019543 what=PTRACE_CONT(resume,None) rc=0 site=reverie-ptrace/src/task.rs:5444
PROBE[exec-edge-ok] t=134874999930019 (dt=35228us) caller=3019549 target=3019543 what=WAITID(P_PIDFD) thread=Some("guest-3019543") result=Ok(Some("0x3057f")) rc=0 site=safeptrace/src/notifier.rs:1858
PROBE[exec-edge-ok] t=134874999953134 (dt=35205us) caller=3019518 target=3019543 what=GETEVENTMSG-before rc=0 site=safeptrace/src/lib.rs:234
PROBE[exec-edge-ok] t=134874999957841 (dt=35200us) caller=3019518 target=3019543 what=GETEVENTMSG-after rc=3019566 site=safeptrace/src/lib.rs:234
PROBE[exec-edge-ok] t=134875000444041 (dt=34714us) caller=3019578 target=3019566 what=WAITID(P_PIDFD) thread=Some("guest-3019566") result=Ok(Some("0x137f")) rc=0 site=safeptrace/src/notifier.rs:1858
PROBE[exec-edge-ok] t=134875032493861 (dt=2664us) caller=3019518 target=3019543 what=PTRACE_SINGLESTEP(None) rc=0 site=reverie-ptrace/src/task.rs:5455
PROBE[exec-edge-ok] t=134875032543756 (dt=2614us) caller=3019549 target=3019543 what=WAITID(P_PIDFD) thread=Some("guest-3019543") result=Ok(Some("0x57f")) rc=0 site=safeptrace/src/notifier.rs:1858
PROBE[exec-edge-ok] t=134875032695854 (dt=2462us) caller=3019518 target=3019566 what=PTRACE_CONT(resume,None) rc=0 site=reverie-ptrace/src/task.rs:5444
PROBE[exec-edge-ok] t=134875032803256 (dt=2355us) caller=3019518 target=3019543 what=PTRACE_CONT(resume,None) rc=0 site=reverie-ptrace/src/task.rs:5444
PROBE[exec-edge-ok] t=134875033440903 (dt=1717us) caller=3019549 target=3019543 what=WAITID(P_PIDFD) thread=Some("guest-3019543") result=Ok(Some("0x6057f")) rc=0 site=safeptrace/src/notifier.rs:1858
PROBE[exec-edge-ok] t=134875033504689 (dt=1653us) caller=3019518 target=3019543 what=drive_ordinary: ExitFuture resolved ok=true main=true rc=0 site=reverie-ptrace/src/task.rs:6946
PROBE[exec-edge-ok] t=134875033520873 (dt=1637us) caller=3019518 target=3019543 what=finish_ordinary_terminal entered with Ok(Stopped) rc=0 site=reverie-ptrace/src/tracer.rs:543
PROBE[exec-edge-ok] t=134875033525600 (dt=1632us) caller=3019518 target=3019543 what=GETEVENTMSG-before rc=0 site=reverie-ptrace/src/tracer.rs:556
PROBE[exec-edge-ok] t=134875033531118 (dt=1627us) caller=3019518 target=3019543 what=GETEVENTMSG-after rc=0 site=reverie-ptrace/src/tracer.rs:556
PROBE[exec-edge-ok] t=134875033539361 (dt=1618us) caller=3019518 target=3019543 what=PTRACE_CONT(resume_retaining,None) rc=0 site=reverie-ptrace/src/tracer.rs:613
PROBE[exec-edge-ok] t=134875033619391 (dt=1538us) caller=3019578 target=3019566 what=WAITID(P_PIDFD) thread=Some("guest-3019566") result=Err(ECHILD) rc=0 site=safeptrace/src/notifier.rs:1858
PROBE[exec-edge-ok] t=134875034556789 (dt=601us) caller=3019549 target=3019543 what=WAITID(P_PIDFD) thread=Some("guest-3019543") result=Ok(Some("0x4057f")) rc=0 site=safeptrace/src/notifier.rs:1858
PROBE[exec-edge-ok] t=134875034580004 (dt=578us) caller=3019518 target=3019543 what=GETEVENTMSG-before rc=0 site=safeptrace/src/lib.rs:246
PROBE[exec-edge-ok] t=134875034583970 (dt=574us) caller=3019518 target=3019543 what=GETEVENTMSG-after rc=3019566 site=safeptrace/src/lib.rs:246
PROBE[exec-edge-ok] t=134875035157180 (dt=1us) caller=3019518 target=3019543 what=EXEC-EDGE observed former=3019566 exit_status=Some(Exited(0)) esrch=None snapshot: [task 3019543: State: t (tracing stop) | Pid: 3019543 | TracerPid: 3019518 | SigPnd: 0000000000000000 | ShdPnd: 0000000000000000 | stat.state=t stat.exit_code=0 | wchan=ptrace_stop] rc=0 site=reverie-ptrace/src/tracer.rs:675
actual delivered marker observations: tracer=3019492, rows=[(3019543, 16, 1, 65, 100544, false, false)]
exec owner before rescue: fail=false, timer_mode=1, root_absent=true, events=[(0, Pid(3019543), 3019543, None), (0, Pid(3019566), 3019566, None), (2, Pid(3019543), 3019543, Some(Exited(0))), (1, Pid(3019543), 3019566, None), (9, Pid(3019543), 100544, None), (4, Pid(3019543), 3019566, None), (2, Pid(3019543), 3019566, Some(Exited(0))), (3, Pid(3019543), 0, Some(Exited(0)))], elapsed=94.023226ms, outcome=Complete(Ok(Output { status: Exited(0), stdout: "survived", stderr: "" }))
actual perf exec handoff: ExecTimerTransfer { displaced: Some(ExecTimerIdentity { clock_fd: 38, timer_fd: 35, clock_event_id: 6882997, timer_event_id: 6882994, artificial_pending: false, artificial_signal_sent: false, cancelled: true, guest_pid: Pid(3019543), guest_tid: Pid(3019543), kernel_owner_tid: Pid(3019543) }), before: Some(ExecTimerIdentity { clock_fd: 69, timer_fd: 65, clock_event_id: 6883000, timer_event_id: 6882999, artificial_pending: false, artificial_signal_sent: false, cancelled: true, guest_pid: Pid(3019543), guest_tid: Pid(3019566), kernel_owner_tid: Pid(0) }), after: Some(ExecTimerIdentity { clock_fd: 69, timer_fd: 65, clock_event_id: 6883000, timer_event_id: 6882999, artificial_pending: false, artificial_signal_sent: false, cancelled: true, guest_pid: Pid(3019543), guest_tid: Pid(3019543), kernel_owner_tid: Pid(3019543) }), displaced_fds_closed: true }
nonleader run loop stayed pending on: ["wait after initial tracee resume"]

---- tracer::tests::ordinary_nonleader_exec_postexec_timer_survives_internal_step stdout ----
PROBE[exec-edge-ok] t=134874997903045 (dt=36221us) caller=3019553 target=3019545 what=WAITID(P_PIDFD) thread=Some("guest-3019545") result=Ok(Some("0x137f")) rc=0 site=safeptrace/src/notifier.rs:1858
PROBE[exec-edge-ok] t=134874998546632 (dt=35578us) caller=3019514 target=3019545 what=PTRACE_SINGLESTEP(None) rc=0 site=reverie-ptrace/src/task.rs:2719
PROBE[exec-edge-ok] t=134874998624999 (dt=35499us) caller=3019553 target=3019545 what=WAITID(P_PIDFD) thread=Some("guest-3019545") result=Ok(Some("0x57f")) rc=0 site=safeptrace/src/notifier.rs:1858
PROBE[exec-edge-ok] t=134874999302136 (dt=34822us) caller=3019514 target=3019545 what=PTRACE_SINGLESTEP(None) rc=0 site=reverie-ptrace/src/task.rs:5455
PROBE[exec-edge-ok] t=134874999343168 (dt=34781us) caller=3019553 target=3019545 what=WAITID(P_PIDFD) thread=Some("guest-3019545") result=Ok(Some("0x57f")) rc=0 site=safeptrace/src/notifier.rs:1858
PROBE[exec-edge-ok] t=134874999697169 (dt=34427us) caller=3019514 target=3019545 what=PTRACE_CONT(resume,None) rc=0 site=reverie-ptrace/src/task.rs:5444
PROBE[exec-edge-ok] t=134874999943409 (dt=34181us) caller=3019553 target=3019545 what=WAITID(P_PIDFD) thread=Some("guest-3019545") result=Ok(Some("0x3057f")) rc=0 site=safeptrace/src/notifier.rs:1858
PROBE[exec-edge-ok] t=134874999972093 (dt=34152us) caller=3019514 target=3019545 what=GETEVENTMSG-before rc=0 site=safeptrace/src/lib.rs:234
PROBE[exec-edge-ok] t=134874999977110 (dt=34147us) caller=3019514 target=3019545 what=GETEVENTMSG-after rc=3019568 site=safeptrace/src/lib.rs:234
PROBE[exec-edge-ok] t=134875032434782 (dt=1689us) caller=3019969 target=3019568 what=WAITID(P_PIDFD) thread=Some("guest-3019568") result=Ok(Some("0x137f")) rc=0 site=safeptrace/src/notifier.rs:1858
PROBE[exec-edge-ok] t=134875032712339 (dt=1412us) caller=3019514 target=3019545 what=PTRACE_SINGLESTEP(None) rc=0 site=reverie-ptrace/src/task.rs:5455
PROBE[exec-edge-ok] t=134875032779400 (dt=1345us) caller=3019553 target=3019545 what=WAITID(P_PIDFD) thread=Some("guest-3019545") result=Ok(Some("0x57f")) rc=0 site=safeptrace/src/notifier.rs:1858
PROBE[exec-edge-ok] t=134875032860762 (dt=1263us) caller=3019514 target=3019568 what=PTRACE_CONT(resume,None) rc=0 site=reverie-ptrace/src/task.rs:5444
PROBE[exec-edge-ok] t=134875033438590 (dt=686us) caller=3019514 target=3019545 what=PTRACE_CONT(resume,None) rc=0 site=reverie-ptrace/src/task.rs:5444
PROBE[exec-edge-ok] t=134875033470187 (dt=654us) caller=3019553 target=3019545 what=WAITID(P_PIDFD) thread=Some("guest-3019545") result=Ok(Some("0x6057f")) rc=0 site=safeptrace/src/notifier.rs:1858
PROBE[exec-edge-ok] t=134875033501854 (dt=622us) caller=3019514 target=3019545 what=drive_ordinary: ExitFuture resolved ok=true main=true rc=0 site=reverie-ptrace/src/task.rs:6946
PROBE[exec-edge-ok] t=134875033507974 (dt=616us) caller=3019514 target=3019545 what=finish_ordinary_terminal entered with Ok(Stopped) rc=0 site=reverie-ptrace/src/tracer.rs:543
PROBE[exec-edge-ok] t=134875033509886 (dt=614us) caller=3019514 target=3019545 what=GETEVENTMSG-before rc=0 site=reverie-ptrace/src/tracer.rs:556
PROBE[exec-edge-ok] t=134875033512941 (dt=611us) caller=3019514 target=3019545 what=GETEVENTMSG-after rc=0 site=reverie-ptrace/src/tracer.rs:556
PROBE[exec-edge-ok] t=134875033517047 (dt=607us) caller=3019514 target=3019545 what=PTRACE_CONT(resume_retaining,None) rc=0 site=reverie-ptrace/src/tracer.rs:613
PROBE[exec-edge-ok] t=134875033565180 (dt=559us) caller=3019969 target=3019568 what=WAITID(P_PIDFD) thread=Some("guest-3019568") result=Err(ECHILD) rc=0 site=safeptrace/src/notifier.rs:1858
PROBE[exec-edge-ok] t=134875033619541 (dt=505us) caller=3019514 target=3019568 what=drive_ordinary: ExitFuture resolved ok=false main=false rc=0 site=reverie-ptrace/src/task.rs:6946
PROBE[exec-edge-ok] t=134875033932982 (dt=191us) caller=3019553 target=3019545 what=WAITID(P_PIDFD) thread=Some("guest-3019545") result=Ok(Some("0x4057f")) rc=0 site=safeptrace/src/notifier.rs:1858
PROBE[exec-edge-ok] t=134875033950027 (dt=174us) caller=3019514 target=3019545 what=GETEVENTMSG-before rc=0 site=safeptrace/src/lib.rs:246
PROBE[exec-edge-ok] t=134875033952691 (dt=172us) caller=3019514 target=3019545 what=GETEVENTMSG-after rc=3019568 site=safeptrace/src/lib.rs:246
PROBE[exec-edge-ok] t=134875034124029 (dt=0us) caller=3019514 target=3019545 what=EXEC-EDGE observed former=3019568 exit_status=Some(Exited(0)) esrch=None snapshot: [task 3019545: State: t (tracing stop) | Pid: 3019545 | TracerPid: 3019514 | SigPnd: 0000000000000000 | ShdPnd: 0000000000000000 | stat.state=t stat.exit_code=0 | wchan=ptrace_stop] rc=0 site=reverie-ptrace/src/tracer.rs:675
actual delivered marker observations: tracer=3019492, rows=[(3019545, 16, 1, 65, 100550, false, false)]
exec owner before rescue: fail=false, timer_mode=1, root_absent=true, events=[(0, Pid(3019545), 3019545, None), (0, Pid(3019568), 3019568, None), (2, Pid(3019545), 3019545, Some(Exited(0))), (1, Pid(3019545), 3019568, None), (9, Pid(3019545), 100550, None), (4, Pid(3019545), 3019568, None), (2, Pid(3019545), 3019568, Some(Exited(0))), (3, Pid(3019545), 0, Some(Exited(0)))], elapsed=95.445652ms, outcome=Complete(Ok(Output { status: Exited(0), stdout: "survived", stderr: "" }))
actual perf exec handoff: ExecTimerTransfer { displaced: Some(ExecTimerIdentity { clock_fd: 39, timer_fd: 36, clock_event_id: 6882998, timer_event_id: 6882995, artificial_pending: false, artificial_signal_sent: false, cancelled: true, guest_pid: Pid(3019545), guest_tid: Pid(3019545), kernel_owner_tid: Pid(3019545) }), before: Some(ExecTimerIdentity { clock_fd: 70, timer_fd: 68, clock_event_id: 6883002, timer_event_id: 6883001, artificial_pending: false, artificial_signal_sent: false, cancelled: true, guest_pid: Pid(3019545), guest_tid: Pid(3019568), kernel_owner_tid: Pid(0) }), after: Some(ExecTimerIdentity { clock_fd: 70, timer_fd: 68, clock_event_id: 6883002, timer_event_id: 6883001, artificial_pending: false, artificial_signal_sent: false, cancelled: true, guest_pid: Pid(3019545), guest_tid: Pid(3019545), kernel_owner_tid: Pid(3019545) }), displaced_fds_closed: true }


successes:
    tracer::tests::ordinary_nonleader_exec_displaced_hook_failure_fences_replacement
    tracer::tests::ordinary_nonleader_exec_postexec_timer_survives_internal_step
    tracer::tests::ordinary_nonleader_exec_run_loop_echild_awaits_leader_exec_edge
    tracer::tests::ordinary_nonleader_exec_transfers_state_and_consumes_old_leader_once
    tracer::tests::ordinary_nonleader_injected_exec_echild_awaits_leader_exec_edge
    tracer::tests::ordinary_nonleader_success_preserves_exit_callbacks
    tracer::tests::ordinary_nonleader_tool_failure_cancels_pending_newborn_start
    tracer::tests::ordinary_nonleader_tool_failure_reaps_fork_descendants
    tracer::tests::ordinary_nonleader_tool_failure_reaps_threads_without_resuming
    tracer::tests::ordinary_nonleader_tool_failure_reaps_unhanded_fork_child
    tracer::tests::ordinary_nonleader_tool_failure_reaps_unhanded_vfork_child

failures:

---- tracer::tests::ordinary_nonleader_exec_real_signal_cancels_postexec_timer stdout ----
PROBE_EXITSTOP_GETEVENT_ESRCH=1 t=134875033681504 tracer_tid=3019517 leader=3019537 snapshot: [task 3019537: State: R (running) | Pid: 3019537 | TracerPid: 3019517 | SigPnd: 0000000000000000 | ShdPnd: 0000000000000000 | stat.state=R stat.exit_code=0 | wchan=0]
PROBE[esrch-immediate] t=134874997825639 (dt=35866us) caller=3019551 target=3019537 what=WAITID(P_PIDFD) thread=Some("guest-3019537") result=Ok(Some("0x137f")) rc=0 site=safeptrace/src/notifier.rs:1858
PROBE[esrch-immediate] t=134874998548204 (dt=35144us) caller=3019517 target=3019537 what=PTRACE_SINGLESTEP(None) rc=0 site=reverie-ptrace/src/task.rs:2719
PROBE[esrch-immediate] t=134874998632200 (dt=35060us) caller=3019551 target=3019537 what=WAITID(P_PIDFD) thread=Some("guest-3019537") result=Ok(Some("0x57f")) rc=0 site=safeptrace/src/notifier.rs:1858
PROBE[esrch-immediate] t=134874999293643 (dt=34398us) caller=3019517 target=3019537 what=PTRACE_SINGLESTEP(None) rc=0 site=reverie-ptrace/src/task.rs:5455
PROBE[esrch-immediate] t=134874999318591 (dt=34374us) caller=3019551 target=3019537 what=WAITID(P_PIDFD) thread=Some("guest-3019537") result=Ok(Some("0x57f")) rc=0 site=safeptrace/src/notifier.rs:1858
PROBE[esrch-immediate] t=134874999698662 (dt=33993us) caller=3019517 target=3019537 what=PTRACE_CONT(resume,None) rc=0 site=reverie-ptrace/src/task.rs:5444
PROBE[esrch-immediate] t=134874999973415 (dt=33719us) caller=3019551 target=3019537 what=WAITID(P_PIDFD) thread=Some("guest-3019537") result=Ok(Some("0x3057f")) rc=0 site=safeptrace/src/notifier.rs:1858
PROBE[esrch-immediate] t=134875000008777 (dt=33683us) caller=3019517 target=3019537 what=GETEVENTMSG-before rc=0 site=safeptrace/src/lib.rs:234
PROBE[esrch-immediate] t=134875000014456 (dt=33678us) caller=3019517 target=3019537 what=GETEVENTMSG-after rc=3019569 site=safeptrace/src/lib.rs:234
PROBE[esrch-immediate] t=134875032731488 (dt=961us) caller=3019517 target=3019537 what=PTRACE_SINGLESTEP(None) rc=0 site=reverie-ptrace/src/task.rs:5455
PROBE[esrch-immediate] t=134875032781172 (dt=911us) caller=3019551 target=3019537 what=WAITID(P_PIDFD) thread=Some("guest-3019537") result=Ok(Some("0x57f")) rc=0 site=safeptrace/src/notifier.rs:1858
PROBE[esrch-immediate] t=134875033444568 (dt=248us) caller=3019551 target=3019537 what=WAITID(P_PIDFD) thread=Some("guest-3019537") result=Ok(Some("0x6057f")) rc=0 site=safeptrace/src/notifier.rs:1858
PROBE[esrch-immediate] t=134875033447753 (dt=244us) caller=3019517 target=3019537 what=PTRACE_CONT(resume,None) rc=0 site=reverie-ptrace/src/task.rs:5444
PROBE[esrch-immediate] t=134875033490448 (dt=202us) caller=3019517 target=3019537 what=drive_ordinary: ExitFuture resolved ok=true main=true rc=0 site=reverie-ptrace/src/task.rs:6946
PROBE[esrch-immediate] t=134875033501264 (dt=191us) caller=3019517 target=3019537 what=finish_ordinary_terminal entered with Ok(Stopped) rc=0 site=reverie-ptrace/src/tracer.rs:543
PROBE[esrch-immediate] t=134875033504278 (dt=188us) caller=3019517 target=3019537 what=GETEVENTMSG-before rc=0 site=reverie-ptrace/src/tracer.rs:556
PROBE[esrch-immediate] t=134875033510487 (dt=182us) caller=3019517 target=3019537 what=GETEVENTMSG-after rc=-1000003 site=reverie-ptrace/src/tracer.rs:556
PROBE[esrch-immediate] t=134875033691639 (dt=0us) caller=3019517 target=3019537 what=ESRCH-snapshot: [task 3019537: State: R (running) | Pid: 3019537 | TracerPid: 3019517 | SigPnd: 0000000000000000 | ShdPnd: 0000000000000000 | stat.state=R stat.exit_code=0 | wchan=0] rc=0 site=reverie-ptrace/src/tracer.rs:591
PROBE[exec-edge-NOSTATUS] t=134874997825639 (dt=36828us) caller=3019551 target=3019537 what=WAITID(P_PIDFD) thread=Some("guest-3019537") result=Ok(Some("0x137f")) rc=0 site=safeptrace/src/notifier.rs:1858
PROBE[exec-edge-NOSTATUS] t=134874998548204 (dt=36106us) caller=3019517 target=3019537 what=PTRACE_SINGLESTEP(None) rc=0 site=reverie-ptrace/src/task.rs:2719
PROBE[exec-edge-NOSTATUS] t=134874998632200 (dt=36022us) caller=3019551 target=3019537 what=WAITID(P_PIDFD) thread=Some("guest-3019537") result=Ok(Some("0x57f")) rc=0 site=safeptrace/src/notifier.rs:1858
PROBE[exec-edge-NOSTATUS] t=134874999293643 (dt=35360us) caller=3019517 target=3019537 what=PTRACE_SINGLESTEP(None) rc=0 site=reverie-ptrace/src/task.rs:5455
PROBE[exec-edge-NOSTATUS] t=134874999318591 (dt=35335us) caller=3019551 target=3019537 what=WAITID(P_PIDFD) thread=Some("guest-3019537") result=Ok(Some("0x57f")) rc=0 site=safeptrace/src/notifier.rs:1858
PROBE[exec-edge-NOSTATUS] t=134874999698662 (dt=34955us) caller=3019517 target=3019537 what=PTRACE_CONT(resume,None) rc=0 site=reverie-ptrace/src/task.rs:5444
PROBE[exec-edge-NOSTATUS] t=134874999973415 (dt=34681us) caller=3019551 target=3019537 what=WAITID(P_PIDFD) thread=Some("guest-3019537") result=Ok(Some("0x3057f")) rc=0 site=safeptrace/src/notifier.rs:1858
PROBE[exec-edge-NOSTATUS] t=134875000008777 (dt=34645us) caller=3019517 target=3019537 what=GETEVENTMSG-before rc=0 site=safeptrace/src/lib.rs:234
PROBE[exec-edge-NOSTATUS] t=134875000014456 (dt=34640us) caller=3019517 target=3019537 what=GETEVENTMSG-after rc=3019569 site=safeptrace/src/lib.rs:234
PROBE[exec-edge-NOSTATUS] t=134875032441873 (dt=2212us) caller=3019972 target=3019569 what=WAITID(P_PIDFD) thread=Some("guest-3019569") result=Ok(Some("0x137f")) rc=0 site=safeptrace/src/notifier.rs:1858
PROBE[exec-edge-NOSTATUS] t=134875032731488 (dt=1922us) caller=3019517 target=3019537 what=PTRACE_SINGLESTEP(None) rc=0 site=reverie-ptrace/src/task.rs:5455
PROBE[exec-edge-NOSTATUS] t=134875032781172 (dt=1873us) caller=3019551 target=3019537 what=WAITID(P_PIDFD) thread=Some("guest-3019537") result=Ok(Some("0x57f")) rc=0 site=safeptrace/src/notifier.rs:1858
PROBE[exec-edge-NOSTATUS] t=134875032862044 (dt=1792us) caller=3019517 target=3019569 what=PTRACE_CONT(resume,None) rc=0 site=reverie-ptrace/src/task.rs:5444
PROBE[exec-edge-NOSTATUS] t=134875033444568 (dt=1209us) caller=3019551 target=3019537 what=WAITID(P_PIDFD) thread=Some("guest-3019537") result=Ok(Some("0x6057f")) rc=0 site=safeptrace/src/notifier.rs:1858
PROBE[exec-edge-NOSTATUS] t=134875033447753 (dt=1206us) caller=3019517 target=3019537 what=PTRACE_CONT(resume,None) rc=0 site=reverie-ptrace/src/task.rs:5444
PROBE[exec-edge-NOSTATUS] t=134875033490448 (dt=1164us) caller=3019517 target=3019537 what=drive_ordinary: ExitFuture resolved ok=true main=true rc=0 site=reverie-ptrace/src/task.rs:6946
PROBE[exec-edge-NOSTATUS] t=134875033501264 (dt=1153us) caller=3019517 target=3019537 what=finish_ordinary_terminal entered with Ok(Stopped) rc=0 site=reverie-ptrace/src/tracer.rs:543
PROBE[exec-edge-NOSTATUS] t=134875033504278 (dt=1150us) caller=3019517 target=3019537 what=GETEVENTMSG-before rc=0 site=reverie-ptrace/src/tracer.rs:556
PROBE[exec-edge-NOSTATUS] t=134875033510487 (dt=1143us) caller=3019517 target=3019537 what=GETEVENTMSG-after rc=-1000003 site=reverie-ptrace/src/tracer.rs:556
PROBE[exec-edge-NOSTATUS] t=134875033516467 (dt=1137us) caller=3019972 target=3019569 what=WAITID(P_PIDFD) thread=Some("guest-3019569") result=Err(ECHILD) rc=0 site=safeptrace/src/notifier.rs:1858
PROBE[exec-edge-NOSTATUS] t=134875033691639 (dt=962us) caller=3019517 target=3019537 what=ESRCH-snapshot: [task 3019537: State: R (running) | Pid: 3019537 | TracerPid: 3019517 | SigPnd: 0000000000000000 | ShdPnd: 0000000000000000 | stat.state=R stat.exit_code=0 | wchan=0] rc=0 site=reverie-ptrace/src/tracer.rs:591
PROBE[exec-edge-NOSTATUS] t=134875033734283 (dt=920us) caller=3019517 target=3019569 what=drive_ordinary: ExitFuture resolved ok=false main=false rc=0 site=reverie-ptrace/src/task.rs:6946
PROBE[exec-edge-NOSTATUS] t=134875033944129 (dt=710us) caller=3019551 target=3019537 what=WAITID(P_PIDFD) thread=Some("guest-3019537") result=Ok(Some("0x4057f")) rc=0 site=safeptrace/src/notifier.rs:1858
PROBE[exec-edge-NOSTATUS] t=134875033962506 (dt=691us) caller=3019517 target=3019537 what=GETEVENTMSG-before rc=0 site=safeptrace/src/lib.rs:246
PROBE[exec-edge-NOSTATUS] t=134875034532702 (dt=121us) caller=3019517 target=3019537 what=GETEVENTMSG-after rc=3019569 site=safeptrace/src/lib.rs:246
PROBE[exec-edge-NOSTATUS] t=134875034653935 (dt=0us) caller=3019517 target=3019537 what=EXEC-EDGE observed former=3019569 exit_status=None esrch=Some(3019537) snapshot: [task 3019537: State: t (tracing stop) | Pid: 3019537 | TracerPid: 3019517 | SigPnd: 0000000000000000 | ShdPnd: 0000000000000000 | stat.state=t stat.exit_code=0 | wchan=ptrace_stop] rc=0 site=reverie-ptrace/src/tracer.rs:675
actual delivered marker observations: tracer=3019492, rows=[]
exec owner before rescue: fail=false, timer_mode=2, root_absent=false, events=[(0, Pid(3019537), 3019537, None), (0, Pid(3019569), 3019569, None)], elapsed=38.979746ms, outcome=Pending(PtraceRunFailure { primary: Tool(actual exec for 3019537 from 3019569 has no retained preceding EXIT event status), origin: BackendFailure { pid: Pid(3019537), tid: Pid(3019537), phase: "ptrace tree cleanup" }, secondary: [], captured_prefix: Some(CapturedPrefix { stdout: [], stderr: [] }) })
exec owner rescue only: signal=Ok(()), completed=false

thread 'tracer::tests::ordinary_nonleader_exec_real_signal_cancels_postexec_timer' (3019517) panicked at reverie-ptrace/src/tracer.rs:6030:17:
exec owner did not Complete within original3s predicate: Pending(PtraceRunFailure { primary: Tool(actual exec for 3019537 from 3019569 has no retained preceding EXIT event status), origin: BackendFailure { pid: Pid(3019537), tid: Pid(3019537), phase: "ptrace tree cleanup" }, secondary: [], captured_prefix: Some(CapturedPrefix { stdout: [], stderr: [] }) })
note: run with `RUST_BACKTRACE=1` environment variable to display a backtrace


failures:
    tracer::tests::ordinary_nonleader_exec_real_signal_cancels_postexec_timer

test result: FAILED. 11 passed; 1 failed; 0 ignored; 0 measured; 353 filtered out; finished in 0.10s

