
running 12 tests
test tracer::tests::ordinary_nonleader_exec_run_loop_echild_awaits_leader_exec_edge ... FAILED
test tracer::tests::ordinary_nonleader_exec_real_signal_cancels_postexec_timer ... FAILED
test tracer::tests::ordinary_nonleader_exec_postexec_timer_survives_internal_step ... FAILED
test tracer::tests::ordinary_nonleader_exec_displaced_hook_failure_fences_replacement ... ok
test tracer::tests::ordinary_nonleader_exec_transfers_state_and_consumes_old_leader_once ... ok
test tracer::tests::ordinary_nonleader_injected_exec_echild_awaits_leader_exec_edge ... ok

running 1 test
test tracer::tests::ordinary_nonleader_tool_failure_reaps_fork_descendants ... test tracer::tests::ordinary_nonleader_success_preserves_exit_callbacks ... ok

running 1 test
test tracer::tests::ordinary_nonleader_tool_failure_reaps_fork_descendants ... 
running 1 test
test tracer::tests::ordinary_nonleader_tool_failure_reaps_unhanded_fork_child ... 
running 1 test
test tracer::tests::ordinary_nonleader_tool_failure_reaps_unhanded_fork_child ... test tracer::tests::ordinary_nonleader_tool_failure_cancels_pending_newborn_start ... ok
test tracer::tests::ordinary_nonleader_tool_failure_reaps_threads_without_resuming ... ok

running 1 test
test tracer::tests::ordinary_nonleader_tool_failure_reaps_unhanded_vfork_child ... 
running 1 test
test tracer::tests::ordinary_nonleader_tool_failure_reaps_unhanded_vfork_child ... fatal control raises original error in live tid 3028576 (mode 1)
ordinary cleanup control: root=3028531, descendant=3028558, fail=true, fork=true, newborn=false, timeout=false, root_absent=true, descendant_absent=false, post_syscall=0, sentinel_untouched=true
fatal physical identity: tid=3028531, initial=TraceeSnapshot { tgid: Pid(3028531), ppid: Pid(3028454), tracer_pid: Pid(3028479), start_time: 13487578 }, proc_inode=3016890190, same_process=false, stat=Err(Os { code: 3, kind: Uncategorized, message: "No such process" }), status=Err(Os { code: 3, kind: Uncategorized, message: "No such process" }), pidfd_poll=1, pidfd_revents=17, pidfd_signal0=Err(ESRCH)
fatal physical identity: tid=3028558, initial=TraceeSnapshot { tgid: Pid(3028558), ppid: Pid(3028531), tracer_pid: Pid(3028479), start_time: 13487578 }, proc_inode=3016890198, same_process=true, stat=Ok("3028558 (tracer::tests::) Z 3028438 3027455 4181200 0 -1 4228172 22 0 0 0 0 0 0 0 30 10 1 0 13487578 0 0 18446744073709551615 0 0 0 0 0 0 0 3149824 1088 1 0 0 17 9 0 0 0 0 0 0 0 0 0 0 0 0 9\n"), status=Ok("State:\tZ (zombie); Tgid:\t3028558; Pid:\t3028558; PPid:\t3028438; TracerPid:\t0"), pidfd_poll=1, pidfd_revents=1, pidfd_signal0=Ok(())
fatal original notifier: tid=3028531, terminal=Ok(Some(Signaled(SIGKILL, false))), retired=true, held_stop=false
fatal original notifier: tid=3028558, terminal=Ok(Some(Signaled(SIGKILL, false))), retired=true, held_stop=false
fatal original notifier: tid=3028576, terminal=Ok(Some(Signaled(SIGKILL, false))), retired=true, held_stop=false
fatal chronology: Some((["RootStopLease step before: tid=3028531, siginfo=Ok((19, -6)), terminal=Ok(None)", "RootStopLease step result: Ok(Running(Pid(3028531), TraceeToken { event: EventHandle(EventGeneration { event: Event { exit_waiters: ExitWaiters { waiters: Mutex { data: [] } }, exit_publication: Mutex { data: () }, status_waker: WakerSlot { waker: Mutex { data: Some(Waker { data: 0x7f7bc000b900, vtable: 0x56553bc27b68 }) }, data: 0x7f7bc000b900, vtable: 0x56553bc27b68 }, status: Mutex { data: StatusState { pending: [], terminal: -1 } }, status_changed: Condvar { .. }, exit_status: 0, exit_capability: 0, exit_epoch: 0, registration_error: Mutex { data: None }, worker_state: 2, worker_done_lock: Mutex { data: () }, worker_done_changed: Condvar { .. }, cleanup_cancel_requested: false, cleanup_claim_waiters: 0, wait_owner: 2, wait_owner_lock: Mutex { data: () }, wait_owner_changed: Condvar { .. } }, identity: OnceLock(WorkerIdentity { pid: Pid(3028531), snapshot: WorkerProcSnapshot { tgid: Pid(3028531), tracer_pid: Pid(3028479), start_time: 13487578 }, pidfd: OwnedFd { fd: 14 }, proc_dir: OwnedFd { fd: 16 }, proc_inode: 3016890190 }), authoritative: OnceLock(<uninit>) }) }))", "RootStopLease step before: tid=3028531, siginfo=Ok((5, 1)), terminal=Ok(None)", "RootStopLease step result: Ok(Running(Pid(3028531), TraceeToken { event: EventHandle(EventGeneration { event: Event { exit_waiters: ExitWaiters { waiters: Mutex { data: [] } }, exit_publication: Mutex { data: () }, status_waker: WakerSlot { waker: Mutex { data: Some(Waker { data: 0x7f7bc000b900, vtable: 0x56553bc27b68 }) }, data: 0x7f7bc000b900, vtable: 0x56553bc27b68 }, status: Mutex { data: StatusState { pending: [], terminal: -1 } }, status_changed: Condvar { .. }, exit_status: 0, exit_capability: 0, exit_epoch: 0, registration_error: Mutex { data: None }, worker_state: 2, worker_done_lock: Mutex { data: () }, worker_done_changed: Condvar { .. }, cleanup_cancel_requested: false, cleanup_claim_waiters: 0, wait_owner: 2, wait_owner_lock: Mutex { data: () }, wait_owner_changed: Condvar { .. } }, identity: OnceLock(WorkerIdentity { pid: Pid(3028531), snapshot: WorkerProcSnapshot { tgid: Pid(3028531), tracer_pid: Pid(3028479), start_time: 13487578 }, pidfd: OwnedFd { fd: 14 }, proc_dir: OwnedFd { fd: 16 }, proc_inode: 3016890190 }), authoritative: OnceLock(<uninit>) }) }))", "RootStopLease step before: tid=3028531, siginfo=Ok((5, 261)), terminal=Ok(None)", "RootStopLease step result: Ok(Running(Pid(3028531), TraceeToken { event: EventHandle(EventGeneration { event: Event { exit_waiters: ExitWaiters { waiters: Mutex { data: [(Weak)] } }, exit_publication: Mutex { data: () }, status_waker: WakerSlot { waker: Mutex { data: Some(Waker { data: 0x7f7bc000b900, vtable: 0x56553bc27b68 }) }, data: 0x7f7bc000b900, vtable: 0x56553bc27b68 }, status: Mutex { data: StatusState { pending: [], terminal: -1 } }, status_changed: Condvar { .. }, exit_status: 0, exit_capability: 0, exit_epoch: 0, registration_error: Mutex { data: None }, worker_state: 2, worker_done_lock: Mutex { data: () }, worker_done_changed: Condvar { .. }, cleanup_cancel_requested: false, cleanup_claim_waiters: 0, wait_owner: 2, wait_owner_lock: Mutex { data: () }, wait_owner_changed: Condvar { .. } }, identity: OnceLock(WorkerIdentity { pid: Pid(3028531), snapshot: WorkerProcSnapshot { tgid: Pid(3028531), tracer_pid: Pid(3028479), start_time: 13487578 }, pidfd: OwnedFd { fd: 14 }, proc_dir: OwnedFd { fd: 16 }, proc_inode: 3016890190 }), authoritative: OnceLock(<uninit>) }) }))", "RootStopLease step before: tid=3028531, siginfo=Ok((5, 773)), terminal=Ok(None)", "RootStopLease step result: Ok(Running(Pid(3028531), TraceeToken { event: EventHandle(EventGeneration { event: Event { exit_waiters: ExitWaiters { waiters: Mutex { data: [(Weak)] } }, exit_publication: Mutex { data: () }, status_waker: WakerSlot { waker: Mutex { data: Some(Waker { data: 0x7f7bc000b900, vtable: 0x56553bc27b68 }) }, data: 0x7f7bc000b900, vtable: 0x56553bc27b68 }, status: Mutex { data: StatusState { pending: [], terminal: -1 } }, status_changed: Condvar { .. }, exit_status: 0, exit_capability: 0, exit_epoch: 0, registration_error: Mutex { data: None }, worker_state: 2, worker_done_lock: Mutex { data: () }, worker_done_changed: Condvar { .. }, cleanup_cancel_requested: false, cleanup_claim_waiters: 0, wait_owner: 2, wait_owner_lock: Mutex { data: () }, wait_owner_changed: Condvar { .. } }, identity: OnceLock(WorkerIdentity { pid: Pid(3028531), snapshot: WorkerProcSnapshot { tgid: Pid(3028531), tracer_pid: Pid(3028479), start_time: 13487578 }, pidfd: OwnedFd { fd: 14 }, proc_dir: OwnedFd { fd: 16 }, proc_inode: 3016890190 }), authoritative: OnceLock(<uninit>) }) }))", "finish_ordinary_terminal entered: Ok(Stopped(Pid(3028531), TraceeToken { event: EventHandle(EventGeneration { event: Event { exit_waiters: ExitWaiters { waiters: Mutex { data: [(Weak)] } }, exit_publication: Mutex { data: () }, status_waker: WakerSlot { waker: Mutex { data: Some(Waker { data: 0x7f7bc000b900, vtable: 0x56553bc27b68 }) }, data: 0x7f7bc000b900, vtable: 0x56553bc27b68 }, status: Mutex { data: StatusState { pending: [], terminal: -1 } }, status_changed: Condvar { .. }, exit_status: 1, exit_capability: 2, exit_epoch: 0, registration_error: Mutex { data: None }, worker_state: 2, worker_done_lock: Mutex { data: () }, worker_done_changed: Condvar { .. }, cleanup_cancel_requested: false, cleanup_claim_waiters: 0, wait_owner: 2, wait_owner_lock: Mutex { data: () }, wait_owner_changed: Condvar { .. } }, identity: OnceLock(WorkerIdentity { pid: Pid(3028531), snapshot: WorkerProcSnapshot { tgid: Pid(3028531), tracer_pid: Pid(3028479), start_time: 13487578 }, pidfd: OwnedFd { fd: 14 }, proc_dir: OwnedFd { fd: 16 }, proc_inode: 3016890190 }), authoritative: OnceLock(<uninit>) }) }))", "finish getevent: tid=3028531, result=Ok(9), terminal=Ok(None), retired=false", "finish_ordinary_terminal entered: Ok(Stopped(Pid(3028558), TraceeToken { event: EventHandle(EventGeneration { event: Event { exit_waiters: ExitWaiters { waiters: Mutex { data: [(Weak)] } }, exit_publication: Mutex { data: () }, status_waker: WakerSlot { waker: Mutex { data: Some(Waker { data: 0x7f7bc0033380, vtable: 0x56553bc28010 }) }, data: 0x7f7bc0033380, vtable: 0x56553bc28010 }, status: Mutex { data: StatusState { pending: [], terminal: -1 } }, status_changed: Condvar { .. }, exit_status: 1, exit_capability: 2, exit_epoch: 0, registration_error: Mutex { data: None }, worker_state: 2, worker_done_lock: Mutex { data: () }, worker_done_changed: Condvar { .. }, cleanup_cancel_requested: false, cleanup_claim_waiters: 0, wait_owner: 2, wait_owner_lock: Mutex { data: () }, wait_owner_changed: Condvar { .. } }, identity: OnceLock(WorkerIdentity { pid: Pid(3028558), snapshot: WorkerProcSnapshot { tgid: Pid(3028558), tracer_pid: Pid(3028479), start_time: 13487578 }, pidfd: OwnedFd { fd: 30 }, proc_dir: OwnedFd { fd: 31 }, proc_inode: 3016890198 }), authoritative: OnceLock(<uninit>) }) }))", "finish getevent: tid=3028558, result=Ok(9), terminal=Ok(None), retired=false", "finish_ordinary_terminal entered: Ok(Stopped(Pid(3028576), TraceeToken { event: EventHandle(EventGeneration { event: Event { exit_waiters: ExitWaiters { waiters: Mutex { data: [(Weak)] } }, exit_publication: Mutex { data: () }, status_waker: WakerSlot { waker: Mutex { data: Some(Waker { data: 0x7f7bc0043100, vtable: 0x56553bc28010 }) }, data: 0x7f7bc0043100, vtable: 0x56553bc28010 }, status: Mutex { data: StatusState { pending: [], terminal: -1 } }, status_changed: Condvar { .. }, exit_status: 1, exit_capability: 2, exit_epoch: 0, registration_error: Mutex { data: None }, worker_state: 2, worker_done_lock: Mutex { data: () }, worker_done_changed: Condvar { .. }, cleanup_cancel_requested: false, cleanup_claim_waiters: 0, wait_owner: 2, wait_owner_lock: Mutex { data: () }, wait_owner_changed: Condvar { .. } }, identity: OnceLock(WorkerIdentity { pid: Pid(3028576), snapshot: WorkerProcSnapshot { tgid: Pid(3028531), tracer_pid: Pid(3028479), start_time: 13487578 }, pidfd: OwnedFd { fd: 40 }, proc_dir: OwnedFd { fd: 41 }, proc_inode: 3016890203 }), authoritative: OnceLock(<uninit>) }) }))", "finish getevent: tid=3028576, result=Ok(9), terminal=Ok(None), retired=false"], 0))
fatal legacy result: error(Tool(ordinary nonleader failure control)), original_nonleader=true; consuming hooks: Some([(Pid(3028531), None), (Pid(3028558), None), (Pid(3028576), None), (Pid(3028558), Some(Signaled(SIGKILL, false))), (Pid(3028576), Some(Signaled(SIGKILL, false))), (Pid(3028531), Some(Signaled(SIGKILL, false)))])
natural-reaper product predicate: opponent=false, ready=true, root=3028531, child=3028558, start=13487578, inode=3016890198, backend_sigkill=1, terminal_ack=1, original_error=1, post_syscall=0, callbacks_valid=1, zombie=true, tracer=0
owned held zombie: child=3028558, status=SIGKILL, WNOWAIT=true, proc_present=true
actual natural wait: child=3028558, status=SIGKILL, root_absent=true, child_absent=true, remaining_ns=2986684254
ok

test result: ok. 1 passed; 0 failed; 0 ignored; 0 measured; 364 filtered out; finished in 0.01s

ok

test result: ok. 1 passed; 0 failed; 0 ignored; 0 measured; 364 filtered out; finished in 0.01s

fatal control raises original error in live tid 3028588 (mode 3)
test tracer::tests::ordinary_nonleader_tool_failure_reaps_fork_descendants ... ok
unhanded real child edges: [(Pid(3028560), Clone, Pid(3028588)), (Pid(3028560), Fork, Pid(3028597))]; child_body=0
unhanded original generation resource retention: groups/vfork/unconfirmed=(0, 0, 0), opponent=false
natural-reaper product predicate: opponent=false, ready=true, root=3028560, child=3028597, start=13487579, inode=3016962426, backend_sigkill=1, terminal_ack=1, original_error=1, post_syscall=0, callbacks_valid=1, zombie=true, tracer=0
owned held zombie: child=3028597, status=SIGKILL, WNOWAIT=true, proc_present=true
actual natural wait: child=3028597, status=SIGKILL, root_absent=true, child_absent=true, remaining_ns=2995571830
ok

test result: ok. 1 passed; 0 failed; 0 ignored; 0 measured; 364 filtered out; finished in 0.01s

ok

test result: ok. 1 passed; 0 failed; 0 ignored; 0 measured; 364 filtered out; finished in 0.01s

test tracer::tests::ordinary_nonleader_tool_failure_reaps_unhanded_fork_child ... ok
fatal control raises original error in live tid 3028648 (mode 3)
unhanded real child edges: [(Pid(3028612), Clone, Pid(3028648)), (Pid(3028612), Vfork, Pid(3028662))]; child_body=0
unhanded original generation resource retention: groups/vfork/unconfirmed=(0, 0, 0), opponent=false
natural-reaper product predicate: opponent=false, ready=true, root=3028612, child=3028662, start=13487579, inode=3016960403, backend_sigkill=1, terminal_ack=1, original_error=1, post_syscall=0, callbacks_valid=1, zombie=true, tracer=0
owned held zombie: child=3028662, status=SIGKILL, WNOWAIT=true, proc_present=true
actual natural wait: child=3028662, status=SIGKILL, root_absent=true, child_absent=true, remaining_ns=2996378141
ok

test result: ok. 1 passed; 0 failed; 0 ignored; 0 measured; 364 filtered out; finished in 0.01s

ok

test result: ok. 1 passed; 0 failed; 0 ignored; 0 measured; 364 filtered out; finished in 0.01s

test tracer::tests::ordinary_nonleader_tool_failure_reaps_unhanded_vfork_child ... ok

successes:

---- tracer::tests::ordinary_nonleader_exec_displaced_hook_failure_fences_replacement stdout ----
exec timer payload: /tmp/reverie-fatal-exec-timer-3027477
PROBE[exec-edge-ok] t=134875765810772 (dt=5674us) caller=3028299 target=3028295 what=WAITID(P_PIDFD) thread=Some("guest-3028295") result=Ok(Some("0x137f")) rc=0 site=safeptrace/src/notifier.rs:1858
PROBE[exec-edge-ok] t=134875766403582 (dt=5081us) caller=3027499 target=3028295 what=PTRACE_SINGLESTEP(None) rc=0 site=reverie-ptrace/src/task.rs:2719
PROBE[exec-edge-ok] t=134875766488801 (dt=4996us) caller=3028299 target=3028295 what=WAITID(P_PIDFD) thread=Some("guest-3028295") result=Ok(Some("0x57f")) rc=0 site=safeptrace/src/notifier.rs:1858
PROBE[exec-edge-ok] t=134875766729282 (dt=4755us) caller=3027499 target=3028295 what=PTRACE_SINGLESTEP(None) rc=0 site=reverie-ptrace/src/task.rs:5455
PROBE[exec-edge-ok] t=134875766751505 (dt=4733us) caller=3028299 target=3028295 what=WAITID(P_PIDFD) thread=Some("guest-3028295") result=Ok(Some("0x57f")) rc=0 site=safeptrace/src/notifier.rs:1858
PROBE[exec-edge-ok] t=134875767212347 (dt=4272us) caller=3027499 target=3028295 what=PTRACE_CONT(resume,None) rc=0 site=reverie-ptrace/src/task.rs:5444
PROBE[exec-edge-ok] t=134875768090235 (dt=3394us) caller=3028299 target=3028295 what=WAITID(P_PIDFD) thread=Some("guest-3028295") result=Ok(Some("0x3057f")) rc=0 site=safeptrace/src/notifier.rs:1858
PROBE[exec-edge-ok] t=134875768648193 (dt=2836us) caller=3027499 target=3028295 what=GETEVENTMSG-before rc=0 site=safeptrace/src/lib.rs:234
PROBE[exec-edge-ok] t=134875768684178 (dt=2800us) caller=3027499 target=3028295 what=GETEVENTMSG-after rc=3028320 site=safeptrace/src/lib.rs:234
PROBE[exec-edge-ok] t=134875769732421 (dt=1752us) caller=3028343 target=3028320 what=WAITID(P_PIDFD) thread=Some("guest-3028320") result=Ok(Some("0x137f")) rc=0 site=safeptrace/src/notifier.rs:1858
PROBE[exec-edge-ok] t=134875770076048 (dt=1409us) caller=3027499 target=3028295 what=PTRACE_SINGLESTEP(None) rc=0 site=reverie-ptrace/src/task.rs:5455
PROBE[exec-edge-ok] t=134875770111982 (dt=1373us) caller=3028299 target=3028295 what=WAITID(P_PIDFD) thread=Some("guest-3028295") result=Ok(Some("0x57f")) rc=0 site=safeptrace/src/notifier.rs:1858
PROBE[exec-edge-ok] t=134875770405883 (dt=1079us) caller=3027499 target=3028320 what=PTRACE_CONT(resume,None) rc=0 site=reverie-ptrace/src/task.rs:5444
PROBE[exec-edge-ok] t=134875770536529 (dt=948us) caller=3027499 target=3028295 what=PTRACE_CONT(resume,None) rc=0 site=reverie-ptrace/src/task.rs:5444
PROBE[exec-edge-ok] t=134875770677060 (dt=808us) caller=3028299 target=3028295 what=WAITID(P_PIDFD) thread=Some("guest-3028295") result=Ok(Some("0x6057f")) rc=0 site=safeptrace/src/notifier.rs:1858
PROBE[exec-edge-ok] t=134875770714016 (dt=771us) caller=3027499 target=3028295 what=drive_ordinary: ExitFuture resolved ok=true main=true rc=0 site=reverie-ptrace/src/task.rs:6946
PROBE[exec-edge-ok] t=134875770722959 (dt=762us) caller=3027499 target=3028295 what=finish_ordinary_terminal entered with Ok(Stopped) rc=0 site=reverie-ptrace/src/tracer.rs:543
PROBE[exec-edge-ok] t=134875770725953 (dt=759us) caller=3027499 target=3028295 what=GETEVENTMSG-before rc=0 site=reverie-ptrace/src/tracer.rs:556
PROBE[exec-edge-ok] t=134875770729138 (dt=755us) caller=3027499 target=3028295 what=GETEVENTMSG-after rc=0 site=reverie-ptrace/src/tracer.rs:556
PROBE[exec-edge-ok] t=134875770733515 (dt=751us) caller=3027499 target=3028295 what=PTRACE_CONT(resume_retaining,None) rc=0 site=reverie-ptrace/src/tracer.rs:613
PROBE[exec-edge-ok] t=134875770786625 (dt=698us) caller=3028343 target=3028320 what=WAITID(P_PIDFD) thread=Some("guest-3028320") result=Err(ECHILD) rc=0 site=safeptrace/src/notifier.rs:1858
PROBE[exec-edge-ok] t=134875770871282 (dt=613us) caller=3027499 target=3028320 what=drive_ordinary: ExitFuture resolved ok=false main=false rc=0 site=reverie-ptrace/src/task.rs:6946
PROBE[exec-edge-ok] t=134875771286405 (dt=198us) caller=3028299 target=3028295 what=WAITID(P_PIDFD) thread=Some("guest-3028295") result=Ok(Some("0x4057f")) rc=0 site=safeptrace/src/notifier.rs:1858
PROBE[exec-edge-ok] t=134875771301979 (dt=183us) caller=3027499 target=3028295 what=GETEVENTMSG-before rc=0 site=safeptrace/src/lib.rs:246
PROBE[exec-edge-ok] t=134875771304332 (dt=180us) caller=3027499 target=3028295 what=GETEVENTMSG-after rc=3028320 site=safeptrace/src/lib.rs:246
PROBE[exec-edge-ok] t=134875771482921 (dt=2us) caller=3027499 target=3028295 what=EXEC-EDGE observed former=3028320 exit_status=Some(Exited(0)) esrch=None snapshot: [task 3028295: State: t (tracing stop) | Pid: 3028295 | TracerPid: 3027499 | SigPnd: 0000000000000000 | ShdPnd: 0000000000000000 | stat.state=t stat.exit_code=0 | wchan=ptrace_stop] rc=0 site=reverie-ptrace/src/tracer.rs:675
actual delivered marker observations: tracer=3027477, rows=[]
exec owner before rescue: fail=true, timer_mode=0, root_absent=true, events=[(0, Pid(3028295), 3028295, None), (0, Pid(3028320), 3028320, None), (2, Pid(3028295), 3028295, Some(Exited(0))), (2, Pid(3028295), 3028320, Some(Signaled(SIGKILL, false))), (3, Pid(3028295), 0, Some(Signaled(SIGKILL, false)))], elapsed=50.72209ms, outcome=Complete(Err(PtraceRunFailure { primary: Tool(ordinary nonleader failure control), origin: BackendFailure { pid: Pid(3028295), tid: Pid(3028295), phase: "ptrace replaced leader on_exit_thread" }, secondary: [], captured_prefix: Some(CapturedPrefix { stdout: [], stderr: [] }) }))
actual perf exec handoff: ExecTimerTransfer { displaced: Some(ExecTimerIdentity { clock_fd: 66, timer_fd: 76, clock_event_id: 6883364, timer_event_id: 6883363, artificial_pending: false, artificial_signal_sent: false, cancelled: true, guest_pid: Pid(3028295), guest_tid: Pid(3028295), kernel_owner_tid: Pid(3028295) }), before: Some(ExecTimerIdentity { clock_fd: 46, timer_fd: 43, clock_event_id: 6883370, timer_event_id: 6883369, artificial_pending: false, artificial_signal_sent: false, cancelled: true, guest_pid: Pid(3028295), guest_tid: Pid(3028320), kernel_owner_tid: Pid(0) }), after: Some(ExecTimerIdentity { clock_fd: 46, timer_fd: 43, clock_event_id: 6883370, timer_event_id: 6883369, artificial_pending: false, artificial_signal_sent: false, cancelled: true, guest_pid: Pid(3028295), guest_tid: Pid(3028295), kernel_owner_tid: Pid(3028295) }), displaced_fds_closed: true }

---- tracer::tests::ordinary_nonleader_exec_transfers_state_and_consumes_old_leader_once stdout ----
PROBE[exec-edge-ok] t=134875769474053 (dt=3709us) caller=3028339 target=3028324 what=WAITID(P_PIDFD) thread=Some("guest-3028324") result=Ok(Some("0x137f")) rc=0 site=safeptrace/src/notifier.rs:1858
PROBE[exec-edge-ok] t=134875769995226 (dt=3188us) caller=3028310 target=3028324 what=PTRACE_SINGLESTEP(None) rc=0 site=reverie-ptrace/src/task.rs:2719
PROBE[exec-edge-ok] t=134875770037680 (dt=3145us) caller=3028339 target=3028324 what=WAITID(P_PIDFD) thread=Some("guest-3028324") result=Ok(Some("0x57f")) rc=0 site=safeptrace/src/notifier.rs:1858
PROBE[exec-edge-ok] t=134875770207966 (dt=2975us) caller=3028310 target=3028324 what=PTRACE_SINGLESTEP(None) rc=0 site=reverie-ptrace/src/task.rs:5455
PROBE[exec-edge-ok] t=134875770224460 (dt=2958us) caller=3028339 target=3028324 what=WAITID(P_PIDFD) thread=Some("guest-3028324") result=Ok(Some("0x57f")) rc=0 site=safeptrace/src/notifier.rs:1858
PROBE[exec-edge-ok] t=134875770569899 (dt=2613us) caller=3028310 target=3028324 what=PTRACE_CONT(resume,None) rc=0 site=reverie-ptrace/src/task.rs:5444
PROBE[exec-edge-ok] t=134875770768528 (dt=2414us) caller=3028339 target=3028324 what=WAITID(P_PIDFD) thread=Some("guest-3028324") result=Ok(Some("0x3057f")) rc=0 site=safeptrace/src/notifier.rs:1858
PROBE[exec-edge-ok] t=134875770789639 (dt=2393us) caller=3028310 target=3028324 what=GETEVENTMSG-before rc=0 site=safeptrace/src/lib.rs:234
PROBE[exec-edge-ok] t=134875770795017 (dt=2388us) caller=3028310 target=3028324 what=GETEVENTMSG-after rc=3028363 site=safeptrace/src/lib.rs:234
PROBE[exec-edge-ok] t=134875771205544 (dt=1977us) caller=3028367 target=3028363 what=WAITID(P_PIDFD) thread=Some("guest-3028363") result=Ok(Some("0x137f")) rc=0 site=safeptrace/src/notifier.rs:1858
PROBE[exec-edge-ok] t=134875771527267 (dt=1656us) caller=3028310 target=3028324 what=PTRACE_SINGLESTEP(None) rc=0 site=reverie-ptrace/src/task.rs:5455
PROBE[exec-edge-ok] t=134875771558354 (dt=1625us) caller=3028339 target=3028324 what=WAITID(P_PIDFD) thread=Some("guest-3028324") result=Ok(Some("0x57f")) rc=0 site=safeptrace/src/notifier.rs:1858
PROBE[exec-edge-ok] t=134875771623241 (dt=1560us) caller=3028310 target=3028363 what=PTRACE_CONT(resume,None) rc=0 site=reverie-ptrace/src/task.rs:5444
PROBE[exec-edge-ok] t=134875771687368 (dt=1496us) caller=3028310 target=3028324 what=PTRACE_CONT(resume,None) rc=0 site=reverie-ptrace/src/task.rs:5444
PROBE[exec-edge-ok] t=134875771899075 (dt=1284us) caller=3028339 target=3028324 what=WAITID(P_PIDFD) thread=Some("guest-3028324") result=Ok(Some("0x6057f")) rc=0 site=safeptrace/src/notifier.rs:1858
PROBE[exec-edge-ok] t=134875772407959 (dt=775us) caller=3028310 target=3028324 what=drive_ordinary: ExitFuture resolved ok=true main=true rc=0 site=reverie-ptrace/src/task.rs:6946
PROBE[exec-edge-ok] t=134875772448430 (dt=734us) caller=3028310 target=3028324 what=finish_ordinary_terminal entered with Ok(Stopped) rc=0 site=reverie-ptrace/src/tracer.rs:543
PROBE[exec-edge-ok] t=134875772468701 (dt=714us) caller=3028310 target=3028324 what=GETEVENTMSG-before rc=0 site=reverie-ptrace/src/tracer.rs:556
PROBE[exec-edge-ok] t=134875772475341 (dt=708us) caller=3028310 target=3028324 what=GETEVENTMSG-after rc=0 site=reverie-ptrace/src/tracer.rs:556
PROBE[exec-edge-ok] t=134875772483643 (dt=699us) caller=3028310 target=3028324 what=PTRACE_CONT(resume_retaining,None) rc=0 site=reverie-ptrace/src/tracer.rs:613
PROBE[exec-edge-ok] t=134875772594459 (dt=588us) caller=3028367 target=3028363 what=WAITID(P_PIDFD) thread=Some("guest-3028363") result=Err(ECHILD) rc=0 site=safeptrace/src/notifier.rs:1858
PROBE[exec-edge-ok] t=134875772742372 (dt=441us) caller=3028310 target=3028363 what=drive_ordinary: ExitFuture resolved ok=false main=false rc=0 site=reverie-ptrace/src/task.rs:6946
PROBE[exec-edge-ok] t=134875772943604 (dt=239us) caller=3028339 target=3028324 what=WAITID(P_PIDFD) thread=Some("guest-3028324") result=Ok(Some("0x4057f")) rc=0 site=safeptrace/src/notifier.rs:1858
PROBE[exec-edge-ok] t=134875772957785 (dt=225us) caller=3028310 target=3028324 what=GETEVENTMSG-before rc=0 site=safeptrace/src/lib.rs:246
PROBE[exec-edge-ok] t=134875772960149 (dt=223us) caller=3028310 target=3028324 what=GETEVENTMSG-after rc=3028363 site=safeptrace/src/lib.rs:246
PROBE[exec-edge-ok] t=134875773182723 (dt=0us) caller=3028310 target=3028324 what=EXEC-EDGE observed former=3028363 exit_status=Some(Exited(0)) esrch=None snapshot: [task 3028324: State: t (tracing stop) | Pid: 3028324 | TracerPid: 3028310 | SigPnd: 0000000000000000 | ShdPnd: 0000000000000000 | stat.state=t stat.exit_code=0 | wchan=ptrace_stop] rc=0 site=reverie-ptrace/src/tracer.rs:675
actual delivered marker observations: tracer=3027477, rows=[(3028324, 16, 1, 65, 150574, false, false)]
exec owner before rescue: fail=false, timer_mode=0, root_absent=true, events=[(0, Pid(3028324), 3028324, None), (0, Pid(3028363), 3028363, None), (2, Pid(3028324), 3028324, Some(Exited(0))), (1, Pid(3028324), 3028363, None), (5, Pid(3028324), 50485, None), (9, Pid(3028324), 150574, None), (4, Pid(3028324), 3028363, None), (6, Pid(3028324), 1050730, None), (2, Pid(3028324), 3028363, Some(Exited(0))), (3, Pid(3028324), 0, Some(Exited(0)))], elapsed=8.883941ms, outcome=Complete(Ok(Output { status: Exited(0), stdout: "survived", stderr: "" }))
actual perf exec handoff: ExecTimerTransfer { displaced: Some(ExecTimerIdentity { clock_fd: 39, timer_fd: 37, clock_event_id: 6883366, timer_event_id: 6883365, artificial_pending: false, artificial_signal_sent: false, cancelled: true, guest_pid: Pid(3028324), guest_tid: Pid(3028324), kernel_owner_tid: Pid(3028324) }), before: Some(ExecTimerIdentity { clock_fd: 65, timer_fd: 62, clock_event_id: 6883372, timer_event_id: 6883371, artificial_pending: false, artificial_signal_sent: false, cancelled: true, guest_pid: Pid(3028324), guest_tid: Pid(3028363), kernel_owner_tid: Pid(0) }), after: Some(ExecTimerIdentity { clock_fd: 65, timer_fd: 62, clock_event_id: 6883372, timer_event_id: 6883371, artificial_pending: false, artificial_signal_sent: false, cancelled: true, guest_pid: Pid(3028324), guest_tid: Pid(3028324), kernel_owner_tid: Pid(3028324) }), displaced_fds_closed: true }

---- tracer::tests::ordinary_nonleader_injected_exec_echild_awaits_leader_exec_edge stdout ----
PROBE[exec-edge-ok] t=134875769568606 (dt=5249us) caller=3028341 target=3028332 what=WAITID(P_PIDFD) thread=Some("guest-3028332") result=Ok(Some("0x137f")) rc=0 site=safeptrace/src/notifier.rs:1858
PROBE[exec-edge-ok] t=134875770136999 (dt=4681us) caller=3028312 target=3028332 what=PTRACE_SINGLESTEP(None) rc=0 site=reverie-ptrace/src/task.rs:2719
PROBE[exec-edge-ok] t=134875770199222 (dt=4619us) caller=3028341 target=3028332 what=WAITID(P_PIDFD) thread=Some("guest-3028332") result=Ok(Some("0x57f")) rc=0 site=safeptrace/src/notifier.rs:1858
PROBE[exec-edge-ok] t=134875770385042 (dt=4433us) caller=3028312 target=3028332 what=PTRACE_SINGLESTEP(None) rc=0 site=reverie-ptrace/src/task.rs:5455
PROBE[exec-edge-ok] t=134875770404421 (dt=4413us) caller=3028341 target=3028332 what=WAITID(P_PIDFD) thread=Some("guest-3028332") result=Ok(Some("0x57f")) rc=0 site=safeptrace/src/notifier.rs:1858
PROBE[exec-edge-ok] t=134875770627336 (dt=4190us) caller=3028312 target=3028332 what=PTRACE_CONT(resume,None) rc=0 site=reverie-ptrace/src/task.rs:5444
PROBE[exec-edge-ok] t=134875770853295 (dt=3964us) caller=3028341 target=3028332 what=WAITID(P_PIDFD) thread=Some("guest-3028332") result=Ok(Some("0x3057f")) rc=0 site=safeptrace/src/notifier.rs:1858
PROBE[exec-edge-ok] t=134875770879074 (dt=3939us) caller=3028312 target=3028332 what=GETEVENTMSG-before rc=0 site=safeptrace/src/lib.rs:234
PROBE[exec-edge-ok] t=134875770882319 (dt=3935us) caller=3028312 target=3028332 what=GETEVENTMSG-after rc=3028365 site=safeptrace/src/lib.rs:234
PROBE[exec-edge-ok] t=134875771345123 (dt=3473us) caller=3028369 target=3028365 what=WAITID(P_PIDFD) thread=Some("guest-3028365") result=Ok(Some("0x137f")) rc=0 site=safeptrace/src/notifier.rs:1858
PROBE[exec-edge-ok] t=134875772039657 (dt=2778us) caller=3028312 target=3028332 what=PTRACE_SINGLESTEP(None) rc=0 site=reverie-ptrace/src/task.rs:5455
PROBE[exec-edge-ok] t=134875772104023 (dt=2714us) caller=3028341 target=3028332 what=WAITID(P_PIDFD) thread=Some("guest-3028332") result=Ok(Some("0x57f")) rc=0 site=safeptrace/src/notifier.rs:1858
PROBE[exec-edge-ok] t=134875772612797 (dt=2205us) caller=3028312 target=3028365 what=PTRACE_CONT(resume,None) rc=0 site=reverie-ptrace/src/task.rs:5444
PROBE[exec-edge-ok] t=134875772692787 (dt=2125us) caller=3028369 target=3028365 what=WAITID(P_PIDFD) thread=Some("guest-3028365") result=Ok(Some("0x7057f")) rc=0 site=safeptrace/src/notifier.rs:1858
PROBE[exec-edge-ok] t=134875773150985 (dt=1667us) caller=3028312 target=3028332 what=PTRACE_CONT(resume,None) rc=0 site=reverie-ptrace/src/task.rs:5444
PROBE[exec-edge-ok] t=134875773235532 (dt=1582us) caller=3028312 target=3028365 what=PTRACE_SYSCALL(None) rc=0 site=reverie-ptrace/src/task.rs:5466
PROBE[exec-edge-ok] t=134875773381952 (dt=1436us) caller=3028341 target=3028332 what=WAITID(P_PIDFD) thread=Some("guest-3028332") result=Ok(Some("0x6057f")) rc=0 site=safeptrace/src/notifier.rs:1858
PROBE[exec-edge-ok] t=134875773420820 (dt=1397us) caller=3028312 target=3028332 what=drive_ordinary: ExitFuture resolved ok=true main=true rc=0 site=reverie-ptrace/src/task.rs:6946
PROBE[exec-edge-ok] t=134875773431226 (dt=1387us) caller=3028312 target=3028332 what=finish_ordinary_terminal entered with Ok(Stopped) rc=0 site=reverie-ptrace/src/tracer.rs:543
PROBE[exec-edge-ok] t=134875773434221 (dt=1384us) caller=3028312 target=3028332 what=GETEVENTMSG-before rc=0 site=reverie-ptrace/src/tracer.rs:556
PROBE[exec-edge-ok] t=134875773436264 (dt=1381us) caller=3028312 target=3028332 what=GETEVENTMSG-after rc=0 site=reverie-ptrace/src/tracer.rs:556
PROBE[exec-edge-ok] t=134875773446539 (dt=1371us) caller=3028312 target=3028332 what=PTRACE_CONT(resume_retaining,None) rc=0 site=reverie-ptrace/src/tracer.rs:613
PROBE[exec-edge-ok] t=134875773493469 (dt=1324us) caller=3028369 target=3028365 what=WAITID(P_PIDFD) thread=Some("guest-3028365") result=Err(ECHILD) rc=0 site=safeptrace/src/notifier.rs:1858
PROBE[exec-edge-ok] t=134875773976866 (dt=841us) caller=3028341 target=3028332 what=WAITID(P_PIDFD) thread=Some("guest-3028332") result=Ok(Some("0x4057f")) rc=0 site=safeptrace/src/notifier.rs:1858
PROBE[exec-edge-ok] t=134875774578209 (dt=240us) caller=3028312 target=3028332 what=GETEVENTMSG-before rc=0 site=safeptrace/src/lib.rs:246
PROBE[exec-edge-ok] t=134875774593211 (dt=225us) caller=3028312 target=3028332 what=GETEVENTMSG-after rc=3028365 site=safeptrace/src/lib.rs:246
PROBE[exec-edge-ok] t=134875774817177 (dt=1us) caller=3028312 target=3028332 what=EXEC-EDGE observed former=3028365 exit_status=Some(Exited(0)) esrch=None snapshot: [task 3028332: State: t (tracing stop) | Pid: 3028332 | TracerPid: 3028312 | SigPnd: 0000000000000000 | ShdPnd: 0000000000000000 | stat.state=t stat.exit_code=0 | wchan=ptrace_stop] rc=0 site=reverie-ptrace/src/tracer.rs:675

---- tracer::tests::ordinary_nonleader_success_preserves_exit_callbacks stdout ----
ordinary cleanup control: root=3028374, descendant=0, fail=false, fork=false, newborn=false, timeout=false, root_absent=true, descendant_absent=true, post_syscall=1, sentinel_untouched=true
fatal physical identity: tid=3028374, initial=TraceeSnapshot { tgid: Pid(3028374), ppid: Pid(3027477), tracer_pid: Pid(3028318), start_time: 13487577 }, proc_inode=3016866328, same_process=false, stat=Err(Os { code: 3, kind: Uncategorized, message: "No such process" }), status=Err(Os { code: 3, kind: Uncategorized, message: "No such process" }), pidfd_poll=1, pidfd_revents=17, pidfd_signal0=Err(ESRCH)
fatal original notifier: tid=3028374, terminal=Ok(Some(Exited(0))), retired=true, held_stop=false
fatal original notifier: tid=3028401, terminal=Ok(Some(Exited(0))), retired=true, held_stop=false
fatal chronology: Some((["RootStopLease step before: tid=3028374, siginfo=Ok((19, -6)), terminal=Ok(None)", "RootStopLease step result: Ok(Running(Pid(3028374), TraceeToken { event: EventHandle(EventGeneration { event: Event { exit_waiters: ExitWaiters { waiters: Mutex { data: [] } }, exit_publication: Mutex { data: () }, status_waker: WakerSlot { waker: Mutex { data: Some(Waker { data: 0x7f31a8025380, vtable: 0x564bd8a02b68 }) }, data: 0x7f31a8025380, vtable: 0x564bd8a02b68 }, status: Mutex { data: StatusState { pending: [], terminal: -1 } }, status_changed: Condvar { .. }, exit_status: 0, exit_capability: 0, exit_epoch: 0, registration_error: Mutex { data: None }, worker_state: 2, worker_done_lock: Mutex { data: () }, worker_done_changed: Condvar { .. }, cleanup_cancel_requested: false, cleanup_claim_waiters: 0, wait_owner: 2, wait_owner_lock: Mutex { data: () }, wait_owner_changed: Condvar { .. } }, identity: OnceLock(WorkerIdentity { pid: Pid(3028374), snapshot: WorkerProcSnapshot { tgid: Pid(3028374), tracer_pid: Pid(3028318), start_time: 13487577 }, pidfd: OwnedFd { fd: 69 }, proc_dir: OwnedFd { fd: 70 }, proc_inode: 3016866328 }), authoritative: OnceLock(<uninit>) }) }))", "RootStopLease step before: tid=3028374, siginfo=Ok((5, 1)), terminal=Ok(None)", "RootStopLease step result: Ok(Running(Pid(3028374), TraceeToken { event: EventHandle(EventGeneration { event: Event { exit_waiters: ExitWaiters { waiters: Mutex { data: [] } }, exit_publication: Mutex { data: () }, status_waker: WakerSlot { waker: Mutex { data: Some(Waker { data: 0x7f31a8025380, vtable: 0x564bd8a02b68 }) }, data: 0x7f31a8025380, vtable: 0x564bd8a02b68 }, status: Mutex { data: StatusState { pending: [], terminal: -1 } }, status_changed: Condvar { .. }, exit_status: 0, exit_capability: 0, exit_epoch: 0, registration_error: Mutex { data: None }, worker_state: 2, worker_done_lock: Mutex { data: () }, worker_done_changed: Condvar { .. }, cleanup_cancel_requested: false, cleanup_claim_waiters: 0, wait_owner: 2, wait_owner_lock: Mutex { data: () }, wait_owner_changed: Condvar { .. } }, identity: OnceLock(WorkerIdentity { pid: Pid(3028374), snapshot: WorkerProcSnapshot { tgid: Pid(3028374), tracer_pid: Pid(3028318), start_time: 13487577 }, pidfd: OwnedFd { fd: 69 }, proc_dir: OwnedFd { fd: 70 }, proc_inode: 3016866328 }), authoritative: OnceLock(<uninit>) }) }))", "RootStopLease step before: tid=3028374, siginfo=Ok((5, 773)), terminal=Ok(None)", "RootStopLease step result: Ok(Running(Pid(3028374), TraceeToken { event: EventHandle(EventGeneration { event: Event { exit_waiters: ExitWaiters { waiters: Mutex { data: [(Weak)] } }, exit_publication: Mutex { data: () }, status_waker: WakerSlot { waker: Mutex { data: Some(Waker { data: 0x7f31a8025380, vtable: 0x564bd8a02b68 }) }, data: 0x7f31a8025380, vtable: 0x564bd8a02b68 }, status: Mutex { data: StatusState { pending: [], terminal: -1 } }, status_changed: Condvar { .. }, exit_status: 0, exit_capability: 0, exit_epoch: 0, registration_error: Mutex { data: None }, worker_state: 2, worker_done_lock: Mutex { data: () }, worker_done_changed: Condvar { .. }, cleanup_cancel_requested: false, cleanup_claim_waiters: 0, wait_owner: 2, wait_owner_lock: Mutex { data: () }, wait_owner_changed: Condvar { .. } }, identity: OnceLock(WorkerIdentity { pid: Pid(3028374), snapshot: WorkerProcSnapshot { tgid: Pid(3028374), tracer_pid: Pid(3028318), start_time: 13487577 }, pidfd: OwnedFd { fd: 69 }, proc_dir: OwnedFd { fd: 70 }, proc_inode: 3016866328 }), authoritative: OnceLock(<uninit>) }) }))", "finish_ordinary_terminal entered: Ok(Stopped(Pid(3028401), TraceeToken { event: EventHandle(EventGeneration { event: Event { exit_waiters: ExitWaiters { waiters: Mutex { data: [(Weak)] } }, exit_publication: Mutex { data: () }, status_waker: WakerSlot { waker: Mutex { data: Some(Waker { data: 0x7f31a8031680, vtable: 0x564bd8a03010 }) }, data: 0x7f31a8031680, vtable: 0x564bd8a03010 }, status: Mutex { data: StatusState { pending: [], terminal: -1 } }, status_changed: Condvar { .. }, exit_status: 1, exit_capability: 2, exit_epoch: 0, registration_error: Mutex { data: None }, worker_state: 2, worker_done_lock: Mutex { data: () }, worker_done_changed: Condvar { .. }, cleanup_cancel_requested: false, cleanup_claim_waiters: 0, wait_owner: 2, wait_owner_lock: Mutex { data: () }, wait_owner_changed: Condvar { .. } }, identity: OnceLock(WorkerIdentity { pid: Pid(3028401), snapshot: WorkerProcSnapshot { tgid: Pid(3028374), tracer_pid: Pid(3028318), start_time: 13487577 }, pidfd: OwnedFd { fd: 30 }, proc_dir: OwnedFd { fd: 34 }, proc_inode: 3016892002 }), authoritative: OnceLock(<uninit>) }) }))", "finish getevent: tid=3028401, result=Ok(0), terminal=Ok(None), retired=false", "finish_ordinary_terminal entered: Ok(Stopped(Pid(3028374), TraceeToken { event: EventHandle(EventGeneration { event: Event { exit_waiters: ExitWaiters { waiters: Mutex { data: [(Weak)] } }, exit_publication: Mutex { data: () }, status_waker: WakerSlot { waker: Mutex { data: Some(Waker { data: 0x7f31a8025380, vtable: 0x564bd8a02b68 }) }, data: 0x7f31a8025380, vtable: 0x564bd8a02b68 }, status: Mutex { data: StatusState { pending: [], terminal: -1 } }, status_changed: Condvar { .. }, exit_status: 1, exit_capability: 2, exit_epoch: 0, registration_error: Mutex { data: None }, worker_state: 2, worker_done_lock: Mutex { data: () }, worker_done_changed: Condvar { .. }, cleanup_cancel_requested: false, cleanup_claim_waiters: 0, wait_owner: 2, wait_owner_lock: Mutex { data: () }, wait_owner_changed: Condvar { .. } }, identity: OnceLock(WorkerIdentity { pid: Pid(3028374), snapshot: WorkerProcSnapshot { tgid: Pid(3028374), tracer_pid: Pid(3028318), start_time: 13487577 }, pidfd: OwnedFd { fd: 69 }, proc_dir: OwnedFd { fd: 70 }, proc_inode: 3016866328 }), authoritative: OnceLock(<uninit>) }) }))", "finish getevent: tid=3028374, result=Ok(0), terminal=Ok(None), retired=false"], 0))
fatal legacy result: success(Exited(0)); consuming hooks: None

---- tracer::tests::ordinary_nonleader_tool_failure_cancels_pending_newborn_start stdout ----
fatal control raises original error in live tid 3028466 (mode 2)
ordinary cleanup control: root=3028413, descendant=0, fail=true, fork=false, newborn=true, timeout=false, root_absent=true, descendant_absent=true, post_syscall=0, sentinel_untouched=true
fatal physical identity: tid=3028413, initial=TraceeSnapshot { tgid: Pid(3028413), ppid: Pid(3027477), tracer_pid: Pid(3028390), start_time: 13487577 }, proc_inode=3016972633, same_process=false, stat=Err(Os { code: 3, kind: Uncategorized, message: "No such process" }), status=Err(Os { code: 3, kind: Uncategorized, message: "No such process" }), pidfd_poll=1, pidfd_revents=17, pidfd_signal0=Err(ESRCH)
fatal original notifier: tid=3028413, terminal=Ok(Some(Signaled(SIGKILL, false))), retired=true, held_stop=false
fatal original notifier: tid=3028451, terminal=Ok(Some(Signaled(SIGKILL, false))), retired=true, held_stop=false
fatal original notifier: tid=3028466, terminal=Ok(Some(Signaled(SIGKILL, false))), retired=true, held_stop=false
fatal chronology: Some((["RootStopLease step before: tid=3028413, siginfo=Ok((19, -6)), terminal=Ok(None)", "RootStopLease step result: Ok(Running(Pid(3028413), TraceeToken { event: EventHandle(EventGeneration { event: Event { exit_waiters: ExitWaiters { waiters: Mutex { data: [] } }, exit_publication: Mutex { data: () }, status_waker: WakerSlot { waker: Mutex { data: Some(Waker { data: 0x7f31b0022e80, vtable: 0x564bd8a02b68 }) }, data: 0x7f31b0022e80, vtable: 0x564bd8a02b68 }, status: Mutex { data: StatusState { pending: [], terminal: -1 } }, status_changed: Condvar { .. }, exit_status: 0, exit_capability: 0, exit_epoch: 0, registration_error: Mutex { data: None }, worker_state: 2, worker_done_lock: Mutex { data: () }, worker_done_changed: Condvar { .. }, cleanup_cancel_requested: false, cleanup_claim_waiters: 0, wait_owner: 2, wait_owner_lock: Mutex { data: () }, wait_owner_changed: Condvar { .. } }, identity: OnceLock(WorkerIdentity { pid: Pid(3028413), snapshot: WorkerProcSnapshot { tgid: Pid(3028413), tracer_pid: Pid(3028390), start_time: 13487577 }, pidfd: OwnedFd { fd: 4 }, proc_dir: OwnedFd { fd: 13 }, proc_inode: 3016972633 }), authoritative: OnceLock(<uninit>) }) }))", "RootStopLease step before: tid=3028413, siginfo=Ok((5, 1)), terminal=Ok(None)", "RootStopLease step result: Ok(Running(Pid(3028413), TraceeToken { event: EventHandle(EventGeneration { event: Event { exit_waiters: ExitWaiters { waiters: Mutex { data: [] } }, exit_publication: Mutex { data: () }, status_waker: WakerSlot { waker: Mutex { data: Some(Waker { data: 0x7f31b0022e80, vtable: 0x564bd8a02b68 }) }, data: 0x7f31b0022e80, vtable: 0x564bd8a02b68 }, status: Mutex { data: StatusState { pending: [], terminal: -1 } }, status_changed: Condvar { .. }, exit_status: 0, exit_capability: 0, exit_epoch: 0, registration_error: Mutex { data: None }, worker_state: 2, worker_done_lock: Mutex { data: () }, worker_done_changed: Condvar { .. }, cleanup_cancel_requested: false, cleanup_claim_waiters: 0, wait_owner: 2, wait_owner_lock: Mutex { data: () }, wait_owner_changed: Condvar { .. } }, identity: OnceLock(WorkerIdentity { pid: Pid(3028413), snapshot: WorkerProcSnapshot { tgid: Pid(3028413), tracer_pid: Pid(3028390), start_time: 13487577 }, pidfd: OwnedFd { fd: 4 }, proc_dir: OwnedFd { fd: 13 }, proc_inode: 3016972633 }), authoritative: OnceLock(<uninit>) }) }))", "RootStopLease step before: tid=3028413, siginfo=Ok((5, 773)), terminal=Ok(None)", "RootStopLease step result: Ok(Running(Pid(3028413), TraceeToken { event: EventHandle(EventGeneration { event: Event { exit_waiters: ExitWaiters { waiters: Mutex { data: [(Weak)] } }, exit_publication: Mutex { data: () }, status_waker: WakerSlot { waker: Mutex { data: Some(Waker { data: 0x7f31b0022e80, vtable: 0x564bd8a02b68 }) }, data: 0x7f31b0022e80, vtable: 0x564bd8a02b68 }, status: Mutex { data: StatusState { pending: [], terminal: -1 } }, status_changed: Condvar { .. }, exit_status: 0, exit_capability: 0, exit_epoch: 0, registration_error: Mutex { data: None }, worker_state: 2, worker_done_lock: Mutex { data: () }, worker_done_changed: Condvar { .. }, cleanup_cancel_requested: false, cleanup_claim_waiters: 0, wait_owner: 2, wait_owner_lock: Mutex { data: () }, wait_owner_changed: Condvar { .. } }, identity: OnceLock(WorkerIdentity { pid: Pid(3028413), snapshot: WorkerProcSnapshot { tgid: Pid(3028413), tracer_pid: Pid(3028390), start_time: 13487577 }, pidfd: OwnedFd { fd: 4 }, proc_dir: OwnedFd { fd: 13 }, proc_inode: 3016972633 }), authoritative: OnceLock(<uninit>) }) }))", "RootStopLease step before: tid=3028413, siginfo=Ok((5, 773)), terminal=Ok(None)", "RootStopLease step result: Ok(Running(Pid(3028413), TraceeToken { event: EventHandle(EventGeneration { event: Event { exit_waiters: ExitWaiters { waiters: Mutex { data: [(Weak)] } }, exit_publication: Mutex { data: () }, status_waker: WakerSlot { waker: Mutex { data: Some(Waker { data: 0x7f31b0022e80, vtable: 0x564bd8a02b68 }) }, data: 0x7f31b0022e80, vtable: 0x564bd8a02b68 }, status: Mutex { data: StatusState { pending: [], terminal: -1 } }, status_changed: Condvar { .. }, exit_status: 0, exit_capability: 0, exit_epoch: 0, registration_error: Mutex { data: None }, worker_state: 2, worker_done_lock: Mutex { data: () }, worker_done_changed: Condvar { .. }, cleanup_cancel_requested: false, cleanup_claim_waiters: 0, wait_owner: 2, wait_owner_lock: Mutex { data: () }, wait_owner_changed: Condvar { .. } }, identity: OnceLock(WorkerIdentity { pid: Pid(3028413), snapshot: WorkerProcSnapshot { tgid: Pid(3028413), tracer_pid: Pid(3028390), start_time: 13487577 }, pidfd: OwnedFd { fd: 4 }, proc_dir: OwnedFd { fd: 13 }, proc_inode: 3016972633 }), authoritative: OnceLock(<uninit>) }) }))", "finish_ordinary_terminal entered: Ok(Stopped(Pid(3028413), TraceeToken { event: EventHandle(EventGeneration { event: Event { exit_waiters: ExitWaiters { waiters: Mutex { data: [(Weak)] } }, exit_publication: Mutex { data: () }, status_waker: WakerSlot { waker: Mutex { data: Some(Waker { data: 0x7f31b0022e80, vtable: 0x564bd8a02b68 }) }, data: 0x7f31b0022e80, vtable: 0x564bd8a02b68 }, status: Mutex { data: StatusState { pending: [], terminal: -1 } }, status_changed: Condvar { .. }, exit_status: 1, exit_capability: 2, exit_epoch: 0, registration_error: Mutex { data: None }, worker_state: 2, worker_done_lock: Mutex { data: () }, worker_done_changed: Condvar { .. }, cleanup_cancel_requested: false, cleanup_claim_waiters: 0, wait_owner: 2, wait_owner_lock: Mutex { data: () }, wait_owner_changed: Condvar { .. } }, identity: OnceLock(WorkerIdentity { pid: Pid(3028413), snapshot: WorkerProcSnapshot { tgid: Pid(3028413), tracer_pid: Pid(3028390), start_time: 13487577 }, pidfd: OwnedFd { fd: 4 }, proc_dir: OwnedFd { fd: 13 }, proc_inode: 3016972633 }), authoritative: OnceLock(<uninit>) }) }))", "finish getevent: tid=3028413, result=Ok(9), terminal=Ok(None), retired=false", "finish_ordinary_terminal entered: Ok(Stopped(Pid(3028466), TraceeToken { event: EventHandle(EventGeneration { event: Event { exit_waiters: ExitWaiters { waiters: Mutex { data: [(Weak)] } }, exit_publication: Mutex { data: () }, status_waker: WakerSlot { waker: Mutex { data: Some(Waker { data: 0x7f31b0005700, vtable: 0x564bd8a03010 }) }, data: 0x7f31b0005700, vtable: 0x564bd8a03010 }, status: Mutex { data: StatusState { pending: [], terminal: -1 } }, status_changed: Condvar { .. }, exit_status: 1, exit_capability: 2, exit_epoch: 0, registration_error: Mutex { data: None }, worker_state: 2, worker_done_lock: Mutex { data: () }, worker_done_changed: Condvar { .. }, cleanup_cancel_requested: false, cleanup_claim_waiters: 0, wait_owner: 2, wait_owner_lock: Mutex { data: () }, wait_owner_changed: Condvar { .. } }, identity: OnceLock(WorkerIdentity { pid: Pid(3028466), snapshot: WorkerProcSnapshot { tgid: Pid(3028413), tracer_pid: Pid(3028390), start_time: 13487578 }, pidfd: OwnedFd { fd: 34 }, proc_dir: OwnedFd { fd: 44 }, proc_inode: 3016972642 }), authoritative: OnceLock(<uninit>) }) }))", "finish getevent: tid=3028466, result=Ok(9), terminal=Ok(None), retired=false", "finish_ordinary_terminal entered: Ok(Stopped(Pid(3028451), TraceeToken { event: EventHandle(EventGeneration { event: Event { exit_waiters: ExitWaiters { waiters: Mutex { data: [(Weak)] } }, exit_publication: Mutex { data: () }, status_waker: WakerSlot { waker: Mutex { data: Some(Waker { data: 0x7f31b0033080, vtable: 0x564bd8a03010 }) }, data: 0x7f31b0033080, vtable: 0x564bd8a03010 }, status: Mutex { data: StatusState { pending: [], terminal: -1 } }, status_changed: Condvar { .. }, exit_status: 1, exit_capability: 2, exit_epoch: 0, registration_error: Mutex { data: None }, worker_state: 2, worker_done_lock: Mutex { data: () }, worker_done_changed: Condvar { .. }, cleanup_cancel_requested: false, cleanup_claim_waiters: 0, wait_owner: 2, wait_owner_lock: Mutex { data: () }, wait_owner_changed: Condvar { .. } }, identity: OnceLock(WorkerIdentity { pid: Pid(3028451), snapshot: WorkerProcSnapshot { tgid: Pid(3028413), tracer_pid: Pid(3028390), start_time: 13487577 }, pidfd: OwnedFd { fd: 38 }, proc_dir: OwnedFd { fd: 40 }, proc_inode: 3016972638 }), authoritative: OnceLock(<uninit>) }) }))", "finish getevent: tid=3028451, result=Ok(9), terminal=Ok(None), retired=false"], 0))
fatal legacy result: error(Tool(ordinary nonleader failure control)), original_nonleader=true; consuming hooks: Some([(Pid(3028413), None), (Pid(3028451), None), (Pid(3028466), None), (Pid(3028466), Some(Signaled(SIGKILL, false))), (Pid(3028451), Some(Signaled(SIGKILL, false))), (Pid(3028413), Some(Signaled(SIGKILL, false)))])

---- tracer::tests::ordinary_nonleader_tool_failure_reaps_threads_without_resuming stdout ----
fatal control raises original error in live tid 3028516 (mode 1)
ordinary cleanup control: root=3028476, descendant=0, fail=true, fork=false, newborn=false, timeout=false, root_absent=true, descendant_absent=true, post_syscall=0, sentinel_untouched=true
fatal physical identity: tid=3028476, initial=TraceeSnapshot { tgid: Pid(3028476), ppid: Pid(3027477), tracer_pid: Pid(3028445), start_time: 13487578 }, proc_inode=3017038040, same_process=false, stat=Err(Os { code: 3, kind: Uncategorized, message: "No such process" }), status=Err(Os { code: 3, kind: Uncategorized, message: "No such process" }), pidfd_poll=1, pidfd_revents=17, pidfd_signal0=Err(ESRCH)
fatal original notifier: tid=3028476, terminal=Ok(Some(Signaled(SIGKILL, false))), retired=true, held_stop=false
fatal original notifier: tid=3028516, terminal=Ok(Some(Signaled(SIGKILL, false))), retired=true, held_stop=false
fatal chronology: Some((["RootStopLease step before: tid=3028476, siginfo=Ok((19, -6)), terminal=Ok(None)", "RootStopLease step result: Ok(Running(Pid(3028476), TraceeToken { event: EventHandle(EventGeneration { event: Event { exit_waiters: ExitWaiters { waiters: Mutex { data: [] } }, exit_publication: Mutex { data: () }, status_waker: WakerSlot { waker: Mutex { data: Some(Waker { data: 0x7f318c005a80, vtable: 0x564bd8a02b68 }) }, data: 0x7f318c005a80, vtable: 0x564bd8a02b68 }, status: Mutex { data: StatusState { pending: [], terminal: -1 } }, status_changed: Condvar { .. }, exit_status: 0, exit_capability: 0, exit_epoch: 0, registration_error: Mutex { data: None }, worker_state: 2, worker_done_lock: Mutex { data: () }, worker_done_changed: Condvar { .. }, cleanup_cancel_requested: false, cleanup_claim_waiters: 0, wait_owner: 2, wait_owner_lock: Mutex { data: () }, wait_owner_changed: Condvar { .. } }, identity: OnceLock(WorkerIdentity { pid: Pid(3028476), snapshot: WorkerProcSnapshot { tgid: Pid(3028476), tracer_pid: Pid(3028445), start_time: 13487578 }, pidfd: OwnedFd { fd: 50 }, proc_dir: OwnedFd { fd: 51 }, proc_inode: 3017038040 }), authoritative: OnceLock(<uninit>) }) }))", "RootStopLease step before: tid=3028476, siginfo=Ok((5, 1)), terminal=Ok(None)", "RootStopLease step result: Ok(Running(Pid(3028476), TraceeToken { event: EventHandle(EventGeneration { event: Event { exit_waiters: ExitWaiters { waiters: Mutex { data: [] } }, exit_publication: Mutex { data: () }, status_waker: WakerSlot { waker: Mutex { data: Some(Waker { data: 0x7f318c005a80, vtable: 0x564bd8a02b68 }) }, data: 0x7f318c005a80, vtable: 0x564bd8a02b68 }, status: Mutex { data: StatusState { pending: [], terminal: -1 } }, status_changed: Condvar { .. }, exit_status: 0, exit_capability: 0, exit_epoch: 0, registration_error: Mutex { data: None }, worker_state: 2, worker_done_lock: Mutex { data: () }, worker_done_changed: Condvar { .. }, cleanup_cancel_requested: false, cleanup_claim_waiters: 0, wait_owner: 2, wait_owner_lock: Mutex { data: () }, wait_owner_changed: Condvar { .. } }, identity: OnceLock(WorkerIdentity { pid: Pid(3028476), snapshot: WorkerProcSnapshot { tgid: Pid(3028476), tracer_pid: Pid(3028445), start_time: 13487578 }, pidfd: OwnedFd { fd: 50 }, proc_dir: OwnedFd { fd: 51 }, proc_inode: 3017038040 }), authoritative: OnceLock(<uninit>) }) }))", "RootStopLease step before: tid=3028476, siginfo=Ok((5, 773)), terminal=Ok(None)", "RootStopLease step result: Ok(Running(Pid(3028476), TraceeToken { event: EventHandle(EventGeneration { event: Event { exit_waiters: ExitWaiters { waiters: Mutex { data: [(Weak)] } }, exit_publication: Mutex { data: () }, status_waker: WakerSlot { waker: Mutex { data: Some(Waker { data: 0x7f318c005a80, vtable: 0x564bd8a02b68 }) }, data: 0x7f318c005a80, vtable: 0x564bd8a02b68 }, status: Mutex { data: StatusState { pending: [], terminal: -1 } }, status_changed: Condvar { .. }, exit_status: 0, exit_capability: 0, exit_epoch: 0, registration_error: Mutex { data: None }, worker_state: 2, worker_done_lock: Mutex { data: () }, worker_done_changed: Condvar { .. }, cleanup_cancel_requested: false, cleanup_claim_waiters: 0, wait_owner: 2, wait_owner_lock: Mutex { data: () }, wait_owner_changed: Condvar { .. } }, identity: OnceLock(WorkerIdentity { pid: Pid(3028476), snapshot: WorkerProcSnapshot { tgid: Pid(3028476), tracer_pid: Pid(3028445), start_time: 13487578 }, pidfd: OwnedFd { fd: 50 }, proc_dir: OwnedFd { fd: 51 }, proc_inode: 3017038040 }), authoritative: OnceLock(<uninit>) }) }))", "finish_ordinary_terminal entered: Ok(Stopped(Pid(3028476), TraceeToken { event: EventHandle(EventGeneration { event: Event { exit_waiters: ExitWaiters { waiters: Mutex { data: [(Weak)] } }, exit_publication: Mutex { data: () }, status_waker: WakerSlot { waker: Mutex { data: Some(Waker { data: 0x7f318c005a80, vtable: 0x564bd8a02b68 }) }, data: 0x7f318c005a80, vtable: 0x564bd8a02b68 }, status: Mutex { data: StatusState { pending: [], terminal: -1 } }, status_changed: Condvar { .. }, exit_status: 1, exit_capability: 2, exit_epoch: 0, registration_error: Mutex { data: None }, worker_state: 2, worker_done_lock: Mutex { data: () }, worker_done_changed: Condvar { .. }, cleanup_cancel_requested: false, cleanup_claim_waiters: 0, wait_owner: 2, wait_owner_lock: Mutex { data: () }, wait_owner_changed: Condvar { .. } }, identity: OnceLock(WorkerIdentity { pid: Pid(3028476), snapshot: WorkerProcSnapshot { tgid: Pid(3028476), tracer_pid: Pid(3028445), start_time: 13487578 }, pidfd: OwnedFd { fd: 50 }, proc_dir: OwnedFd { fd: 51 }, proc_inode: 3017038040 }), authoritative: OnceLock(<uninit>) }) }))", "finish getevent: tid=3028476, result=Ok(9), terminal=Ok(None), retired=false", "finish_ordinary_terminal entered: Ok(Stopped(Pid(3028516), TraceeToken { event: EventHandle(EventGeneration { event: Event { exit_waiters: ExitWaiters { waiters: Mutex { data: [(Weak)] } }, exit_publication: Mutex { data: () }, status_waker: WakerSlot { waker: Mutex { data: Some(Waker { data: 0x7f318c02bc80, vtable: 0x564bd8a03010 }) }, data: 0x7f318c02bc80, vtable: 0x564bd8a03010 }, status: Mutex { data: StatusState { pending: [], terminal: -1 } }, status_changed: Condvar { .. }, exit_status: 1, exit_capability: 2, exit_epoch: 0, registration_error: Mutex { data: None }, worker_state: 2, worker_done_lock: Mutex { data: () }, worker_done_changed: Condvar { .. }, cleanup_cancel_requested: false, cleanup_claim_waiters: 0, wait_owner: 2, wait_owner_lock: Mutex { data: () }, wait_owner_changed: Condvar { .. } }, identity: OnceLock(WorkerIdentity { pid: Pid(3028516), snapshot: WorkerProcSnapshot { tgid: Pid(3028476), tracer_pid: Pid(3028445), start_time: 13487578 }, pidfd: OwnedFd { fd: 5 }, proc_dir: OwnedFd { fd: 6 }, proc_inode: 3017038045 }), authoritative: OnceLock(<uninit>) }) }))", "finish getevent: tid=3028516, result=Ok(9), terminal=Ok(None), retired=false"], 0))
fatal legacy result: error(Tool(ordinary nonleader failure control)), original_nonleader=true; consuming hooks: Some([(Pid(3028476), None), (Pid(3028516), None), (Pid(3028516), Some(Signaled(SIGKILL, false))), (Pid(3028476), Some(Signaled(SIGKILL, false)))])


successes:
    tracer::tests::ordinary_nonleader_exec_displaced_hook_failure_fences_replacement
    tracer::tests::ordinary_nonleader_exec_transfers_state_and_consumes_old_leader_once
    tracer::tests::ordinary_nonleader_injected_exec_echild_awaits_leader_exec_edge
    tracer::tests::ordinary_nonleader_success_preserves_exit_callbacks
    tracer::tests::ordinary_nonleader_tool_failure_cancels_pending_newborn_start
    tracer::tests::ordinary_nonleader_tool_failure_reaps_fork_descendants
    tracer::tests::ordinary_nonleader_tool_failure_reaps_threads_without_resuming
    tracer::tests::ordinary_nonleader_tool_failure_reaps_unhanded_fork_child
    tracer::tests::ordinary_nonleader_tool_failure_reaps_unhanded_vfork_child

failures:

---- tracer::tests::ordinary_nonleader_exec_run_loop_echild_awaits_leader_exec_edge stdout ----
PROBE_EXITSTOP_GETEVENT_ESRCH=1 t=134875765066665 tracer_tid=3027504 leader=3027517 snapshot: [task 3027517: State: R (running) | Pid: 3027517 | TracerPid: 3027504 | SigPnd: 0000000000000000 | ShdPnd: 0000000000000000 | stat.state=t stat.exit_code=0 | wchan=ptrace_stop]
PROBE[esrch-immediate] t=134875723880245 (dt=41210us) caller=3027522 target=3027517 what=WAITID(P_PIDFD) thread=Some("guest-3027517") result=Ok(Some("0x137f")) rc=0 site=safeptrace/src/notifier.rs:1858
PROBE[esrch-immediate] t=134875724579084 (dt=40511us) caller=3027504 target=3027517 what=PTRACE_SINGLESTEP(None) rc=0 site=reverie-ptrace/src/task.rs:2719
PROBE[esrch-immediate] t=134875724635238 (dt=40455us) caller=3027522 target=3027517 what=WAITID(P_PIDFD) thread=Some("guest-3027517") result=Ok(Some("0x57f")) rc=0 site=safeptrace/src/notifier.rs:1858
PROBE[esrch-immediate] t=134875725274699 (dt=39816us) caller=3027504 target=3027517 what=PTRACE_SINGLESTEP(None) rc=0 site=reverie-ptrace/src/task.rs:5455
PROBE[esrch-immediate] t=134875725293848 (dt=39797us) caller=3027522 target=3027517 what=WAITID(P_PIDFD) thread=Some("guest-3027517") result=Ok(Some("0x57f")) rc=0 site=safeptrace/src/notifier.rs:1858
PROBE[esrch-immediate] t=134875725694750 (dt=39396us) caller=3027504 target=3027517 what=PTRACE_CONT(resume,None) rc=0 site=reverie-ptrace/src/task.rs:5444
PROBE[esrch-immediate] t=134875725897434 (dt=39193us) caller=3027522 target=3027517 what=WAITID(P_PIDFD) thread=Some("guest-3027517") result=Ok(Some("0x3057f")) rc=0 site=safeptrace/src/notifier.rs:1858
PROBE[esrch-immediate] t=134875725916302 (dt=39174us) caller=3027504 target=3027517 what=GETEVENTMSG-before rc=0 site=safeptrace/src/lib.rs:234
PROBE[esrch-immediate] t=134875725920679 (dt=39170us) caller=3027504 target=3027517 what=GETEVENTMSG-after rc=3027542 site=safeptrace/src/lib.rs:234
PROBE[esrch-immediate] t=134875763750618 (dt=1340us) caller=3027504 target=3027517 what=PTRACE_SINGLESTEP(None) rc=0 site=reverie-ptrace/src/task.rs:5455
PROBE[esrch-immediate] t=134875763805421 (dt=1285us) caller=3027522 target=3027517 what=WAITID(P_PIDFD) thread=Some("guest-3027517") result=Ok(Some("0x57f")) rc=0 site=safeptrace/src/notifier.rs:1858
PROBE[esrch-immediate] t=134875764406514 (dt=684us) caller=3027522 target=3027517 what=WAITID(P_PIDFD) thread=Some("guest-3027517") result=Ok(Some("0x6057f")) rc=0 site=safeptrace/src/notifier.rs:1858
PROBE[esrch-immediate] t=134875764410449 (dt=680us) caller=3027504 target=3027517 what=PTRACE_CONT(resume,None) rc=0 site=reverie-ptrace/src/task.rs:5444
PROBE[esrch-immediate] t=134875764449788 (dt=641us) caller=3027504 target=3027517 what=drive_ordinary: ExitFuture resolved ok=true main=true rc=0 site=reverie-ptrace/src/task.rs:6946
PROBE[esrch-immediate] t=134875764463649 (dt=627us) caller=3027504 target=3027517 what=finish_ordinary_terminal entered with Ok(Stopped) rc=0 site=reverie-ptrace/src/tracer.rs:543
PROBE[esrch-immediate] t=134875764467114 (dt=623us) caller=3027504 target=3027517 what=GETEVENTMSG-before rc=0 site=reverie-ptrace/src/tracer.rs:556
PROBE[esrch-immediate] t=134875764472653 (dt=618us) caller=3027504 target=3027517 what=GETEVENTMSG-after rc=-1000003 site=reverie-ptrace/src/tracer.rs:556
PROBE[esrch-immediate] t=134875764918202 (dt=172us) caller=3027522 target=3027517 what=WAITID(P_PIDFD) thread=Some("guest-3027517") result=Ok(Some("0x4057f")) rc=0 site=safeptrace/src/notifier.rs:1858
PROBE[esrch-immediate] t=134875765087476 (dt=3us) caller=3027504 target=3027517 what=ESRCH-snapshot: [task 3027517: State: R (running) | Pid: 3027517 | TracerPid: 3027504 | SigPnd: 0000000000000000 | ShdPnd: 0000000000000000 | stat.state=t stat.exit_code=0 | wchan=ptrace_stop] rc=0 site=reverie-ptrace/src/tracer.rs:591
PROBE[exec-edge-NOSTATUS] t=134875723880245 (dt=41414us) caller=3027522 target=3027517 what=WAITID(P_PIDFD) thread=Some("guest-3027517") result=Ok(Some("0x137f")) rc=0 site=safeptrace/src/notifier.rs:1858
PROBE[exec-edge-NOSTATUS] t=134875724579084 (dt=40716us) caller=3027504 target=3027517 what=PTRACE_SINGLESTEP(None) rc=0 site=reverie-ptrace/src/task.rs:2719
PROBE[exec-edge-NOSTATUS] t=134875724635238 (dt=40659us) caller=3027522 target=3027517 what=WAITID(P_PIDFD) thread=Some("guest-3027517") result=Ok(Some("0x57f")) rc=0 site=safeptrace/src/notifier.rs:1858
PROBE[exec-edge-NOSTATUS] t=134875725274699 (dt=40020us) caller=3027504 target=3027517 what=PTRACE_SINGLESTEP(None) rc=0 site=reverie-ptrace/src/task.rs:5455
PROBE[exec-edge-NOSTATUS] t=134875725293848 (dt=40001us) caller=3027522 target=3027517 what=WAITID(P_PIDFD) thread=Some("guest-3027517") result=Ok(Some("0x57f")) rc=0 site=safeptrace/src/notifier.rs:1858
PROBE[exec-edge-NOSTATUS] t=134875725694750 (dt=39600us) caller=3027504 target=3027517 what=PTRACE_CONT(resume,None) rc=0 site=reverie-ptrace/src/task.rs:5444
PROBE[exec-edge-NOSTATUS] t=134875725897434 (dt=39397us) caller=3027522 target=3027517 what=WAITID(P_PIDFD) thread=Some("guest-3027517") result=Ok(Some("0x3057f")) rc=0 site=safeptrace/src/notifier.rs:1858
PROBE[exec-edge-NOSTATUS] t=134875725916302 (dt=39378us) caller=3027504 target=3027517 what=GETEVENTMSG-before rc=0 site=safeptrace/src/lib.rs:234
PROBE[exec-edge-NOSTATUS] t=134875725920679 (dt=39374us) caller=3027504 target=3027517 what=GETEVENTMSG-after rc=3027542 site=safeptrace/src/lib.rs:234
PROBE[exec-edge-NOSTATUS] t=134875726425157 (dt=38869us) caller=3027551 target=3027542 what=WAITID(P_PIDFD) thread=Some("guest-3027542") result=Ok(Some("0x137f")) rc=0 site=safeptrace/src/notifier.rs:1858
PROBE[exec-edge-NOSTATUS] t=134875763750618 (dt=1544us) caller=3027504 target=3027517 what=PTRACE_SINGLESTEP(None) rc=0 site=reverie-ptrace/src/task.rs:5455
PROBE[exec-edge-NOSTATUS] t=134875763805421 (dt=1489us) caller=3027522 target=3027517 what=WAITID(P_PIDFD) thread=Some("guest-3027517") result=Ok(Some("0x57f")) rc=0 site=safeptrace/src/notifier.rs:1858
PROBE[exec-edge-NOSTATUS] t=134875763973393 (dt=1321us) caller=3027504 target=3027542 what=PTRACE_CONT(resume,None) rc=0 site=reverie-ptrace/src/task.rs:5444
PROBE[exec-edge-NOSTATUS] t=134875764406514 (dt=888us) caller=3027522 target=3027517 what=WAITID(P_PIDFD) thread=Some("guest-3027517") result=Ok(Some("0x6057f")) rc=0 site=safeptrace/src/notifier.rs:1858
PROBE[exec-edge-NOSTATUS] t=134875764410449 (dt=884us) caller=3027504 target=3027517 what=PTRACE_CONT(resume,None) rc=0 site=reverie-ptrace/src/task.rs:5444
PROBE[exec-edge-NOSTATUS] t=134875764449788 (dt=845us) caller=3027504 target=3027517 what=drive_ordinary: ExitFuture resolved ok=true main=true rc=0 site=reverie-ptrace/src/task.rs:6946
PROBE[exec-edge-NOSTATUS] t=134875764463649 (dt=831us) caller=3027504 target=3027517 what=finish_ordinary_terminal entered with Ok(Stopped) rc=0 site=reverie-ptrace/src/tracer.rs:543
PROBE[exec-edge-NOSTATUS] t=134875764467114 (dt=828us) caller=3027504 target=3027517 what=GETEVENTMSG-before rc=0 site=reverie-ptrace/src/tracer.rs:556
PROBE[exec-edge-NOSTATUS] t=134875764468577 (dt=826us) caller=3027551 target=3027542 what=WAITID(P_PIDFD) thread=Some("guest-3027542") result=Err(ECHILD) rc=0 site=safeptrace/src/notifier.rs:1858
PROBE[exec-edge-NOSTATUS] t=134875764472653 (dt=822us) caller=3027504 target=3027517 what=GETEVENTMSG-after rc=-1000003 site=reverie-ptrace/src/tracer.rs:556
PROBE[exec-edge-NOSTATUS] t=134875764918202 (dt=376us) caller=3027522 target=3027517 what=WAITID(P_PIDFD) thread=Some("guest-3027517") result=Ok(Some("0x4057f")) rc=0 site=safeptrace/src/notifier.rs:1858
PROBE[exec-edge-NOSTATUS] t=134875765087476 (dt=207us) caller=3027504 target=3027517 what=ESRCH-snapshot: [task 3027517: State: R (running) | Pid: 3027517 | TracerPid: 3027504 | SigPnd: 0000000000000000 | ShdPnd: 0000000000000000 | stat.state=t stat.exit_code=0 | wchan=ptrace_stop] rc=0 site=reverie-ptrace/src/tracer.rs:591
PROBE[exec-edge-NOSTATUS] t=134875765130781 (dt=164us) caller=3027504 target=3027517 what=GETEVENTMSG-before rc=0 site=safeptrace/src/lib.rs:246
PROBE[exec-edge-NOSTATUS] t=134875765132784 (dt=162us) caller=3027504 target=3027517 what=GETEVENTMSG-after rc=3027542 site=safeptrace/src/lib.rs:246
PROBE[exec-edge-NOSTATUS] t=134875765294407 (dt=0us) caller=3027504 target=3027517 what=EXEC-EDGE observed former=3027542 exit_status=None esrch=Some(3027517) snapshot: [task 3027517: State: t (tracing stop) | Pid: 3027517 | TracerPid: 3027504 | SigPnd: 0000000000000000 | ShdPnd: 0000000000000000 | stat.state=t stat.exit_code=0 | wchan=ptrace_stop] rc=0 site=reverie-ptrace/src/tracer.rs:675
actual delivered marker observations: tracer=3027477, rows=[]
exec owner before rescue: fail=false, timer_mode=1, root_absent=false, events=[(0, Pid(3027517), 3027517, None), (0, Pid(3027542), 3027542, None)], elapsed=43.498843ms, outcome=Pending(PtraceRunFailure { primary: Tool(actual exec for 3027517 from 3027542 has no retained preceding EXIT event status), origin: BackendFailure { pid: Pid(3027517), tid: Pid(3027517), phase: "ptrace tree cleanup" }, secondary: [], captured_prefix: Some(CapturedPrefix { stdout: [], stderr: [] }) })
exec owner rescue only: signal=Ok(()), completed=false

thread 'tracer::tests::ordinary_nonleader_exec_run_loop_echild_awaits_leader_exec_edge' (3027504) panicked at reverie-ptrace/src/tracer.rs:6030:17:
exec owner did not Complete within original3s predicate: Pending(PtraceRunFailure { primary: Tool(actual exec for 3027517 from 3027542 has no retained preceding EXIT event status), origin: BackendFailure { pid: Pid(3027517), tid: Pid(3027517), phase: "ptrace tree cleanup" }, secondary: [], captured_prefix: Some(CapturedPrefix { stdout: [], stderr: [] }) })
note: run with `RUST_BACKTRACE=1` environment variable to display a backtrace

---- tracer::tests::ordinary_nonleader_exec_real_signal_cancels_postexec_timer stdout ----
PROBE_EXITSTOP_GETEVENT_ESRCH=1 t=134875765169569 tracer_tid=3027503 leader=3027512 snapshot: [task 3027512: State: R (running) | Pid: 3027512 | TracerPid: 3027503 | SigPnd: 0000000000000000 | ShdPnd: 0000000000000000 | stat.state=t stat.exit_code=0 | wchan=ptrace_stop]
PROBE[esrch-immediate] t=134875723750380 (dt=41433us) caller=3027520 target=3027512 what=WAITID(P_PIDFD) thread=Some("guest-3027512") result=Ok(Some("0x137f")) rc=0 site=safeptrace/src/notifier.rs:1858
PROBE[esrch-immediate] t=134875724582019 (dt=40601us) caller=3027503 target=3027512 what=PTRACE_SINGLESTEP(None) rc=0 site=reverie-ptrace/src/task.rs:2719
PROBE[esrch-immediate] t=134875724643401 (dt=40540us) caller=3027520 target=3027512 what=WAITID(P_PIDFD) thread=Some("guest-3027512") result=Ok(Some("0x57f")) rc=0 site=safeptrace/src/notifier.rs:1858
PROBE[esrch-immediate] t=134875725276712 (dt=39906us) caller=3027503 target=3027512 what=PTRACE_SINGLESTEP(None) rc=0 site=reverie-ptrace/src/task.rs:5455
PROBE[esrch-immediate] t=134875725298144 (dt=39885us) caller=3027520 target=3027512 what=WAITID(P_PIDFD) thread=Some("guest-3027512") result=Ok(Some("0x57f")) rc=0 site=safeptrace/src/notifier.rs:1858
PROBE[esrch-immediate] t=134875725693748 (dt=39489us) caller=3027503 target=3027512 what=PTRACE_CONT(resume,None) rc=0 site=reverie-ptrace/src/task.rs:5444
PROBE[esrch-immediate] t=134875725912757 (dt=39270us) caller=3027520 target=3027512 what=WAITID(P_PIDFD) thread=Some("guest-3027512") result=Ok(Some("0x3057f")) rc=0 site=safeptrace/src/notifier.rs:1858
PROBE[esrch-immediate] t=134875725932757 (dt=39250us) caller=3027503 target=3027512 what=GETEVENTMSG-before rc=0 site=safeptrace/src/lib.rs:234
PROBE[esrch-immediate] t=134875725937294 (dt=39246us) caller=3027503 target=3027512 what=GETEVENTMSG-after rc=3027543 site=safeptrace/src/lib.rs:234
PROBE[esrch-immediate] t=134875763757800 (dt=1425us) caller=3027503 target=3027512 what=PTRACE_SINGLESTEP(None) rc=0 site=reverie-ptrace/src/task.rs:5455
PROBE[esrch-immediate] t=134875763823458 (dt=1360us) caller=3027520 target=3027512 what=WAITID(P_PIDFD) thread=Some("guest-3027512") result=Ok(Some("0x57f")) rc=0 site=safeptrace/src/notifier.rs:1858
PROBE[esrch-immediate] t=134875764406634 (dt=776us) caller=3027520 target=3027512 what=WAITID(P_PIDFD) thread=Some("guest-3027512") result=Ok(Some("0x6057f")) rc=0 site=safeptrace/src/notifier.rs:1858
PROBE[esrch-immediate] t=134875764412953 (dt=770us) caller=3027503 target=3027512 what=PTRACE_CONT(resume,None) rc=0 site=reverie-ptrace/src/task.rs:5444
PROBE[esrch-immediate] t=134875764455307 (dt=728us) caller=3027503 target=3027512 what=drive_ordinary: ExitFuture resolved ok=true main=true rc=0 site=reverie-ptrace/src/task.rs:6946
PROBE[esrch-immediate] t=134875764466854 (dt=716us) caller=3027503 target=3027512 what=finish_ordinary_terminal entered with Ok(Stopped) rc=0 site=reverie-ptrace/src/tracer.rs:543
PROBE[esrch-immediate] t=134875764469839 (dt=713us) caller=3027503 target=3027512 what=GETEVENTMSG-before rc=0 site=reverie-ptrace/src/tracer.rs:556
PROBE[esrch-immediate] t=134875764476659 (dt=706us) caller=3027503 target=3027512 what=GETEVENTMSG-after rc=-1000003 site=reverie-ptrace/src/tracer.rs:556
PROBE[esrch-immediate] t=134875764988448 (dt=195us) caller=3027520 target=3027512 what=WAITID(P_PIDFD) thread=Some("guest-3027512") result=Ok(Some("0x4057f")) rc=0 site=safeptrace/src/notifier.rs:1858
PROBE[esrch-immediate] t=134875765182469 (dt=1us) caller=3027503 target=3027512 what=ESRCH-snapshot: [task 3027512: State: R (running) | Pid: 3027512 | TracerPid: 3027503 | SigPnd: 0000000000000000 | ShdPnd: 0000000000000000 | stat.state=t stat.exit_code=0 | wchan=ptrace_stop] rc=0 site=reverie-ptrace/src/tracer.rs:591
PROBE[exec-edge-NOSTATUS] t=134875723750380 (dt=41632us) caller=3027520 target=3027512 what=WAITID(P_PIDFD) thread=Some("guest-3027512") result=Ok(Some("0x137f")) rc=0 site=safeptrace/src/notifier.rs:1858
PROBE[exec-edge-NOSTATUS] t=134875724582019 (dt=40801us) caller=3027503 target=3027512 what=PTRACE_SINGLESTEP(None) rc=0 site=reverie-ptrace/src/task.rs:2719
PROBE[exec-edge-NOSTATUS] t=134875724643401 (dt=40739us) caller=3027520 target=3027512 what=WAITID(P_PIDFD) thread=Some("guest-3027512") result=Ok(Some("0x57f")) rc=0 site=safeptrace/src/notifier.rs:1858
PROBE[exec-edge-NOSTATUS] t=134875725276712 (dt=40106us) caller=3027503 target=3027512 what=PTRACE_SINGLESTEP(None) rc=0 site=reverie-ptrace/src/task.rs:5455
PROBE[exec-edge-NOSTATUS] t=134875725298144 (dt=40084us) caller=3027520 target=3027512 what=WAITID(P_PIDFD) thread=Some("guest-3027512") result=Ok(Some("0x57f")) rc=0 site=safeptrace/src/notifier.rs:1858
PROBE[exec-edge-NOSTATUS] t=134875725693748 (dt=39689us) caller=3027503 target=3027512 what=PTRACE_CONT(resume,None) rc=0 site=reverie-ptrace/src/task.rs:5444
PROBE[exec-edge-NOSTATUS] t=134875725912757 (dt=39470us) caller=3027520 target=3027512 what=WAITID(P_PIDFD) thread=Some("guest-3027512") result=Ok(Some("0x3057f")) rc=0 site=safeptrace/src/notifier.rs:1858
PROBE[exec-edge-NOSTATUS] t=134875725932757 (dt=39450us) caller=3027503 target=3027512 what=GETEVENTMSG-before rc=0 site=safeptrace/src/lib.rs:234
PROBE[exec-edge-NOSTATUS] t=134875725937294 (dt=39445us) caller=3027503 target=3027512 what=GETEVENTMSG-after rc=3027543 site=safeptrace/src/lib.rs:234
PROBE[exec-edge-NOSTATUS] t=134875726557906 (dt=38825us) caller=3027556 target=3027543 what=WAITID(P_PIDFD) thread=Some("guest-3027543") result=Ok(Some("0x137f")) rc=0 site=safeptrace/src/notifier.rs:1858
PROBE[exec-edge-NOSTATUS] t=134875763757800 (dt=1625us) caller=3027503 target=3027512 what=PTRACE_SINGLESTEP(None) rc=0 site=reverie-ptrace/src/task.rs:5455
PROBE[exec-edge-NOSTATUS] t=134875763823458 (dt=1559us) caller=3027520 target=3027512 what=WAITID(P_PIDFD) thread=Some("guest-3027512") result=Ok(Some("0x57f")) rc=0 site=safeptrace/src/notifier.rs:1858
PROBE[exec-edge-NOSTATUS] t=134875763990189 (dt=1392us) caller=3027503 target=3027543 what=PTRACE_CONT(resume,None) rc=0 site=reverie-ptrace/src/task.rs:5444
PROBE[exec-edge-NOSTATUS] t=134875764406634 (dt=976us) caller=3027520 target=3027512 what=WAITID(P_PIDFD) thread=Some("guest-3027512") result=Ok(Some("0x6057f")) rc=0 site=safeptrace/src/notifier.rs:1858
PROBE[exec-edge-NOSTATUS] t=134875764412953 (dt=970us) caller=3027503 target=3027512 what=PTRACE_CONT(resume,None) rc=0 site=reverie-ptrace/src/task.rs:5444
PROBE[exec-edge-NOSTATUS] t=134875764455307 (dt=927us) caller=3027503 target=3027512 what=drive_ordinary: ExitFuture resolved ok=true main=true rc=0 site=reverie-ptrace/src/task.rs:6946
PROBE[exec-edge-NOSTATUS] t=134875764466854 (dt=916us) caller=3027503 target=3027512 what=finish_ordinary_terminal entered with Ok(Stopped) rc=0 site=reverie-ptrace/src/tracer.rs:543
PROBE[exec-edge-NOSTATUS] t=134875764469839 (dt=913us) caller=3027503 target=3027512 what=GETEVENTMSG-before rc=0 site=reverie-ptrace/src/tracer.rs:556
PROBE[exec-edge-NOSTATUS] t=134875764476659 (dt=906us) caller=3027503 target=3027512 what=GETEVENTMSG-after rc=-1000003 site=reverie-ptrace/src/tracer.rs:556
PROBE[exec-edge-NOSTATUS] t=134875764492403 (dt=890us) caller=3027556 target=3027543 what=WAITID(P_PIDFD) thread=Some("guest-3027543") result=Err(ECHILD) rc=0 site=safeptrace/src/notifier.rs:1858
PROBE[exec-edge-NOSTATUS] t=134875764988448 (dt=394us) caller=3027520 target=3027512 what=WAITID(P_PIDFD) thread=Some("guest-3027512") result=Ok(Some("0x4057f")) rc=0 site=safeptrace/src/notifier.rs:1858
PROBE[exec-edge-NOSTATUS] t=134875765182469 (dt=200us) caller=3027503 target=3027512 what=ESRCH-snapshot: [task 3027512: State: R (running) | Pid: 3027512 | TracerPid: 3027503 | SigPnd: 0000000000000000 | ShdPnd: 0000000000000000 | stat.state=t stat.exit_code=0 | wchan=ptrace_stop] rc=0 site=reverie-ptrace/src/tracer.rs:591
PROBE[exec-edge-NOSTATUS] t=134875765219645 (dt=163us) caller=3027503 target=3027512 what=GETEVENTMSG-before rc=0 site=safeptrace/src/lib.rs:246
PROBE[exec-edge-NOSTATUS] t=134875765221628 (dt=161us) caller=3027503 target=3027512 what=GETEVENTMSG-after rc=3027543 site=safeptrace/src/lib.rs:246
PROBE[exec-edge-NOSTATUS] t=134875765382349 (dt=0us) caller=3027503 target=3027512 what=EXEC-EDGE observed former=3027543 exit_status=None esrch=Some(3027512) snapshot: [task 3027512: State: t (tracing stop) | Pid: 3027512 | TracerPid: 3027503 | SigPnd: 0000000000000000 | ShdPnd: 0000000000000000 | stat.state=t stat.exit_code=0 | wchan=ptrace_stop] rc=0 site=reverie-ptrace/src/tracer.rs:675
actual delivered marker observations: tracer=3027477, rows=[]
exec owner before rescue: fail=false, timer_mode=2, root_absent=false, events=[(0, Pid(3027512), 3027512, None), (0, Pid(3027543), 3027543, None)], elapsed=43.552794ms, outcome=Pending(PtraceRunFailure { primary: Tool(actual exec for 3027512 from 3027543 has no retained preceding EXIT event status), origin: BackendFailure { pid: Pid(3027512), tid: Pid(3027512), phase: "ptrace tree cleanup" }, secondary: [], captured_prefix: Some(CapturedPrefix { stdout: [], stderr: [] }) })
exec owner rescue only: signal=Ok(()), completed=false

thread 'tracer::tests::ordinary_nonleader_exec_real_signal_cancels_postexec_timer' (3027503) panicked at reverie-ptrace/src/tracer.rs:6030:17:
exec owner did not Complete within original3s predicate: Pending(PtraceRunFailure { primary: Tool(actual exec for 3027512 from 3027543 has no retained preceding EXIT event status), origin: BackendFailure { pid: Pid(3027512), tid: Pid(3027512), phase: "ptrace tree cleanup" }, secondary: [], captured_prefix: Some(CapturedPrefix { stdout: [], stderr: [] }) })

---- tracer::tests::ordinary_nonleader_exec_postexec_timer_survives_internal_step stdout ----
actual delivered marker observations: tracer=3027477, rows=[]
exec owner before rescue: fail=false, timer_mode=1, root_absent=false, events=[(0, Pid(3027511), 3027511, None), (0, Pid(3027544), 3027544, None)], elapsed=43.951532ms, outcome=Pending(PtraceRunFailure { primary: Tool(unexpected ptrace terminal stop: Signal(SIGTRAP)), origin: BackendFailure { pid: Pid(3027511), tid: Pid(3027511), phase: "ptrace tree cleanup" }, secondary: [PtraceCleanupFailure { origin: BackendFailure { pid: Pid(3027511), tid: Pid(3027511), phase: "ptrace tree cleanup" }, error: Tool(-10 ECHILD (No child processes)) }], captured_prefix: Some(CapturedPrefix { stdout: [], stderr: [] }) })
exec owner rescue only: signal=Ok(()), completed=false

thread 'tracer::tests::ordinary_nonleader_exec_postexec_timer_survives_internal_step' (3027502) panicked at reverie-ptrace/src/tracer.rs:6030:17:
exec owner did not Complete within original3s predicate: Pending(PtraceRunFailure { primary: Tool(unexpected ptrace terminal stop: Signal(SIGTRAP)), origin: BackendFailure { pid: Pid(3027511), tid: Pid(3027511), phase: "ptrace tree cleanup" }, secondary: [PtraceCleanupFailure { origin: BackendFailure { pid: Pid(3027511), tid: Pid(3027511), phase: "ptrace tree cleanup" }, error: Tool(-10 ECHILD (No child processes)) }], captured_prefix: Some(CapturedPrefix { stdout: [], stderr: [] }) })


failures:
    tracer::tests::ordinary_nonleader_exec_postexec_timer_survives_internal_step
    tracer::tests::ordinary_nonleader_exec_real_signal_cancels_postexec_timer
    tracer::tests::ordinary_nonleader_exec_run_loop_echild_awaits_leader_exec_edge

test result: FAILED. 9 passed; 3 failed; 0 ignored; 0 measured; 353 filtered out; finished in 0.08s

