   Compiling reverie-kvm v0.2.0 (/home/newton/work/dev-hermit/worktrees/slots/kvm-pr611-recovery-20260922/reverie-kvm)
    Finished `test` profile [unoptimized + debuginfo] target(s) in 7.98s
     Running unittests src/lib.rs (target/debug/deps/reverie_kvm-8401bb9e1f308a79)

running 1 test
capture child status=exit status: 101
stdout:

running 1 test
test executor::tests::captured_alias_creation_ignores_closed_and_reused_supervisor_stdio ... 
stderr:
panicked at reverie-kvm/src/capture_identity_tests.rs:565:13:
assertion `left == right` failed: physical supervisor fd 1 was reopened as Ok("/memfd:reverie-kvm-guest-memory (deleted)")
  left: 1
 right: -1


thread 'executor::tests::captured_alias_creation_ignores_closed_and_reused_supervisor_stdio' (3602525) panicked at reverie-kvm/src/capture_identity_tests.rs:1195:5:
assertion failed: output.status.success()
note: run with `RUST_BACKTRACE=1` environment variable to display a backtrace
test executor::tests::captured_alias_creation_ignores_closed_and_reused_supervisor_stdio ... FAILED

failures:

failures:
    executor::tests::captured_alias_creation_ignores_closed_and_reused_supervisor_stdio

test result: FAILED. 0 passed; 1 failed; 0 ignored; 0 measured; 877 filtered out; finished in 0.01s

error: test failed, to rerun pass `-p reverie-kvm --lib`
