proc-self-fchmodat2 ret=0 errno=0(Success)
proc-self-utimensat ret=0 errno=0(Success)
proc-self-fchownat ret=0 errno=0(Success)
proc-self-newfstatat ret=0 errno=0(Success)
proc-self-statx ret=0 errno=0(Success)
proc-self-faccessat2 ret=0 errno=0(Success)
proc-self-readlink ret=17 errno=0(Success)
proc-self-linkat-follow ret=-1 errno=18(Invalid cross-device link)
proc-thread-self-fchmodat2 ret=0 errno=0(Success)
proc-thread-self-utimensat ret=0 errno=0(Success)
proc-thread-self-fchownat ret=0 errno=0(Success)
proc-thread-self-newfstatat ret=0 errno=0(Success)
proc-thread-self-statx ret=0 errno=0(Success)
proc-thread-self-faccessat2 ret=0 errno=0(Success)
proc-thread-self-readlink ret=17 errno=0(Success)
proc-thread-self-linkat-follow ret=-1 errno=18(Invalid cross-device link)
dev-fd-fchmodat2 ret=0 errno=0(Success)
dev-fd-utimensat ret=0 errno=0(Success)
dev-fd-fchownat ret=0 errno=0(Success)
dev-fd-newfstatat ret=0 errno=0(Success)
dev-fd-statx ret=0 errno=0(Success)
dev-fd-faccessat2 ret=0 errno=0(Success)
dev-fd-readlink ret=17 errno=0(Success)
dev-fd-linkat-follow ret=-1 errno=18(Invalid cross-device link)
proc-pid-fchmodat2 ret=0 errno=0(Success)
proc-pid-utimensat ret=0 errno=0(Success)
proc-pid-fchownat ret=0 errno=0(Success)
proc-pid-newfstatat ret=0 errno=0(Success)
proc-pid-statx ret=0 errno=0(Success)
proc-pid-faccessat2 ret=0 errno=0(Success)
proc-pid-readlink ret=17 errno=0(Success)
proc-pid-linkat-follow ret=-1 errno=18(Invalid cross-device link)
