   Compiling reverie-kvm v0.2.0 (/home/newton/work/dev-hermit/worktrees/slots/kvm-pr611-recovery-20260922/reverie-kvm)
warning: use of deprecated method `std::sync::atomic::Atomic::<i32>::fetch_update`: renamed to `try_update` for consistency
     --> reverie-kvm/src/executor.rs:16463:32
      |
16463 |                 let _ = status.fetch_update(Ordering::SeqCst, Ordering::SeqCst, |current| {
      |                                ^^^^^^^^^^^^
      |
      = note: `#[warn(deprecated)]` on by default
help: replace the use of the deprecated method
      |
16463 -                 let _ = status.fetch_update(Ordering::SeqCst, Ordering::SeqCst, |current| {
16463 +                 let _ = status.try_update(Ordering::SeqCst, Ordering::SeqCst, |current| {
      |

warning: variable does not need to be mutable
  --> reverie-kvm/src/pipe_fionread_tests.rs:36:9
   |
36 |     let mut memory = GuestMemory::new(0, 16384).unwrap();
   |         ----^^^^^^
   |         |
   |         help: remove this `mut`
   |
   = note: `#[warn(unused_mut)]` (part of `#[warn(unused)]`) on by default

error[E0596]: cannot borrow `memory` as mutable, as it is not declared as mutable
   --> reverie-kvm/src/pipe_fionread_tests.rs:187:5
    |
187 |     memory.write(64, &1_i32.to_ne_bytes()).unwrap();
    |     ^^^^^^ cannot borrow as mutable
    |
help: consider changing this to be mutable
    |
185 |     let mut memory = GuestMemory::new(0, 16384).unwrap();
    |         +++

For more information about this error, try `rustc --explain E0596`.
warning: `reverie-kvm` (lib test) generated 2 warnings
error: could not compile `reverie-kvm` (lib test) due to 1 previous error; 2 warnings emitted
