   Compiling reverie-kvm v0.2.0 (/home/newton/work/dev-hermit/worktrees/slots/kvm-pr611-recovery-20260922/reverie-kvm)
error[E0308]: mismatched types
     --> reverie-kvm/src/pipe_fionread_tests.rs:186:17
      |
  180 |             pipe_fionread(
      |             ------------- arguments to this function are incorrect
...
  186 |                 true
      |                 ^^^^ expected `Option<CaptureMetadata>`, found `bool`
      |
      = note: expected enum `Option<CaptureMetadata>`
                 found type `bool`
note: function defined here
     --> reverie-kvm/src/executor.rs:13091:4
      |
13091 | fn pipe_fionread(
      |    ^^^^^^^^^^^^^
...
13097 |     capture: Option<CaptureMetadata>,
      |     --------------------------------

For more information about this error, try `rustc --explain E0308`.
error: could not compile `reverie-kvm` (lib test) due to 1 previous error
