   Compiling reverie-kvm v0.2.0 (/home/newton/work/dev-hermit/worktrees/slots/kvm-pr611-recovery-20260922/reverie-kvm)
    Finished `test` profile [unoptimized + debuginfo] target(s) in 7.59s
     Running unittests src/lib.rs (target/debug/deps/reverie_kvm-8401bb9e1f308a79)

running 1 test

thread 'executor::tests::pipe_fionread_capture_objects_and_unavailable_identity_are_refused' (2526338) panicked at reverie-kvm/src/pipe_fionread_tests.rs:118:13:
mode=objects status=ExitStatus(unix_wait_status(25856)) stdout=
running 1 test
test executor::tests::pipe_fionread_capture_objects_and_unavailable_identity_are_refused ... FAILED

failures:

failures:
    executor::tests::pipe_fionread_capture_objects_and_unavailable_identity_are_refused

test result: FAILED. 0 passed; 1 failed; 0 ignored; 0 measured; 877 filtered out; finished in 0.00s

 stderr=panicked at reverie-kvm/src/pipe_fionread_tests.rs:214:9:
assertion `left == right` failed
  left: -9
 right: -25

note: run with `RUST_BACKTRACE=1` environment variable to display a backtrace
test executor::tests::pipe_fionread_capture_objects_and_unavailable_identity_are_refused ... FAILED

failures:

failures:
    executor::tests::pipe_fionread_capture_objects_and_unavailable_identity_are_refused

test result: FAILED. 0 passed; 1 failed; 0 ignored; 0 measured; 877 filtered out; finished in 0.01s

error: test failed, to rerun pass `-p reverie-kvm --lib`
