['cargo', 'build', '--offline', '--locked', '-p', 'reverie-dbt', '-j4']
   Compiling proc-macro2 v1.0.107
   Compiling quote v1.0.47
   Compiling unicode-ident v1.0.25
   Compiling cfg-if v1.0.5
   Compiling libc v0.2.189
   Compiling serde_core v1.0.229
   Compiling autocfg v1.5.1
   Compiling memchr v2.8.3
   Compiling syn v3.0.6
   Compiling serde v1.0.229
   Compiling version_check v0.9.5
   Compiling crc32fast v1.5.2
   Compiling generic-array v0.14.7
   Compiling simd-adler32 v0.3.10
   Compiling adler2 v2.0.1
   Compiling pin-project-lite v0.2.17
   Compiling miniz_oxide v0.9.1
   Compiling bitflags v2.13.2
   Compiling syn v2.0.119
   Compiling memoffset v0.9.1
   Compiling num-traits v0.2.19
   Compiling typenum v1.20.1
   Compiling futures-core v0.3.34
   Compiling futures-sink v0.3.34
   Compiling smallvec v1.16.1
   Compiling syscalls v0.6.18
   Compiling cfg_aliases v0.2.2
   Compiling parking_lot_core v0.9.12
   Compiling nix v0.30.1
   Compiling futures-channel v0.3.34
   Compiling flate2 v1.1.10
   Compiling futures-io v0.3.34
   Compiling unicode-segmentation v1.13.3
   Compiling rustix v1.1.5
   Compiling futures v0.1.31
   Compiling futures-task v0.3.34
   Compiling scopeguard v1.2.0
   Compiling slab v0.4.12
   Compiling serde_derive v1.0.229
   Compiling serde_repr v0.1.21
   Compiling futures-macro v0.3.34
   Compiling lock_api v0.4.14
   Compiling futures-util v0.3.34
   Compiling convert_case v0.6.0
   Compiling errno v0.3.14
   Compiling twox-hash v2.1.4
   Compiling cpp_demangle v0.5.1
   Compiling object v0.39.1
   Compiling thiserror v2.0.20
   Compiling virtue v0.0.18
   Compiling static_assertions v1.1.0
   Compiling iana-time-zone v0.1.65
   Compiling unicode-xid v0.2.6
   Compiling linux-raw-sys v0.12.1
   Compiling paste v1.0.15
   Compiling futures-executor v0.3.34
   Compiling bincode_derive v2.0.1
   Compiling derive_more-impl v1.0.0
   Compiling chrono v0.4.45
   Compiling twox-hash v1.6.3
   Compiling ruzstd v0.8.3
   Compiling signal-hook-registry v1.4.8
   Compiling parking_lot v0.12.5
   Compiling tokio-macros v2.7.2
   Compiling thiserror-impl v2.0.20
   Compiling block-buffer v0.10.4
   Compiling crypto-common v0.1.7
   Compiling mio v1.2.3
   Compiling socket2 v0.6.5
   Compiling lazy_static v1.5.0
   Compiling object v0.36.7
   Compiling bytes v1.12.1
   Compiling foldhash v0.1.5
   Compiling unty v0.0.4
   Compiling hashbrown v0.17.1
   Compiling equivalent v1.0.2
   Compiling procfs v0.18.0
   Compiling anyhow v1.0.104
   Compiling hex v0.4.3
   Compiling tokio v1.53.1
   Compiling procfs-core v0.18.0
   Compiling indexmap v2.14.2
   Compiling bincode v2.0.1
   Compiling hashbrown v0.15.5
   Compiling colored v2.2.0
   Compiling derive_more v1.0.0
   Compiling digest v0.10.7
   Compiling ruzstd v0.7.3
   Compiling reverie-memory v0.2.0 (/home/newton/work/dev-hermit/worktrees/slots/dev-hermit-dbt-loader-search-20260917/reverie-memory)
   Compiling futures v0.3.34
   Compiling memmap2 v0.9.11
   Compiling rustc-demangle v0.1.28
   Compiling bitflags v1.3.2
   Compiling typed-arena v2.0.2
   Compiling cpufeatures v0.2.17
   Compiling gimli v0.33.0
   Compiling fallible-iterator v0.3.0
   Compiling zmij v1.0.23
   Compiling getrandom v0.4.3
   Compiling once_cell v1.21.4
   Compiling sha2 v0.10.9
   Compiling raw-cpuid v10.7.0
   Compiling reverie-syscalls v0.2.0 (/home/newton/work/dev-hermit/worktrees/slots/dev-hermit-dbt-loader-search-20260917/reverie-syscalls)
   Compiling addr2line v0.26.1
   Compiling reverie-process v0.2.0 (/home/newton/work/dev-hermit/worktrees/slots/dev-hermit-dbt-loader-search-20260917/reverie-process)
   Compiling linked-hash-map v0.5.6
   Compiling async-trait v0.1.92
   Compiling byteorder v1.5.0
   Compiling serde_json v1.0.151
   Compiling never-say-never v6.6.666
   Compiling reverie-core v0.2.0 (/home/newton/work/dev-hermit/worktrees/slots/dev-hermit-dbt-loader-search-20260917/reverie)
   Compiling reverie-dbt v0.2.0 (/home/newton/work/dev-hermit/worktrees/slots/dev-hermit-dbt-loader-search-20260917/reverie-dbt)
   Compiling tracing-core v0.1.36
   Compiling tracing-attributes v0.1.31
   Compiling itoa v1.0.18
   Compiling fastrand v2.5.0
   Compiling tempfile v3.27.0
   Compiling reverie-rpc-transport v0.2.0 (/home/newton/work/dev-hermit/worktrees/slots/dev-hermit-dbt-loader-search-20260917/reverie-rpc-transport)
   Compiling tracing v0.1.44
warning: reverie-dbt@0.2.0: DynamoRIO build cache MISS key=sha256:0aa6d84239b5a04b7cda124ebed4c7e3adc8b62f5b4c96011a9b971e90d6b0a4 observed_unix_seconds=1789610215
warning: reverie-dbt@0.2.0: DynamoRIO source build completed in 27.71s (jobs=4)
warning: reverie-dbt@0.2.0: DynamoRIO build cache PUBLISHED key=sha256:0aa6d84239b5a04b7cda124ebed4c7e3adc8b62f5b4c96011a9b971e90d6b0a4 install=/home/newton/work/dev-hermit/worktrees/slots/dev-hermit-dbt-loader-search-20260917/ignored/dbt-loader-search-20260917/native-build-2/target/debug/reverie-dbt-native-cache/dynamorio-install-0aa6d84239b5a04b7cda124ebed4c7e3adc8b62f5b4c96011a9b971e90d6b0a4
    Finished `dev` profile [unoptimized + debuginfo] target(s) in 55.51s
actual candidate install /home/newton/work/dev-hermit/worktrees/slots/dev-hermit-dbt-loader-search-20260917/ignored/dbt-loader-search-20260917/native-build-2/target/debug/reverie-dbt-native-cache/dynamorio-install-0aa6d84239b5a04b7cda124ebed4c7e3adc8b62f5b4c96011a9b971e90d6b0a4
