    Checking libc v0.2.189
    Checking serde_core v1.0.229
    Checking cfg-if v1.0.5
    Checking memchr v2.8.3
    Checking pin-project-lite v0.2.17
    Checking smallvec v1.16.1
    Checking serde v1.0.229
    Checking scopeguard v1.2.0
    Checking futures-core v0.3.34
    Checking futures-sink v0.3.34
    Checking lock_api v0.4.14
    Checking parking_lot_core v0.9.12
    Checking bitflags v2.13.2
    Checking parking_lot v0.12.5
    Checking errno v0.3.14
    Checking simd-adler32 v0.3.10
    Checking lazy_static v1.5.0
    Checking adler2 v2.0.1
    Checking signal-hook-registry v1.4.8
    Checking miniz_oxide v0.9.1
    Checking crc32fast v1.5.2
    Checking bytes v1.12.1
    Checking futures-channel v0.3.34
    Checking mio v1.2.3
    Checking socket2 v0.6.5
    Checking futures-task v0.3.34
    Checking slab v0.4.12
    Checking futures-io v0.3.34
    Checking futures v0.1.31
    Checking tokio v1.53.1
    Checking futures-util v0.3.34
    Checking syscalls v0.6.18
    Checking flate2 v1.1.10
    Checking memoffset v0.9.1
    Checking num-traits v0.2.19
    Checking iana-time-zone v0.1.65
    Checking once_cell v1.21.4
    Checking tracing-core v0.1.36
    Checking chrono v0.4.45
    Checking nix v0.30.1
    Checking futures-executor v0.3.34
    Checking twox-hash v2.1.4
    Checking static_assertions v1.1.0
    Checking unty v0.0.4
    Checking bincode v2.0.1
    Checking twox-hash v1.6.3
    Checking ruzstd v0.8.3
    Checking thiserror v2.0.20
    Checking futures v0.3.34
    Checking reverie-memory v0.2.0 (/home/newton/work/dev-hermit/worktrees/slots/kvm-reverie-landing-20260918/ignored/clock-correction-v2/v2-fix/source/reverie-memory)
    Checking colored v2.2.0
    Checking equivalent v1.0.2
    Checking linux-raw-sys v0.12.1
    Checking hashbrown v0.17.1
    Checking log v0.4.34
    Checking foldhash v0.1.5
    Checking hex v0.4.3
    Checking regex-syntax v0.8.11
    Checking procfs-core v0.18.0
    Checking regex-automata v0.4.18
    Checking hashbrown v0.15.5
    Checking reverie-process v0.2.0 (/home/newton/work/dev-hermit/worktrees/slots/kvm-reverie-landing-20260918/ignored/clock-correction-v2/v2-fix/source/reverie-process)
    Checking indexmap v2.14.2
    Checking rustix v1.1.5
    Checking object v0.39.1
    Checking ruzstd v0.7.3
    Checking derive_more v1.0.0
    Checking zmij v1.0.23
    Checking cpp_demangle v0.5.1
    Checking memmap2 v0.9.11
    Checking num-conv v0.2.2
    Checking deranged v0.5.8
    Checking gimli v0.33.0
    Checking fallible-iterator v0.3.0
    Checking itoa v1.0.18
    Checking typed-arena v2.0.2
    Checking rustc-demangle v0.1.28
    Checking bitflags v1.3.2
    Checking time-core v0.1.9
    Checking foreign-types-shared v0.3.1
    Checking powerfmt v0.2.0
    Checking num_threads v0.1.7
    Checking time v0.3.55
    Checking addr2line v0.26.1
    Checking foreign-types v0.5.0
    Checking raw-cpuid v10.7.0
    Checking serde_json v1.0.151
    Checking scroll v0.13.0
    Checking tracing v0.1.44
    Checking reverie-syscalls v0.2.0 (/home/newton/work/dev-hermit/worktrees/slots/kvm-reverie-landing-20260918/ignored/clock-correction-v2/v2-fix/source/reverie-syscalls)
    Checking object v0.36.7
    Checking procfs v0.18.0
    Checking anyhow v1.0.104
    Checking matchers v0.2.0
    Checking tracing-log v0.2.0
    Checking unwind-sys v0.1.4
    Checking tracing-serde v0.2.0
    Checking tokio-util v0.7.19
    Checking sharded-slab v0.1.7
    Checking linked-hash-map v0.5.6
    Checking thread_local v1.1.10
    Checking byteorder v1.5.0
    Checking nu-ansi-term v0.50.3
    Checking plain v0.2.3
    Checking never-say-never v6.6.666
    Checking reverie-core v0.2.0 (/home/newton/work/dev-hermit/worktrees/slots/kvm-reverie-landing-20260918/ignored/clock-correction-v2/v2-fix/source/reverie)
    Checking tracing-subscriber v0.3.23
    Checking goblin v0.10.7
    Checking tokio-stream v0.1.19
    Checking unwind v0.4.2
    Checking safeptrace v0.2.0 (/home/newton/work/dev-hermit/worktrees/slots/kvm-reverie-landing-20260918/ignored/clock-correction-v2/v2-fix/source/safeptrace)
    Checking iced-x86 v1.21.0
    Checking perf-event-open-sys v5.0.0
    Checking close-err v1.0.2
    Checking reverie-ptrace v0.2.0 (/home/newton/work/dev-hermit/worktrees/slots/kvm-reverie-landing-20260918/ignored/clock-correction-v2/v2-fix/source/reverie-ptrace)
    Finished `dev` profile [unoptimized + debuginfo] target(s) in 23.18s
