    Finished `test` profile [unoptimized + debuginfo] target(s) in 0.07s
     Running tests/static_elf.rs (target/debug/deps/static_elf-00b7a9dec96f5de3)

running 1 test
test anonymous_pipe_socket_identities_are_repeatable_on_kvm ... [kvm-strace] brk(NULL) = 4218880
[kvm-strace] arch_prctl(12289, 0xfffed50) = -22
[kvm-strace] mmap(NULL, 8192, ProtFlags(PROT_READ | PROT_WRITE), MapFlags(MAP_PRIVATE | MAP_ANON), -1, 0) = 18067456
[kvm-strace] access(0x102ee60 -> "/etc/ld.so.preload", Mode(S_IROTH)) = -2
[kvm-strace] openat(-100, 0x102d266 -> "/etc/ld.so.cache", OFlag(O_CLOEXEC)) = 3
[kvm-strace] fstat(3, 0xfffdf80 -> {st_mode=SFlag(S_IFREG) | 0644, st_size=28479, ...}) = 0
[kvm-strace] mmap(NULL, 28479, ProtFlags(PROT_READ), MapFlags(MAP_PRIVATE), 3, 0) = 18075648
[kvm-strace] close(3) = 0
[kvm-strace] openat(-100, 0x113b700 -> "/lib64/libc.so.6", OFlag(O_CLOEXEC)) = 3
[kvm-strace] read(3, 0xfffe0e8, 832) = 832
[kvm-strace] pread64(3, 0xfffdce0, 784, 64) = 784
[kvm-strace] pread64(3, 0xfffdca0, 48, 848) = 48
[kvm-strace] pread64(3, 0xfffdc50, 68, 896) = 68
[kvm-strace] fstat(3, 0xfffdf80 -> {st_mode=SFlag(S_IFREG) | 0755, st_size=2553784, ...}) = 0
[kvm-strace] pread64(3, 0xfffdbd0, 784, 64) = 784
[kvm-strace] mmap(NULL, 2142160, ProtFlags(PROT_READ), MapFlags(MAP_PRIVATE | MAP_DENYWRITE), 3, 0) = 18104320
[kvm-strace] mmap(0x116d000, 1531904, ProtFlags(PROT_READ | PROT_EXEC), MapFlags(MAP_PRIVATE | MAP_FIXED | MAP_DENYWRITE), 3, 167936) = 18272256
[kvm-strace] mmap(0x12e3000, 364544, ProtFlags(PROT_READ), MapFlags(MAP_PRIVATE | MAP_FIXED | MAP_DENYWRITE), 3, 1699840) = 19804160
[kvm-strace] mmap(0x133c000, 24576, ProtFlags(PROT_READ | PROT_WRITE), MapFlags(MAP_PRIVATE | MAP_FIXED | MAP_DENYWRITE), 3, 2060288) = 20168704
[kvm-strace] mmap(0x1342000, 53200, ProtFlags(PROT_READ | PROT_WRITE), MapFlags(MAP_PRIVATE | MAP_FIXED | MAP_ANON), -1, 0) = 20193280
[kvm-strace] close(3) = 0
[kvm-strace] mmap(NULL, 12288, ProtFlags(PROT_READ | PROT_WRITE), MapFlags(MAP_PRIVATE | MAP_ANON), -1, 0) = 20246528
[kvm-strace] arch_prctl(ARCH_SET_FS, 20248384) = 0
[kvm-strace] set_tid_address(0x134fa10) = 1
[kvm-strace] set_robust_list(0x134fa20, 24) = 0
[kvm-strace] rseq(20250848, 32, 0, 1392848979, 0, 0) = -38
[kvm-strace] mprotect(0x133c000, 16384, ProtFlags(PROT_READ)) = 0
[kvm-strace] mprotect(0x404000, 4096, ProtFlags(PROT_READ)) = 0
[kvm-strace] mprotect(0x1037000, 8192, ProtFlags(PROT_READ)) = 0
[kvm-strace] prlimit64(0, 3, NULL, 0xfffeac0) = 0
[kvm-strace] munmap(0x113d000, 28479) = 0
[kvm-strace] openat(-100, 0x403058 -> "/proc/self/fd", OFlag(O_CLOEXEC | O_DIRECTORY | O_PATH), Mode(0x0)) = 3
[kvm-strace] socketpair(1, 524290, 0, 0xfffeba4) = 0
[kvm-strace] pipe2(0xfffebac, OFlag(O_CLOEXEC)) = 0
[kvm-strace] socketpair(1, 524289, 0, 0xfffebb4) = 0
[kvm-strace] fstat(6, 0xfffd5a0 -> {st_mode=SFlag(S_IFIFO) | 0600, st_size=0, ...}) = 0
[kvm-strace] newfstatat(-100, 0xfffd3a0 -> "/proc/self/fd/6", 0xfffd630 -> {st_mode=SFlag(S_IFIFO) | 0600, st_size=0, ...}, AtFlags(0x0)) = 0
[kvm-strace] statx(-100, 0xfffd3a0 -> "/proc/self/fd/6", AtFlags(0x0), 2047, 0xfffd6c0 -> {st_mode=SFlag(S_IFIFO) | 0600, st_size=0, ...}) = 0
[kvm-strace] statx(6, 0x40303b -> "", AtFlags(AT_EMPTY_PATH), 2047, 0xfffd7c0 -> {st_mode=SFlag(S_IFIFO) | 0600, st_size=0, ...}) = 0
[kvm-strace] statx(-100, 0xfffd3a0 -> "/proc/self/fd/6", AtFlags(0x0), 6143, 0xfffd8c0 -> {st_mode=SFlag(S_IFIFO) | 0600, st_size=0, ...}) = 0
[kvm-strace] statx(6, 0x40303b -> "", AtFlags(AT_EMPTY_PATH), 2047, 0xfffd9c0 -> {st_mode=SFlag(S_IFIFO) | 0600, st_size=0, ...}) = 0
[kvm-strace] readlink(0xfffd3a0 -> "/proc/self/fd/6", 0xfffd420, 128) = 16
[kvm-strace] readlinkat(3, 0xfffd380 -> "6", 0xfffd4a0, 128) = 16
[kvm-strace] openat(-100, 0xfffd3e0 -> "/proc/self/fdinfo/6", OFlag(O_CLOEXEC)) = 10
[kvm-strace] read(10, 0xfffdac0, 4095) = 57
[kvm-strace] close(10) = 0
[kvm-strace] fstat(7, 0xfffd5a0 -> {st_mode=SFlag(S_IFIFO) | 0600, st_size=0, ...}) = 0
[kvm-strace] newfstatat(-100, 0xfffd3a0 -> "/proc/self/fd/7", 0xfffd630 -> {st_mode=SFlag(S_IFIFO) | 0600, st_size=0, ...}, AtFlags(0x0)) = 0
[kvm-strace] statx(-100, 0xfffd3a0 -> "/proc/self/fd/7", AtFlags(0x0), 2047, 0xfffd6c0 -> {st_mode=SFlag(S_IFIFO) | 0600, st_size=0, ...}) = 0
[kvm-strace] statx(7, 0x40303b -> "", AtFlags(AT_EMPTY_PATH), 2047, 0xfffd7c0 -> {st_mode=SFlag(S_IFIFO) | 0600, st_size=0, ...}) = 0
[kvm-strace] statx(-100, 0xfffd3a0 -> "/proc/self/fd/7", AtFlags(0x0), 6143, 0xfffd8c0 -> {st_mode=SFlag(S_IFIFO) | 0600, st_size=0, ...}) = 0
[kvm-strace] statx(7, 0x40303b -> "", AtFlags(AT_EMPTY_PATH), 2047, 0xfffd9c0 -> {st_mode=SFlag(S_IFIFO) | 0600, st_size=0, ...}) = 0
[kvm-strace] readlink(0xfffd3a0 -> "/proc/self/fd/7", 0xfffd420, 128) = 16
[kvm-strace] readlinkat(3, 0xfffd380 -> "7", 0xfffd4a0, 128) = 16
[kvm-strace] openat(-100, 0xfffd3e0 -> "/proc/self/fdinfo/7", OFlag(O_CLOEXEC)) = 10
[kvm-strace] read(10, 0xfffdac0, 4095) = 57
[kvm-strace] close(10) = 0
[kvm-strace] fstat(8, 0xfffd5a0 -> {st_mode=SFlag(S_IFDIR | S_IFREG) | 0777, st_size=0, ...}) = 0
[kvm-strace] newfstatat(-100, 0xfffd3a0 -> "/proc/self/fd/8", 0xfffd630 -> {st_mode=SFlag(S_IFDIR | S_IFREG) | 0777, st_size=0, ...}, AtFlags(0x0)) = 0
[kvm-strace] statx(-100, 0xfffd3a0 -> "/proc/self/fd/8", AtFlags(0x0), 2047, 0xfffd6c0 -> {st_mode=SFlag(S_IFDIR | S_IFREG) | 0777, st_size=0, ...}) = 0
[kvm-strace] statx(8, 0x40303b -> "", AtFlags(AT_EMPTY_PATH), 2047, 0xfffd7c0 -> {st_mode=SFlag(S_IFDIR | S_IFREG) | 0777, st_size=0, ...}) = 0
[kvm-strace] statx(-100, 0xfffd3a0 -> "/proc/self/fd/8", AtFlags(0x0), 6143, 0xfffd8c0 -> {st_mode=SFlag(S_IFDIR | S_IFREG) | 0777, st_size=0, ...}) = 0
[kvm-strace] statx(8, 0x40303b -> "", AtFlags(AT_EMPTY_PATH), 2047, 0xfffd9c0 -> {st_mode=SFlag(S_IFDIR | S_IFREG) | 0777, st_size=0, ...}) = 0
[kvm-strace] readlink(0xfffd3a0 -> "/proc/self/fd/8", 0xfffd420, 128) = 18
[kvm-strace] readlinkat(3, 0xfffd380 -> "8", 0xfffd4a0, 128) = 18
[kvm-strace] openat(-100, 0xfffd3e0 -> "/proc/self/fdinfo/8", OFlag(O_CLOEXEC)) = 10
[kvm-strace] read(10, 0xfffdac0, 4095) = 68
[kvm-strace] close(10) = 0
[kvm-strace] getsockopt(8, 1, 57, 0xfffdac0, 0xfffd3e0) = 0
[kvm-strace] fstat(9, 0xfffd5a0 -> {st_mode=SFlag(S_IFDIR | S_IFREG) | 0777, st_size=0, ...}) = 0
[kvm-strace] newfstatat(-100, 0xfffd3a0 -> "/proc/self/fd/9", 0xfffd630 -> {st_mode=SFlag(S_IFDIR | S_IFREG) | 0777, st_size=0, ...}, AtFlags(0x0)) = 0
[kvm-strace] statx(-100, 0xfffd3a0 -> "/proc/self/fd/9", AtFlags(0x0), 2047, 0xfffd6c0 -> {st_mode=SFlag(S_IFDIR | S_IFREG) | 0777, st_size=0, ...}) = 0
[kvm-strace] statx(9, 0x40303b -> "", AtFlags(AT_EMPTY_PATH), 2047, 0xfffd7c0 -> {st_mode=SFlag(S_IFDIR | S_IFREG) | 0777, st_size=0, ...}) = 0
[kvm-strace] statx(-100, 0xfffd3a0 -> "/proc/self/fd/9", AtFlags(0x0), 6143, 0xfffd8c0 -> {st_mode=SFlag(S_IFDIR | S_IFREG) | 0777, st_size=0, ...}) = 0
[kvm-strace] statx(9, 0x40303b -> "", AtFlags(AT_EMPTY_PATH), 2047, 0xfffd9c0 -> {st_mode=SFlag(S_IFDIR | S_IFREG) | 0777, st_size=0, ...}) = 0
[kvm-strace] readlink(0xfffd3a0 -> "/proc/self/fd/9", 0xfffd420, 128) = 18
[kvm-strace] readlinkat(3, 0xfffd380 -> "9", 0xfffd4a0, 128) = 18
[kvm-strace] openat(-100, 0xfffd3e0 -> "/proc/self/fdinfo/9", OFlag(O_CLOEXEC)) = 10
[kvm-strace] read(10, 0xfffdac0, 4095) = 68
[kvm-strace] close(10) = 0
[kvm-strace] getsockopt(9, 1, 57, 0xfffdac0, 0xfffd3e0) = 0
[kvm-strace] dup(6) = 10
[kvm-strace] dup(8) = 11
[kvm-strace] fstat(10, 0xfffd5a0 -> {st_mode=SFlag(S_IFIFO) | 0600, st_size=0, ...}) = 0
[kvm-strace] newfstatat(-100, 0xfffd3a0 -> "/proc/self/fd/10", 0xfffd630 -> {st_mode=SFlag(S_IFIFO) | 0600, st_size=0, ...}, AtFlags(0x0)) = 0
[kvm-strace] statx(-100, 0xfffd3a0 -> "/proc/self/fd/10", AtFlags(0x0), 2047, 0xfffd6c0 -> {st_mode=SFlag(S_IFIFO) | 0600, st_size=0, ...}) = 0
[kvm-strace] statx(10, 0x40303b -> "", AtFlags(AT_EMPTY_PATH), 2047, 0xfffd7c0 -> {st_mode=SFlag(S_IFIFO) | 0600, st_size=0, ...}) = 0
[kvm-strace] statx(-100, 0xfffd3a0 -> "/proc/self/fd/10", AtFlags(0x0), 6143, 0xfffd8c0 -> {st_mode=SFlag(S_IFIFO) | 0600, st_size=0, ...}) = 0
[kvm-strace] statx(10, 0x40303b -> "", AtFlags(AT_EMPTY_PATH), 2047, 0xfffd9c0 -> {st_mode=SFlag(S_IFIFO) | 0600, st_size=0, ...}) = 0
[kvm-strace] readlink(0xfffd3a0 -> "/proc/self/fd/10", 0xfffd420, 128) = 16
[kvm-strace] readlinkat(3, 0xfffd380 -> "10", 0xfffd4a0, 128) = 16
[kvm-strace] openat(-100, 0xfffd3e0 -> "/proc/self/fdinfo/10", OFlag(O_CLOEXEC)) = 12
[kvm-strace] read(12, 0xfffdac0, 4095) = 51
[kvm-strace] close(12) = 0
[kvm-strace] fstat(11, 0xfffd5a0 -> {st_mode=SFlag(S_IFDIR | S_IFREG) | 0777, st_size=0, ...}) = 0
[kvm-strace] newfstatat(-100, 0xfffd3a0 -> "/proc/self/fd/11", 0xfffd630 -> {st_mode=SFlag(S_IFDIR | S_IFREG) | 0777, st_size=0, ...}, AtFlags(0x0)) = 0
[kvm-strace] statx(-100, 0xfffd3a0 -> "/proc/self/fd/11", AtFlags(0x0), 2047, 0xfffd6c0 -> {st_mode=SFlag(S_IFDIR | S_IFREG) | 0777, st_size=0, ...}) = 0
[kvm-strace] statx(11, 0x40303b -> "", AtFlags(AT_EMPTY_PATH), 2047, 0xfffd7c0 -> {st_mode=SFlag(S_IFDIR | S_IFREG) | 0777, st_size=0, ...}) = 0
[kvm-strace] statx(-100, 0xfffd3a0 -> "/proc/self/fd/11", AtFlags(0x0), 6143, 0xfffd8c0 -> {st_mode=SFlag(S_IFDIR | S_IFREG) | 0777, st_size=0, ...}) = 0
[kvm-strace] statx(11, 0x40303b -> "", AtFlags(AT_EMPTY_PATH), 2047, 0xfffd9c0 -> {st_mode=SFlag(S_IFDIR | S_IFREG) | 0777, st_size=0, ...}) = 0
[kvm-strace] readlink(0xfffd3a0 -> "/proc/self/fd/11", 0xfffd420, 128) = 18
[kvm-strace] readlinkat(3, 0xfffd380 -> "11", 0xfffd4a0, 128) = 18
[kvm-strace] openat(-100, 0xfffd3e0 -> "/proc/self/fdinfo/11", OFlag(O_CLOEXEC)) = 12
[kvm-strace] read(12, 0xfffdac0, 4095) = 62
[kvm-strace] close(12) = 0
[kvm-strace] getsockopt(11, 1, 57, 0xfffdac0, 0xfffd3e0) = 0
[kvm-strace] clone(CloneFlags(0x1200011), NULL, NULL, 0x134fa10, 0) = 2
[kvm-strace] set_robust_list(0x134fa20, 24) = 0
[kvm-strace] fstat(10, 0xfffd5a0 -> {st_mode=SFlag(S_IFIFO) | 0600, st_size=0, ...}) = 0
[kvm-strace] newfstatat(-100, 0xfffd3a0 -> "/proc/self/fd/10", 0xfffd630 -> {st_mode=SFlag(S_IFIFO) | 0600, st_size=0, ...}, AtFlags(0x0)) = 0
[kvm-strace] statx(-100, 0xfffd3a0 -> "/proc/self/fd/10", AtFlags(0x0), 2047, 0xfffd6c0 -> {st_mode=SFlag(S_IFIFO) | 0600, st_size=0, ...}) = 0
[kvm-strace] statx(10, 0x40303b -> "", AtFlags(AT_EMPTY_PATH), 2047, 0xfffd7c0 -> {st_mode=SFlag(S_IFIFO) | 0600, st_size=0, ...}) = 0
[kvm-strace] statx(-100, 0xfffd3a0 -> "/proc/self/fd/10", AtFlags(0x0), 6143, 0xfffd8c0 -> {st_mode=SFlag(S_IFIFO) | 0600, st_size=0, ...}) = 0
[kvm-strace] statx(10, 0x40303b -> "", AtFlags(AT_EMPTY_PATH), 2047, 0xfffd9c0 -> {st_mode=SFlag(S_IFIFO) | 0600, st_size=0, ...}) = 0
[kvm-strace] readlink(0xfffd3a0 -> "/proc/self/fd/10", 0xfffd420, 128) = 16
[kvm-strace] readlinkat(3, 0xfffd380 -> "10", 0xfffd4a0, 128) = 16
[kvm-strace] openat(-100, 0xfffd3e0 -> "/proc/self/fdinfo/10", OFlag(O_CLOEXEC)) = 12
[kvm-strace] read(12, 0xfffdac0, 4095) = 51
[kvm-strace] close(12) = 0
[kvm-strace] fstat(11, 0xfffd5a0 -> {st_mode=SFlag(S_IFDIR | S_IFREG) | 0777, st_size=0, ...}) = 0
[kvm-strace] newfstatat(-100, 0xfffd3a0 -> "/proc/self/fd/11", 0xfffd630 -> {st_mode=SFlag(S_IFDIR | S_IFREG) | 0777, st_size=0, ...}, AtFlags(0x0)) = 0
[kvm-strace] statx(-100, 0xfffd3a0 -> "/proc/self/fd/11", AtFlags(0x0), 2047, 0xfffd6c0 -> {st_mode=SFlag(S_IFDIR | S_IFREG) | 0777, st_size=0, ...}) = 0
[kvm-strace] statx(11, 0x40303b -> "", AtFlags(AT_EMPTY_PATH), 2047, 0xfffd7c0 -> {st_mode=SFlag(S_IFDIR | S_IFREG) | 0777, st_size=0, ...}) = 0
[kvm-strace] statx(-100, 0xfffd3a0 -> "/proc/self/fd/11", AtFlags(0x0), 6143, 0xfffd8c0 -> {st_mode=SFlag(S_IFDIR | S_IFREG) | 0777, st_size=0, ...}) = 0
[kvm-strace] statx(11, 0x40303b -> "", AtFlags(AT_EMPTY_PATH), 2047, 0xfffd9c0 -> {st_mode=SFlag(S_IFDIR | S_IFREG) | 0777, st_size=0, ...}) = 0
[kvm-strace] readlink(0xfffd3a0 -> "/proc/self/fd/11", 0xfffd420, 128) = 18
[kvm-strace] readlinkat(3, 0xfffd380 -> "11", 0xfffd4a0, 128) = 18
[kvm-strace] openat(-100, 0xfffd3e0 -> "/proc/self/fdinfo/11", OFlag(O_CLOEXEC)) = 12
[kvm-strace] read(12, 0xfffdac0, 4095) = 62
[kvm-strace] close(12) = 0
[kvm-strace] getsockopt(11, 1, 57, 0xfffdac0, 0xfffd3e0) = 0
[kvm-strace] exit_group(0) = ?
[kvm-strace] wait4(2, 0xfffeba0, WaitPidFlag(0x0), NULL) = 2
[kvm-strace] sendmsg(4, 0xfffec40, 0) = 1
[kvm-strace] close(6) = 0
[kvm-strace] close(7) = 0
[kvm-strace] close(8) = 0
[kvm-strace] recvmsg(5, 0xfffec40, 0) = 1
[kvm-strace] close(10) = 0
[kvm-strace] close(11) = 0
[kvm-strace] fstat(6, 0xfffd5a0 -> {st_mode=SFlag(S_IFIFO) | 0600, st_size=0, ...}) = 0
[kvm-strace] newfstatat(-100, 0xfffd3a0 -> "/proc/self/fd/6", 0xfffd630 -> {st_mode=SFlag(S_IFIFO) | 0600, st_size=0, ...}, AtFlags(0x0)) = 0
[kvm-strace] statx(-100, 0xfffd3a0 -> "/proc/self/fd/6", AtFlags(0x0), 2047, 0xfffd6c0 -> {st_mode=SFlag(S_IFIFO) | 0600, st_size=0, ...}) = 0
[kvm-strace] statx(6, 0x40303b -> "", AtFlags(AT_EMPTY_PATH), 2047, 0xfffd7c0 -> {st_mode=SFlag(S_IFIFO) | 0600, st_size=0, ...}) = 0
[kvm-strace] statx(-100, 0xfffd3a0 -> "/proc/self/fd/6", AtFlags(0x0), 6143, 0xfffd8c0 -> {st_mode=SFlag(S_IFIFO) | 0600, st_size=0, ...}) = 0
[kvm-strace] statx(6, 0x40303b -> "", AtFlags(AT_EMPTY_PATH), 2047, 0xfffd9c0 -> {st_mode=SFlag(S_IFIFO) | 0600, st_size=0, ...}) = 0
[kvm-strace] readlink(0xfffd3a0 -> "/proc/self/fd/6", 0xfffd420, 128) = 16
[kvm-strace] readlinkat(3, 0xfffd380 -> "6", 0xfffd4a0, 128) = 16
[kvm-strace] openat(-100, 0xfffd3e0 -> "/proc/self/fdinfo/6", OFlag(O_CLOEXEC)) = 10
[kvm-strace] read(10, 0xfffdac0, 4095) = 51
[kvm-strace] close(10) = 0
[kvm-strace] fstat(7, 0xfffd5a0 -> {st_mode=SFlag(S_IFIFO) | 0600, st_size=0, ...}) = 0
[kvm-strace] newfstatat(-100, 0xfffd3a0 -> "/proc/self/fd/7", 0xfffd630 -> {st_mode=SFlag(S_IFIFO) | 0600, st_size=0, ...}, AtFlags(0x0)) = 0
[kvm-strace] statx(-100, 0xfffd3a0 -> "/proc/self/fd/7", AtFlags(0x0), 2047, 0xfffd6c0 -> {st_mode=SFlag(S_IFIFO) | 0600, st_size=0, ...}) = 0
[kvm-strace] statx(7, 0x40303b -> "", AtFlags(AT_EMPTY_PATH), 2047, 0xfffd7c0 -> {st_mode=SFlag(S_IFIFO) | 0600, st_size=0, ...}) = 0
[kvm-strace] statx(-100, 0xfffd3a0 -> "/proc/self/fd/7", AtFlags(0x0), 6143, 0xfffd8c0 -> {st_mode=SFlag(S_IFIFO) | 0600, st_size=0, ...}) = 0
[kvm-strace] statx(7, 0x40303b -> "", AtFlags(AT_EMPTY_PATH), 2047, 0xfffd9c0 -> {st_mode=SFlag(S_IFIFO) | 0600, st_size=0, ...}) = 0
[kvm-strace] readlink(0xfffd3a0 -> "/proc/self/fd/7", 0xfffd420, 128) = 16
[kvm-strace] readlinkat(3, 0xfffd380 -> "7", 0xfffd4a0, 128) = 16
[kvm-strace] openat(-100, 0xfffd3e0 -> "/proc/self/fdinfo/7", OFlag(O_CLOEXEC)) = 10
[kvm-strace] read(10, 0xfffdac0, 4095) = 51
[kvm-strace] close(10) = 0
[kvm-strace] fstat(8, 0xfffd5a0 -> {st_mode=SFlag(S_IFDIR | S_IFREG) | 0777, st_size=0, ...}) = 0
[kvm-strace] newfstatat(-100, 0xfffd3a0 -> "/proc/self/fd/8", 0xfffd630 -> {st_mode=SFlag(S_IFDIR | S_IFREG) | 0777, st_size=0, ...}, AtFlags(0x0)) = 0
[kvm-strace] statx(-100, 0xfffd3a0 -> "/proc/self/fd/8", AtFlags(0x0), 2047, 0xfffd6c0 -> {st_mode=SFlag(S_IFDIR | S_IFREG) | 0777, st_size=0, ...}) = 0
[kvm-strace] statx(8, 0x40303b -> "", AtFlags(AT_EMPTY_PATH), 2047, 0xfffd7c0 -> {st_mode=SFlag(S_IFDIR | S_IFREG) | 0777, st_size=0, ...}) = 0
[kvm-strace] statx(-100, 0xfffd3a0 -> "/proc/self/fd/8", AtFlags(0x0), 6143, 0xfffd8c0 -> {st_mode=SFlag(S_IFDIR | S_IFREG) | 0777, st_size=0, ...}) = 0
[kvm-strace] statx(8, 0x40303b -> "", AtFlags(AT_EMPTY_PATH), 2047, 0xfffd9c0 -> {st_mode=SFlag(S_IFDIR | S_IFREG) | 0777, st_size=0, ...}) = 0
[kvm-strace] readlink(0xfffd3a0 -> "/proc/self/fd/8", 0xfffd420, 128) = 18
[kvm-strace] readlinkat(3, 0xfffd380 -> "8", 0xfffd4a0, 128) = 18
[kvm-strace] openat(-100, 0xfffd3e0 -> "/proc/self/fdinfo/8", OFlag(O_CLOEXEC)) = 10
[kvm-strace] read(10, 0xfffdac0, 4095) = 62
[kvm-strace] close(10) = 0
[kvm-strace] getsockopt(8, 1, 57, 0xfffdac0, 0xfffd3e0) = 0
[kvm-strace] close(6) = 0
[kvm-strace] close(7) = 0
[kvm-strace] close(8) = 0
[kvm-strace] pipe2(0xfffebbc, OFlag(O_CLOEXEC)) = 0
[kvm-strace] socketpair(1, 524289, 0, 0xfffebd0) = 0
[kvm-strace] fstat(6, 0xfffd5a0 -> {st_mode=SFlag(S_IFIFO) | 0600, st_size=0, ...}) = 0
[kvm-strace] newfstatat(-100, 0xfffd3a0 -> "/proc/self/fd/6", 0xfffd630 -> {st_mode=SFlag(S_IFIFO) | 0600, st_size=0, ...}, AtFlags(0x0)) = 0
[kvm-strace] statx(-100, 0xfffd3a0 -> "/proc/self/fd/6", AtFlags(0x0), 2047, 0xfffd6c0 -> {st_mode=SFlag(S_IFIFO) | 0600, st_size=0, ...}) = 0
[kvm-strace] statx(6, 0x40303b -> "", AtFlags(AT_EMPTY_PATH), 2047, 0xfffd7c0 -> {st_mode=SFlag(S_IFIFO) | 0600, st_size=0, ...}) = 0
[kvm-strace] statx(-100, 0xfffd3a0 -> "/proc/self/fd/6", AtFlags(0x0), 6143, 0xfffd8c0 -> {st_mode=SFlag(S_IFIFO) | 0600, st_size=0, ...}) = 0
[kvm-strace] statx(6, 0x40303b -> "", AtFlags(AT_EMPTY_PATH), 2047, 0xfffd9c0 -> {st_mode=SFlag(S_IFIFO) | 0600, st_size=0, ...}) = 0
[kvm-strace] readlink(0xfffd3a0 -> "/proc/self/fd/6", 0xfffd420, 128) = 16
[kvm-strace] readlinkat(3, 0xfffd380 -> "6", 0xfffd4a0, 128) = 16
[kvm-strace] openat(-100, 0xfffd3e0 -> "/proc/self/fdinfo/6", OFlag(O_CLOEXEC)) = 11
[kvm-strace] read(11, 0xfffdac0, 4095) = 57
[kvm-strace] close(11) = 0
[kvm-strace] fstat(8, 0xfffd5a0 -> {st_mode=SFlag(S_IFDIR | S_IFREG) | 0777, st_size=0, ...}) = 0
[kvm-strace] newfstatat(-100, 0xfffd3a0 -> "/proc/self/fd/8", 0xfffd630 -> {st_mode=SFlag(S_IFDIR | S_IFREG) | 0777, st_size=0, ...}, AtFlags(0x0)) = 0
[kvm-strace] statx(-100, 0xfffd3a0 -> "/proc/self/fd/8", AtFlags(0x0), 2047, 0xfffd6c0 -> {st_mode=SFlag(S_IFDIR | S_IFREG) | 0777, st_size=0, ...}) = 0
[kvm-strace] statx(8, 0x40303b -> "", AtFlags(AT_EMPTY_PATH), 2047, 0xfffd7c0 -> {st_mode=SFlag(S_IFDIR | S_IFREG) | 0777, st_size=0, ...}) = 0
[kvm-strace] statx(-100, 0xfffd3a0 -> "/proc/self/fd/8", AtFlags(0x0), 6143, 0xfffd8c0 -> {st_mode=SFlag(S_IFDIR | S_IFREG) | 0777, st_size=0, ...}) = 0
[kvm-strace] statx(8, 0x40303b -> "", AtFlags(AT_EMPTY_PATH), 2047, 0xfffd9c0 -> {st_mode=SFlag(S_IFDIR | S_IFREG) | 0777, st_size=0, ...}) = 0
[kvm-strace] readlink(0xfffd3a0 -> "/proc/self/fd/8", 0xfffd420, 128) = 18
[kvm-strace] readlinkat(3, 0xfffd380 -> "8", 0xfffd4a0, 128) = 18
[kvm-strace] openat(-100, 0xfffd3e0 -> "/proc/self/fdinfo/8", OFlag(O_CLOEXEC)) = 11
[kvm-strace] read(11, 0xfffdac0, 4095) = 68
[kvm-strace] close(11) = 0
[kvm-strace] getsockopt(8, 1, 57, 0xfffdac0, 0xfffd3e0) = 0
[kvm-strace] fstat(1, 0xfffe310 -> {st_mode=SFlag(S_IFIFO) | 0600, st_size=0, ...}) = 0
[kvm-strace] getrandom(0x13474f8, 8, 1) = 8
[kvm-strace] brk(NULL) = 4218880
[kvm-strace] brk(0x427000) = 4354048
[kvm-strace] write(1, 0x4062a0, 337) = 337
[kvm-strace] exit_group(0) = ?
[kvm-strace] brk(NULL) = 4218880
[kvm-strace] arch_prctl(12289, 0xfffed50) = -22
[kvm-strace] mmap(NULL, 8192, ProtFlags(PROT_READ | PROT_WRITE), MapFlags(MAP_PRIVATE | MAP_ANON), -1, 0) = 18067456
[kvm-strace] access(0x102ee60 -> "/etc/ld.so.preload", Mode(S_IROTH)) = -2
[kvm-strace] openat(-100, 0x102d266 -> "/etc/ld.so.cache", OFlag(O_CLOEXEC)) = 3
[kvm-strace] fstat(3, 0xfffdf80 -> {st_mode=SFlag(S_IFREG) | 0644, st_size=28479, ...}) = 0
[kvm-strace] mmap(NULL, 28479, ProtFlags(PROT_READ), MapFlags(MAP_PRIVATE), 3, 0) = 18075648
[kvm-strace] close(3) = 0
[kvm-strace] openat(-100, 0x113b700 -> "/lib64/libc.so.6", OFlag(O_CLOEXEC)) = 3
[kvm-strace] read(3, 0xfffe0e8, 832) = 832
[kvm-strace] pread64(3, 0xfffdce0, 784, 64) = 784
[kvm-strace] pread64(3, 0xfffdca0, 48, 848) = 48
[kvm-strace] pread64(3, 0xfffdc50, 68, 896) = 68
[kvm-strace] fstat(3, 0xfffdf80 -> {st_mode=SFlag(S_IFREG) | 0755, st_size=2553784, ...}) = 0
[kvm-strace] pread64(3, 0xfffdbd0, 784, 64) = 784
[kvm-strace] mmap(NULL, 2142160, ProtFlags(PROT_READ), MapFlags(MAP_PRIVATE | MAP_DENYWRITE), 3, 0) = 18104320
[kvm-strace] mmap(0x116d000, 1531904, ProtFlags(PROT_READ | PROT_EXEC), MapFlags(MAP_PRIVATE | MAP_FIXED | MAP_DENYWRITE), 3, 167936) = 18272256
[kvm-strace] mmap(0x12e3000, 364544, ProtFlags(PROT_READ), MapFlags(MAP_PRIVATE | MAP_FIXED | MAP_DENYWRITE), 3, 1699840) = 19804160
[kvm-strace] mmap(0x133c000, 24576, ProtFlags(PROT_READ | PROT_WRITE), MapFlags(MAP_PRIVATE | MAP_FIXED | MAP_DENYWRITE), 3, 2060288) = 20168704
[kvm-strace] mmap(0x1342000, 53200, ProtFlags(PROT_READ | PROT_WRITE), MapFlags(MAP_PRIVATE | MAP_FIXED | MAP_ANON), -1, 0) = 20193280
[kvm-strace] close(3) = 0
[kvm-strace] mmap(NULL, 12288, ProtFlags(PROT_READ | PROT_WRITE), MapFlags(MAP_PRIVATE | MAP_ANON), -1, 0) = 20246528
[kvm-strace] arch_prctl(ARCH_SET_FS, 20248384) = 0
[kvm-strace] set_tid_address(0x134fa10) = 1
[kvm-strace] set_robust_list(0x134fa20, 24) = 0
[kvm-strace] rseq(20250848, 32, 0, 1392848979, 0, 0) = -38
[kvm-strace] mprotect(0x133c000, 16384, ProtFlags(PROT_READ)) = 0
[kvm-strace] mprotect(0x404000, 4096, ProtFlags(PROT_READ)) = 0
[kvm-strace] mprotect(0x1037000, 8192, ProtFlags(PROT_READ)) = 0
[kvm-strace] prlimit64(0, 3, NULL, 0xfffeac0) = 0
[kvm-strace] munmap(0x113d000, 28479) = 0
[kvm-strace] openat(-100, 0x403058 -> "/proc/self/fd", OFlag(O_CLOEXEC | O_DIRECTORY | O_PATH), Mode(0x0)) = 3
[kvm-strace] socketpair(1, 524290, 0, 0xfffeba4) = 0
[kvm-strace] pipe2(0xfffebac, OFlag(O_CLOEXEC)) = 0
[kvm-strace] socketpair(1, 524289, 0, 0xfffebb4) = 0
[kvm-strace] fstat(6, 0xfffd5a0 -> {st_mode=SFlag(S_IFIFO) | 0600, st_size=0, ...}) = 0
[kvm-strace] newfstatat(-100, 0xfffd3a0 -> "/proc/self/fd/6", 0xfffd630 -> {st_mode=SFlag(S_IFIFO) | 0600, st_size=0, ...}, AtFlags(0x0)) = 0
[kvm-strace] statx(-100, 0xfffd3a0 -> "/proc/self/fd/6", AtFlags(0x0), 2047, 0xfffd6c0 -> {st_mode=SFlag(S_IFIFO) | 0600, st_size=0, ...}) = 0
[kvm-strace] statx(6, 0x40303b -> "", AtFlags(AT_EMPTY_PATH), 2047, 0xfffd7c0 -> {st_mode=SFlag(S_IFIFO) | 0600, st_size=0, ...}) = 0
[kvm-strace] statx(-100, 0xfffd3a0 -> "/proc/self/fd/6", AtFlags(0x0), 6143, 0xfffd8c0 -> {st_mode=SFlag(S_IFIFO) | 0600, st_size=0, ...}) = 0
[kvm-strace] statx(6, 0x40303b -> "", AtFlags(AT_EMPTY_PATH), 2047, 0xfffd9c0 -> {st_mode=SFlag(S_IFIFO) | 0600, st_size=0, ...}) = 0
[kvm-strace] readlink(0xfffd3a0 -> "/proc/self/fd/6", 0xfffd420, 128) = 16
[kvm-strace] readlinkat(3, 0xfffd380 -> "6", 0xfffd4a0, 128) = 16
[kvm-strace] openat(-100, 0xfffd3e0 -> "/proc/self/fdinfo/6", OFlag(O_CLOEXEC)) = 10
[kvm-strace] read(10, 0xfffdac0, 4095) = 57
[kvm-strace] close(10) = 0
[kvm-strace] fstat(7, 0xfffd5a0 -> {st_mode=SFlag(S_IFIFO) | 0600, st_size=0, ...}) = 0
[kvm-strace] newfstatat(-100, 0xfffd3a0 -> "/proc/self/fd/7", 0xfffd630 -> {st_mode=SFlag(S_IFIFO) | 0600, st_size=0, ...}, AtFlags(0x0)) = 0
[kvm-strace] statx(-100, 0xfffd3a0 -> "/proc/self/fd/7", AtFlags(0x0), 2047, 0xfffd6c0 -> {st_mode=SFlag(S_IFIFO) | 0600, st_size=0, ...}) = 0
[kvm-strace] statx(7, 0x40303b -> "", AtFlags(AT_EMPTY_PATH), 2047, 0xfffd7c0 -> {st_mode=SFlag(S_IFIFO) | 0600, st_size=0, ...}) = 0
[kvm-strace] statx(-100, 0xfffd3a0 -> "/proc/self/fd/7", AtFlags(0x0), 6143, 0xfffd8c0 -> {st_mode=SFlag(S_IFIFO) | 0600, st_size=0, ...}) = 0
[kvm-strace] statx(7, 0x40303b -> "", AtFlags(AT_EMPTY_PATH), 2047, 0xfffd9c0 -> {st_mode=SFlag(S_IFIFO) | 0600, st_size=0, ...}) = 0
[kvm-strace] readlink(0xfffd3a0 -> "/proc/self/fd/7", 0xfffd420, 128) = 16
[kvm-strace] readlinkat(3, 0xfffd380 -> "7", 0xfffd4a0, 128) = 16
[kvm-strace] openat(-100, 0xfffd3e0 -> "/proc/self/fdinfo/7", OFlag(O_CLOEXEC)) = 10
[kvm-strace] read(10, 0xfffdac0, 4095) = 57
[kvm-strace] close(10) = 0
[kvm-strace] fstat(8, 0xfffd5a0 -> {st_mode=SFlag(S_IFDIR | S_IFREG) | 0777, st_size=0, ...}) = 0
[kvm-strace] newfstatat(-100, 0xfffd3a0 -> "/proc/self/fd/8", 0xfffd630 -> {st_mode=SFlag(S_IFDIR | S_IFREG) | 0777, st_size=0, ...}, AtFlags(0x0)) = 0
[kvm-strace] statx(-100, 0xfffd3a0 -> "/proc/self/fd/8", AtFlags(0x0), 2047, 0xfffd6c0 -> {st_mode=SFlag(S_IFDIR | S_IFREG) | 0777, st_size=0, ...}) = 0
[kvm-strace] statx(8, 0x40303b -> "", AtFlags(AT_EMPTY_PATH), 2047, 0xfffd7c0 -> {st_mode=SFlag(S_IFDIR | S_IFREG) | 0777, st_size=0, ...}) = 0
[kvm-strace] statx(-100, 0xfffd3a0 -> "/proc/self/fd/8", AtFlags(0x0), 6143, 0xfffd8c0 -> {st_mode=SFlag(S_IFDIR | S_IFREG) | 0777, st_size=0, ...}) = 0
[kvm-strace] statx(8, 0x40303b -> "", AtFlags(AT_EMPTY_PATH), 2047, 0xfffd9c0 -> {st_mode=SFlag(S_IFDIR | S_IFREG) | 0777, st_size=0, ...}) = 0
[kvm-strace] readlink(0xfffd3a0 -> "/proc/self/fd/8", 0xfffd420, 128) = 18
[kvm-strace] readlinkat(3, 0xfffd380 -> "8", 0xfffd4a0, 128) = 18
[kvm-strace] openat(-100, 0xfffd3e0 -> "/proc/self/fdinfo/8", OFlag(O_CLOEXEC)) = 10
[kvm-strace] read(10, 0xfffdac0, 4095) = 68
[kvm-strace] close(10) = 0
[kvm-strace] getsockopt(8, 1, 57, 0xfffdac0, 0xfffd3e0) = 0
[kvm-strace] fstat(9, 0xfffd5a0 -> {st_mode=SFlag(S_IFDIR | S_IFREG) | 0777, st_size=0, ...}) = 0
[kvm-strace] newfstatat(-100, 0xfffd3a0 -> "/proc/self/fd/9", 0xfffd630 -> {st_mode=SFlag(S_IFDIR | S_IFREG) | 0777, st_size=0, ...}, AtFlags(0x0)) = 0
[kvm-strace] statx(-100, 0xfffd3a0 -> "/proc/self/fd/9", AtFlags(0x0), 2047, 0xfffd6c0 -> {st_mode=SFlag(S_IFDIR | S_IFREG) | 0777, st_size=0, ...}) = 0
[kvm-strace] statx(9, 0x40303b -> "", AtFlags(AT_EMPTY_PATH), 2047, 0xfffd7c0 -> {st_mode=SFlag(S_IFDIR | S_IFREG) | 0777, st_size=0, ...}) = 0
[kvm-strace] statx(-100, 0xfffd3a0 -> "/proc/self/fd/9", AtFlags(0x0), 6143, 0xfffd8c0 -> {st_mode=SFlag(S_IFDIR | S_IFREG) | 0777, st_size=0, ...}) = 0
[kvm-strace] statx(9, 0x40303b -> "", AtFlags(AT_EMPTY_PATH), 2047, 0xfffd9c0 -> {st_mode=SFlag(S_IFDIR | S_IFREG) | 0777, st_size=0, ...}) = 0
[kvm-strace] readlink(0xfffd3a0 -> "/proc/self/fd/9", 0xfffd420, 128) = 18
[kvm-strace] readlinkat(3, 0xfffd380 -> "9", 0xfffd4a0, 128) = 18
[kvm-strace] openat(-100, 0xfffd3e0 -> "/proc/self/fdinfo/9", OFlag(O_CLOEXEC)) = 10
[kvm-strace] read(10, 0xfffdac0, 4095) = 68
[kvm-strace] close(10) = 0
[kvm-strace] getsockopt(9, 1, 57, 0xfffdac0, 0xfffd3e0) = 0
[kvm-strace] dup(6) = 10
[kvm-strace] dup(8) = 11
[kvm-strace] fstat(10, 0xfffd5a0 -> {st_mode=SFlag(S_IFIFO) | 0600, st_size=0, ...}) = 0
[kvm-strace] newfstatat(-100, 0xfffd3a0 -> "/proc/self/fd/10", 0xfffd630 -> {st_mode=SFlag(S_IFIFO) | 0600, st_size=0, ...}, AtFlags(0x0)) = 0
[kvm-strace] statx(-100, 0xfffd3a0 -> "/proc/self/fd/10", AtFlags(0x0), 2047, 0xfffd6c0 -> {st_mode=SFlag(S_IFIFO) | 0600, st_size=0, ...}) = 0
[kvm-strace] statx(10, 0x40303b -> "", AtFlags(AT_EMPTY_PATH), 2047, 0xfffd7c0 -> {st_mode=SFlag(S_IFIFO) | 0600, st_size=0, ...}) = 0
[kvm-strace] statx(-100, 0xfffd3a0 -> "/proc/self/fd/10", AtFlags(0x0), 6143, 0xfffd8c0 -> {st_mode=SFlag(S_IFIFO) | 0600, st_size=0, ...}) = 0
[kvm-strace] statx(10, 0x40303b -> "", AtFlags(AT_EMPTY_PATH), 2047, 0xfffd9c0 -> {st_mode=SFlag(S_IFIFO) | 0600, st_size=0, ...}) = 0
[kvm-strace] readlink(0xfffd3a0 -> "/proc/self/fd/10", 0xfffd420, 128) = 16
[kvm-strace] readlinkat(3, 0xfffd380 -> "10", 0xfffd4a0, 128) = 16
[kvm-strace] openat(-100, 0xfffd3e0 -> "/proc/self/fdinfo/10", OFlag(O_CLOEXEC)) = 12
[kvm-strace] read(12, 0xfffdac0, 4095) = 51
[kvm-strace] close(12) = 0
[kvm-strace] fstat(11, 0xfffd5a0 -> {st_mode=SFlag(S_IFDIR | S_IFREG) | 0777, st_size=0, ...}) = 0
[kvm-strace] newfstatat(-100, 0xfffd3a0 -> "/proc/self/fd/11", 0xfffd630 -> {st_mode=SFlag(S_IFDIR | S_IFREG) | 0777, st_size=0, ...}, AtFlags(0x0)) = 0
[kvm-strace] statx(-100, 0xfffd3a0 -> "/proc/self/fd/11", AtFlags(0x0), 2047, 0xfffd6c0 -> {st_mode=SFlag(S_IFDIR | S_IFREG) | 0777, st_size=0, ...}) = 0
[kvm-strace] statx(11, 0x40303b -> "", AtFlags(AT_EMPTY_PATH), 2047, 0xfffd7c0 -> {st_mode=SFlag(S_IFDIR | S_IFREG) | 0777, st_size=0, ...}) = 0
[kvm-strace] statx(-100, 0xfffd3a0 -> "/proc/self/fd/11", AtFlags(0x0), 6143, 0xfffd8c0 -> {st_mode=SFlag(S_IFDIR | S_IFREG) | 0777, st_size=0, ...}) = 0
[kvm-strace] statx(11, 0x40303b -> "", AtFlags(AT_EMPTY_PATH), 2047, 0xfffd9c0 -> {st_mode=SFlag(S_IFDIR | S_IFREG) | 0777, st_size=0, ...}) = 0
[kvm-strace] readlink(0xfffd3a0 -> "/proc/self/fd/11", 0xfffd420, 128) = 18
[kvm-strace] readlinkat(3, 0xfffd380 -> "11", 0xfffd4a0, 128) = 18
[kvm-strace] openat(-100, 0xfffd3e0 -> "/proc/self/fdinfo/11", OFlag(O_CLOEXEC)) = 12
[kvm-strace] read(12, 0xfffdac0, 4095) = 62
[kvm-strace] close(12) = 0
[kvm-strace] getsockopt(11, 1, 57, 0xfffdac0, 0xfffd3e0) = 0
[kvm-strace] clone(CloneFlags(0x1200011), NULL, NULL, 0x134fa10, 0) = 2
[kvm-strace] set_robust_list(0x134fa20, 24) = 0
[kvm-strace] fstat(10, 0xfffd5a0 -> {st_mode=SFlag(S_IFIFO) | 0600, st_size=0, ...}) = 0
[kvm-strace] newfstatat(-100, 0xfffd3a0 -> "/proc/self/fd/10", 0xfffd630 -> {st_mode=SFlag(S_IFIFO) | 0600, st_size=0, ...}, AtFlags(0x0)) = 0
[kvm-strace] statx(-100, 0xfffd3a0 -> "/proc/self/fd/10", AtFlags(0x0), 2047, 0xfffd6c0 -> {st_mode=SFlag(S_IFIFO) | 0600, st_size=0, ...}) = 0
[kvm-strace] statx(10, 0x40303b -> "", AtFlags(AT_EMPTY_PATH), 2047, 0xfffd7c0 -> {st_mode=SFlag(S_IFIFO) | 0600, st_size=0, ...}) = 0
[kvm-strace] statx(-100, 0xfffd3a0 -> "/proc/self/fd/10", AtFlags(0x0), 6143, 0xfffd8c0 -> {st_mode=SFlag(S_IFIFO) | 0600, st_size=0, ...}) = 0
[kvm-strace] statx(10, 0x40303b -> "", AtFlags(AT_EMPTY_PATH), 2047, 0xfffd9c0 -> {st_mode=SFlag(S_IFIFO) | 0600, st_size=0, ...}) = 0
[kvm-strace] readlink(0xfffd3a0 -> "/proc/self/fd/10", 0xfffd420, 128) = 16
[kvm-strace] readlinkat(3, 0xfffd380 -> "10", 0xfffd4a0, 128) = 16
[kvm-strace] openat(-100, 0xfffd3e0 -> "/proc/self/fdinfo/10", OFlag(O_CLOEXEC)) = 12
[kvm-strace] read(12, 0xfffdac0, 4095) = 51
[kvm-strace] close(12) = 0
[kvm-strace] fstat(11, 0xfffd5a0 -> {st_mode=SFlag(S_IFDIR | S_IFREG) | 0777, st_size=0, ...}) = 0
[kvm-strace] newfstatat(-100, 0xfffd3a0 -> "/proc/self/fd/11", 0xfffd630 -> {st_mode=SFlag(S_IFDIR | S_IFREG) | 0777, st_size=0, ...}, AtFlags(0x0)) = 0
[kvm-strace] statx(-100, 0xfffd3a0 -> "/proc/self/fd/11", AtFlags(0x0), 2047, 0xfffd6c0 -> {st_mode=SFlag(S_IFDIR | S_IFREG) | 0777, st_size=0, ...}) = 0
[kvm-strace] statx(11, 0x40303b -> "", AtFlags(AT_EMPTY_PATH), 2047, 0xfffd7c0 -> {st_mode=SFlag(S_IFDIR | S_IFREG) | 0777, st_size=0, ...}) = 0
[kvm-strace] statx(-100, 0xfffd3a0 -> "/proc/self/fd/11", AtFlags(0x0), 6143, 0xfffd8c0 -> {st_mode=SFlag(S_IFDIR | S_IFREG) | 0777, st_size=0, ...}) = 0
[kvm-strace] statx(11, 0x40303b -> "", AtFlags(AT_EMPTY_PATH), 2047, 0xfffd9c0 -> {st_mode=SFlag(S_IFDIR | S_IFREG) | 0777, st_size=0, ...}) = 0
[kvm-strace] readlink(0xfffd3a0 -> "/proc/self/fd/11", 0xfffd420, 128) = 18
[kvm-strace] readlinkat(3, 0xfffd380 -> "11", 0xfffd4a0, 128) = 18
[kvm-strace] openat(-100, 0xfffd3e0 -> "/proc/self/fdinfo/11", OFlag(O_CLOEXEC)) = 12
[kvm-strace] read(12, 0xfffdac0, 4095) = 62
[kvm-strace] close(12) = 0
[kvm-strace] getsockopt(11, 1, 57, 0xfffdac0, 0xfffd3e0) = 0
[kvm-strace] exit_group(0) = ?
[kvm-strace] wait4(2, 0xfffeba0, WaitPidFlag(0x0), NULL) = 2
[kvm-strace] sendmsg(4, 0xfffec40, 0) = 1
[kvm-strace] close(6) = 0
[kvm-strace] close(7) = 0
[kvm-strace] close(8) = 0
[kvm-strace] recvmsg(5, 0xfffec40, 0) = 1
[kvm-strace] close(10) = 0
[kvm-strace] close(11) = 0
[kvm-strace] fstat(6, 0xfffd5a0 -> {st_mode=SFlag(S_IFIFO) | 0600, st_size=0, ...}) = 0
[kvm-strace] newfstatat(-100, 0xfffd3a0 -> "/proc/self/fd/6", 0xfffd630 -> {st_mode=SFlag(S_IFIFO) | 0600, st_size=0, ...}, AtFlags(0x0)) = 0
[kvm-strace] statx(-100, 0xfffd3a0 -> "/proc/self/fd/6", AtFlags(0x0), 2047, 0xfffd6c0 -> {st_mode=SFlag(S_IFIFO) | 0600, st_size=0, ...}) = 0
[kvm-strace] statx(6, 0x40303b -> "", AtFlags(AT_EMPTY_PATH), 2047, 0xfffd7c0 -> {st_mode=SFlag(S_IFIFO) | 0600, st_size=0, ...}) = 0
[kvm-strace] statx(-100, 0xfffd3a0 -> "/proc/self/fd/6", AtFlags(0x0), 6143, 0xfffd8c0 -> {st_mode=SFlag(S_IFIFO) | 0600, st_size=0, ...}) = 0
[kvm-strace] statx(6, 0x40303b -> "", AtFlags(AT_EMPTY_PATH), 2047, 0xfffd9c0 -> {st_mode=SFlag(S_IFIFO) | 0600, st_size=0, ...}) = 0
[kvm-strace] readlink(0xfffd3a0 -> "/proc/self/fd/6", 0xfffd420, 128) = 16
[kvm-strace] readlinkat(3, 0xfffd380 -> "6", 0xfffd4a0, 128) = 16
[kvm-strace] openat(-100, 0xfffd3e0 -> "/proc/self/fdinfo/6", OFlag(O_CLOEXEC)) = 10
[kvm-strace] read(10, 0xfffdac0, 4095) = 51
[kvm-strace] close(10) = 0
[kvm-strace] fstat(7, 0xfffd5a0 -> {st_mode=SFlag(S_IFIFO) | 0600, st_size=0, ...}) = 0
[kvm-strace] newfstatat(-100, 0xfffd3a0 -> "/proc/self/fd/7", 0xfffd630 -> {st_mode=SFlag(S_IFIFO) | 0600, st_size=0, ...}, AtFlags(0x0)) = 0
[kvm-strace] statx(-100, 0xfffd3a0 -> "/proc/self/fd/7", AtFlags(0x0), 2047, 0xfffd6c0 -> {st_mode=SFlag(S_IFIFO) | 0600, st_size=0, ...}) = 0
[kvm-strace] statx(7, 0x40303b -> "", AtFlags(AT_EMPTY_PATH), 2047, 0xfffd7c0 -> {st_mode=SFlag(S_IFIFO) | 0600, st_size=0, ...}) = 0
[kvm-strace] statx(-100, 0xfffd3a0 -> "/proc/self/fd/7", AtFlags(0x0), 6143, 0xfffd8c0 -> {st_mode=SFlag(S_IFIFO) | 0600, st_size=0, ...}) = 0
[kvm-strace] statx(7, 0x40303b -> "", AtFlags(AT_EMPTY_PATH), 2047, 0xfffd9c0 -> {st_mode=SFlag(S_IFIFO) | 0600, st_size=0, ...}) = 0
[kvm-strace] readlink(0xfffd3a0 -> "/proc/self/fd/7", 0xfffd420, 128) = 16
[kvm-strace] readlinkat(3, 0xfffd380 -> "7", 0xfffd4a0, 128) = 16
[kvm-strace] openat(-100, 0xfffd3e0 -> "/proc/self/fdinfo/7", OFlag(O_CLOEXEC)) = 10
[kvm-strace] read(10, 0xfffdac0, 4095) = 51
[kvm-strace] close(10) = 0
[kvm-strace] fstat(8, 0xfffd5a0 -> {st_mode=SFlag(S_IFDIR | S_IFREG) | 0777, st_size=0, ...}) = 0
[kvm-strace] newfstatat(-100, 0xfffd3a0 -> "/proc/self/fd/8", 0xfffd630 -> {st_mode=SFlag(S_IFDIR | S_IFREG) | 0777, st_size=0, ...}, AtFlags(0x0)) = 0
[kvm-strace] statx(-100, 0xfffd3a0 -> "/proc/self/fd/8", AtFlags(0x0), 2047, 0xfffd6c0 -> {st_mode=SFlag(S_IFDIR | S_IFREG) | 0777, st_size=0, ...}) = 0
[kvm-strace] statx(8, 0x40303b -> "", AtFlags(AT_EMPTY_PATH), 2047, 0xfffd7c0 -> {st_mode=SFlag(S_IFDIR | S_IFREG) | 0777, st_size=0, ...}) = 0
[kvm-strace] statx(-100, 0xfffd3a0 -> "/proc/self/fd/8", AtFlags(0x0), 6143, 0xfffd8c0 -> {st_mode=SFlag(S_IFDIR | S_IFREG) | 0777, st_size=0, ...}) = 0
[kvm-strace] statx(8, 0x40303b -> "", AtFlags(AT_EMPTY_PATH), 2047, 0xfffd9c0 -> {st_mode=SFlag(S_IFDIR | S_IFREG) | 0777, st_size=0, ...}) = 0
[kvm-strace] readlink(0xfffd3a0 -> "/proc/self/fd/8", 0xfffd420, 128) = 18
[kvm-strace] readlinkat(3, 0xfffd380 -> "8", 0xfffd4a0, 128) = 18
[kvm-strace] openat(-100, 0xfffd3e0 -> "/proc/self/fdinfo/8", OFlag(O_CLOEXEC)) = 10
[kvm-strace] read(10, 0xfffdac0, 4095) = 62
[kvm-strace] close(10) = 0
[kvm-strace] getsockopt(8, 1, 57, 0xfffdac0, 0xfffd3e0) = 0
[kvm-strace] close(6) = 0
[kvm-strace] close(7) = 0
[kvm-strace] close(8) = 0
[kvm-strace] pipe2(0xfffebbc, OFlag(O_CLOEXEC)) = 0
[kvm-strace] socketpair(1, 524289, 0, 0xfffebd0) = 0
[kvm-strace] fstat(6, 0xfffd5a0 -> {st_mode=SFlag(S_IFIFO) | 0600, st_size=0, ...}) = 0
[kvm-strace] newfstatat(-100, 0xfffd3a0 -> "/proc/self/fd/6", 0xfffd630 -> {st_mode=SFlag(S_IFIFO) | 0600, st_size=0, ...}, AtFlags(0x0)) = 0
[kvm-strace] statx(-100, 0xfffd3a0 -> "/proc/self/fd/6", AtFlags(0x0), 2047, 0xfffd6c0 -> {st_mode=SFlag(S_IFIFO) | 0600, st_size=0, ...}) = 0
[kvm-strace] statx(6, 0x40303b -> "", AtFlags(AT_EMPTY_PATH), 2047, 0xfffd7c0 -> {st_mode=SFlag(S_IFIFO) | 0600, st_size=0, ...}) = 0
[kvm-strace] statx(-100, 0xfffd3a0 -> "/proc/self/fd/6", AtFlags(0x0), 6143, 0xfffd8c0 -> {st_mode=SFlag(S_IFIFO) | 0600, st_size=0, ...}) = 0
[kvm-strace] statx(6, 0x40303b -> "", AtFlags(AT_EMPTY_PATH), 2047, 0xfffd9c0 -> {st_mode=SFlag(S_IFIFO) | 0600, st_size=0, ...}) = 0
[kvm-strace] readlink(0xfffd3a0 -> "/proc/self/fd/6", 0xfffd420, 128) = 16
[kvm-strace] readlinkat(3, 0xfffd380 -> "6", 0xfffd4a0, 128) = 16
[kvm-strace] openat(-100, 0xfffd3e0 -> "/proc/self/fdinfo/6", OFlag(O_CLOEXEC)) = 11
[kvm-strace] read(11, 0xfffdac0, 4095) = 57
[kvm-strace] close(11) = 0
[kvm-strace] fstat(8, 0xfffd5a0 -> {st_mode=SFlag(S_IFDIR | S_IFREG) | 0777, st_size=0, ...}) = 0
[kvm-strace] newfstatat(-100, 0xfffd3a0 -> "/proc/self/fd/8", 0xfffd630 -> {st_mode=SFlag(S_IFDIR | S_IFREG) | 0777, st_size=0, ...}, AtFlags(0x0)) = 0
[kvm-strace] statx(-100, 0xfffd3a0 -> "/proc/self/fd/8", AtFlags(0x0), 2047, 0xfffd6c0 -> {st_mode=SFlag(S_IFDIR | S_IFREG) | 0777, st_size=0, ...}) = 0
[kvm-strace] statx(8, 0x40303b -> "", AtFlags(AT_EMPTY_PATH), 2047, 0xfffd7c0 -> {st_mode=SFlag(S_IFDIR | S_IFREG) | 0777, st_size=0, ...}) = 0
[kvm-strace] statx(-100, 0xfffd3a0 -> "/proc/self/fd/8", AtFlags(0x0), 6143, 0xfffd8c0 -> {st_mode=SFlag(S_IFDIR | S_IFREG) | 0777, st_size=0, ...}) = 0
[kvm-strace] statx(8, 0x40303b -> "", AtFlags(AT_EMPTY_PATH), 2047, 0xfffd9c0 -> {st_mode=SFlag(S_IFDIR | S_IFREG) | 0777, st_size=0, ...}) = 0
[kvm-strace] readlink(0xfffd3a0 -> "/proc/self/fd/8", 0xfffd420, 128) = 18
[kvm-strace] readlinkat(3, 0xfffd380 -> "8", 0xfffd4a0, 128) = 18
[kvm-strace] openat(-100, 0xfffd3e0 -> "/proc/self/fdinfo/8", OFlag(O_CLOEXEC)) = 11
[kvm-strace] read(11, 0xfffdac0, 4095) = 68
[kvm-strace] close(11) = 0
[kvm-strace] getsockopt(8, 1, 57, 0xfffdac0, 0xfffd3e0) = 0
[kvm-strace] fstat(1, 0xfffe310 -> {st_mode=SFlag(S_IFIFO) | 0600, st_size=0, ...}) = 0
[kvm-strace] getrandom(0x13474f8, 8, 1) = 8
[kvm-strace] brk(NULL) = 4218880
[kvm-strace] brk(0x427000) = 4354048
[kvm-strace] write(1, 0x4062a0, 337) = 337
[kvm-strace] exit_group(0) = ?
ok

test result: ok. 1 passed; 0 failed; 0 ignored; 0 measured; 343 filtered out; finished in 0.52s

real 0.62
user 0.29
sys 0.10
