   Compiling reverie-kvm v0.2.0 (/home/newton/work/dev-hermit/worktrees/slots/kvm-syncfs-identity-20260920/reverie-kvm)
warning: constant `LEGACY_O_PATH_FLAGS` is never used
   --> reverie-kvm/src/executor.rs:197:7
    |
197 | const LEGACY_O_PATH_FLAGS: u64 =
    |       ^^^^^^^^^^^^^^^^^^^
    |
    = note: `#[warn(dead_code)]` (part of `#[warn(unused)]`) on by default

warning: `reverie-kvm` (lib test) generated 1 warning
    Finished `test` profile [unoptimized + debuginfo] target(s) in 23.50s
     Running unittests src/lib.rs (target/debug/deps/reverie_kvm-09c0d8956b925072)

running 1 test

thread 'executor::tests::synthetic_proc_ordinary_opath_ignored_flags_match_native' (3215599) panicked at reverie-kvm/src/executor.rs:18565:13:
assertion `left == right` failed: guest missing O_PATH extra=0x1
  left: -22
 right: -2
note: run with `RUST_BACKTRACE=1` environment variable to display a backtrace
test executor::tests::synthetic_proc_ordinary_opath_ignored_flags_match_native ... FAILED

failures:

failures:
    executor::tests::synthetic_proc_ordinary_opath_ignored_flags_match_native

test result: FAILED. 0 passed; 1 failed; 0 ignored; 0 measured; 808 filtered out; finished in 0.00s

error: test failed, to rerun pass `-p reverie-kvm --lib`
